🚀 TradeFly Automated Build
================================
[1;33mCleaning previous builds...[0m
[1;33mResolving Swift Package dependencies...[0m
Resolved source packages:
[1;33mBuilding project...[0m
Command line invocation:
    /Applications/Xcode.app/Contents/Developer/usr/bin/xcodebuild build -project TradeFly.xcodeproj -scheme TradeFly -destination "platform=iOS Simulator,name=iPhone 17 Pro" -derivedDataPath build CODE_SIGN_IDENTITY= CODE_SIGNING_REQUIRED=NO CODE_SIGNING_ALLOWED=NO

Build settings from command line:
    CODE_SIGN_IDENTITY = 
    CODE_SIGNING_ALLOWED = NO
    CODE_SIGNING_REQUIRED = NO

Resolve Package Graph

Fetching from https://github.com/apple/swift-http-types.git (cached)

Fetching from https://github.com/apple/swift-asn1.git (cached)

Fetching from https://github.com/apple/swift-crypto.git (cached)

Fetching from https://github.com/pointfreeco/swift-concurrency-extras (cached)

Fetching from https://github.com/supabase/supabase-swift (cached)

Fetching from https://github.com/pointfreeco/swift-clocks (cached)

Fetching from https://github.com/pointfreeco/xctest-dynamic-overlay (cached)

Creating working copy of package ‘swift-http-types’

Creating working copy of package ‘swift-concurrency-extras’

Creating working copy of package ‘xctest-dynamic-overlay’

Creating working copy of package ‘supabase-swift’

Creating working copy of package ‘swift-crypto’

Creating working copy of package ‘swift-asn1’

Creating working copy of package ‘swift-clocks’

Checking out 1.3.2 of package ‘swift-concurrency-extras’

Checking out 1.5.0 of package ‘swift-asn1’

Checking out 1.0.6 of package ‘swift-clocks’

Checking out 4.2.0 of package ‘swift-crypto’

Checking out 1.7.0 of package ‘xctest-dynamic-overlay’

Checking out 1.5.1 of package ‘swift-http-types’

Checking out 2.37.0 of package ‘supabase-swift’


Resolved source packages:
  swift-concurrency-extras: https://github.com/pointfreeco/swift-concurrency-extras @ 1.3.2
  swift-clocks: https://github.com/pointfreeco/swift-clocks @ 1.0.6
  xctest-dynamic-overlay: https://github.com/pointfreeco/xctest-dynamic-overlay @ 1.7.0
  Supabase: https://github.com/supabase/supabase-swift @ 2.37.0
  swift-crypto: https://github.com/apple/swift-crypto.git @ 4.2.0
  swift-asn1: https://github.com/apple/swift-asn1.git @ 1.5.0
  swift-http-types: https://github.com/apple/swift-http-types.git @ 1.5.1

2025-11-26 19:16:00.075 xcodebuild[31913:5260271] [MT] IDERunDestination: Supported platforms for the buildables in the current scheme is empty.
note: Using codesigning identity override: 
ComputePackagePrebuildTargetDependencyGraph

Prepare packages

CreateBuildRequest

SendProjectDescription

CreateBuildOperation

ComputeTargetDependencyGraph
note: Building targets in dependency order
note: Target dependency graph (28 targets)
    Target 'TradeFly' in project 'TradeFly'
        ➜ Explicit dependency on target 'PostgREST' in project 'Supabase'
        ➜ Explicit dependency on target 'Functions' in project 'Supabase'
        ➜ Explicit dependency on target 'Supabase' in project 'Supabase'
        ➜ Explicit dependency on target 'Auth' in project 'Supabase'
        ➜ Explicit dependency on target 'Storage' in project 'Supabase'
        ➜ Explicit dependency on target 'Realtime' in project 'Supabase'
    Target 'Realtime' in project 'Supabase'
        ➜ Explicit dependency on target 'Realtime' in project 'Supabase'
        ➜ Explicit dependency on target 'Helpers' in project 'Supabase'
        ➜ Explicit dependency on target 'ConcurrencyExtras' in project 'swift-concurrency-extras'
        ➜ Explicit dependency on target 'HTTPTypes' in project 'swift-http-types'
        ➜ Explicit dependency on target 'Clocks' in project 'swift-clocks'
        ➜ Explicit dependency on target 'XCTestDynamicOverlay' in project 'xctest-dynamic-overlay'
        ➜ Explicit dependency on target 'IssueReporting' in project 'xctest-dynamic-overlay'
    Target 'Storage' in project 'Supabase'
        ➜ Explicit dependency on target 'Storage' in project 'Supabase'
        ➜ Explicit dependency on target 'Helpers' in project 'Supabase'
        ➜ Explicit dependency on target 'ConcurrencyExtras' in project 'swift-concurrency-extras'
        ➜ Explicit dependency on target 'HTTPTypes' in project 'swift-http-types'
        ➜ Explicit dependency on target 'Clocks' in project 'swift-clocks'
        ➜ Explicit dependency on target 'XCTestDynamicOverlay' in project 'xctest-dynamic-overlay'
    Target 'Auth' in project 'Supabase'
        ➜ Explicit dependency on target 'Auth' in project 'Supabase'
        ➜ Explicit dependency on target 'Helpers' in project 'Supabase'
        ➜ Explicit dependency on target 'ConcurrencyExtras' in project 'swift-concurrency-extras'
        ➜ Explicit dependency on target 'HTTPTypes' in project 'swift-http-types'
        ➜ Explicit dependency on target 'Clocks' in project 'swift-clocks'
        ➜ Explicit dependency on target 'XCTestDynamicOverlay' in project 'xctest-dynamic-overlay'
        ➜ Explicit dependency on target 'Crypto' in project 'swift-crypto'
    Target 'Supabase' in project 'Supabase'
        ➜ Explicit dependency on target 'Supabase' in project 'Supabase'
        ➜ Explicit dependency on target 'Functions' in project 'Supabase'
        ➜ Explicit dependency on target 'PostgREST' in project 'Supabase'
        ➜ Explicit dependency on target 'Auth' in project 'Supabase'
        ➜ Explicit dependency on target 'Realtime' in project 'Supabase'
        ➜ Explicit dependency on target 'Storage' in project 'Supabase'
        ➜ Explicit dependency on target 'Helpers' in project 'Supabase'
        ➜ Explicit dependency on target 'ConcurrencyExtras' in project 'swift-concurrency-extras'
        ➜ Explicit dependency on target 'HTTPTypes' in project 'swift-http-types'
        ➜ Explicit dependency on target 'Clocks' in project 'swift-clocks'
        ➜ Explicit dependency on target 'XCTestDynamicOverlay' in project 'xctest-dynamic-overlay'
        ➜ Explicit dependency on target 'Crypto' in project 'swift-crypto'
        ➜ Explicit dependency on target 'IssueReporting' in project 'xctest-dynamic-overlay'
    Target 'Supabase' in project 'Supabase'
        ➜ Explicit dependency on target 'Helpers' in project 'Supabase'
        ➜ Explicit dependency on target 'Auth' in project 'Supabase'
        ➜ Explicit dependency on target 'Functions' in project 'Supabase'
        ➜ Explicit dependency on target 'PostgREST' in project 'Supabase'
        ➜ Explicit dependency on target 'Realtime' in project 'Supabase'
        ➜ Explicit dependency on target 'Storage' in project 'Supabase'
        ➜ Explicit dependency on target 'ConcurrencyExtras' in project 'swift-concurrency-extras'
        ➜ Explicit dependency on target 'HTTPTypes' in project 'swift-http-types'
        ➜ Explicit dependency on target 'Clocks' in project 'swift-clocks'
        ➜ Explicit dependency on target 'XCTestDynamicOverlay' in project 'xctest-dynamic-overlay'
        ➜ Explicit dependency on target 'Crypto' in project 'swift-crypto'
        ➜ Explicit dependency on target 'IssueReporting' in project 'xctest-dynamic-overlay'
    Target 'Storage' in project 'Supabase'
        ➜ Explicit dependency on target 'Helpers' in project 'Supabase'
        ➜ Explicit dependency on target 'ConcurrencyExtras' in project 'swift-concurrency-extras'
        ➜ Explicit dependency on target 'HTTPTypes' in project 'swift-http-types'
        ➜ Explicit dependency on target 'Clocks' in project 'swift-clocks'
        ➜ Explicit dependency on target 'XCTestDynamicOverlay' in project 'xctest-dynamic-overlay'
    Target 'Realtime' in project 'Supabase'
        ➜ Explicit dependency on target 'Helpers' in project 'Supabase'
        ➜ Explicit dependency on target 'ConcurrencyExtras' in project 'swift-concurrency-extras'
        ➜ Explicit dependency on target 'HTTPTypes' in project 'swift-http-types'
        ➜ Explicit dependency on target 'Clocks' in project 'swift-clocks'
        ➜ Explicit dependency on target 'XCTestDynamicOverlay' in project 'xctest-dynamic-overlay'
        ➜ Explicit dependency on target 'IssueReporting' in project 'xctest-dynamic-overlay'
    Target 'Auth' in project 'Supabase'
        ➜ Explicit dependency on target 'Helpers' in project 'Supabase'
        ➜ Explicit dependency on target 'ConcurrencyExtras' in project 'swift-concurrency-extras'
        ➜ Explicit dependency on target 'HTTPTypes' in project 'swift-http-types'
        ➜ Explicit dependency on target 'Clocks' in project 'swift-clocks'
        ➜ Explicit dependency on target 'XCTestDynamicOverlay' in project 'xctest-dynamic-overlay'
        ➜ Explicit dependency on target 'Crypto' in project 'swift-crypto'
    Target 'Crypto' in project 'swift-crypto'
        ➜ Explicit dependency on target 'Crypto' in project 'swift-crypto'
        ➜ Explicit dependency on target 'swift-crypto_Crypto' in project 'swift-crypto'
    Target 'Crypto' in project 'swift-crypto'
        ➜ Explicit dependency on target 'swift-crypto_Crypto' in project 'swift-crypto'
    Target 'swift-crypto_Crypto' in project 'swift-crypto' (no dependencies)
    Target 'Functions' in project 'Supabase'
        ➜ Explicit dependency on target 'Functions' in project 'Supabase'
        ➜ Explicit dependency on target 'Helpers' in project 'Supabase'
        ➜ Explicit dependency on target 'ConcurrencyExtras' in project 'swift-concurrency-extras'
        ➜ Explicit dependency on target 'HTTPTypes' in project 'swift-http-types'
        ➜ Explicit dependency on target 'Clocks' in project 'swift-clocks'
        ➜ Explicit dependency on target 'XCTestDynamicOverlay' in project 'xctest-dynamic-overlay'
    Target 'Functions' in project 'Supabase'
        ➜ Explicit dependency on target 'Helpers' in project 'Supabase'
        ➜ Explicit dependency on target 'ConcurrencyExtras' in project 'swift-concurrency-extras'
        ➜ Explicit dependency on target 'HTTPTypes' in project 'swift-http-types'
        ➜ Explicit dependency on target 'Clocks' in project 'swift-clocks'
        ➜ Explicit dependency on target 'XCTestDynamicOverlay' in project 'xctest-dynamic-overlay'
    Target 'PostgREST' in project 'Supabase'
        ➜ Explicit dependency on target 'PostgREST' in project 'Supabase'
        ➜ Explicit dependency on target 'Helpers' in project 'Supabase'
        ➜ Explicit dependency on target 'ConcurrencyExtras' in project 'swift-concurrency-extras'
        ➜ Explicit dependency on target 'HTTPTypes' in project 'swift-http-types'
        ➜ Explicit dependency on target 'Clocks' in project 'swift-clocks'
        ➜ Explicit dependency on target 'XCTestDynamicOverlay' in project 'xctest-dynamic-overlay'
    Target 'PostgREST' in project 'Supabase'
        ➜ Explicit dependency on target 'Helpers' in project 'Supabase'
        ➜ Explicit dependency on target 'ConcurrencyExtras' in project 'swift-concurrency-extras'
        ➜ Explicit dependency on target 'HTTPTypes' in project 'swift-http-types'
        ➜ Explicit dependency on target 'Clocks' in project 'swift-clocks'
        ➜ Explicit dependency on target 'XCTestDynamicOverlay' in project 'xctest-dynamic-overlay'
    Target 'Helpers' in project 'Supabase'
        ➜ Explicit dependency on target 'ConcurrencyExtras' in project 'swift-concurrency-extras'
        ➜ Explicit dependency on target 'HTTPTypes' in project 'swift-http-types'
        ➜ Explicit dependency on target 'Clocks' in project 'swift-clocks'
        ➜ Explicit dependency on target 'XCTestDynamicOverlay' in project 'xctest-dynamic-overlay'
    Target 'XCTestDynamicOverlay' in project 'xctest-dynamic-overlay'
        ➜ Explicit dependency on target 'XCTestDynamicOverlay' in project 'xctest-dynamic-overlay'
        ➜ Explicit dependency on target 'IssueReportingPackageSupport' in project 'xctest-dynamic-overlay'
        ➜ Explicit dependency on target 'IssueReporting' in project 'xctest-dynamic-overlay'
    Target 'XCTestDynamicOverlay' in project 'xctest-dynamic-overlay'
        ➜ Explicit dependency on target 'IssueReportingPackageSupport' in project 'xctest-dynamic-overlay'
        ➜ Explicit dependency on target 'IssueReporting' in project 'xctest-dynamic-overlay'
    Target 'Clocks' in project 'swift-clocks'
        ➜ Explicit dependency on target 'Clocks' in project 'swift-clocks'
        ➜ Explicit dependency on target 'ConcurrencyExtras' in project 'swift-concurrency-extras'
        ➜ Explicit dependency on target 'IssueReporting' in project 'xctest-dynamic-overlay'
    Target 'Clocks' in project 'swift-clocks'
        ➜ Explicit dependency on target 'ConcurrencyExtras' in project 'swift-concurrency-extras'
        ➜ Explicit dependency on target 'IssueReporting' in project 'xctest-dynamic-overlay'
    Target 'IssueReporting' in project 'xctest-dynamic-overlay'
        ➜ Explicit dependency on target 'IssueReporting' in project 'xctest-dynamic-overlay'
        ➜ Explicit dependency on target 'IssueReportingPackageSupport' in project 'xctest-dynamic-overlay'
    Target 'IssueReporting' in project 'xctest-dynamic-overlay'
        ➜ Explicit dependency on target 'IssueReportingPackageSupport' in project 'xctest-dynamic-overlay'
    Target 'IssueReportingPackageSupport' in project 'xctest-dynamic-overlay' (no dependencies)
    Target 'HTTPTypes' in project 'swift-http-types'
        ➜ Explicit dependency on target 'HTTPTypes' in project 'swift-http-types'
    Target 'HTTPTypes' in project 'swift-http-types' (no dependencies)
    Target 'ConcurrencyExtras' in project 'swift-concurrency-extras'
        ➜ Explicit dependency on target 'ConcurrencyExtras' in project 'swift-concurrency-extras'
    Target 'ConcurrencyExtras' in project 'swift-concurrency-extras' (no dependencies)

GatherProvisioningInputs

CreateBuildDescription

ExecuteExternalTool /Applications/Xcode.app/Contents/Developer/Toolchains/XcodeDefault.xctoolchain/usr/bin/swiftc --version

ExecuteExternalTool /Applications/Xcode.app/Contents/Developer/Toolchains/XcodeDefault.xctoolchain/usr/bin/clang -v -E -dM -isysroot /Applications/Xcode.app/Contents/Developer/Platforms/iPhoneSimulator.platform/Developer/SDKs/iPhoneSimulator26.1.sdk -x c -c /dev/null

ExecuteExternalTool /Applications/Xcode.app/Contents/Developer/Toolchains/XcodeDefault.xctoolchain/usr/bin/ld -version_details

ReadFileContents /Applications/Xcode.app/Contents/Developer/Toolchains/XcodeDefault.xctoolchain/usr/share/docc/features.json

Build description signature: 04347e25ce6282e18b528cfeaa6208f2
Build description path: /Users/rioallen/Documents/DropFly-OS-App-Builder/DropFly-PROJECTS/TradeFly-iOS/build/Build/Intermediates.noindex/XCBuildData/04347e25ce6282e18b528cfeaa6208f2.xcbuilddata
ClangStatCache /Applications/Xcode.app/Contents/Developer/Toolchains/XcodeDefault.xctoolchain/usr/bin/clang-stat-cache /Applications/Xcode.app/Contents/Developer/Platforms/iPhoneSimulator.platform/Developer/SDKs/iPhoneSimulator26.1.sdk /Users/rioallen/Documents/DropFly-OS-App-Builder/DropFly-PROJECTS/TradeFly-iOS/build/SDKStatCaches.noindex/iphonesimulator26.1-23B77-90cf18a4295e390e64c810bc6bd7acbc.sdkstatcache
    cd /Users/rioallen/Documents/DropFly-OS-App-Builder/DropFly-PROJECTS/TradeFly-iOS/TradeFly.xcodeproj
    /Applications/Xcode.app/Contents/Developer/Toolchains/XcodeDefault.xctoolchain/usr/bin/clang-stat-cache /Applications/Xcode.app/Contents/Developer/Platforms/iPhoneSimulator.platform/Developer/SDKs/iPhoneSimulator26.1.sdk -o /Users/rioallen/Documents/DropFly-OS-App-Builder/DropFly-PROJECTS/TradeFly-iOS/build/SDKStatCaches.noindex/iphonesimulator26.1-23B77-90cf18a4295e390e64c810bc6bd7acbc.sdkstatcache

CreateBuildDirectory /Users/rioallen/Documents/DropFly-OS-App-Builder/DropFly-PROJECTS/TradeFly-iOS/build/Build/Products
    cd /Users/rioallen/Documents/DropFly-OS-App-Builder/DropFly-PROJECTS/TradeFly-iOS/TradeFly.xcodeproj
    builtin-create-build-directory /Users/rioallen/Documents/DropFly-OS-App-Builder/DropFly-PROJECTS/TradeFly-iOS/build/Build/Products

CreateBuildDirectory /Users/rioallen/Documents/DropFly-OS-App-Builder/DropFly-PROJECTS/TradeFly-iOS/build/Build/Intermediates.noindex
    cd /Users/rioallen/Documents/DropFly-OS-App-Builder/DropFly-PROJECTS/TradeFly-iOS/TradeFly.xcodeproj
    builtin-create-build-directory /Users/rioallen/Documents/DropFly-OS-App-Builder/DropFly-PROJECTS/TradeFly-iOS/build/Build/Intermediates.noindex

CreateBuildDirectory /Users/rioallen/Documents/DropFly-OS-App-Builder/DropFly-PROJECTS/TradeFly-iOS/build/Build/Products/Debug-iphonesimulator
    cd /Users/rioallen/Documents/DropFly-OS-App-Builder/DropFly-PROJECTS/TradeFly-iOS/TradeFly.xcodeproj
    builtin-create-build-directory /Users/rioallen/Documents/DropFly-OS-App-Builder/DropFly-PROJECTS/TradeFly-iOS/build/Build/Products/Debug-iphonesimulator

CreateBuildDirectory /Users/rioallen/Documents/DropFly-OS-App-Builder/DropFly-PROJECTS/TradeFly-iOS/build/Build/Intermediates.noindex/ExplicitPrecompiledModules
    cd /Users/rioallen/Documents/DropFly-OS-App-Builder/DropFly-PROJECTS/TradeFly-iOS/TradeFly.xcodeproj
    builtin-create-build-directory /Users/rioallen/Documents/DropFly-OS-App-Builder/DropFly-PROJECTS/TradeFly-iOS/build/Build/Intermediates.noindex/ExplicitPrecompiledModules

CreateBuildDirectory /Users/rioallen/Documents/DropFly-OS-App-Builder/DropFly-PROJECTS/TradeFly-iOS/build/Build/Intermediates.noindex/SwiftExplicitPrecompiledModules
    cd /Users/rioallen/Documents/DropFly-OS-App-Builder/DropFly-PROJECTS/TradeFly-iOS/TradeFly.xcodeproj
    builtin-create-build-directory /Users/rioallen/Documents/DropFly-OS-App-Builder/DropFly-PROJECTS/TradeFly-iOS/build/Build/Intermediates.noindex/SwiftExplicitPrecompiledModules

CreateBuildDirectory /Users/rioallen/Documents/DropFly-OS-App-Builder/DropFly-PROJECTS/TradeFly-iOS/build/Build/Intermediates.noindex/EagerLinkingTBDs/Debug-iphonesimulator
    cd /Users/rioallen/Documents/DropFly-OS-App-Builder/DropFly-PROJECTS/TradeFly-iOS/TradeFly.xcodeproj
    builtin-create-build-directory /Users/rioallen/Documents/DropFly-OS-App-Builder/DropFly-PROJECTS/TradeFly-iOS/build/Build/Intermediates.noindex/EagerLinkingTBDs/Debug-iphonesimulator

WriteAuxiliaryFile /Users/rioallen/Documents/DropFly-OS-App-Builder/DropFly-PROJECTS/TradeFly-iOS/build/Build/Intermediates.noindex/TradeFly.build/Debug-iphonesimulator/TradeFly-3dcd57b2f90878239de327cebf0dd120-VFS-iphonesimulator/all-product-headers.yaml
    cd /Users/rioallen/Documents/DropFly-OS-App-Builder/DropFly-PROJECTS/TradeFly-iOS/TradeFly.xcodeproj
    write-file /Users/rioallen/Documents/DropFly-OS-App-Builder/DropFly-PROJECTS/TradeFly-iOS/build/Build/Intermediates.noindex/TradeFly.build/Debug-iphonesimulator/TradeFly-3dcd57b2f90878239de327cebf0dd120-VFS-iphonesimulator/all-product-headers.yaml

CreateBuildDirectory /Users/rioallen/Documents/DropFly-OS-App-Builder/DropFly-PROJECTS/TradeFly-iOS/build/Build/Products/Debug-iphonesimulator/PackageFrameworks
    cd /Users/rioallen/Documents/DropFly-OS-App-Builder/DropFly-PROJECTS/TradeFly-iOS/TradeFly.xcodeproj
    builtin-create-build-directory /Users/rioallen/Documents/DropFly-OS-App-Builder/DropFly-PROJECTS/TradeFly-iOS/build/Build/Products/Debug-iphonesimulator/PackageFrameworks

WriteAuxiliaryFile /Users/rioallen/Documents/DropFly-OS-App-Builder/DropFly-PROJECTS/TradeFly-iOS/build/Build/Intermediates.noindex/swift-crypto.build/Debug-iphonesimulator/swift-crypto_Crypto.build/swift-crypto_Crypto.DependencyStaticMetadataFileList (in target 'swift-crypto_Crypto' from project 'swift-crypto')
    cd /Users/rioallen/Documents/DropFly-OS-App-Builder/DropFly-PROJECTS/TradeFly-iOS/build/SourcePackages/checkouts/swift-crypto
    write-file /Users/rioallen/Documents/DropFly-OS-App-Builder/DropFly-PROJECTS/TradeFly-iOS/build/Build/Intermediates.noindex/swift-crypto.build/Debug-iphonesimulator/swift-crypto_Crypto.build/swift-crypto_Crypto.DependencyStaticMetadataFileList

WriteAuxiliaryFile /Users/rioallen/Documents/DropFly-OS-App-Builder/DropFly-PROJECTS/TradeFly-iOS/build/Build/Intermediates.noindex/swift-crypto.build/Debug-iphonesimulator/swift-crypto_Crypto.build/swift-crypto_Crypto.DependencyMetadataFileList (in target 'swift-crypto_Crypto' from project 'swift-crypto')
    cd /Users/rioallen/Documents/DropFly-OS-App-Builder/DropFly-PROJECTS/TradeFly-iOS/build/SourcePackages/checkouts/swift-crypto
    write-file /Users/rioallen/Documents/DropFly-OS-App-Builder/DropFly-PROJECTS/TradeFly-iOS/build/Build/Intermediates.noindex/swift-crypto.build/Debug-iphonesimulator/swift-crypto_Crypto.build/swift-crypto_Crypto.DependencyMetadataFileList

WriteAuxiliaryFile /Users/rioallen/Documents/DropFly-OS-App-Builder/DropFly-PROJECTS/TradeFly-iOS/build/Build/Intermediates.noindex/swift-crypto.build/Debug-iphonesimulator/swift-crypto_Crypto.build/empty-swift-crypto_Crypto.plist (in target 'swift-crypto_Crypto' from project 'swift-crypto')
    cd /Users/rioallen/Documents/DropFly-OS-App-Builder/DropFly-PROJECTS/TradeFly-iOS/build/SourcePackages/checkouts/swift-crypto
    write-file /Users/rioallen/Documents/DropFly-OS-App-Builder/DropFly-PROJECTS/TradeFly-iOS/build/Build/Intermediates.noindex/swift-crypto.build/Debug-iphonesimulator/swift-crypto_Crypto.build/empty-swift-crypto_Crypto.plist

WriteAuxiliaryFile /Users/rioallen/Documents/DropFly-OS-App-Builder/DropFly-PROJECTS/TradeFly-iOS/build/Build/Intermediates.noindex/xctest-dynamic-overlay.build/Debug-iphonesimulator/XCTestDynamicOverlay.build/XCTestDynamicOverlay.DependencyStaticMetadataFileList (in target 'XCTestDynamicOverlay' from project 'xctest-dynamic-overlay')
    cd /Users/rioallen/Documents/DropFly-OS-App-Builder/DropFly-PROJECTS/TradeFly-iOS/build/SourcePackages/checkouts/xctest-dynamic-overlay
    write-file /Users/rioallen/Documents/DropFly-OS-App-Builder/DropFly-PROJECTS/TradeFly-iOS/build/Build/Intermediates.noindex/xctest-dynamic-overlay.build/Debug-iphonesimulator/XCTestDynamicOverlay.build/XCTestDynamicOverlay.DependencyStaticMetadataFileList

WriteAuxiliaryFile /Users/rioallen/Documents/DropFly-OS-App-Builder/DropFly-PROJECTS/TradeFly-iOS/build/Build/Intermediates.noindex/xctest-dynamic-overlay.build/Debug-iphonesimulator/XCTestDynamicOverlay.build/XCTestDynamicOverlay.modulemap (in target 'XCTestDynamicOverlay' from project 'xctest-dynamic-overlay')
    cd /Users/rioallen/Documents/DropFly-OS-App-Builder/DropFly-PROJECTS/TradeFly-iOS/build/SourcePackages/checkouts/xctest-dynamic-overlay
    write-file /Users/rioallen/Documents/DropFly-OS-App-Builder/DropFly-PROJECTS/TradeFly-iOS/build/Build/Intermediates.noindex/xctest-dynamic-overlay.build/Debug-iphonesimulator/XCTestDynamicOverlay.build/XCTestDynamicOverlay.modulemap

WriteAuxiliaryFile /Users/rioallen/Documents/DropFly-OS-App-Builder/DropFly-PROJECTS/TradeFly-iOS/build/Build/Intermediates.noindex/xctest-dynamic-overlay.build/Debug-iphonesimulator/XCTestDynamicOverlay.build/XCTestDynamicOverlay.DependencyMetadataFileList (in target 'XCTestDynamicOverlay' from project 'xctest-dynamic-overlay')
    cd /Users/rioallen/Documents/DropFly-OS-App-Builder/DropFly-PROJECTS/TradeFly-iOS/build/SourcePackages/checkouts/xctest-dynamic-overlay
    write-file /Users/rioallen/Documents/DropFly-OS-App-Builder/DropFly-PROJECTS/TradeFly-iOS/build/Build/Intermediates.noindex/xctest-dynamic-overlay.build/Debug-iphonesimulator/XCTestDynamicOverlay.build/XCTestDynamicOverlay.DependencyMetadataFileList

WriteAuxiliaryFile /Users/rioallen/Documents/DropFly-OS-App-Builder/DropFly-PROJECTS/TradeFly-iOS/build/Build/Intermediates.noindex/xctest-dynamic-overlay.build/Debug-iphonesimulator/XCTestDynamicOverlay.build/Objects-normal/arm64/XCTestDynamicOverlay_const_extract_protocols.json (in target 'XCTestDynamicOverlay' from project 'xctest-dynamic-overlay')
    cd /Users/rioallen/Documents/DropFly-OS-App-Builder/DropFly-PROJECTS/TradeFly-iOS/build/SourcePackages/checkouts/xctest-dynamic-overlay
    write-file /Users/rioallen/Documents/DropFly-OS-App-Builder/DropFly-PROJECTS/TradeFly-iOS/build/Build/Intermediates.noindex/xctest-dynamic-overlay.build/Debug-iphonesimulator/XCTestDynamicOverlay.build/Objects-normal/arm64/XCTestDynamicOverlay_const_extract_protocols.json

WriteAuxiliaryFile /Users/rioallen/Documents/DropFly-OS-App-Builder/DropFly-PROJECTS/TradeFly-iOS/build/Build/Intermediates.noindex/xctest-dynamic-overlay.build/Debug-iphonesimulator/XCTestDynamicOverlay.build/Objects-normal/arm64/XCTestDynamicOverlay.SwiftFileList (in target 'XCTestDynamicOverlay' from project 'xctest-dynamic-overlay')
    cd /Users/rioallen/Documents/DropFly-OS-App-Builder/DropFly-PROJECTS/TradeFly-iOS/build/SourcePackages/checkouts/xctest-dynamic-overlay
    write-file /Users/rioallen/Documents/DropFly-OS-App-Builder/DropFly-PROJECTS/TradeFly-iOS/build/Build/Intermediates.noindex/xctest-dynamic-overlay.build/Debug-iphonesimulator/XCTestDynamicOverlay.build/Objects-normal/arm64/XCTestDynamicOverlay.SwiftFileList

WriteAuxiliaryFile /Users/rioallen/Documents/DropFly-OS-App-Builder/DropFly-PROJECTS/TradeFly-iOS/build/Build/Intermediates.noindex/xctest-dynamic-overlay.build/Debug-iphonesimulator/XCTestDynamicOverlay.build/Objects-normal/arm64/XCTestDynamicOverlay-OutputFileMap.json (in target 'XCTestDynamicOverlay' from project 'xctest-dynamic-overlay')
    cd /Users/rioallen/Documents/DropFly-OS-App-Builder/DropFly-PROJECTS/TradeFly-iOS/build/SourcePackages/checkouts/xctest-dynamic-overlay
    write-file /Users/rioallen/Documents/DropFly-OS-App-Builder/DropFly-PROJECTS/TradeFly-iOS/build/Build/Intermediates.noindex/xctest-dynamic-overlay.build/Debug-iphonesimulator/XCTestDynamicOverlay.build/Objects-normal/arm64/XCTestDynamicOverlay-OutputFileMap.json

WriteAuxiliaryFile /Users/rioallen/Documents/DropFly-OS-App-Builder/DropFly-PROJECTS/TradeFly-iOS/build/Build/Intermediates.noindex/xctest-dynamic-overlay.build/Debug-iphonesimulator/XCTestDynamicOverlay.build/Objects-normal/arm64/XCTestDynamicOverlay.SwiftConstValuesFileList (in target 'XCTestDynamicOverlay' from project 'xctest-dynamic-overlay')
    cd /Users/rioallen/Documents/DropFly-OS-App-Builder/DropFly-PROJECTS/TradeFly-iOS/build/SourcePackages/checkouts/xctest-dynamic-overlay
    write-file /Users/rioallen/Documents/DropFly-OS-App-Builder/DropFly-PROJECTS/TradeFly-iOS/build/Build/Intermediates.noindex/xctest-dynamic-overlay.build/Debug-iphonesimulator/XCTestDynamicOverlay.build/Objects-normal/arm64/XCTestDynamicOverlay.SwiftConstValuesFileList

WriteAuxiliaryFile /Users/rioallen/Documents/DropFly-OS-App-Builder/DropFly-PROJECTS/TradeFly-iOS/build/Build/Intermediates.noindex/xctest-dynamic-overlay.build/Debug-iphonesimulator/XCTestDynamicOverlay.build/Objects-normal/arm64/XCTestDynamicOverlay.LinkFileList (in target 'XCTestDynamicOverlay' from project 'xctest-dynamic-overlay')
    cd /Users/rioallen/Documents/DropFly-OS-App-Builder/DropFly-PROJECTS/TradeFly-iOS/build/SourcePackages/checkouts/xctest-dynamic-overlay
    write-file /Users/rioallen/Documents/DropFly-OS-App-Builder/DropFly-PROJECTS/TradeFly-iOS/build/Build/Intermediates.noindex/xctest-dynamic-overlay.build/Debug-iphonesimulator/XCTestDynamicOverlay.build/Objects-normal/arm64/XCTestDynamicOverlay.LinkFileList

WriteAuxiliaryFile /Users/rioallen/Documents/DropFly-OS-App-Builder/DropFly-PROJECTS/TradeFly-iOS/build/Build/Intermediates.noindex/TradeFly.build/Debug-iphonesimulator/TradeFly.build/TradeFly.hmap (in target 'TradeFly' from project 'TradeFly')
    cd /Users/rioallen/Documents/DropFly-OS-App-Builder/DropFly-PROJECTS/TradeFly-iOS
    write-file /Users/rioallen/Documents/DropFly-OS-App-Builder/DropFly-PROJECTS/TradeFly-iOS/build/Build/Intermediates.noindex/TradeFly.build/Debug-iphonesimulator/TradeFly.build/TradeFly.hmap

WriteAuxiliaryFile /Users/rioallen/Documents/DropFly-OS-App-Builder/DropFly-PROJECTS/TradeFly-iOS/build/Build/Intermediates.noindex/TradeFly.build/Debug-iphonesimulator/TradeFly.build/empty-TradeFly.plist (in target 'TradeFly' from project 'TradeFly')
    cd /Users/rioallen/Documents/DropFly-OS-App-Builder/DropFly-PROJECTS/TradeFly-iOS
    write-file /Users/rioallen/Documents/DropFly-OS-App-Builder/DropFly-PROJECTS/TradeFly-iOS/build/Build/Intermediates.noindex/TradeFly.build/Debug-iphonesimulator/TradeFly.build/empty-TradeFly.plist

WriteAuxiliaryFile /Users/rioallen/Documents/DropFly-OS-App-Builder/DropFly-PROJECTS/TradeFly-iOS/build/Build/Intermediates.noindex/TradeFly.build/Debug-iphonesimulator/TradeFly.build/TradeFly.DependencyStaticMetadataFileList (in target 'TradeFly' from project 'TradeFly')
    cd /Users/rioallen/Documents/DropFly-OS-App-Builder/DropFly-PROJECTS/TradeFly-iOS
    write-file /Users/rioallen/Documents/DropFly-OS-App-Builder/DropFly-PROJECTS/TradeFly-iOS/build/Build/Intermediates.noindex/TradeFly.build/Debug-iphonesimulator/TradeFly.build/TradeFly.DependencyStaticMetadataFileList

WriteAuxiliaryFile /Users/rioallen/Documents/DropFly-OS-App-Builder/DropFly-PROJECTS/TradeFly-iOS/build/Build/Intermediates.noindex/TradeFly.build/Debug-iphonesimulator/TradeFly.build/TradeFly.DependencyMetadataFileList (in target 'TradeFly' from project 'TradeFly')
    cd /Users/rioallen/Documents/DropFly-OS-App-Builder/DropFly-PROJECTS/TradeFly-iOS
    write-file /Users/rioallen/Documents/DropFly-OS-App-Builder/DropFly-PROJECTS/TradeFly-iOS/build/Build/Intermediates.noindex/TradeFly.build/Debug-iphonesimulator/TradeFly.build/TradeFly.DependencyMetadataFileList

WriteAuxiliaryFile /Users/rioallen/Documents/DropFly-OS-App-Builder/DropFly-PROJECTS/TradeFly-iOS/build/Build/Intermediates.noindex/TradeFly.build/Debug-iphonesimulator/TradeFly.build/TradeFly-project-headers.hmap (in target 'TradeFly' from project 'TradeFly')
    cd /Users/rioallen/Documents/DropFly-OS-App-Builder/DropFly-PROJECTS/TradeFly-iOS
    write-file /Users/rioallen/Documents/DropFly-OS-App-Builder/DropFly-PROJECTS/TradeFly-iOS/build/Build/Intermediates.noindex/TradeFly.build/Debug-iphonesimulator/TradeFly.build/TradeFly-project-headers.hmap

WriteAuxiliaryFile /Users/rioallen/Documents/DropFly-OS-App-Builder/DropFly-PROJECTS/TradeFly-iOS/build/Build/Intermediates.noindex/TradeFly.build/Debug-iphonesimulator/TradeFly.build/TradeFly-generated-files.hmap (in target 'TradeFly' from project 'TradeFly')
    cd /Users/rioallen/Documents/DropFly-OS-App-Builder/DropFly-PROJECTS/TradeFly-iOS
    write-file /Users/rioallen/Documents/DropFly-OS-App-Builder/DropFly-PROJECTS/TradeFly-iOS/build/Build/Intermediates.noindex/TradeFly.build/Debug-iphonesimulator/TradeFly.build/TradeFly-generated-files.hmap

WriteAuxiliaryFile /Users/rioallen/Documents/DropFly-OS-App-Builder/DropFly-PROJECTS/TradeFly-iOS/build/Build/Intermediates.noindex/TradeFly.build/Debug-iphonesimulator/TradeFly.build/TradeFly-all-target-headers.hmap (in target 'TradeFly' from project 'TradeFly')
    cd /Users/rioallen/Documents/DropFly-OS-App-Builder/DropFly-PROJECTS/TradeFly-iOS
    write-file /Users/rioallen/Documents/DropFly-OS-App-Builder/DropFly-PROJECTS/TradeFly-iOS/build/Build/Intermediates.noindex/TradeFly.build/Debug-iphonesimulator/TradeFly.build/TradeFly-all-target-headers.hmap

WriteAuxiliaryFile /Users/rioallen/Documents/DropFly-OS-App-Builder/DropFly-PROJECTS/TradeFly-iOS/build/Build/Intermediates.noindex/TradeFly.build/Debug-iphonesimulator/TradeFly.build/TradeFly-own-target-headers.hmap (in target 'TradeFly' from project 'TradeFly')
    cd /Users/rioallen/Documents/DropFly-OS-App-Builder/DropFly-PROJECTS/TradeFly-iOS
    write-file /Users/rioallen/Documents/DropFly-OS-App-Builder/DropFly-PROJECTS/TradeFly-iOS/build/Build/Intermediates.noindex/TradeFly.build/Debug-iphonesimulator/TradeFly.build/TradeFly-own-target-headers.hmap

WriteAuxiliaryFile /Users/rioallen/Documents/DropFly-OS-App-Builder/DropFly-PROJECTS/TradeFly-iOS/build/Build/Intermediates.noindex/TradeFly.build/Debug-iphonesimulator/TradeFly.build/TradeFly-all-non-framework-target-headers.hmap (in target 'TradeFly' from project 'TradeFly')
    cd /Users/rioallen/Documents/DropFly-OS-App-Builder/DropFly-PROJECTS/TradeFly-iOS
    write-file /Users/rioallen/Documents/DropFly-OS-App-Builder/DropFly-PROJECTS/TradeFly-iOS/build/Build/Intermediates.noindex/TradeFly.build/Debug-iphonesimulator/TradeFly.build/TradeFly-all-non-framework-target-headers.hmap

WriteAuxiliaryFile /Users/rioallen/Documents/DropFly-OS-App-Builder/DropFly-PROJECTS/TradeFly-iOS/build/Build/Intermediates.noindex/TradeFly.build/Debug-iphonesimulator/TradeFly.build/TradeFly-DebugDylibPath-normal-arm64.txt (in target 'TradeFly' from project 'TradeFly')
    cd /Users/rioallen/Documents/DropFly-OS-App-Builder/DropFly-PROJECTS/TradeFly-iOS
    write-file /Users/rioallen/Documents/DropFly-OS-App-Builder/DropFly-PROJECTS/TradeFly-iOS/build/Build/Intermediates.noindex/TradeFly.build/Debug-iphonesimulator/TradeFly.build/TradeFly-DebugDylibPath-normal-arm64.txt

WriteAuxiliaryFile /Users/rioallen/Documents/DropFly-OS-App-Builder/DropFly-PROJECTS/TradeFly-iOS/build/Build/Intermediates.noindex/TradeFly.build/Debug-iphonesimulator/TradeFly.build/TradeFly-DebugDylibInstallName-normal-arm64.txt (in target 'TradeFly' from project 'TradeFly')
    cd /Users/rioallen/Documents/DropFly-OS-App-Builder/DropFly-PROJECTS/TradeFly-iOS
    write-file /Users/rioallen/Documents/DropFly-OS-App-Builder/DropFly-PROJECTS/TradeFly-iOS/build/Build/Intermediates.noindex/TradeFly.build/Debug-iphonesimulator/TradeFly.build/TradeFly-DebugDylibInstallName-normal-arm64.txt

WriteAuxiliaryFile /Users/rioallen/Documents/DropFly-OS-App-Builder/DropFly-PROJECTS/TradeFly-iOS/build/Build/Intermediates.noindex/TradeFly.build/Debug-iphonesimulator/TradeFly.build/Objects-normal/arm64/TradeFly_const_extract_protocols.json (in target 'TradeFly' from project 'TradeFly')
    cd /Users/rioallen/Documents/DropFly-OS-App-Builder/DropFly-PROJECTS/TradeFly-iOS
    write-file /Users/rioallen/Documents/DropFly-OS-App-Builder/DropFly-PROJECTS/TradeFly-iOS/build/Build/Intermediates.noindex/TradeFly.build/Debug-iphonesimulator/TradeFly.build/Objects-normal/arm64/TradeFly_const_extract_protocols.json

WriteAuxiliaryFile /Users/rioallen/Documents/DropFly-OS-App-Builder/DropFly-PROJECTS/TradeFly-iOS/build/Build/Intermediates.noindex/TradeFly.build/Debug-iphonesimulator/TradeFly.build/Objects-normal/arm64/TradeFly.SwiftConstValuesFileList (in target 'TradeFly' from project 'TradeFly')
    cd /Users/rioallen/Documents/DropFly-OS-App-Builder/DropFly-PROJECTS/TradeFly-iOS
    write-file /Users/rioallen/Documents/DropFly-OS-App-Builder/DropFly-PROJECTS/TradeFly-iOS/build/Build/Intermediates.noindex/TradeFly.build/Debug-iphonesimulator/TradeFly.build/Objects-normal/arm64/TradeFly.SwiftConstValuesFileList

WriteAuxiliaryFile /Users/rioallen/Documents/DropFly-OS-App-Builder/DropFly-PROJECTS/TradeFly-iOS/build/Build/Intermediates.noindex/TradeFly.build/Debug-iphonesimulator/TradeFly.build/Objects-normal/arm64/TradeFly-OutputFileMap.json (in target 'TradeFly' from project 'TradeFly')
    cd /Users/rioallen/Documents/DropFly-OS-App-Builder/DropFly-PROJECTS/TradeFly-iOS
    write-file /Users/rioallen/Documents/DropFly-OS-App-Builder/DropFly-PROJECTS/TradeFly-iOS/build/Build/Intermediates.noindex/TradeFly.build/Debug-iphonesimulator/TradeFly.build/Objects-normal/arm64/TradeFly-OutputFileMap.json

WriteAuxiliaryFile /Users/rioallen/Documents/DropFly-OS-App-Builder/DropFly-PROJECTS/TradeFly-iOS/build/Build/Intermediates.noindex/TradeFly.build/Debug-iphonesimulator/TradeFly.build/Objects-normal/arm64/TradeFly.SwiftFileList (in target 'TradeFly' from project 'TradeFly')
    cd /Users/rioallen/Documents/DropFly-OS-App-Builder/DropFly-PROJECTS/TradeFly-iOS
    write-file /Users/rioallen/Documents/DropFly-OS-App-Builder/DropFly-PROJECTS/TradeFly-iOS/build/Build/Intermediates.noindex/TradeFly.build/Debug-iphonesimulator/TradeFly.build/Objects-normal/arm64/TradeFly.SwiftFileList

WriteAuxiliaryFile /Users/rioallen/Documents/DropFly-OS-App-Builder/DropFly-PROJECTS/TradeFly-iOS/build/Build/Intermediates.noindex/TradeFly.build/Debug-iphonesimulator/TradeFly.build/Objects-normal/arm64/TradeFly.LinkFileList (in target 'TradeFly' from project 'TradeFly')
    cd /Users/rioallen/Documents/DropFly-OS-App-Builder/DropFly-PROJECTS/TradeFly-iOS
    write-file /Users/rioallen/Documents/DropFly-OS-App-Builder/DropFly-PROJECTS/TradeFly-iOS/build/Build/Intermediates.noindex/TradeFly.build/Debug-iphonesimulator/TradeFly.build/Objects-normal/arm64/TradeFly.LinkFileList

Copy /Users/rioallen/Documents/DropFly-OS-App-Builder/DropFly-PROJECTS/TradeFly-iOS/build/Build/Intermediates.noindex/GeneratedModuleMaps-iphonesimulator/XCTestDynamicOverlay.modulemap /Users/rioallen/Documents/DropFly-OS-App-Builder/DropFly-PROJECTS/TradeFly-iOS/build/Build/Intermediates.noindex/xctest-dynamic-overlay.build/Debug-iphonesimulator/XCTestDynamicOverlay.build/XCTestDynamicOverlay.modulemap (in target 'XCTestDynamicOverlay' from project 'xctest-dynamic-overlay')
    cd /Users/rioallen/Documents/DropFly-OS-App-Builder/DropFly-PROJECTS/TradeFly-iOS/build/SourcePackages/checkouts/xctest-dynamic-overlay
    builtin-copy -exclude .DS_Store -exclude CVS -exclude .svn -exclude .git -exclude .hg -resolve-src-symlinks /Users/rioallen/Documents/DropFly-OS-App-Builder/DropFly-PROJECTS/TradeFly-iOS/build/Build/Intermediates.noindex/xctest-dynamic-overlay.build/Debug-iphonesimulator/XCTestDynamicOverlay.build/XCTestDynamicOverlay.modulemap /Users/rioallen/Documents/DropFly-OS-App-Builder/DropFly-PROJECTS/TradeFly-iOS/build/Build/Intermediates.noindex/GeneratedModuleMaps-iphonesimulator

WriteAuxiliaryFile /Users/rioallen/Documents/DropFly-OS-App-Builder/DropFly-PROJECTS/TradeFly-iOS/build/Build/Intermediates.noindex/Supabase.build/Debug-iphonesimulator/Supabase.build/Supabase.modulemap (in target 'Supabase' from project 'Supabase')
    cd /Users/rioallen/Documents/DropFly-OS-App-Builder/DropFly-PROJECTS/TradeFly-iOS/build/SourcePackages/checkouts/supabase-swift
    write-file /Users/rioallen/Documents/DropFly-OS-App-Builder/DropFly-PROJECTS/TradeFly-iOS/build/Build/Intermediates.noindex/Supabase.build/Debug-iphonesimulator/Supabase.build/Supabase.modulemap

WriteAuxiliaryFile /Users/rioallen/Documents/DropFly-OS-App-Builder/DropFly-PROJECTS/TradeFly-iOS/build/Build/Intermediates.noindex/Supabase.build/Debug-iphonesimulator/Supabase.build/Supabase.DependencyStaticMetadataFileList (in target 'Supabase' from project 'Supabase')
    cd /Users/rioallen/Documents/DropFly-OS-App-Builder/DropFly-PROJECTS/TradeFly-iOS/build/SourcePackages/checkouts/supabase-swift
    write-file /Users/rioallen/Documents/DropFly-OS-App-Builder/DropFly-PROJECTS/TradeFly-iOS/build/Build/Intermediates.noindex/Supabase.build/Debug-iphonesimulator/Supabase.build/Supabase.DependencyStaticMetadataFileList

WriteAuxiliaryFile /Users/rioallen/Documents/DropFly-OS-App-Builder/DropFly-PROJECTS/TradeFly-iOS/build/Build/Intermediates.noindex/Supabase.build/Debug-iphonesimulator/Supabase.build/Supabase.DependencyMetadataFileList (in target 'Supabase' from project 'Supabase')
    cd /Users/rioallen/Documents/DropFly-OS-App-Builder/DropFly-PROJECTS/TradeFly-iOS/build/SourcePackages/checkouts/supabase-swift
    write-file /Users/rioallen/Documents/DropFly-OS-App-Builder/DropFly-PROJECTS/TradeFly-iOS/build/Build/Intermediates.noindex/Supabase.build/Debug-iphonesimulator/Supabase.build/Supabase.DependencyMetadataFileList

WriteAuxiliaryFile /Users/rioallen/Documents/DropFly-OS-App-Builder/DropFly-PROJECTS/TradeFly-iOS/build/Build/Intermediates.noindex/Supabase.build/Debug-iphonesimulator/Supabase.build/Objects-normal/arm64/Supabase.SwiftFileList (in target 'Supabase' from project 'Supabase')
    cd /Users/rioallen/Documents/DropFly-OS-App-Builder/DropFly-PROJECTS/TradeFly-iOS/build/SourcePackages/checkouts/supabase-swift
    write-file /Users/rioallen/Documents/DropFly-OS-App-Builder/DropFly-PROJECTS/TradeFly-iOS/build/Build/Intermediates.noindex/Supabase.build/Debug-iphonesimulator/Supabase.build/Objects-normal/arm64/Supabase.SwiftFileList

WriteAuxiliaryFile /Users/rioallen/Documents/DropFly-OS-App-Builder/DropFly-PROJECTS/TradeFly-iOS/build/Build/Intermediates.noindex/Supabase.build/Debug-iphonesimulator/Supabase.build/Objects-normal/arm64/Supabase_const_extract_protocols.json (in target 'Supabase' from project 'Supabase')
    cd /Users/rioallen/Documents/DropFly-OS-App-Builder/DropFly-PROJECTS/TradeFly-iOS/build/SourcePackages/checkouts/supabase-swift
    write-file /Users/rioallen/Documents/DropFly-OS-App-Builder/DropFly-PROJECTS/TradeFly-iOS/build/Build/Intermediates.noindex/Supabase.build/Debug-iphonesimulator/Supabase.build/Objects-normal/arm64/Supabase_const_extract_protocols.json

WriteAuxiliaryFile /Users/rioallen/Documents/DropFly-OS-App-Builder/DropFly-PROJECTS/TradeFly-iOS/build/Build/Intermediates.noindex/Supabase.build/Debug-iphonesimulator/Supabase.build/Objects-normal/arm64/Supabase.SwiftConstValuesFileList (in target 'Supabase' from project 'Supabase')
    cd /Users/rioallen/Documents/DropFly-OS-App-Builder/DropFly-PROJECTS/TradeFly-iOS/build/SourcePackages/checkouts/supabase-swift
    write-file /Users/rioallen/Documents/DropFly-OS-App-Builder/DropFly-PROJECTS/TradeFly-iOS/build/Build/Intermediates.noindex/Supabase.build/Debug-iphonesimulator/Supabase.build/Objects-normal/arm64/Supabase.SwiftConstValuesFileList

WriteAuxiliaryFile /Users/rioallen/Documents/DropFly-OS-App-Builder/DropFly-PROJECTS/TradeFly-iOS/build/Build/Intermediates.noindex/Supabase.build/Debug-iphonesimulator/Supabase.build/Objects-normal/arm64/Supabase.LinkFileList (in target 'Supabase' from project 'Supabase')
    cd /Users/rioallen/Documents/DropFly-OS-App-Builder/DropFly-PROJECTS/TradeFly-iOS/build/SourcePackages/checkouts/supabase-swift
    write-file /Users/rioallen/Documents/DropFly-OS-App-Builder/DropFly-PROJECTS/TradeFly-iOS/build/Build/Intermediates.noindex/Supabase.build/Debug-iphonesimulator/Supabase.build/Objects-normal/arm64/Supabase.LinkFileList

WriteAuxiliaryFile /Users/rioallen/Documents/DropFly-OS-App-Builder/DropFly-PROJECTS/TradeFly-iOS/build/Build/Intermediates.noindex/Supabase.build/Debug-iphonesimulator/Supabase.build/Objects-normal/arm64/Supabase-OutputFileMap.json (in target 'Supabase' from project 'Supabase')
    cd /Users/rioallen/Documents/DropFly-OS-App-Builder/DropFly-PROJECTS/TradeFly-iOS/build/SourcePackages/checkouts/supabase-swift
    write-file /Users/rioallen/Documents/DropFly-OS-App-Builder/DropFly-PROJECTS/TradeFly-iOS/build/Build/Intermediates.noindex/Supabase.build/Debug-iphonesimulator/Supabase.build/Objects-normal/arm64/Supabase-OutputFileMap.json

WriteAuxiliaryFile /Users/rioallen/Documents/DropFly-OS-App-Builder/DropFly-PROJECTS/TradeFly-iOS/build/Build/Intermediates.noindex/Supabase.build/Debug-iphonesimulator/Storage.build/Storage.DependencyStaticMetadataFileList (in target 'Storage' from project 'Supabase')
    cd /Users/rioallen/Documents/DropFly-OS-App-Builder/DropFly-PROJECTS/TradeFly-iOS/build/SourcePackages/checkouts/supabase-swift
    write-file /Users/rioallen/Documents/DropFly-OS-App-Builder/DropFly-PROJECTS/TradeFly-iOS/build/Build/Intermediates.noindex/Supabase.build/Debug-iphonesimulator/Storage.build/Storage.DependencyStaticMetadataFileList

WriteAuxiliaryFile /Users/rioallen/Documents/DropFly-OS-App-Builder/DropFly-PROJECTS/TradeFly-iOS/build/Build/Intermediates.noindex/Supabase.build/Debug-iphonesimulator/Storage.build/Storage.modulemap (in target 'Storage' from project 'Supabase')
    cd /Users/rioallen/Documents/DropFly-OS-App-Builder/DropFly-PROJECTS/TradeFly-iOS/build/SourcePackages/checkouts/supabase-swift
    write-file /Users/rioallen/Documents/DropFly-OS-App-Builder/DropFly-PROJECTS/TradeFly-iOS/build/Build/Intermediates.noindex/Supabase.build/Debug-iphonesimulator/Storage.build/Storage.modulemap

WriteAuxiliaryFile /Users/rioallen/Documents/DropFly-OS-App-Builder/DropFly-PROJECTS/TradeFly-iOS/build/Build/Intermediates.noindex/Supabase.build/Debug-iphonesimulator/Storage.build/Storage.DependencyMetadataFileList (in target 'Storage' from project 'Supabase')
    cd /Users/rioallen/Documents/DropFly-OS-App-Builder/DropFly-PROJECTS/TradeFly-iOS/build/SourcePackages/checkouts/supabase-swift
    write-file /Users/rioallen/Documents/DropFly-OS-App-Builder/DropFly-PROJECTS/TradeFly-iOS/build/Build/Intermediates.noindex/Supabase.build/Debug-iphonesimulator/Storage.build/Storage.DependencyMetadataFileList

WriteAuxiliaryFile /Users/rioallen/Documents/DropFly-OS-App-Builder/DropFly-PROJECTS/TradeFly-iOS/build/Build/Intermediates.noindex/Supabase.build/Debug-iphonesimulator/Storage.build/Objects-normal/arm64/Storage_const_extract_protocols.json (in target 'Storage' from project 'Supabase')
    cd /Users/rioallen/Documents/DropFly-OS-App-Builder/DropFly-PROJECTS/TradeFly-iOS/build/SourcePackages/checkouts/supabase-swift
    write-file /Users/rioallen/Documents/DropFly-OS-App-Builder/DropFly-PROJECTS/TradeFly-iOS/build/Build/Intermediates.noindex/Supabase.build/Debug-iphonesimulator/Storage.build/Objects-normal/arm64/Storage_const_extract_protocols.json

WriteAuxiliaryFile /Users/rioallen/Documents/DropFly-OS-App-Builder/DropFly-PROJECTS/TradeFly-iOS/build/Build/Intermediates.noindex/Supabase.build/Debug-iphonesimulator/Storage.build/Objects-normal/arm64/Storage.SwiftFileList (in target 'Storage' from project 'Supabase')
    cd /Users/rioallen/Documents/DropFly-OS-App-Builder/DropFly-PROJECTS/TradeFly-iOS/build/SourcePackages/checkouts/supabase-swift
    write-file /Users/rioallen/Documents/DropFly-OS-App-Builder/DropFly-PROJECTS/TradeFly-iOS/build/Build/Intermediates.noindex/Supabase.build/Debug-iphonesimulator/Storage.build/Objects-normal/arm64/Storage.SwiftFileList

WriteAuxiliaryFile /Users/rioallen/Documents/DropFly-OS-App-Builder/DropFly-PROJECTS/TradeFly-iOS/build/Build/Intermediates.noindex/Supabase.build/Debug-iphonesimulator/Storage.build/Objects-normal/arm64/Storage.SwiftConstValuesFileList (in target 'Storage' from project 'Supabase')
    cd /Users/rioallen/Documents/DropFly-OS-App-Builder/DropFly-PROJECTS/TradeFly-iOS/build/SourcePackages/checkouts/supabase-swift
    write-file /Users/rioallen/Documents/DropFly-OS-App-Builder/DropFly-PROJECTS/TradeFly-iOS/build/Build/Intermediates.noindex/Supabase.build/Debug-iphonesimulator/Storage.build/Objects-normal/arm64/Storage.SwiftConstValuesFileList

WriteAuxiliaryFile /Users/rioallen/Documents/DropFly-OS-App-Builder/DropFly-PROJECTS/TradeFly-iOS/build/Build/Intermediates.noindex/Supabase.build/Debug-iphonesimulator/Storage.build/Objects-normal/arm64/Storage.LinkFileList (in target 'Storage' from project 'Supabase')
    cd /Users/rioallen/Documents/DropFly-OS-App-Builder/DropFly-PROJECTS/TradeFly-iOS/build/SourcePackages/checkouts/supabase-swift
    write-file /Users/rioallen/Documents/DropFly-OS-App-Builder/DropFly-PROJECTS/TradeFly-iOS/build/Build/Intermediates.noindex/Supabase.build/Debug-iphonesimulator/Storage.build/Objects-normal/arm64/Storage.LinkFileList

Copy /Users/rioallen/Documents/DropFly-OS-App-Builder/DropFly-PROJECTS/TradeFly-iOS/build/Build/Intermediates.noindex/GeneratedModuleMaps-iphonesimulator/Supabase.modulemap /Users/rioallen/Documents/DropFly-OS-App-Builder/DropFly-PROJECTS/TradeFly-iOS/build/Build/Intermediates.noindex/Supabase.build/Debug-iphonesimulator/Supabase.build/Supabase.modulemap (in target 'Supabase' from project 'Supabase')
    cd /Users/rioallen/Documents/DropFly-OS-App-Builder/DropFly-PROJECTS/TradeFly-iOS/build/SourcePackages/checkouts/supabase-swift
    builtin-copy -exclude .DS_Store -exclude CVS -exclude .svn -exclude .git -exclude .hg -resolve-src-symlinks /Users/rioallen/Documents/DropFly-OS-App-Builder/DropFly-PROJECTS/TradeFly-iOS/build/Build/Intermediates.noindex/Supabase.build/Debug-iphonesimulator/Supabase.build/Supabase.modulemap /Users/rioallen/Documents/DropFly-OS-App-Builder/DropFly-PROJECTS/TradeFly-iOS/build/Build/Intermediates.noindex/GeneratedModuleMaps-iphonesimulator

WriteAuxiliaryFile /Users/rioallen/Documents/DropFly-OS-App-Builder/DropFly-PROJECTS/TradeFly-iOS/build/Build/Intermediates.noindex/Supabase.build/Debug-iphonesimulator/Storage.build/Objects-normal/arm64/Storage-OutputFileMap.json (in target 'Storage' from project 'Supabase')
    cd /Users/rioallen/Documents/DropFly-OS-App-Builder/DropFly-PROJECTS/TradeFly-iOS/build/SourcePackages/checkouts/supabase-swift
    write-file /Users/rioallen/Documents/DropFly-OS-App-Builder/DropFly-PROJECTS/TradeFly-iOS/build/Build/Intermediates.noindex/Supabase.build/Debug-iphonesimulator/Storage.build/Objects-normal/arm64/Storage-OutputFileMap.json

WriteAuxiliaryFile /Users/rioallen/Documents/DropFly-OS-App-Builder/DropFly-PROJECTS/TradeFly-iOS/build/Build/Intermediates.noindex/Supabase.build/Debug-iphonesimulator/Realtime.build/Realtime.modulemap (in target 'Realtime' from project 'Supabase')
    cd /Users/rioallen/Documents/DropFly-OS-App-Builder/DropFly-PROJECTS/TradeFly-iOS/build/SourcePackages/checkouts/supabase-swift
    write-file /Users/rioallen/Documents/DropFly-OS-App-Builder/DropFly-PROJECTS/TradeFly-iOS/build/Build/Intermediates.noindex/Supabase.build/Debug-iphonesimulator/Realtime.build/Realtime.modulemap

WriteAuxiliaryFile /Users/rioallen/Documents/DropFly-OS-App-Builder/DropFly-PROJECTS/TradeFly-iOS/build/Build/Intermediates.noindex/Supabase.build/Debug-iphonesimulator/Realtime.build/Realtime.DependencyStaticMetadataFileList (in target 'Realtime' from project 'Supabase')
    cd /Users/rioallen/Documents/DropFly-OS-App-Builder/DropFly-PROJECTS/TradeFly-iOS/build/SourcePackages/checkouts/supabase-swift
    write-file /Users/rioallen/Documents/DropFly-OS-App-Builder/DropFly-PROJECTS/TradeFly-iOS/build/Build/Intermediates.noindex/Supabase.build/Debug-iphonesimulator/Realtime.build/Realtime.DependencyStaticMetadataFileList

WriteAuxiliaryFile /Users/rioallen/Documents/DropFly-OS-App-Builder/DropFly-PROJECTS/TradeFly-iOS/build/Build/Intermediates.noindex/Supabase.build/Debug-iphonesimulator/Realtime.build/Realtime.DependencyMetadataFileList (in target 'Realtime' from project 'Supabase')
    cd /Users/rioallen/Documents/DropFly-OS-App-Builder/DropFly-PROJECTS/TradeFly-iOS/build/SourcePackages/checkouts/supabase-swift
    write-file /Users/rioallen/Documents/DropFly-OS-App-Builder/DropFly-PROJECTS/TradeFly-iOS/build/Build/Intermediates.noindex/Supabase.build/Debug-iphonesimulator/Realtime.build/Realtime.DependencyMetadataFileList

WriteAuxiliaryFile /Users/rioallen/Documents/DropFly-OS-App-Builder/DropFly-PROJECTS/TradeFly-iOS/build/Build/Intermediates.noindex/Supabase.build/Debug-iphonesimulator/Realtime.build/Objects-normal/arm64/Realtime_const_extract_protocols.json (in target 'Realtime' from project 'Supabase')
    cd /Users/rioallen/Documents/DropFly-OS-App-Builder/DropFly-PROJECTS/TradeFly-iOS/build/SourcePackages/checkouts/supabase-swift
    write-file /Users/rioallen/Documents/DropFly-OS-App-Builder/DropFly-PROJECTS/TradeFly-iOS/build/Build/Intermediates.noindex/Supabase.build/Debug-iphonesimulator/Realtime.build/Objects-normal/arm64/Realtime_const_extract_protocols.json

WriteAuxiliaryFile /Users/rioallen/Documents/DropFly-OS-App-Builder/DropFly-PROJECTS/TradeFly-iOS/build/Build/Intermediates.noindex/Supabase.build/Debug-iphonesimulator/Realtime.build/Objects-normal/arm64/Realtime.SwiftFileList (in target 'Realtime' from project 'Supabase')
    cd /Users/rioallen/Documents/DropFly-OS-App-Builder/DropFly-PROJECTS/TradeFly-iOS/build/SourcePackages/checkouts/supabase-swift
    write-file /Users/rioallen/Documents/DropFly-OS-App-Builder/DropFly-PROJECTS/TradeFly-iOS/build/Build/Intermediates.noindex/Supabase.build/Debug-iphonesimulator/Realtime.build/Objects-normal/arm64/Realtime.SwiftFileList

WriteAuxiliaryFile /Users/rioallen/Documents/DropFly-OS-App-Builder/DropFly-PROJECTS/TradeFly-iOS/build/Build/Intermediates.noindex/Supabase.build/Debug-iphonesimulator/Realtime.build/Objects-normal/arm64/Realtime.SwiftConstValuesFileList (in target 'Realtime' from project 'Supabase')
    cd /Users/rioallen/Documents/DropFly-OS-App-Builder/DropFly-PROJECTS/TradeFly-iOS/build/SourcePackages/checkouts/supabase-swift
    write-file /Users/rioallen/Documents/DropFly-OS-App-Builder/DropFly-PROJECTS/TradeFly-iOS/build/Build/Intermediates.noindex/Supabase.build/Debug-iphonesimulator/Realtime.build/Objects-normal/arm64/Realtime.SwiftConstValuesFileList

WriteAuxiliaryFile /Users/rioallen/Documents/DropFly-OS-App-Builder/DropFly-PROJECTS/TradeFly-iOS/build/Build/Intermediates.noindex/Supabase.build/Debug-iphonesimulator/Realtime.build/Objects-normal/arm64/Realtime-OutputFileMap.json (in target 'Realtime' from project 'Supabase')
    cd /Users/rioallen/Documents/DropFly-OS-App-Builder/DropFly-PROJECTS/TradeFly-iOS/build/SourcePackages/checkouts/supabase-swift
    write-file /Users/rioallen/Documents/DropFly-OS-App-Builder/DropFly-PROJECTS/TradeFly-iOS/build/Build/Intermediates.noindex/Supabase.build/Debug-iphonesimulator/Realtime.build/Objects-normal/arm64/Realtime-OutputFileMap.json

WriteAuxiliaryFile /Users/rioallen/Documents/DropFly-OS-App-Builder/DropFly-PROJECTS/TradeFly-iOS/build/Build/Intermediates.noindex/Supabase.build/Debug-iphonesimulator/Realtime.build/Objects-normal/arm64/Realtime.LinkFileList (in target 'Realtime' from project 'Supabase')
    cd /Users/rioallen/Documents/DropFly-OS-App-Builder/DropFly-PROJECTS/TradeFly-iOS/build/SourcePackages/checkouts/supabase-swift
    write-file /Users/rioallen/Documents/DropFly-OS-App-Builder/DropFly-PROJECTS/TradeFly-iOS/build/Build/Intermediates.noindex/Supabase.build/Debug-iphonesimulator/Realtime.build/Objects-normal/arm64/Realtime.LinkFileList

WriteAuxiliaryFile /Users/rioallen/Documents/DropFly-OS-App-Builder/DropFly-PROJECTS/TradeFly-iOS/build/Build/Intermediates.noindex/Supabase.build/Debug-iphonesimulator/PostgREST.build/PostgREST.modulemap (in target 'PostgREST' from project 'Supabase')
    cd /Users/rioallen/Documents/DropFly-OS-App-Builder/DropFly-PROJECTS/TradeFly-iOS/build/SourcePackages/checkouts/supabase-swift
    write-file /Users/rioallen/Documents/DropFly-OS-App-Builder/DropFly-PROJECTS/TradeFly-iOS/build/Build/Intermediates.noindex/Supabase.build/Debug-iphonesimulator/PostgREST.build/PostgREST.modulemap

Copy /Users/rioallen/Documents/DropFly-OS-App-Builder/DropFly-PROJECTS/TradeFly-iOS/build/Build/Intermediates.noindex/GeneratedModuleMaps-iphonesimulator/Storage.modulemap /Users/rioallen/Documents/DropFly-OS-App-Builder/DropFly-PROJECTS/TradeFly-iOS/build/Build/Intermediates.noindex/Supabase.build/Debug-iphonesimulator/Storage.build/Storage.modulemap (in target 'Storage' from project 'Supabase')
    cd /Users/rioallen/Documents/DropFly-OS-App-Builder/DropFly-PROJECTS/TradeFly-iOS/build/SourcePackages/checkouts/supabase-swift
    builtin-copy -exclude .DS_Store -exclude CVS -exclude .svn -exclude .git -exclude .hg -resolve-src-symlinks /Users/rioallen/Documents/DropFly-OS-App-Builder/DropFly-PROJECTS/TradeFly-iOS/build/Build/Intermediates.noindex/Supabase.build/Debug-iphonesimulator/Storage.build/Storage.modulemap /Users/rioallen/Documents/DropFly-OS-App-Builder/DropFly-PROJECTS/TradeFly-iOS/build/Build/Intermediates.noindex/GeneratedModuleMaps-iphonesimulator

WriteAuxiliaryFile /Users/rioallen/Documents/DropFly-OS-App-Builder/DropFly-PROJECTS/TradeFly-iOS/build/Build/Intermediates.noindex/Supabase.build/Debug-iphonesimulator/PostgREST.build/PostgREST.DependencyStaticMetadataFileList (in target 'PostgREST' from project 'Supabase')
    cd /Users/rioallen/Documents/DropFly-OS-App-Builder/DropFly-PROJECTS/TradeFly-iOS/build/SourcePackages/checkouts/supabase-swift
    write-file /Users/rioallen/Documents/DropFly-OS-App-Builder/DropFly-PROJECTS/TradeFly-iOS/build/Build/Intermediates.noindex/Supabase.build/Debug-iphonesimulator/PostgREST.build/PostgREST.DependencyStaticMetadataFileList

WriteAuxiliaryFile /Users/rioallen/Documents/DropFly-OS-App-Builder/DropFly-PROJECTS/TradeFly-iOS/build/Build/Intermediates.noindex/Supabase.build/Debug-iphonesimulator/PostgREST.build/PostgREST.DependencyMetadataFileList (in target 'PostgREST' from project 'Supabase')
    cd /Users/rioallen/Documents/DropFly-OS-App-Builder/DropFly-PROJECTS/TradeFly-iOS/build/SourcePackages/checkouts/supabase-swift
    write-file /Users/rioallen/Documents/DropFly-OS-App-Builder/DropFly-PROJECTS/TradeFly-iOS/build/Build/Intermediates.noindex/Supabase.build/Debug-iphonesimulator/PostgREST.build/PostgREST.DependencyMetadataFileList

WriteAuxiliaryFile /Users/rioallen/Documents/DropFly-OS-App-Builder/DropFly-PROJECTS/TradeFly-iOS/build/Build/Intermediates.noindex/Supabase.build/Debug-iphonesimulator/PostgREST.build/Objects-normal/arm64/PostgREST_const_extract_protocols.json (in target 'PostgREST' from project 'Supabase')
    cd /Users/rioallen/Documents/DropFly-OS-App-Builder/DropFly-PROJECTS/TradeFly-iOS/build/SourcePackages/checkouts/supabase-swift
    write-file /Users/rioallen/Documents/DropFly-OS-App-Builder/DropFly-PROJECTS/TradeFly-iOS/build/Build/Intermediates.noindex/Supabase.build/Debug-iphonesimulator/PostgREST.build/Objects-normal/arm64/PostgREST_const_extract_protocols.json

WriteAuxiliaryFile /Users/rioallen/Documents/DropFly-OS-App-Builder/DropFly-PROJECTS/TradeFly-iOS/build/Build/Intermediates.noindex/Supabase.build/Debug-iphonesimulator/PostgREST.build/Objects-normal/arm64/PostgREST.SwiftFileList (in target 'PostgREST' from project 'Supabase')
    cd /Users/rioallen/Documents/DropFly-OS-App-Builder/DropFly-PROJECTS/TradeFly-iOS/build/SourcePackages/checkouts/supabase-swift
    write-file /Users/rioallen/Documents/DropFly-OS-App-Builder/DropFly-PROJECTS/TradeFly-iOS/build/Build/Intermediates.noindex/Supabase.build/Debug-iphonesimulator/PostgREST.build/Objects-normal/arm64/PostgREST.SwiftFileList

WriteAuxiliaryFile /Users/rioallen/Documents/DropFly-OS-App-Builder/DropFly-PROJECTS/TradeFly-iOS/build/Build/Intermediates.noindex/Supabase.build/Debug-iphonesimulator/PostgREST.build/Objects-normal/arm64/PostgREST.LinkFileList (in target 'PostgREST' from project 'Supabase')
    cd /Users/rioallen/Documents/DropFly-OS-App-Builder/DropFly-PROJECTS/TradeFly-iOS/build/SourcePackages/checkouts/supabase-swift
    write-file /Users/rioallen/Documents/DropFly-OS-App-Builder/DropFly-PROJECTS/TradeFly-iOS/build/Build/Intermediates.noindex/Supabase.build/Debug-iphonesimulator/PostgREST.build/Objects-normal/arm64/PostgREST.LinkFileList

WriteAuxiliaryFile /Users/rioallen/Documents/DropFly-OS-App-Builder/DropFly-PROJECTS/TradeFly-iOS/build/Build/Intermediates.noindex/Supabase.build/Debug-iphonesimulator/PostgREST.build/Objects-normal/arm64/PostgREST.SwiftConstValuesFileList (in target 'PostgREST' from project 'Supabase')
    cd /Users/rioallen/Documents/DropFly-OS-App-Builder/DropFly-PROJECTS/TradeFly-iOS/build/SourcePackages/checkouts/supabase-swift
    write-file /Users/rioallen/Documents/DropFly-OS-App-Builder/DropFly-PROJECTS/TradeFly-iOS/build/Build/Intermediates.noindex/Supabase.build/Debug-iphonesimulator/PostgREST.build/Objects-normal/arm64/PostgREST.SwiftConstValuesFileList

WriteAuxiliaryFile /Users/rioallen/Documents/DropFly-OS-App-Builder/DropFly-PROJECTS/TradeFly-iOS/build/Build/Intermediates.noindex/Supabase.build/Debug-iphonesimulator/PostgREST.build/Objects-normal/arm64/PostgREST-OutputFileMap.json (in target 'PostgREST' from project 'Supabase')
    cd /Users/rioallen/Documents/DropFly-OS-App-Builder/DropFly-PROJECTS/TradeFly-iOS/build/SourcePackages/checkouts/supabase-swift
    write-file /Users/rioallen/Documents/DropFly-OS-App-Builder/DropFly-PROJECTS/TradeFly-iOS/build/Build/Intermediates.noindex/Supabase.build/Debug-iphonesimulator/PostgREST.build/Objects-normal/arm64/PostgREST-OutputFileMap.json

Copy /Users/rioallen/Documents/DropFly-OS-App-Builder/DropFly-PROJECTS/TradeFly-iOS/build/Build/Intermediates.noindex/GeneratedModuleMaps-iphonesimulator/Realtime.modulemap /Users/rioallen/Documents/DropFly-OS-App-Builder/DropFly-PROJECTS/TradeFly-iOS/build/Build/Intermediates.noindex/Supabase.build/Debug-iphonesimulator/Realtime.build/Realtime.modulemap (in target 'Realtime' from project 'Supabase')
    cd /Users/rioallen/Documents/DropFly-OS-App-Builder/DropFly-PROJECTS/TradeFly-iOS/build/SourcePackages/checkouts/supabase-swift
    builtin-copy -exclude .DS_Store -exclude CVS -exclude .svn -exclude .git -exclude .hg -resolve-src-symlinks /Users/rioallen/Documents/DropFly-OS-App-Builder/DropFly-PROJECTS/TradeFly-iOS/build/Build/Intermediates.noindex/Supabase.build/Debug-iphonesimulator/Realtime.build/Realtime.modulemap /Users/rioallen/Documents/DropFly-OS-App-Builder/DropFly-PROJECTS/TradeFly-iOS/build/Build/Intermediates.noindex/GeneratedModuleMaps-iphonesimulator

WriteAuxiliaryFile /Users/rioallen/Documents/DropFly-OS-App-Builder/DropFly-PROJECTS/TradeFly-iOS/build/Build/Intermediates.noindex/xctest-dynamic-overlay.build/Debug-iphonesimulator/IssueReportingPackageSupport.build/Objects-normal/arm64/IssueReportingPackageSupport.SwiftConstValuesFileList (in target 'IssueReportingPackageSupport' from project 'xctest-dynamic-overlay')
    cd /Users/rioallen/Documents/DropFly-OS-App-Builder/DropFly-PROJECTS/TradeFly-iOS/build/SourcePackages/checkouts/xctest-dynamic-overlay
    write-file /Users/rioallen/Documents/DropFly-OS-App-Builder/DropFly-PROJECTS/TradeFly-iOS/build/Build/Intermediates.noindex/xctest-dynamic-overlay.build/Debug-iphonesimulator/IssueReportingPackageSupport.build/Objects-normal/arm64/IssueReportingPackageSupport.SwiftConstValuesFileList

WriteAuxiliaryFile /Users/rioallen/Documents/DropFly-OS-App-Builder/DropFly-PROJECTS/TradeFly-iOS/build/Build/Intermediates.noindex/xctest-dynamic-overlay.build/Debug-iphonesimulator/IssueReportingPackageSupport.build/Objects-normal/arm64/IssueReportingPackageSupport_const_extract_protocols.json (in target 'IssueReportingPackageSupport' from project 'xctest-dynamic-overlay')
    cd /Users/rioallen/Documents/DropFly-OS-App-Builder/DropFly-PROJECTS/TradeFly-iOS/build/SourcePackages/checkouts/xctest-dynamic-overlay
    write-file /Users/rioallen/Documents/DropFly-OS-App-Builder/DropFly-PROJECTS/TradeFly-iOS/build/Build/Intermediates.noindex/xctest-dynamic-overlay.build/Debug-iphonesimulator/IssueReportingPackageSupport.build/Objects-normal/arm64/IssueReportingPackageSupport_const_extract_protocols.json

WriteAuxiliaryFile /Users/rioallen/Documents/DropFly-OS-App-Builder/DropFly-PROJECTS/TradeFly-iOS/build/Build/Intermediates.noindex/xctest-dynamic-overlay.build/Debug-iphonesimulator/IssueReportingPackageSupport.build/Objects-normal/arm64/IssueReportingPackageSupport.SwiftFileList (in target 'IssueReportingPackageSupport' from project 'xctest-dynamic-overlay')
    cd /Users/rioallen/Documents/DropFly-OS-App-Builder/DropFly-PROJECTS/TradeFly-iOS/build/SourcePackages/checkouts/xctest-dynamic-overlay
    write-file /Users/rioallen/Documents/DropFly-OS-App-Builder/DropFly-PROJECTS/TradeFly-iOS/build/Build/Intermediates.noindex/xctest-dynamic-overlay.build/Debug-iphonesimulator/IssueReportingPackageSupport.build/Objects-normal/arm64/IssueReportingPackageSupport.SwiftFileList

WriteAuxiliaryFile /Users/rioallen/Documents/DropFly-OS-App-Builder/DropFly-PROJECTS/TradeFly-iOS/build/Build/Intermediates.noindex/xctest-dynamic-overlay.build/Debug-iphonesimulator/IssueReportingPackageSupport.build/Objects-normal/arm64/IssueReportingPackageSupport.LinkFileList (in target 'IssueReportingPackageSupport' from project 'xctest-dynamic-overlay')
    cd /Users/rioallen/Documents/DropFly-OS-App-Builder/DropFly-PROJECTS/TradeFly-iOS/build/SourcePackages/checkouts/xctest-dynamic-overlay
    write-file /Users/rioallen/Documents/DropFly-OS-App-Builder/DropFly-PROJECTS/TradeFly-iOS/build/Build/Intermediates.noindex/xctest-dynamic-overlay.build/Debug-iphonesimulator/IssueReportingPackageSupport.build/Objects-normal/arm64/IssueReportingPackageSupport.LinkFileList

WriteAuxiliaryFile /Users/rioallen/Documents/DropFly-OS-App-Builder/DropFly-PROJECTS/TradeFly-iOS/build/Build/Intermediates.noindex/xctest-dynamic-overlay.build/Debug-iphonesimulator/IssueReportingPackageSupport.build/IssueReportingPackageSupport.modulemap (in target 'IssueReportingPackageSupport' from project 'xctest-dynamic-overlay')
    cd /Users/rioallen/Documents/DropFly-OS-App-Builder/DropFly-PROJECTS/TradeFly-iOS/build/SourcePackages/checkouts/xctest-dynamic-overlay
    write-file /Users/rioallen/Documents/DropFly-OS-App-Builder/DropFly-PROJECTS/TradeFly-iOS/build/Build/Intermediates.noindex/xctest-dynamic-overlay.build/Debug-iphonesimulator/IssueReportingPackageSupport.build/IssueReportingPackageSupport.modulemap

WriteAuxiliaryFile /Users/rioallen/Documents/DropFly-OS-App-Builder/DropFly-PROJECTS/TradeFly-iOS/build/Build/Intermediates.noindex/xctest-dynamic-overlay.build/Debug-iphonesimulator/IssueReportingPackageSupport.build/Objects-normal/arm64/IssueReportingPackageSupport-OutputFileMap.json (in target 'IssueReportingPackageSupport' from project 'xctest-dynamic-overlay')
    cd /Users/rioallen/Documents/DropFly-OS-App-Builder/DropFly-PROJECTS/TradeFly-iOS/build/SourcePackages/checkouts/xctest-dynamic-overlay
    write-file /Users/rioallen/Documents/DropFly-OS-App-Builder/DropFly-PROJECTS/TradeFly-iOS/build/Build/Intermediates.noindex/xctest-dynamic-overlay.build/Debug-iphonesimulator/IssueReportingPackageSupport.build/Objects-normal/arm64/IssueReportingPackageSupport-OutputFileMap.json

Copy /Users/rioallen/Documents/DropFly-OS-App-Builder/DropFly-PROJECTS/TradeFly-iOS/build/Build/Intermediates.noindex/GeneratedModuleMaps-iphonesimulator/PostgREST.modulemap /Users/rioallen/Documents/DropFly-OS-App-Builder/DropFly-PROJECTS/TradeFly-iOS/build/Build/Intermediates.noindex/Supabase.build/Debug-iphonesimulator/PostgREST.build/PostgREST.modulemap (in target 'PostgREST' from project 'Supabase')
    cd /Users/rioallen/Documents/DropFly-OS-App-Builder/DropFly-PROJECTS/TradeFly-iOS/build/SourcePackages/checkouts/supabase-swift
    builtin-copy -exclude .DS_Store -exclude CVS -exclude .svn -exclude .git -exclude .hg -resolve-src-symlinks /Users/rioallen/Documents/DropFly-OS-App-Builder/DropFly-PROJECTS/TradeFly-iOS/build/Build/Intermediates.noindex/Supabase.build/Debug-iphonesimulator/PostgREST.build/PostgREST.modulemap /Users/rioallen/Documents/DropFly-OS-App-Builder/DropFly-PROJECTS/TradeFly-iOS/build/Build/Intermediates.noindex/GeneratedModuleMaps-iphonesimulator

WriteAuxiliaryFile /Users/rioallen/Documents/DropFly-OS-App-Builder/DropFly-PROJECTS/TradeFly-iOS/build/Build/Intermediates.noindex/xctest-dynamic-overlay.build/Debug-iphonesimulator/IssueReportingPackageSupport.build/IssueReportingPackageSupport.DependencyStaticMetadataFileList (in target 'IssueReportingPackageSupport' from project 'xctest-dynamic-overlay')
    cd /Users/rioallen/Documents/DropFly-OS-App-Builder/DropFly-PROJECTS/TradeFly-iOS/build/SourcePackages/checkouts/xctest-dynamic-overlay
    write-file /Users/rioallen/Documents/DropFly-OS-App-Builder/DropFly-PROJECTS/TradeFly-iOS/build/Build/Intermediates.noindex/xctest-dynamic-overlay.build/Debug-iphonesimulator/IssueReportingPackageSupport.build/IssueReportingPackageSupport.DependencyStaticMetadataFileList

WriteAuxiliaryFile /Users/rioallen/Documents/DropFly-OS-App-Builder/DropFly-PROJECTS/TradeFly-iOS/build/Build/Intermediates.noindex/xctest-dynamic-overlay.build/Debug-iphonesimulator/IssueReportingPackageSupport.build/IssueReportingPackageSupport.DependencyMetadataFileList (in target 'IssueReportingPackageSupport' from project 'xctest-dynamic-overlay')
    cd /Users/rioallen/Documents/DropFly-OS-App-Builder/DropFly-PROJECTS/TradeFly-iOS/build/SourcePackages/checkouts/xctest-dynamic-overlay
    write-file /Users/rioallen/Documents/DropFly-OS-App-Builder/DropFly-PROJECTS/TradeFly-iOS/build/Build/Intermediates.noindex/xctest-dynamic-overlay.build/Debug-iphonesimulator/IssueReportingPackageSupport.build/IssueReportingPackageSupport.DependencyMetadataFileList

WriteAuxiliaryFile /Users/rioallen/Documents/DropFly-OS-App-Builder/DropFly-PROJECTS/TradeFly-iOS/build/Build/Intermediates.noindex/xctest-dynamic-overlay.build/Debug-iphonesimulator/IssueReporting.build/Objects-normal/arm64/IssueReporting_const_extract_protocols.json (in target 'IssueReporting' from project 'xctest-dynamic-overlay')
    cd /Users/rioallen/Documents/DropFly-OS-App-Builder/DropFly-PROJECTS/TradeFly-iOS/build/SourcePackages/checkouts/xctest-dynamic-overlay
    write-file /Users/rioallen/Documents/DropFly-OS-App-Builder/DropFly-PROJECTS/TradeFly-iOS/build/Build/Intermediates.noindex/xctest-dynamic-overlay.build/Debug-iphonesimulator/IssueReporting.build/Objects-normal/arm64/IssueReporting_const_extract_protocols.json

WriteAuxiliaryFile /Users/rioallen/Documents/DropFly-OS-App-Builder/DropFly-PROJECTS/TradeFly-iOS/build/Build/Intermediates.noindex/xctest-dynamic-overlay.build/Debug-iphonesimulator/IssueReporting.build/Objects-normal/arm64/IssueReporting.SwiftFileList (in target 'IssueReporting' from project 'xctest-dynamic-overlay')
    cd /Users/rioallen/Documents/DropFly-OS-App-Builder/DropFly-PROJECTS/TradeFly-iOS/build/SourcePackages/checkouts/xctest-dynamic-overlay
    write-file /Users/rioallen/Documents/DropFly-OS-App-Builder/DropFly-PROJECTS/TradeFly-iOS/build/Build/Intermediates.noindex/xctest-dynamic-overlay.build/Debug-iphonesimulator/IssueReporting.build/Objects-normal/arm64/IssueReporting.SwiftFileList

WriteAuxiliaryFile /Users/rioallen/Documents/DropFly-OS-App-Builder/DropFly-PROJECTS/TradeFly-iOS/build/Build/Intermediates.noindex/xctest-dynamic-overlay.build/Debug-iphonesimulator/IssueReporting.build/Objects-normal/arm64/IssueReporting.SwiftConstValuesFileList (in target 'IssueReporting' from project 'xctest-dynamic-overlay')
    cd /Users/rioallen/Documents/DropFly-OS-App-Builder/DropFly-PROJECTS/TradeFly-iOS/build/SourcePackages/checkouts/xctest-dynamic-overlay
    write-file /Users/rioallen/Documents/DropFly-OS-App-Builder/DropFly-PROJECTS/TradeFly-iOS/build/Build/Intermediates.noindex/xctest-dynamic-overlay.build/Debug-iphonesimulator/IssueReporting.build/Objects-normal/arm64/IssueReporting.SwiftConstValuesFileList

WriteAuxiliaryFile /Users/rioallen/Documents/DropFly-OS-App-Builder/DropFly-PROJECTS/TradeFly-iOS/build/Build/Intermediates.noindex/xctest-dynamic-overlay.build/Debug-iphonesimulator/IssueReporting.build/Objects-normal/arm64/IssueReporting-OutputFileMap.json (in target 'IssueReporting' from project 'xctest-dynamic-overlay')
    cd /Users/rioallen/Documents/DropFly-OS-App-Builder/DropFly-PROJECTS/TradeFly-iOS/build/SourcePackages/checkouts/xctest-dynamic-overlay
    write-file /Users/rioallen/Documents/DropFly-OS-App-Builder/DropFly-PROJECTS/TradeFly-iOS/build/Build/Intermediates.noindex/xctest-dynamic-overlay.build/Debug-iphonesimulator/IssueReporting.build/Objects-normal/arm64/IssueReporting-OutputFileMap.json

WriteAuxiliaryFile /Users/rioallen/Documents/DropFly-OS-App-Builder/DropFly-PROJECTS/TradeFly-iOS/build/Build/Intermediates.noindex/xctest-dynamic-overlay.build/Debug-iphonesimulator/IssueReporting.build/Objects-normal/arm64/IssueReporting.LinkFileList (in target 'IssueReporting' from project 'xctest-dynamic-overlay')
    cd /Users/rioallen/Documents/DropFly-OS-App-Builder/DropFly-PROJECTS/TradeFly-iOS/build/SourcePackages/checkouts/xctest-dynamic-overlay
    write-file /Users/rioallen/Documents/DropFly-OS-App-Builder/DropFly-PROJECTS/TradeFly-iOS/build/Build/Intermediates.noindex/xctest-dynamic-overlay.build/Debug-iphonesimulator/IssueReporting.build/Objects-normal/arm64/IssueReporting.LinkFileList

WriteAuxiliaryFile /Users/rioallen/Documents/DropFly-OS-App-Builder/DropFly-PROJECTS/TradeFly-iOS/build/Build/Intermediates.noindex/xctest-dynamic-overlay.build/Debug-iphonesimulator/IssueReporting.build/IssueReporting.modulemap (in target 'IssueReporting' from project 'xctest-dynamic-overlay')
    cd /Users/rioallen/Documents/DropFly-OS-App-Builder/DropFly-PROJECTS/TradeFly-iOS/build/SourcePackages/checkouts/xctest-dynamic-overlay
    write-file /Users/rioallen/Documents/DropFly-OS-App-Builder/DropFly-PROJECTS/TradeFly-iOS/build/Build/Intermediates.noindex/xctest-dynamic-overlay.build/Debug-iphonesimulator/IssueReporting.build/IssueReporting.modulemap

WriteAuxiliaryFile /Users/rioallen/Documents/DropFly-OS-App-Builder/DropFly-PROJECTS/TradeFly-iOS/build/Build/Intermediates.noindex/xctest-dynamic-overlay.build/Debug-iphonesimulator/IssueReporting.build/IssueReporting.DependencyStaticMetadataFileList (in target 'IssueReporting' from project 'xctest-dynamic-overlay')
    cd /Users/rioallen/Documents/DropFly-OS-App-Builder/DropFly-PROJECTS/TradeFly-iOS/build/SourcePackages/checkouts/xctest-dynamic-overlay
    write-file /Users/rioallen/Documents/DropFly-OS-App-Builder/DropFly-PROJECTS/TradeFly-iOS/build/Build/Intermediates.noindex/xctest-dynamic-overlay.build/Debug-iphonesimulator/IssueReporting.build/IssueReporting.DependencyStaticMetadataFileList

WriteAuxiliaryFile /Users/rioallen/Documents/DropFly-OS-App-Builder/DropFly-PROJECTS/TradeFly-iOS/build/Build/Intermediates.noindex/xctest-dynamic-overlay.build/Debug-iphonesimulator/IssueReporting.build/IssueReporting.DependencyMetadataFileList (in target 'IssueReporting' from project 'xctest-dynamic-overlay')
    cd /Users/rioallen/Documents/DropFly-OS-App-Builder/DropFly-PROJECTS/TradeFly-iOS/build/SourcePackages/checkouts/xctest-dynamic-overlay
    write-file /Users/rioallen/Documents/DropFly-OS-App-Builder/DropFly-PROJECTS/TradeFly-iOS/build/Build/Intermediates.noindex/xctest-dynamic-overlay.build/Debug-iphonesimulator/IssueReporting.build/IssueReporting.DependencyMetadataFileList

Copy /Users/rioallen/Documents/DropFly-OS-App-Builder/DropFly-PROJECTS/TradeFly-iOS/build/Build/Intermediates.noindex/GeneratedModuleMaps-iphonesimulator/IssueReportingPackageSupport.modulemap /Users/rioallen/Documents/DropFly-OS-App-Builder/DropFly-PROJECTS/TradeFly-iOS/build/Build/Intermediates.noindex/xctest-dynamic-overlay.build/Debug-iphonesimulator/IssueReportingPackageSupport.build/IssueReportingPackageSupport.modulemap (in target 'IssueReportingPackageSupport' from project 'xctest-dynamic-overlay')
    cd /Users/rioallen/Documents/DropFly-OS-App-Builder/DropFly-PROJECTS/TradeFly-iOS/build/SourcePackages/checkouts/xctest-dynamic-overlay
    builtin-copy -exclude .DS_Store -exclude CVS -exclude .svn -exclude .git -exclude .hg -resolve-src-symlinks /Users/rioallen/Documents/DropFly-OS-App-Builder/DropFly-PROJECTS/TradeFly-iOS/build/Build/Intermediates.noindex/xctest-dynamic-overlay.build/Debug-iphonesimulator/IssueReportingPackageSupport.build/IssueReportingPackageSupport.modulemap /Users/rioallen/Documents/DropFly-OS-App-Builder/DropFly-PROJECTS/TradeFly-iOS/build/Build/Intermediates.noindex/GeneratedModuleMaps-iphonesimulator

WriteAuxiliaryFile /Users/rioallen/Documents/DropFly-OS-App-Builder/DropFly-PROJECTS/TradeFly-iOS/build/Build/Intermediates.noindex/Supabase.build/Debug-iphonesimulator/Helpers.build/Objects-normal/arm64/Helpers.SwiftFileList (in target 'Helpers' from project 'Supabase')
    cd /Users/rioallen/Documents/DropFly-OS-App-Builder/DropFly-PROJECTS/TradeFly-iOS/build/SourcePackages/checkouts/supabase-swift
    write-file /Users/rioallen/Documents/DropFly-OS-App-Builder/DropFly-PROJECTS/TradeFly-iOS/build/Build/Intermediates.noindex/Supabase.build/Debug-iphonesimulator/Helpers.build/Objects-normal/arm64/Helpers.SwiftFileList

WriteAuxiliaryFile /Users/rioallen/Documents/DropFly-OS-App-Builder/DropFly-PROJECTS/TradeFly-iOS/build/Build/Intermediates.noindex/Supabase.build/Debug-iphonesimulator/Helpers.build/Objects-normal/arm64/Helpers_const_extract_protocols.json (in target 'Helpers' from project 'Supabase')
    cd /Users/rioallen/Documents/DropFly-OS-App-Builder/DropFly-PROJECTS/TradeFly-iOS/build/SourcePackages/checkouts/supabase-swift
    write-file /Users/rioallen/Documents/DropFly-OS-App-Builder/DropFly-PROJECTS/TradeFly-iOS/build/Build/Intermediates.noindex/Supabase.build/Debug-iphonesimulator/Helpers.build/Objects-normal/arm64/Helpers_const_extract_protocols.json

WriteAuxiliaryFile /Users/rioallen/Documents/DropFly-OS-App-Builder/DropFly-PROJECTS/TradeFly-iOS/build/Build/Intermediates.noindex/Supabase.build/Debug-iphonesimulator/Helpers.build/Objects-normal/arm64/Helpers.SwiftConstValuesFileList (in target 'Helpers' from project 'Supabase')
    cd /Users/rioallen/Documents/DropFly-OS-App-Builder/DropFly-PROJECTS/TradeFly-iOS/build/SourcePackages/checkouts/supabase-swift
    write-file /Users/rioallen/Documents/DropFly-OS-App-Builder/DropFly-PROJECTS/TradeFly-iOS/build/Build/Intermediates.noindex/Supabase.build/Debug-iphonesimulator/Helpers.build/Objects-normal/arm64/Helpers.SwiftConstValuesFileList

WriteAuxiliaryFile /Users/rioallen/Documents/DropFly-OS-App-Builder/DropFly-PROJECTS/TradeFly-iOS/build/Build/Intermediates.noindex/Supabase.build/Debug-iphonesimulator/Helpers.build/Objects-normal/arm64/Helpers.LinkFileList (in target 'Helpers' from project 'Supabase')
    cd /Users/rioallen/Documents/DropFly-OS-App-Builder/DropFly-PROJECTS/TradeFly-iOS/build/SourcePackages/checkouts/supabase-swift
    write-file /Users/rioallen/Documents/DropFly-OS-App-Builder/DropFly-PROJECTS/TradeFly-iOS/build/Build/Intermediates.noindex/Supabase.build/Debug-iphonesimulator/Helpers.build/Objects-normal/arm64/Helpers.LinkFileList

WriteAuxiliaryFile /Users/rioallen/Documents/DropFly-OS-App-Builder/DropFly-PROJECTS/TradeFly-iOS/build/Build/Intermediates.noindex/Supabase.build/Debug-iphonesimulator/Helpers.build/Objects-normal/arm64/Helpers-OutputFileMap.json (in target 'Helpers' from project 'Supabase')
    cd /Users/rioallen/Documents/DropFly-OS-App-Builder/DropFly-PROJECTS/TradeFly-iOS/build/SourcePackages/checkouts/supabase-swift
    write-file /Users/rioallen/Documents/DropFly-OS-App-Builder/DropFly-PROJECTS/TradeFly-iOS/build/Build/Intermediates.noindex/Supabase.build/Debug-iphonesimulator/Helpers.build/Objects-normal/arm64/Helpers-OutputFileMap.json

WriteAuxiliaryFile /Users/rioallen/Documents/DropFly-OS-App-Builder/DropFly-PROJECTS/TradeFly-iOS/build/Build/Intermediates.noindex/Supabase.build/Debug-iphonesimulator/Helpers.build/Helpers.modulemap (in target 'Helpers' from project 'Supabase')
    cd /Users/rioallen/Documents/DropFly-OS-App-Builder/DropFly-PROJECTS/TradeFly-iOS/build/SourcePackages/checkouts/supabase-swift
    write-file /Users/rioallen/Documents/DropFly-OS-App-Builder/DropFly-PROJECTS/TradeFly-iOS/build/Build/Intermediates.noindex/Supabase.build/Debug-iphonesimulator/Helpers.build/Helpers.modulemap

WriteAuxiliaryFile /Users/rioallen/Documents/DropFly-OS-App-Builder/DropFly-PROJECTS/TradeFly-iOS/build/Build/Intermediates.noindex/Supabase.build/Debug-iphonesimulator/Helpers.build/Helpers.DependencyStaticMetadataFileList (in target 'Helpers' from project 'Supabase')
    cd /Users/rioallen/Documents/DropFly-OS-App-Builder/DropFly-PROJECTS/TradeFly-iOS/build/SourcePackages/checkouts/supabase-swift
    write-file /Users/rioallen/Documents/DropFly-OS-App-Builder/DropFly-PROJECTS/TradeFly-iOS/build/Build/Intermediates.noindex/Supabase.build/Debug-iphonesimulator/Helpers.build/Helpers.DependencyStaticMetadataFileList

WriteAuxiliaryFile /Users/rioallen/Documents/DropFly-OS-App-Builder/DropFly-PROJECTS/TradeFly-iOS/build/Build/Intermediates.noindex/Supabase.build/Debug-iphonesimulator/Helpers.build/Helpers.DependencyMetadataFileList (in target 'Helpers' from project 'Supabase')
    cd /Users/rioallen/Documents/DropFly-OS-App-Builder/DropFly-PROJECTS/TradeFly-iOS/build/SourcePackages/checkouts/supabase-swift
    write-file /Users/rioallen/Documents/DropFly-OS-App-Builder/DropFly-PROJECTS/TradeFly-iOS/build/Build/Intermediates.noindex/Supabase.build/Debug-iphonesimulator/Helpers.build/Helpers.DependencyMetadataFileList

WriteAuxiliaryFile /Users/rioallen/Documents/DropFly-OS-App-Builder/DropFly-PROJECTS/TradeFly-iOS/build/Build/Intermediates.noindex/swift-http-types.build/Debug-iphonesimulator/HTTPTypes.build/Objects-normal/arm64/HTTPTypes_const_extract_protocols.json (in target 'HTTPTypes' from project 'swift-http-types')
    cd /Users/rioallen/Documents/DropFly-OS-App-Builder/DropFly-PROJECTS/TradeFly-iOS/build/SourcePackages/checkouts/swift-http-types
    write-file /Users/rioallen/Documents/DropFly-OS-App-Builder/DropFly-PROJECTS/TradeFly-iOS/build/Build/Intermediates.noindex/swift-http-types.build/Debug-iphonesimulator/HTTPTypes.build/Objects-normal/arm64/HTTPTypes_const_extract_protocols.json

WriteAuxiliaryFile /Users/rioallen/Documents/DropFly-OS-App-Builder/DropFly-PROJECTS/TradeFly-iOS/build/Build/Intermediates.noindex/swift-http-types.build/Debug-iphonesimulator/HTTPTypes.build/Objects-normal/arm64/HTTPTypes.SwiftFileList (in target 'HTTPTypes' from project 'swift-http-types')
    cd /Users/rioallen/Documents/DropFly-OS-App-Builder/DropFly-PROJECTS/TradeFly-iOS/build/SourcePackages/checkouts/swift-http-types
    write-file /Users/rioallen/Documents/DropFly-OS-App-Builder/DropFly-PROJECTS/TradeFly-iOS/build/Build/Intermediates.noindex/swift-http-types.build/Debug-iphonesimulator/HTTPTypes.build/Objects-normal/arm64/HTTPTypes.SwiftFileList

WriteAuxiliaryFile /Users/rioallen/Documents/DropFly-OS-App-Builder/DropFly-PROJECTS/TradeFly-iOS/build/Build/Intermediates.noindex/swift-http-types.build/Debug-iphonesimulator/HTTPTypes.build/Objects-normal/arm64/HTTPTypes.SwiftConstValuesFileList (in target 'HTTPTypes' from project 'swift-http-types')
    cd /Users/rioallen/Documents/DropFly-OS-App-Builder/DropFly-PROJECTS/TradeFly-iOS/build/SourcePackages/checkouts/swift-http-types
    write-file /Users/rioallen/Documents/DropFly-OS-App-Builder/DropFly-PROJECTS/TradeFly-iOS/build/Build/Intermediates.noindex/swift-http-types.build/Debug-iphonesimulator/HTTPTypes.build/Objects-normal/arm64/HTTPTypes.SwiftConstValuesFileList

WriteAuxiliaryFile /Users/rioallen/Documents/DropFly-OS-App-Builder/DropFly-PROJECTS/TradeFly-iOS/build/Build/Intermediates.noindex/swift-http-types.build/Debug-iphonesimulator/HTTPTypes.build/Objects-normal/arm64/HTTPTypes.LinkFileList (in target 'HTTPTypes' from project 'swift-http-types')
    cd /Users/rioallen/Documents/DropFly-OS-App-Builder/DropFly-PROJECTS/TradeFly-iOS/build/SourcePackages/checkouts/swift-http-types
    write-file /Users/rioallen/Documents/DropFly-OS-App-Builder/DropFly-PROJECTS/TradeFly-iOS/build/Build/Intermediates.noindex/swift-http-types.build/Debug-iphonesimulator/HTTPTypes.build/Objects-normal/arm64/HTTPTypes.LinkFileList

Copy /Users/rioallen/Documents/DropFly-OS-App-Builder/DropFly-PROJECTS/TradeFly-iOS/build/Build/Intermediates.noindex/GeneratedModuleMaps-iphonesimulator/IssueReporting.modulemap /Users/rioallen/Documents/DropFly-OS-App-Builder/DropFly-PROJECTS/TradeFly-iOS/build/Build/Intermediates.noindex/xctest-dynamic-overlay.build/Debug-iphonesimulator/IssueReporting.build/IssueReporting.modulemap (in target 'IssueReporting' from project 'xctest-dynamic-overlay')
    cd /Users/rioallen/Documents/DropFly-OS-App-Builder/DropFly-PROJECTS/TradeFly-iOS/build/SourcePackages/checkouts/xctest-dynamic-overlay
    builtin-copy -exclude .DS_Store -exclude CVS -exclude .svn -exclude .git -exclude .hg -resolve-src-symlinks /Users/rioallen/Documents/DropFly-OS-App-Builder/DropFly-PROJECTS/TradeFly-iOS/build/Build/Intermediates.noindex/xctest-dynamic-overlay.build/Debug-iphonesimulator/IssueReporting.build/IssueReporting.modulemap /Users/rioallen/Documents/DropFly-OS-App-Builder/DropFly-PROJECTS/TradeFly-iOS/build/Build/Intermediates.noindex/GeneratedModuleMaps-iphonesimulator

WriteAuxiliaryFile /Users/rioallen/Documents/DropFly-OS-App-Builder/DropFly-PROJECTS/TradeFly-iOS/build/Build/Intermediates.noindex/swift-http-types.build/Debug-iphonesimulator/HTTPTypes.build/Objects-normal/arm64/HTTPTypes-OutputFileMap.json (in target 'HTTPTypes' from project 'swift-http-types')
    cd /Users/rioallen/Documents/DropFly-OS-App-Builder/DropFly-PROJECTS/TradeFly-iOS/build/SourcePackages/checkouts/swift-http-types
    write-file /Users/rioallen/Documents/DropFly-OS-App-Builder/DropFly-PROJECTS/TradeFly-iOS/build/Build/Intermediates.noindex/swift-http-types.build/Debug-iphonesimulator/HTTPTypes.build/Objects-normal/arm64/HTTPTypes-OutputFileMap.json

WriteAuxiliaryFile /Users/rioallen/Documents/DropFly-OS-App-Builder/DropFly-PROJECTS/TradeFly-iOS/build/Build/Intermediates.noindex/swift-http-types.build/Debug-iphonesimulator/HTTPTypes.build/HTTPTypes.modulemap (in target 'HTTPTypes' from project 'swift-http-types')
    cd /Users/rioallen/Documents/DropFly-OS-App-Builder/DropFly-PROJECTS/TradeFly-iOS/build/SourcePackages/checkouts/swift-http-types
    write-file /Users/rioallen/Documents/DropFly-OS-App-Builder/DropFly-PROJECTS/TradeFly-iOS/build/Build/Intermediates.noindex/swift-http-types.build/Debug-iphonesimulator/HTTPTypes.build/HTTPTypes.modulemap

WriteAuxiliaryFile /Users/rioallen/Documents/DropFly-OS-App-Builder/DropFly-PROJECTS/TradeFly-iOS/build/Build/Intermediates.noindex/swift-http-types.build/Debug-iphonesimulator/HTTPTypes.build/HTTPTypes.DependencyStaticMetadataFileList (in target 'HTTPTypes' from project 'swift-http-types')
    cd /Users/rioallen/Documents/DropFly-OS-App-Builder/DropFly-PROJECTS/TradeFly-iOS/build/SourcePackages/checkouts/swift-http-types
    write-file /Users/rioallen/Documents/DropFly-OS-App-Builder/DropFly-PROJECTS/TradeFly-iOS/build/Build/Intermediates.noindex/swift-http-types.build/Debug-iphonesimulator/HTTPTypes.build/HTTPTypes.DependencyStaticMetadataFileList

WriteAuxiliaryFile /Users/rioallen/Documents/DropFly-OS-App-Builder/DropFly-PROJECTS/TradeFly-iOS/build/Build/Intermediates.noindex/swift-http-types.build/Debug-iphonesimulator/HTTPTypes.build/HTTPTypes.DependencyMetadataFileList (in target 'HTTPTypes' from project 'swift-http-types')
    cd /Users/rioallen/Documents/DropFly-OS-App-Builder/DropFly-PROJECTS/TradeFly-iOS/build/SourcePackages/checkouts/swift-http-types
    write-file /Users/rioallen/Documents/DropFly-OS-App-Builder/DropFly-PROJECTS/TradeFly-iOS/build/Build/Intermediates.noindex/swift-http-types.build/Debug-iphonesimulator/HTTPTypes.build/HTTPTypes.DependencyMetadataFileList

MkDir /Users/rioallen/Documents/DropFly-OS-App-Builder/DropFly-PROJECTS/TradeFly-iOS/build/Build/Products/Debug-iphonesimulator/swift-crypto_Crypto.bundle (in target 'swift-crypto_Crypto' from project 'swift-crypto')
    cd /Users/rioallen/Documents/DropFly-OS-App-Builder/DropFly-PROJECTS/TradeFly-iOS/build/SourcePackages/checkouts/swift-crypto
    /bin/mkdir -p /Users/rioallen/Documents/DropFly-OS-App-Builder/DropFly-PROJECTS/TradeFly-iOS/build/Build/Products/Debug-iphonesimulator/swift-crypto_Crypto.bundle

Copy /Users/rioallen/Documents/DropFly-OS-App-Builder/DropFly-PROJECTS/TradeFly-iOS/build/Build/Intermediates.noindex/GeneratedModuleMaps-iphonesimulator/Helpers.modulemap /Users/rioallen/Documents/DropFly-OS-App-Builder/DropFly-PROJECTS/TradeFly-iOS/build/Build/Intermediates.noindex/Supabase.build/Debug-iphonesimulator/Helpers.build/Helpers.modulemap (in target 'Helpers' from project 'Supabase')
    cd /Users/rioallen/Documents/DropFly-OS-App-Builder/DropFly-PROJECTS/TradeFly-iOS/build/SourcePackages/checkouts/supabase-swift
    builtin-copy -exclude .DS_Store -exclude CVS -exclude .svn -exclude .git -exclude .hg -resolve-src-symlinks /Users/rioallen/Documents/DropFly-OS-App-Builder/DropFly-PROJECTS/TradeFly-iOS/build/Build/Intermediates.noindex/Supabase.build/Debug-iphonesimulator/Helpers.build/Helpers.modulemap /Users/rioallen/Documents/DropFly-OS-App-Builder/DropFly-PROJECTS/TradeFly-iOS/build/Build/Intermediates.noindex/GeneratedModuleMaps-iphonesimulator

MkDir /Users/rioallen/Documents/DropFly-OS-App-Builder/DropFly-PROJECTS/TradeFly-iOS/build/Build/Products/Debug-iphonesimulator/TradeFly.app (in target 'TradeFly' from project 'TradeFly')
    cd /Users/rioallen/Documents/DropFly-OS-App-Builder/DropFly-PROJECTS/TradeFly-iOS
    /bin/mkdir -p /Users/rioallen/Documents/DropFly-OS-App-Builder/DropFly-PROJECTS/TradeFly-iOS/build/Build/Products/Debug-iphonesimulator/TradeFly.app

Copy /Users/rioallen/Documents/DropFly-OS-App-Builder/DropFly-PROJECTS/TradeFly-iOS/build/Build/Intermediates.noindex/GeneratedModuleMaps-iphonesimulator/HTTPTypes.modulemap /Users/rioallen/Documents/DropFly-OS-App-Builder/DropFly-PROJECTS/TradeFly-iOS/build/Build/Intermediates.noindex/swift-http-types.build/Debug-iphonesimulator/HTTPTypes.build/HTTPTypes.modulemap (in target 'HTTPTypes' from project 'swift-http-types')
    cd /Users/rioallen/Documents/DropFly-OS-App-Builder/DropFly-PROJECTS/TradeFly-iOS/build/SourcePackages/checkouts/swift-http-types
    builtin-copy -exclude .DS_Store -exclude CVS -exclude .svn -exclude .git -exclude .hg -resolve-src-symlinks /Users/rioallen/Documents/DropFly-OS-App-Builder/DropFly-PROJECTS/TradeFly-iOS/build/Build/Intermediates.noindex/swift-http-types.build/Debug-iphonesimulator/HTTPTypes.build/HTTPTypes.modulemap /Users/rioallen/Documents/DropFly-OS-App-Builder/DropFly-PROJECTS/TradeFly-iOS/build/Build/Intermediates.noindex/GeneratedModuleMaps-iphonesimulator

WriteAuxiliaryFile /Users/rioallen/Documents/DropFly-OS-App-Builder/DropFly-PROJECTS/TradeFly-iOS/build/Build/Intermediates.noindex/Supabase.build/Debug-iphonesimulator/Functions.build/Objects-normal/arm64/Functions.SwiftFileList (in target 'Functions' from project 'Supabase')
    cd /Users/rioallen/Documents/DropFly-OS-App-Builder/DropFly-PROJECTS/TradeFly-iOS/build/SourcePackages/checkouts/supabase-swift
    write-file /Users/rioallen/Documents/DropFly-OS-App-Builder/DropFly-PROJECTS/TradeFly-iOS/build/Build/Intermediates.noindex/Supabase.build/Debug-iphonesimulator/Functions.build/Objects-normal/arm64/Functions.SwiftFileList

WriteAuxiliaryFile /Users/rioallen/Documents/DropFly-OS-App-Builder/DropFly-PROJECTS/TradeFly-iOS/build/Build/Intermediates.noindex/Supabase.build/Debug-iphonesimulator/Functions.build/Objects-normal/arm64/Functions.SwiftConstValuesFileList (in target 'Functions' from project 'Supabase')
    cd /Users/rioallen/Documents/DropFly-OS-App-Builder/DropFly-PROJECTS/TradeFly-iOS/build/SourcePackages/checkouts/supabase-swift
    write-file /Users/rioallen/Documents/DropFly-OS-App-Builder/DropFly-PROJECTS/TradeFly-iOS/build/Build/Intermediates.noindex/Supabase.build/Debug-iphonesimulator/Functions.build/Objects-normal/arm64/Functions.SwiftConstValuesFileList

WriteAuxiliaryFile /Users/rioallen/Documents/DropFly-OS-App-Builder/DropFly-PROJECTS/TradeFly-iOS/build/Build/Intermediates.noindex/Supabase.build/Debug-iphonesimulator/Functions.build/Objects-normal/arm64/Functions_const_extract_protocols.json (in target 'Functions' from project 'Supabase')
    cd /Users/rioallen/Documents/DropFly-OS-App-Builder/DropFly-PROJECTS/TradeFly-iOS/build/SourcePackages/checkouts/supabase-swift
    write-file /Users/rioallen/Documents/DropFly-OS-App-Builder/DropFly-PROJECTS/TradeFly-iOS/build/Build/Intermediates.noindex/Supabase.build/Debug-iphonesimulator/Functions.build/Objects-normal/arm64/Functions_const_extract_protocols.json

WriteAuxiliaryFile /Users/rioallen/Documents/DropFly-OS-App-Builder/DropFly-PROJECTS/TradeFly-iOS/build/Build/Intermediates.noindex/Supabase.build/Debug-iphonesimulator/Functions.build/Objects-normal/arm64/Functions.LinkFileList (in target 'Functions' from project 'Supabase')
    cd /Users/rioallen/Documents/DropFly-OS-App-Builder/DropFly-PROJECTS/TradeFly-iOS/build/SourcePackages/checkouts/supabase-swift
    write-file /Users/rioallen/Documents/DropFly-OS-App-Builder/DropFly-PROJECTS/TradeFly-iOS/build/Build/Intermediates.noindex/Supabase.build/Debug-iphonesimulator/Functions.build/Objects-normal/arm64/Functions.LinkFileList

WriteAuxiliaryFile /Users/rioallen/Documents/DropFly-OS-App-Builder/DropFly-PROJECTS/TradeFly-iOS/build/Build/Intermediates.noindex/Supabase.build/Debug-iphonesimulator/Functions.build/Objects-normal/arm64/Functions-OutputFileMap.json (in target 'Functions' from project 'Supabase')
    cd /Users/rioallen/Documents/DropFly-OS-App-Builder/DropFly-PROJECTS/TradeFly-iOS/build/SourcePackages/checkouts/supabase-swift
    write-file /Users/rioallen/Documents/DropFly-OS-App-Builder/DropFly-PROJECTS/TradeFly-iOS/build/Build/Intermediates.noindex/Supabase.build/Debug-iphonesimulator/Functions.build/Objects-normal/arm64/Functions-OutputFileMap.json

WriteAuxiliaryFile /Users/rioallen/Documents/DropFly-OS-App-Builder/DropFly-PROJECTS/TradeFly-iOS/build/Build/Intermediates.noindex/Supabase.build/Debug-iphonesimulator/Functions.build/Functions.modulemap (in target 'Functions' from project 'Supabase')
    cd /Users/rioallen/Documents/DropFly-OS-App-Builder/DropFly-PROJECTS/TradeFly-iOS/build/SourcePackages/checkouts/supabase-swift
    write-file /Users/rioallen/Documents/DropFly-OS-App-Builder/DropFly-PROJECTS/TradeFly-iOS/build/Build/Intermediates.noindex/Supabase.build/Debug-iphonesimulator/Functions.build/Functions.modulemap

WriteAuxiliaryFile /Users/rioallen/Documents/DropFly-OS-App-Builder/DropFly-PROJECTS/TradeFly-iOS/build/Build/Intermediates.noindex/Supabase.build/Debug-iphonesimulator/Functions.build/Functions.DependencyStaticMetadataFileList (in target 'Functions' from project 'Supabase')
    cd /Users/rioallen/Documents/DropFly-OS-App-Builder/DropFly-PROJECTS/TradeFly-iOS/build/SourcePackages/checkouts/supabase-swift
    write-file /Users/rioallen/Documents/DropFly-OS-App-Builder/DropFly-PROJECTS/TradeFly-iOS/build/Build/Intermediates.noindex/Supabase.build/Debug-iphonesimulator/Functions.build/Functions.DependencyStaticMetadataFileList

WriteAuxiliaryFile /Users/rioallen/Documents/DropFly-OS-App-Builder/DropFly-PROJECTS/TradeFly-iOS/build/Build/Intermediates.noindex/Supabase.build/Debug-iphonesimulator/Functions.build/Functions.DependencyMetadataFileList (in target 'Functions' from project 'Supabase')
    cd /Users/rioallen/Documents/DropFly-OS-App-Builder/DropFly-PROJECTS/TradeFly-iOS/build/SourcePackages/checkouts/supabase-swift
    write-file /Users/rioallen/Documents/DropFly-OS-App-Builder/DropFly-PROJECTS/TradeFly-iOS/build/Build/Intermediates.noindex/Supabase.build/Debug-iphonesimulator/Functions.build/Functions.DependencyMetadataFileList

WriteAuxiliaryFile /Users/rioallen/Documents/DropFly-OS-App-Builder/DropFly-PROJECTS/TradeFly-iOS/build/Build/Intermediates.noindex/swift-crypto.build/Debug-iphonesimulator/Crypto.build/Objects-normal/arm64/Crypto.SwiftConstValuesFileList (in target 'Crypto' from project 'swift-crypto')
    cd /Users/rioallen/Documents/DropFly-OS-App-Builder/DropFly-PROJECTS/TradeFly-iOS/build/SourcePackages/checkouts/swift-crypto
    write-file /Users/rioallen/Documents/DropFly-OS-App-Builder/DropFly-PROJECTS/TradeFly-iOS/build/Build/Intermediates.noindex/swift-crypto.build/Debug-iphonesimulator/Crypto.build/Objects-normal/arm64/Crypto.SwiftConstValuesFileList

WriteAuxiliaryFile /Users/rioallen/Documents/DropFly-OS-App-Builder/DropFly-PROJECTS/TradeFly-iOS/build/Build/Intermediates.noindex/swift-crypto.build/Debug-iphonesimulator/Crypto.build/Objects-normal/arm64/Crypto_const_extract_protocols.json (in target 'Crypto' from project 'swift-crypto')
    cd /Users/rioallen/Documents/DropFly-OS-App-Builder/DropFly-PROJECTS/TradeFly-iOS/build/SourcePackages/checkouts/swift-crypto
    write-file /Users/rioallen/Documents/DropFly-OS-App-Builder/DropFly-PROJECTS/TradeFly-iOS/build/Build/Intermediates.noindex/swift-crypto.build/Debug-iphonesimulator/Crypto.build/Objects-normal/arm64/Crypto_const_extract_protocols.json

WriteAuxiliaryFile /Users/rioallen/Documents/DropFly-OS-App-Builder/DropFly-PROJECTS/TradeFly-iOS/build/Build/Intermediates.noindex/swift-crypto.build/Debug-iphonesimulator/Crypto.build/Objects-normal/arm64/Crypto.SwiftFileList (in target 'Crypto' from project 'swift-crypto')
    cd /Users/rioallen/Documents/DropFly-OS-App-Builder/DropFly-PROJECTS/TradeFly-iOS/build/SourcePackages/checkouts/swift-crypto
    write-file /Users/rioallen/Documents/DropFly-OS-App-Builder/DropFly-PROJECTS/TradeFly-iOS/build/Build/Intermediates.noindex/swift-crypto.build/Debug-iphonesimulator/Crypto.build/Objects-normal/arm64/Crypto.SwiftFileList

WriteAuxiliaryFile /Users/rioallen/Documents/DropFly-OS-App-Builder/DropFly-PROJECTS/TradeFly-iOS/build/Build/Intermediates.noindex/swift-crypto.build/Debug-iphonesimulator/Crypto.build/Objects-normal/arm64/Crypto.LinkFileList (in target 'Crypto' from project 'swift-crypto')
    cd /Users/rioallen/Documents/DropFly-OS-App-Builder/DropFly-PROJECTS/TradeFly-iOS/build/SourcePackages/checkouts/swift-crypto
    write-file /Users/rioallen/Documents/DropFly-OS-App-Builder/DropFly-PROJECTS/TradeFly-iOS/build/Build/Intermediates.noindex/swift-crypto.build/Debug-iphonesimulator/Crypto.build/Objects-normal/arm64/Crypto.LinkFileList

WriteAuxiliaryFile /Users/rioallen/Documents/DropFly-OS-App-Builder/DropFly-PROJECTS/TradeFly-iOS/build/Build/Intermediates.noindex/swift-crypto.build/Debug-iphonesimulator/Crypto.build/Objects-normal/arm64/Crypto-OutputFileMap.json (in target 'Crypto' from project 'swift-crypto')
    cd /Users/rioallen/Documents/DropFly-OS-App-Builder/DropFly-PROJECTS/TradeFly-iOS/build/SourcePackages/checkouts/swift-crypto
    write-file /Users/rioallen/Documents/DropFly-OS-App-Builder/DropFly-PROJECTS/TradeFly-iOS/build/Build/Intermediates.noindex/swift-crypto.build/Debug-iphonesimulator/Crypto.build/Objects-normal/arm64/Crypto-OutputFileMap.json

WriteAuxiliaryFile /Users/rioallen/Documents/DropFly-OS-App-Builder/DropFly-PROJECTS/TradeFly-iOS/build/Build/Intermediates.noindex/swift-crypto.build/Debug-iphonesimulator/Crypto.build/DerivedSources/resource_bundle_accessor.swift (in target 'Crypto' from project 'swift-crypto')
    cd /Users/rioallen/Documents/DropFly-OS-App-Builder/DropFly-PROJECTS/TradeFly-iOS/build/SourcePackages/checkouts/swift-crypto
    write-file /Users/rioallen/Documents/DropFly-OS-App-Builder/DropFly-PROJECTS/TradeFly-iOS/build/Build/Intermediates.noindex/swift-crypto.build/Debug-iphonesimulator/Crypto.build/DerivedSources/resource_bundle_accessor.swift

WriteAuxiliaryFile /Users/rioallen/Documents/DropFly-OS-App-Builder/DropFly-PROJECTS/TradeFly-iOS/build/Build/Intermediates.noindex/swift-crypto.build/Debug-iphonesimulator/Crypto.build/Crypto.modulemap (in target 'Crypto' from project 'swift-crypto')
    cd /Users/rioallen/Documents/DropFly-OS-App-Builder/DropFly-PROJECTS/TradeFly-iOS/build/SourcePackages/checkouts/swift-crypto
    write-file /Users/rioallen/Documents/DropFly-OS-App-Builder/DropFly-PROJECTS/TradeFly-iOS/build/Build/Intermediates.noindex/swift-crypto.build/Debug-iphonesimulator/Crypto.build/Crypto.modulemap

WriteAuxiliaryFile /Users/rioallen/Documents/DropFly-OS-App-Builder/DropFly-PROJECTS/TradeFly-iOS/build/Build/Intermediates.noindex/swift-crypto.build/Debug-iphonesimulator/Crypto.build/Crypto.DependencyStaticMetadataFileList (in target 'Crypto' from project 'swift-crypto')
    cd /Users/rioallen/Documents/DropFly-OS-App-Builder/DropFly-PROJECTS/TradeFly-iOS/build/SourcePackages/checkouts/swift-crypto
    write-file /Users/rioallen/Documents/DropFly-OS-App-Builder/DropFly-PROJECTS/TradeFly-iOS/build/Build/Intermediates.noindex/swift-crypto.build/Debug-iphonesimulator/Crypto.build/Crypto.DependencyStaticMetadataFileList

WriteAuxiliaryFile /Users/rioallen/Documents/DropFly-OS-App-Builder/DropFly-PROJECTS/TradeFly-iOS/build/Build/Intermediates.noindex/swift-crypto.build/Debug-iphonesimulator/Crypto.build/Crypto.DependencyMetadataFileList (in target 'Crypto' from project 'swift-crypto')
    cd /Users/rioallen/Documents/DropFly-OS-App-Builder/DropFly-PROJECTS/TradeFly-iOS/build/SourcePackages/checkouts/swift-crypto
    write-file /Users/rioallen/Documents/DropFly-OS-App-Builder/DropFly-PROJECTS/TradeFly-iOS/build/Build/Intermediates.noindex/swift-crypto.build/Debug-iphonesimulator/Crypto.build/Crypto.DependencyMetadataFileList

Copy /Users/rioallen/Documents/DropFly-OS-App-Builder/DropFly-PROJECTS/TradeFly-iOS/build/Build/Intermediates.noindex/GeneratedModuleMaps-iphonesimulator/Functions.modulemap /Users/rioallen/Documents/DropFly-OS-App-Builder/DropFly-PROJECTS/TradeFly-iOS/build/Build/Intermediates.noindex/Supabase.build/Debug-iphonesimulator/Functions.build/Functions.modulemap (in target 'Functions' from project 'Supabase')
    cd /Users/rioallen/Documents/DropFly-OS-App-Builder/DropFly-PROJECTS/TradeFly-iOS/build/SourcePackages/checkouts/supabase-swift
    builtin-copy -exclude .DS_Store -exclude CVS -exclude .svn -exclude .git -exclude .hg -resolve-src-symlinks /Users/rioallen/Documents/DropFly-OS-App-Builder/DropFly-PROJECTS/TradeFly-iOS/build/Build/Intermediates.noindex/Supabase.build/Debug-iphonesimulator/Functions.build/Functions.modulemap /Users/rioallen/Documents/DropFly-OS-App-Builder/DropFly-PROJECTS/TradeFly-iOS/build/Build/Intermediates.noindex/GeneratedModuleMaps-iphonesimulator

WriteAuxiliaryFile /Users/rioallen/Documents/DropFly-OS-App-Builder/DropFly-PROJECTS/TradeFly-iOS/build/Build/Intermediates.noindex/swift-concurrency-extras.build/Debug-iphonesimulator/ConcurrencyExtras.build/Objects-normal/arm64/ConcurrencyExtras-OutputFileMap.json (in target 'ConcurrencyExtras' from project 'swift-concurrency-extras')
    cd /Users/rioallen/Documents/DropFly-OS-App-Builder/DropFly-PROJECTS/TradeFly-iOS/build/SourcePackages/checkouts/swift-concurrency-extras
    write-file /Users/rioallen/Documents/DropFly-OS-App-Builder/DropFly-PROJECTS/TradeFly-iOS/build/Build/Intermediates.noindex/swift-concurrency-extras.build/Debug-iphonesimulator/ConcurrencyExtras.build/Objects-normal/arm64/ConcurrencyExtras-OutputFileMap.json

WriteAuxiliaryFile /Users/rioallen/Documents/DropFly-OS-App-Builder/DropFly-PROJECTS/TradeFly-iOS/build/Build/Intermediates.noindex/swift-concurrency-extras.build/Debug-iphonesimulator/ConcurrencyExtras.build/Objects-normal/arm64/ConcurrencyExtras.LinkFileList (in target 'ConcurrencyExtras' from project 'swift-concurrency-extras')
    cd /Users/rioallen/Documents/DropFly-OS-App-Builder/DropFly-PROJECTS/TradeFly-iOS/build/SourcePackages/checkouts/swift-concurrency-extras
    write-file /Users/rioallen/Documents/DropFly-OS-App-Builder/DropFly-PROJECTS/TradeFly-iOS/build/Build/Intermediates.noindex/swift-concurrency-extras.build/Debug-iphonesimulator/ConcurrencyExtras.build/Objects-normal/arm64/ConcurrencyExtras.LinkFileList

WriteAuxiliaryFile /Users/rioallen/Documents/DropFly-OS-App-Builder/DropFly-PROJECTS/TradeFly-iOS/build/Build/Intermediates.noindex/swift-concurrency-extras.build/Debug-iphonesimulator/ConcurrencyExtras.build/Objects-normal/arm64/ConcurrencyExtras.SwiftConstValuesFileList (in target 'ConcurrencyExtras' from project 'swift-concurrency-extras')
    cd /Users/rioallen/Documents/DropFly-OS-App-Builder/DropFly-PROJECTS/TradeFly-iOS/build/SourcePackages/checkouts/swift-concurrency-extras
    write-file /Users/rioallen/Documents/DropFly-OS-App-Builder/DropFly-PROJECTS/TradeFly-iOS/build/Build/Intermediates.noindex/swift-concurrency-extras.build/Debug-iphonesimulator/ConcurrencyExtras.build/Objects-normal/arm64/ConcurrencyExtras.SwiftConstValuesFileList

WriteAuxiliaryFile /Users/rioallen/Documents/DropFly-OS-App-Builder/DropFly-PROJECTS/TradeFly-iOS/build/Build/Intermediates.noindex/swift-concurrency-extras.build/Debug-iphonesimulator/ConcurrencyExtras.build/Objects-normal/arm64/ConcurrencyExtras_const_extract_protocols.json (in target 'ConcurrencyExtras' from project 'swift-concurrency-extras')
    cd /Users/rioallen/Documents/DropFly-OS-App-Builder/DropFly-PROJECTS/TradeFly-iOS/build/SourcePackages/checkouts/swift-concurrency-extras
    write-file /Users/rioallen/Documents/DropFly-OS-App-Builder/DropFly-PROJECTS/TradeFly-iOS/build/Build/Intermediates.noindex/swift-concurrency-extras.build/Debug-iphonesimulator/ConcurrencyExtras.build/Objects-normal/arm64/ConcurrencyExtras_const_extract_protocols.json

WriteAuxiliaryFile /Users/rioallen/Documents/DropFly-OS-App-Builder/DropFly-PROJECTS/TradeFly-iOS/build/Build/Intermediates.noindex/swift-concurrency-extras.build/Debug-iphonesimulator/ConcurrencyExtras.build/Objects-normal/arm64/ConcurrencyExtras.SwiftFileList (in target 'ConcurrencyExtras' from project 'swift-concurrency-extras')
    cd /Users/rioallen/Documents/DropFly-OS-App-Builder/DropFly-PROJECTS/TradeFly-iOS/build/SourcePackages/checkouts/swift-concurrency-extras
    write-file /Users/rioallen/Documents/DropFly-OS-App-Builder/DropFly-PROJECTS/TradeFly-iOS/build/Build/Intermediates.noindex/swift-concurrency-extras.build/Debug-iphonesimulator/ConcurrencyExtras.build/Objects-normal/arm64/ConcurrencyExtras.SwiftFileList

WriteAuxiliaryFile /Users/rioallen/Documents/DropFly-OS-App-Builder/DropFly-PROJECTS/TradeFly-iOS/build/Build/Intermediates.noindex/swift-concurrency-extras.build/Debug-iphonesimulator/ConcurrencyExtras.build/ConcurrencyExtras.modulemap (in target 'ConcurrencyExtras' from project 'swift-concurrency-extras')
    cd /Users/rioallen/Documents/DropFly-OS-App-Builder/DropFly-PROJECTS/TradeFly-iOS/build/SourcePackages/checkouts/swift-concurrency-extras
    write-file /Users/rioallen/Documents/DropFly-OS-App-Builder/DropFly-PROJECTS/TradeFly-iOS/build/Build/Intermediates.noindex/swift-concurrency-extras.build/Debug-iphonesimulator/ConcurrencyExtras.build/ConcurrencyExtras.modulemap

WriteAuxiliaryFile /Users/rioallen/Documents/DropFly-OS-App-Builder/DropFly-PROJECTS/TradeFly-iOS/build/Build/Intermediates.noindex/swift-concurrency-extras.build/Debug-iphonesimulator/ConcurrencyExtras.build/ConcurrencyExtras.DependencyStaticMetadataFileList (in target 'ConcurrencyExtras' from project 'swift-concurrency-extras')
    cd /Users/rioallen/Documents/DropFly-OS-App-Builder/DropFly-PROJECTS/TradeFly-iOS/build/SourcePackages/checkouts/swift-concurrency-extras
    write-file /Users/rioallen/Documents/DropFly-OS-App-Builder/DropFly-PROJECTS/TradeFly-iOS/build/Build/Intermediates.noindex/swift-concurrency-extras.build/Debug-iphonesimulator/ConcurrencyExtras.build/ConcurrencyExtras.DependencyStaticMetadataFileList

WriteAuxiliaryFile /Users/rioallen/Documents/DropFly-OS-App-Builder/DropFly-PROJECTS/TradeFly-iOS/build/Build/Intermediates.noindex/swift-concurrency-extras.build/Debug-iphonesimulator/ConcurrencyExtras.build/ConcurrencyExtras.DependencyMetadataFileList (in target 'ConcurrencyExtras' from project 'swift-concurrency-extras')
    cd /Users/rioallen/Documents/DropFly-OS-App-Builder/DropFly-PROJECTS/TradeFly-iOS/build/SourcePackages/checkouts/swift-concurrency-extras
    write-file /Users/rioallen/Documents/DropFly-OS-App-Builder/DropFly-PROJECTS/TradeFly-iOS/build/Build/Intermediates.noindex/swift-concurrency-extras.build/Debug-iphonesimulator/ConcurrencyExtras.build/ConcurrencyExtras.DependencyMetadataFileList

WriteAuxiliaryFile /Users/rioallen/Documents/DropFly-OS-App-Builder/DropFly-PROJECTS/TradeFly-iOS/build/Build/Intermediates.noindex/swift-clocks.build/Debug-iphonesimulator/Clocks.build/Objects-normal/arm64/Clocks.SwiftConstValuesFileList (in target 'Clocks' from project 'swift-clocks')
    cd /Users/rioallen/Documents/DropFly-OS-App-Builder/DropFly-PROJECTS/TradeFly-iOS/build/SourcePackages/checkouts/swift-clocks
    write-file /Users/rioallen/Documents/DropFly-OS-App-Builder/DropFly-PROJECTS/TradeFly-iOS/build/Build/Intermediates.noindex/swift-clocks.build/Debug-iphonesimulator/Clocks.build/Objects-normal/arm64/Clocks.SwiftConstValuesFileList

WriteAuxiliaryFile /Users/rioallen/Documents/DropFly-OS-App-Builder/DropFly-PROJECTS/TradeFly-iOS/build/Build/Intermediates.noindex/swift-clocks.build/Debug-iphonesimulator/Clocks.build/Objects-normal/arm64/Clocks_const_extract_protocols.json (in target 'Clocks' from project 'swift-clocks')
    cd /Users/rioallen/Documents/DropFly-OS-App-Builder/DropFly-PROJECTS/TradeFly-iOS/build/SourcePackages/checkouts/swift-clocks
    write-file /Users/rioallen/Documents/DropFly-OS-App-Builder/DropFly-PROJECTS/TradeFly-iOS/build/Build/Intermediates.noindex/swift-clocks.build/Debug-iphonesimulator/Clocks.build/Objects-normal/arm64/Clocks_const_extract_protocols.json

WriteAuxiliaryFile /Users/rioallen/Documents/DropFly-OS-App-Builder/DropFly-PROJECTS/TradeFly-iOS/build/Build/Intermediates.noindex/swift-clocks.build/Debug-iphonesimulator/Clocks.build/Objects-normal/arm64/Clocks.SwiftFileList (in target 'Clocks' from project 'swift-clocks')
    cd /Users/rioallen/Documents/DropFly-OS-App-Builder/DropFly-PROJECTS/TradeFly-iOS/build/SourcePackages/checkouts/swift-clocks
    write-file /Users/rioallen/Documents/DropFly-OS-App-Builder/DropFly-PROJECTS/TradeFly-iOS/build/Build/Intermediates.noindex/swift-clocks.build/Debug-iphonesimulator/Clocks.build/Objects-normal/arm64/Clocks.SwiftFileList

WriteAuxiliaryFile /Users/rioallen/Documents/DropFly-OS-App-Builder/DropFly-PROJECTS/TradeFly-iOS/build/Build/Intermediates.noindex/swift-clocks.build/Debug-iphonesimulator/Clocks.build/Objects-normal/arm64/Clocks.LinkFileList (in target 'Clocks' from project 'swift-clocks')
    cd /Users/rioallen/Documents/DropFly-OS-App-Builder/DropFly-PROJECTS/TradeFly-iOS/build/SourcePackages/checkouts/swift-clocks
    write-file /Users/rioallen/Documents/DropFly-OS-App-Builder/DropFly-PROJECTS/TradeFly-iOS/build/Build/Intermediates.noindex/swift-clocks.build/Debug-iphonesimulator/Clocks.build/Objects-normal/arm64/Clocks.LinkFileList

Copy /Users/rioallen/Documents/DropFly-OS-App-Builder/DropFly-PROJECTS/TradeFly-iOS/build/Build/Intermediates.noindex/GeneratedModuleMaps-iphonesimulator/Crypto.modulemap /Users/rioallen/Documents/DropFly-OS-App-Builder/DropFly-PROJECTS/TradeFly-iOS/build/Build/Intermediates.noindex/swift-crypto.build/Debug-iphonesimulator/Crypto.build/Crypto.modulemap (in target 'Crypto' from project 'swift-crypto')
    cd /Users/rioallen/Documents/DropFly-OS-App-Builder/DropFly-PROJECTS/TradeFly-iOS/build/SourcePackages/checkouts/swift-crypto
    builtin-copy -exclude .DS_Store -exclude CVS -exclude .svn -exclude .git -exclude .hg -resolve-src-symlinks /Users/rioallen/Documents/DropFly-OS-App-Builder/DropFly-PROJECTS/TradeFly-iOS/build/Build/Intermediates.noindex/swift-crypto.build/Debug-iphonesimulator/Crypto.build/Crypto.modulemap /Users/rioallen/Documents/DropFly-OS-App-Builder/DropFly-PROJECTS/TradeFly-iOS/build/Build/Intermediates.noindex/GeneratedModuleMaps-iphonesimulator

WriteAuxiliaryFile /Users/rioallen/Documents/DropFly-OS-App-Builder/DropFly-PROJECTS/TradeFly-iOS/build/Build/Intermediates.noindex/swift-clocks.build/Debug-iphonesimulator/Clocks.build/Objects-normal/arm64/Clocks-OutputFileMap.json (in target 'Clocks' from project 'swift-clocks')
    cd /Users/rioallen/Documents/DropFly-OS-App-Builder/DropFly-PROJECTS/TradeFly-iOS/build/SourcePackages/checkouts/swift-clocks
    write-file /Users/rioallen/Documents/DropFly-OS-App-Builder/DropFly-PROJECTS/TradeFly-iOS/build/Build/Intermediates.noindex/swift-clocks.build/Debug-iphonesimulator/Clocks.build/Objects-normal/arm64/Clocks-OutputFileMap.json

WriteAuxiliaryFile /Users/rioallen/Documents/DropFly-OS-App-Builder/DropFly-PROJECTS/TradeFly-iOS/build/Build/Intermediates.noindex/swift-clocks.build/Debug-iphonesimulator/Clocks.build/Clocks.modulemap (in target 'Clocks' from project 'swift-clocks')
    cd /Users/rioallen/Documents/DropFly-OS-App-Builder/DropFly-PROJECTS/TradeFly-iOS/build/SourcePackages/checkouts/swift-clocks
    write-file /Users/rioallen/Documents/DropFly-OS-App-Builder/DropFly-PROJECTS/TradeFly-iOS/build/Build/Intermediates.noindex/swift-clocks.build/Debug-iphonesimulator/Clocks.build/Clocks.modulemap

WriteAuxiliaryFile /Users/rioallen/Documents/DropFly-OS-App-Builder/DropFly-PROJECTS/TradeFly-iOS/build/Build/Intermediates.noindex/swift-clocks.build/Debug-iphonesimulator/Clocks.build/Clocks.DependencyStaticMetadataFileList (in target 'Clocks' from project 'swift-clocks')
    cd /Users/rioallen/Documents/DropFly-OS-App-Builder/DropFly-PROJECTS/TradeFly-iOS/build/SourcePackages/checkouts/swift-clocks
    write-file /Users/rioallen/Documents/DropFly-OS-App-Builder/DropFly-PROJECTS/TradeFly-iOS/build/Build/Intermediates.noindex/swift-clocks.build/Debug-iphonesimulator/Clocks.build/Clocks.DependencyStaticMetadataFileList

WriteAuxiliaryFile /Users/rioallen/Documents/DropFly-OS-App-Builder/DropFly-PROJECTS/TradeFly-iOS/build/Build/Intermediates.noindex/swift-clocks.build/Debug-iphonesimulator/Clocks.build/Clocks.DependencyMetadataFileList (in target 'Clocks' from project 'swift-clocks')
    cd /Users/rioallen/Documents/DropFly-OS-App-Builder/DropFly-PROJECTS/TradeFly-iOS/build/SourcePackages/checkouts/swift-clocks
    write-file /Users/rioallen/Documents/DropFly-OS-App-Builder/DropFly-PROJECTS/TradeFly-iOS/build/Build/Intermediates.noindex/swift-clocks.build/Debug-iphonesimulator/Clocks.build/Clocks.DependencyMetadataFileList

WriteAuxiliaryFile /Users/rioallen/Documents/DropFly-OS-App-Builder/DropFly-PROJECTS/TradeFly-iOS/build/Build/Intermediates.noindex/Supabase.build/Debug-iphonesimulator/Auth.build/Objects-normal/arm64/Auth_const_extract_protocols.json (in target 'Auth' from project 'Supabase')
    cd /Users/rioallen/Documents/DropFly-OS-App-Builder/DropFly-PROJECTS/TradeFly-iOS/build/SourcePackages/checkouts/supabase-swift
    write-file /Users/rioallen/Documents/DropFly-OS-App-Builder/DropFly-PROJECTS/TradeFly-iOS/build/Build/Intermediates.noindex/Supabase.build/Debug-iphonesimulator/Auth.build/Objects-normal/arm64/Auth_const_extract_protocols.json

WriteAuxiliaryFile /Users/rioallen/Documents/DropFly-OS-App-Builder/DropFly-PROJECTS/TradeFly-iOS/build/Build/Intermediates.noindex/Supabase.build/Debug-iphonesimulator/Auth.build/Objects-normal/arm64/Auth.SwiftFileList (in target 'Auth' from project 'Supabase')
    cd /Users/rioallen/Documents/DropFly-OS-App-Builder/DropFly-PROJECTS/TradeFly-iOS/build/SourcePackages/checkouts/supabase-swift
    write-file /Users/rioallen/Documents/DropFly-OS-App-Builder/DropFly-PROJECTS/TradeFly-iOS/build/Build/Intermediates.noindex/Supabase.build/Debug-iphonesimulator/Auth.build/Objects-normal/arm64/Auth.SwiftFileList

WriteAuxiliaryFile /Users/rioallen/Documents/DropFly-OS-App-Builder/DropFly-PROJECTS/TradeFly-iOS/build/Build/Intermediates.noindex/Supabase.build/Debug-iphonesimulator/Auth.build/Objects-normal/arm64/Auth.SwiftConstValuesFileList (in target 'Auth' from project 'Supabase')
    cd /Users/rioallen/Documents/DropFly-OS-App-Builder/DropFly-PROJECTS/TradeFly-iOS/build/SourcePackages/checkouts/supabase-swift
    write-file /Users/rioallen/Documents/DropFly-OS-App-Builder/DropFly-PROJECTS/TradeFly-iOS/build/Build/Intermediates.noindex/Supabase.build/Debug-iphonesimulator/Auth.build/Objects-normal/arm64/Auth.SwiftConstValuesFileList

WriteAuxiliaryFile /Users/rioallen/Documents/DropFly-OS-App-Builder/DropFly-PROJECTS/TradeFly-iOS/build/Build/Intermediates.noindex/Supabase.build/Debug-iphonesimulator/Auth.build/Objects-normal/arm64/Auth-OutputFileMap.json (in target 'Auth' from project 'Supabase')
    cd /Users/rioallen/Documents/DropFly-OS-App-Builder/DropFly-PROJECTS/TradeFly-iOS/build/SourcePackages/checkouts/supabase-swift
    write-file /Users/rioallen/Documents/DropFly-OS-App-Builder/DropFly-PROJECTS/TradeFly-iOS/build/Build/Intermediates.noindex/Supabase.build/Debug-iphonesimulator/Auth.build/Objects-normal/arm64/Auth-OutputFileMap.json

WriteAuxiliaryFile /Users/rioallen/Documents/DropFly-OS-App-Builder/DropFly-PROJECTS/TradeFly-iOS/build/Build/Intermediates.noindex/Supabase.build/Debug-iphonesimulator/Auth.build/Objects-normal/arm64/Auth.LinkFileList (in target 'Auth' from project 'Supabase')
    cd /Users/rioallen/Documents/DropFly-OS-App-Builder/DropFly-PROJECTS/TradeFly-iOS/build/SourcePackages/checkouts/supabase-swift
    write-file /Users/rioallen/Documents/DropFly-OS-App-Builder/DropFly-PROJECTS/TradeFly-iOS/build/Build/Intermediates.noindex/Supabase.build/Debug-iphonesimulator/Auth.build/Objects-normal/arm64/Auth.LinkFileList

WriteAuxiliaryFile /Users/rioallen/Documents/DropFly-OS-App-Builder/DropFly-PROJECTS/TradeFly-iOS/build/Build/Intermediates.noindex/Supabase.build/Debug-iphonesimulator/Auth.build/Auth.modulemap (in target 'Auth' from project 'Supabase')
    cd /Users/rioallen/Documents/DropFly-OS-App-Builder/DropFly-PROJECTS/TradeFly-iOS/build/SourcePackages/checkouts/supabase-swift
    write-file /Users/rioallen/Documents/DropFly-OS-App-Builder/DropFly-PROJECTS/TradeFly-iOS/build/Build/Intermediates.noindex/Supabase.build/Debug-iphonesimulator/Auth.build/Auth.modulemap

Copy /Users/rioallen/Documents/DropFly-OS-App-Builder/DropFly-PROJECTS/TradeFly-iOS/build/Build/Intermediates.noindex/GeneratedModuleMaps-iphonesimulator/ConcurrencyExtras.modulemap /Users/rioallen/Documents/DropFly-OS-App-Builder/DropFly-PROJECTS/TradeFly-iOS/build/Build/Intermediates.noindex/swift-concurrency-extras.build/Debug-iphonesimulator/ConcurrencyExtras.build/ConcurrencyExtras.modulemap (in target 'ConcurrencyExtras' from project 'swift-concurrency-extras')
    cd /Users/rioallen/Documents/DropFly-OS-App-Builder/DropFly-PROJECTS/TradeFly-iOS/build/SourcePackages/checkouts/swift-concurrency-extras
    builtin-copy -exclude .DS_Store -exclude CVS -exclude .svn -exclude .git -exclude .hg -resolve-src-symlinks /Users/rioallen/Documents/DropFly-OS-App-Builder/DropFly-PROJECTS/TradeFly-iOS/build/Build/Intermediates.noindex/swift-concurrency-extras.build/Debug-iphonesimulator/ConcurrencyExtras.build/ConcurrencyExtras.modulemap /Users/rioallen/Documents/DropFly-OS-App-Builder/DropFly-PROJECTS/TradeFly-iOS/build/Build/Intermediates.noindex/GeneratedModuleMaps-iphonesimulator

WriteAuxiliaryFile /Users/rioallen/Documents/DropFly-OS-App-Builder/DropFly-PROJECTS/TradeFly-iOS/build/Build/Intermediates.noindex/Supabase.build/Debug-iphonesimulator/Auth.build/Auth.DependencyStaticMetadataFileList (in target 'Auth' from project 'Supabase')
    cd /Users/rioallen/Documents/DropFly-OS-App-Builder/DropFly-PROJECTS/TradeFly-iOS/build/SourcePackages/checkouts/supabase-swift
    write-file /Users/rioallen/Documents/DropFly-OS-App-Builder/DropFly-PROJECTS/TradeFly-iOS/build/Build/Intermediates.noindex/Supabase.build/Debug-iphonesimulator/Auth.build/Auth.DependencyStaticMetadataFileList

WriteAuxiliaryFile /Users/rioallen/Documents/DropFly-OS-App-Builder/DropFly-PROJECTS/TradeFly-iOS/build/Build/Intermediates.noindex/Supabase.build/Debug-iphonesimulator/Auth.build/Auth.DependencyMetadataFileList (in target 'Auth' from project 'Supabase')
    cd /Users/rioallen/Documents/DropFly-OS-App-Builder/DropFly-PROJECTS/TradeFly-iOS/build/SourcePackages/checkouts/supabase-swift
    write-file /Users/rioallen/Documents/DropFly-OS-App-Builder/DropFly-PROJECTS/TradeFly-iOS/build/Build/Intermediates.noindex/Supabase.build/Debug-iphonesimulator/Auth.build/Auth.DependencyMetadataFileList

Copy /Users/rioallen/Documents/DropFly-OS-App-Builder/DropFly-PROJECTS/TradeFly-iOS/build/Build/Intermediates.noindex/GeneratedModuleMaps-iphonesimulator/Clocks.modulemap /Users/rioallen/Documents/DropFly-OS-App-Builder/DropFly-PROJECTS/TradeFly-iOS/build/Build/Intermediates.noindex/swift-clocks.build/Debug-iphonesimulator/Clocks.build/Clocks.modulemap (in target 'Clocks' from project 'swift-clocks')
    cd /Users/rioallen/Documents/DropFly-OS-App-Builder/DropFly-PROJECTS/TradeFly-iOS/build/SourcePackages/checkouts/swift-clocks
    builtin-copy -exclude .DS_Store -exclude CVS -exclude .svn -exclude .git -exclude .hg -resolve-src-symlinks /Users/rioallen/Documents/DropFly-OS-App-Builder/DropFly-PROJECTS/TradeFly-iOS/build/Build/Intermediates.noindex/swift-clocks.build/Debug-iphonesimulator/Clocks.build/Clocks.modulemap /Users/rioallen/Documents/DropFly-OS-App-Builder/DropFly-PROJECTS/TradeFly-iOS/build/Build/Intermediates.noindex/GeneratedModuleMaps-iphonesimulator

Copy /Users/rioallen/Documents/DropFly-OS-App-Builder/DropFly-PROJECTS/TradeFly-iOS/build/Build/Intermediates.noindex/GeneratedModuleMaps-iphonesimulator/Auth.modulemap /Users/rioallen/Documents/DropFly-OS-App-Builder/DropFly-PROJECTS/TradeFly-iOS/build/Build/Intermediates.noindex/Supabase.build/Debug-iphonesimulator/Auth.build/Auth.modulemap (in target 'Auth' from project 'Supabase')
    cd /Users/rioallen/Documents/DropFly-OS-App-Builder/DropFly-PROJECTS/TradeFly-iOS/build/SourcePackages/checkouts/supabase-swift
    builtin-copy -exclude .DS_Store -exclude CVS -exclude .svn -exclude .git -exclude .hg -resolve-src-symlinks /Users/rioallen/Documents/DropFly-OS-App-Builder/DropFly-PROJECTS/TradeFly-iOS/build/Build/Intermediates.noindex/Supabase.build/Debug-iphonesimulator/Auth.build/Auth.modulemap /Users/rioallen/Documents/DropFly-OS-App-Builder/DropFly-PROJECTS/TradeFly-iOS/build/Build/Intermediates.noindex/GeneratedModuleMaps-iphonesimulator

ProcessInfoPlistFile /Users/rioallen/Documents/DropFly-OS-App-Builder/DropFly-PROJECTS/TradeFly-iOS/build/Build/Products/Debug-iphonesimulator/swift-crypto_Crypto.bundle/Info.plist /Users/rioallen/Documents/DropFly-OS-App-Builder/DropFly-PROJECTS/TradeFly-iOS/build/Build/Intermediates.noindex/swift-crypto.build/Debug-iphonesimulator/swift-crypto_Crypto.build/empty-swift-crypto_Crypto.plist (in target 'swift-crypto_Crypto' from project 'swift-crypto')
    cd /Users/rioallen/Documents/DropFly-OS-App-Builder/DropFly-PROJECTS/TradeFly-iOS/build/SourcePackages/checkouts/swift-crypto
    builtin-infoPlistUtility /Users/rioallen/Documents/DropFly-OS-App-Builder/DropFly-PROJECTS/TradeFly-iOS/build/Build/Intermediates.noindex/swift-crypto.build/Debug-iphonesimulator/swift-crypto_Crypto.build/empty-swift-crypto_Crypto.plist -producttype com.apple.product-type.bundle -expandbuildsettings -format binary -platform iphonesimulator -o /Users/rioallen/Documents/DropFly-OS-App-Builder/DropFly-PROJECTS/TradeFly-iOS/build/Build/Products/Debug-iphonesimulator/swift-crypto_Crypto.bundle/Info.plist

CpResource /Users/rioallen/Documents/DropFly-OS-App-Builder/DropFly-PROJECTS/TradeFly-iOS/build/Build/Products/Debug-iphonesimulator/swift-crypto_Crypto.bundle/PrivacyInfo.xcprivacy /Users/rioallen/Documents/DropFly-OS-App-Builder/DropFly-PROJECTS/TradeFly-iOS/build/SourcePackages/checkouts/swift-crypto/Sources/Crypto/PrivacyInfo.xcprivacy (in target 'swift-crypto_Crypto' from project 'swift-crypto')
    cd /Users/rioallen/Documents/DropFly-OS-App-Builder/DropFly-PROJECTS/TradeFly-iOS/build/SourcePackages/checkouts/swift-crypto
    builtin-copy -exclude .DS_Store -exclude CVS -exclude .svn -exclude .git -exclude .hg -resolve-src-symlinks /Users/rioallen/Documents/DropFly-OS-App-Builder/DropFly-PROJECTS/TradeFly-iOS/build/SourcePackages/checkouts/swift-crypto/Sources/Crypto/PrivacyInfo.xcprivacy /Users/rioallen/Documents/DropFly-OS-App-Builder/DropFly-PROJECTS/TradeFly-iOS/build/Build/Products/Debug-iphonesimulator/swift-crypto_Crypto.bundle

RegisterExecutionPolicyException /Users/rioallen/Documents/DropFly-OS-App-Builder/DropFly-PROJECTS/TradeFly-iOS/build/Build/Products/Debug-iphonesimulator/swift-crypto_Crypto.bundle (in target 'swift-crypto_Crypto' from project 'swift-crypto')
    cd /Users/rioallen/Documents/DropFly-OS-App-Builder/DropFly-PROJECTS/TradeFly-iOS/build/SourcePackages/checkouts/swift-crypto
    builtin-RegisterExecutionPolicyException /Users/rioallen/Documents/DropFly-OS-App-Builder/DropFly-PROJECTS/TradeFly-iOS/build/Build/Products/Debug-iphonesimulator/swift-crypto_Crypto.bundle

Touch /Users/rioallen/Documents/DropFly-OS-App-Builder/DropFly-PROJECTS/TradeFly-iOS/build/Build/Products/Debug-iphonesimulator/swift-crypto_Crypto.bundle (in target 'swift-crypto_Crypto' from project 'swift-crypto')
    cd /Users/rioallen/Documents/DropFly-OS-App-Builder/DropFly-PROJECTS/TradeFly-iOS/build/SourcePackages/checkouts/swift-crypto
    /usr/bin/touch -c /Users/rioallen/Documents/DropFly-OS-App-Builder/DropFly-PROJECTS/TradeFly-iOS/build/Build/Products/Debug-iphonesimulator/swift-crypto_Crypto.bundle

SwiftDriver IssueReportingPackageSupport normal arm64 com.apple.xcode.tools.swift.compiler (in target 'IssueReportingPackageSupport' from project 'xctest-dynamic-overlay')
    cd /Users/rioallen/Documents/DropFly-OS-App-Builder/DropFly-PROJECTS/TradeFly-iOS/TradeFly.xcodeproj
    builtin-SwiftDriver -- /Applications/Xcode.app/Contents/Developer/Toolchains/XcodeDefault.xctoolchain/usr/bin/swiftc -module-name IssueReportingPackageSupport -Onone -enforce-exclusivity\=checked @/Users/rioallen/Documents/DropFly-OS-App-Builder/DropFly-PROJECTS/TradeFly-iOS/build/Build/Intermediates.noindex/xctest-dynamic-overlay.build/Debug-iphonesimulator/IssueReportingPackageSupport.build/Objects-normal/arm64/IssueReportingPackageSupport.SwiftFileList -DSWIFT_PACKAGE -DDEBUG -DSWIFT_MODULE_RESOURCE_BUNDLE_UNAVAILABLE -DXcode -plugin-path /Applications/Xcode.app/Contents/Developer/Toolchains/XcodeDefault.xctoolchain/usr/lib/swift/host/plugins/testing -enable-experimental-feature DebugDescriptionMacro -sdk /Applications/Xcode.app/Contents/Developer/Platforms/iPhoneSimulator.platform/Developer/SDKs/iPhoneSimulator26.1.sdk -target arm64-apple-ios13.0-simulator -g -module-cache-path /Users/rioallen/Documents/DropFly-OS-App-Builder/DropFly-PROJECTS/TradeFly-iOS/build/ModuleCache.noindex -Xfrontend -serialize-debugging-options -enable-testing -suppress-warnings -index-store-path /Users/rioallen/Documents/DropFly-OS-App-Builder/DropFly-PROJECTS/TradeFly-iOS/build/Index.noindex/DataStore -Xcc -D_LIBCPP_HARDENING_MODE\=_LIBCPP_HARDENING_MODE_DEBUG -swift-version 6 -I /Users/rioallen/Documents/DropFly-OS-App-Builder/DropFly-PROJECTS/TradeFly-iOS/build/Build/Products/Debug-iphonesimulator -Isystem /Applications/Xcode.app/Contents/Developer/Platforms/iPhoneSimulator.platform/Developer/usr/lib -F /Users/rioallen/Documents/DropFly-OS-App-Builder/DropFly-PROJECTS/TradeFly-iOS/build/Build/Products/Debug-iphonesimulator -F /Applications/Xcode.app/Contents/Developer/Platforms/iPhoneSimulator.platform/Developer/Library/Frameworks -F /Applications/Xcode.app/Contents/Developer/Platforms/iPhoneSimulator.platform/Developer/SDKs/iPhoneSimulator26.1.sdk/Developer/Library/Frameworks -parse-as-library -c -j16 -enable-batch-mode -incremental -Xcc -ivfsstatcache -Xcc /Users/rioallen/Documents/DropFly-OS-App-Builder/DropFly-PROJECTS/TradeFly-iOS/build/SDKStatCaches.noindex/iphonesimulator26.1-23B77-90cf18a4295e390e64c810bc6bd7acbc.sdkstatcache -output-file-map /Users/rioallen/Documents/DropFly-OS-App-Builder/DropFly-PROJECTS/TradeFly-iOS/build/Build/Intermediates.noindex/xctest-dynamic-overlay.build/Debug-iphonesimulator/IssueReportingPackageSupport.build/Objects-normal/arm64/IssueReportingPackageSupport-OutputFileMap.json -use-frontend-parseable-output -save-temps -no-color-diagnostics -explicit-module-build -module-cache-path /Users/rioallen/Documents/DropFly-OS-App-Builder/DropFly-PROJECTS/TradeFly-iOS/build/Build/Intermediates.noindex/SwiftExplicitPrecompiledModules -clang-scanner-module-cache-path /Users/rioallen/Documents/DropFly-OS-App-Builder/DropFly-PROJECTS/TradeFly-iOS/build/ModuleCache.noindex -sdk-module-cache-path /Users/rioallen/Documents/DropFly-OS-App-Builder/DropFly-PROJECTS/TradeFly-iOS/build/ModuleCache.noindex -serialize-diagnostics -emit-dependencies -emit-module -emit-module-path /Users/rioallen/Documents/DropFly-OS-App-Builder/DropFly-PROJECTS/TradeFly-iOS/build/Build/Intermediates.noindex/xctest-dynamic-overlay.build/Debug-iphonesimulator/IssueReportingPackageSupport.build/Objects-normal/arm64/IssueReportingPackageSupport.swiftmodule -user-module-version 1.7.0 -validate-clang-modules-once -clang-build-session-file /Users/rioallen/Documents/DropFly-OS-App-Builder/DropFly-PROJECTS/TradeFly-iOS/build/ModuleCache.noindex/Session.modulevalidation -package-name xctest_dynamic_overlay -Xcc -I/Users/rioallen/Documents/DropFly-OS-App-Builder/DropFly-PROJECTS/TradeFly-iOS/build/Build/Intermediates.noindex/xctest-dynamic-overlay.build/Debug-iphonesimulator/IssueReportingPackageSupport.build/swift-overrides.hmap -emit-const-values -Xfrontend -const-gather-protocols-file -Xfrontend /Users/rioallen/Documents/DropFly-OS-App-Builder/DropFly-PROJECTS/TradeFly-iOS/build/Build/Intermediates.noindex/xctest-dynamic-overlay.build/Debug-iphonesimulator/IssueReportingPackageSupport.build/Objects-normal/arm64/IssueReportingPackageSupport_const_extract_protocols.json -Xcc -I/Users/rioallen/Documents/DropFly-OS-App-Builder/DropFly-PROJECTS/TradeFly-iOS/build/Build/Products/Debug-iphonesimulator/include -Xcc -I/Users/rioallen/Documents/DropFly-OS-App-Builder/DropFly-PROJECTS/TradeFly-iOS/build/Build/Intermediates.noindex/xctest-dynamic-overlay.build/Debug-iphonesimulator/IssueReportingPackageSupport.build/DerivedSources-normal/arm64 -Xcc -I/Users/rioallen/Documents/DropFly-OS-App-Builder/DropFly-PROJECTS/TradeFly-iOS/build/Build/Intermediates.noindex/xctest-dynamic-overlay.build/Debug-iphonesimulator/IssueReportingPackageSupport.build/DerivedSources/arm64 -Xcc -I/Users/rioallen/Documents/DropFly-OS-App-Builder/DropFly-PROJECTS/TradeFly-iOS/build/Build/Intermediates.noindex/xctest-dynamic-overlay.build/Debug-iphonesimulator/IssueReportingPackageSupport.build/DerivedSources -Xcc -DSWIFT_PACKAGE -Xcc -DDEBUG\=1 -emit-objc-header -emit-objc-header-path /Users/rioallen/Documents/DropFly-OS-App-Builder/DropFly-PROJECTS/TradeFly-iOS/build/Build/Intermediates.noindex/xctest-dynamic-overlay.build/Debug-iphonesimulator/IssueReportingPackageSupport.build/Objects-normal/arm64/IssueReportingPackageSupport-Swift.h -working-directory /Users/rioallen/Documents/DropFly-OS-App-Builder/DropFly-PROJECTS/TradeFly-iOS/TradeFly.xcodeproj -experimental-emit-module-separately -disable-cmo

SwiftDriver HTTPTypes normal arm64 com.apple.xcode.tools.swift.compiler (in target 'HTTPTypes' from project 'swift-http-types')
    cd /Users/rioallen/Documents/DropFly-OS-App-Builder/DropFly-PROJECTS/TradeFly-iOS/TradeFly.xcodeproj
    builtin-SwiftDriver -- /Applications/Xcode.app/Contents/Developer/Toolchains/XcodeDefault.xctoolchain/usr/bin/swiftc -module-name HTTPTypes -Onone -enforce-exclusivity\=checked @/Users/rioallen/Documents/DropFly-OS-App-Builder/DropFly-PROJECTS/TradeFly-iOS/build/Build/Intermediates.noindex/swift-http-types.build/Debug-iphonesimulator/HTTPTypes.build/Objects-normal/arm64/HTTPTypes.SwiftFileList -DSWIFT_PACKAGE -DDEBUG -DSWIFT_MODULE_RESOURCE_BUNDLE_UNAVAILABLE -DXcode -enable-experimental-feature StrictConcurrency\=complete -enable-upcoming-feature MemberImportVisibility -plugin-path /Applications/Xcode.app/Contents/Developer/Toolchains/XcodeDefault.xctoolchain/usr/lib/swift/host/plugins/testing -enable-experimental-feature DebugDescriptionMacro -sdk /Applications/Xcode.app/Contents/Developer/Platforms/iPhoneSimulator.platform/Developer/SDKs/iPhoneSimulator26.1.sdk -target arm64-apple-ios12.0-simulator -g -module-cache-path /Users/rioallen/Documents/DropFly-OS-App-Builder/DropFly-PROJECTS/TradeFly-iOS/build/ModuleCache.noindex -Xfrontend -serialize-debugging-options -enable-testing -suppress-warnings -index-store-path /Users/rioallen/Documents/DropFly-OS-App-Builder/DropFly-PROJECTS/TradeFly-iOS/build/Index.noindex/DataStore -Xcc -D_LIBCPP_HARDENING_MODE\=_LIBCPP_HARDENING_MODE_DEBUG -swift-version 5 -I /Users/rioallen/Documents/DropFly-OS-App-Builder/DropFly-PROJECTS/TradeFly-iOS/build/Build/Products/Debug-iphonesimulator -Isystem /Applications/Xcode.app/Contents/Developer/Platforms/iPhoneSimulator.platform/Developer/usr/lib -F /Users/rioallen/Documents/DropFly-OS-App-Builder/DropFly-PROJECTS/TradeFly-iOS/build/Build/Products/Debug-iphonesimulator -F /Applications/Xcode.app/Contents/Developer/Platforms/iPhoneSimulator.platform/Developer/Library/Frameworks -F /Applications/Xcode.app/Contents/Developer/Platforms/iPhoneSimulator.platform/Developer/SDKs/iPhoneSimulator26.1.sdk/Developer/Library/Frameworks -c -j16 -enable-batch-mode -incremental -Xcc -ivfsstatcache -Xcc /Users/rioallen/Documents/DropFly-OS-App-Builder/DropFly-PROJECTS/TradeFly-iOS/build/SDKStatCaches.noindex/iphonesimulator26.1-23B77-90cf18a4295e390e64c810bc6bd7acbc.sdkstatcache -output-file-map /Users/rioallen/Documents/DropFly-OS-App-Builder/DropFly-PROJECTS/TradeFly-iOS/build/Build/Intermediates.noindex/swift-http-types.build/Debug-iphonesimulator/HTTPTypes.build/Objects-normal/arm64/HTTPTypes-OutputFileMap.json -use-frontend-parseable-output -save-temps -no-color-diagnostics -explicit-module-build -module-cache-path /Users/rioallen/Documents/DropFly-OS-App-Builder/DropFly-PROJECTS/TradeFly-iOS/build/Build/Intermediates.noindex/SwiftExplicitPrecompiledModules -clang-scanner-module-cache-path /Users/rioallen/Documents/DropFly-OS-App-Builder/DropFly-PROJECTS/TradeFly-iOS/build/ModuleCache.noindex -sdk-module-cache-path /Users/rioallen/Documents/DropFly-OS-App-Builder/DropFly-PROJECTS/TradeFly-iOS/build/ModuleCache.noindex -serialize-diagnostics -emit-dependencies -emit-module -emit-module-path /Users/rioallen/Documents/DropFly-OS-App-Builder/DropFly-PROJECTS/TradeFly-iOS/build/Build/Intermediates.noindex/swift-http-types.build/Debug-iphonesimulator/HTTPTypes.build/Objects-normal/arm64/HTTPTypes.swiftmodule -validate-clang-modules-once -clang-build-session-file /Users/rioallen/Documents/DropFly-OS-App-Builder/DropFly-PROJECTS/TradeFly-iOS/build/ModuleCache.noindex/Session.modulevalidation -package-name swift_http_types -Xcc -I/Users/rioallen/Documents/DropFly-OS-App-Builder/DropFly-PROJECTS/TradeFly-iOS/build/Build/Intermediates.noindex/swift-http-types.build/Debug-iphonesimulator/HTTPTypes.build/swift-overrides.hmap -emit-const-values -Xfrontend -const-gather-protocols-file -Xfrontend /Users/rioallen/Documents/DropFly-OS-App-Builder/DropFly-PROJECTS/TradeFly-iOS/build/Build/Intermediates.noindex/swift-http-types.build/Debug-iphonesimulator/HTTPTypes.build/Objects-normal/arm64/HTTPTypes_const_extract_protocols.json -Xcc -I/Users/rioallen/Documents/DropFly-OS-App-Builder/DropFly-PROJECTS/TradeFly-iOS/build/Build/Products/Debug-iphonesimulator/include -Xcc -I/Users/rioallen/Documents/DropFly-OS-App-Builder/DropFly-PROJECTS/TradeFly-iOS/build/Build/Intermediates.noindex/swift-http-types.build/Debug-iphonesimulator/HTTPTypes.build/DerivedSources-normal/arm64 -Xcc -I/Users/rioallen/Documents/DropFly-OS-App-Builder/DropFly-PROJECTS/TradeFly-iOS/build/Build/Intermediates.noindex/swift-http-types.build/Debug-iphonesimulator/HTTPTypes.build/DerivedSources/arm64 -Xcc -I/Users/rioallen/Documents/DropFly-OS-App-Builder/DropFly-PROJECTS/TradeFly-iOS/build/Build/Intermediates.noindex/swift-http-types.build/Debug-iphonesimulator/HTTPTypes.build/DerivedSources -Xcc -DSWIFT_PACKAGE -Xcc -DDEBUG\=1 -emit-objc-header -emit-objc-header-path /Users/rioallen/Documents/DropFly-OS-App-Builder/DropFly-PROJECTS/TradeFly-iOS/build/Build/Intermediates.noindex/swift-http-types.build/Debug-iphonesimulator/HTTPTypes.build/Objects-normal/arm64/HTTPTypes-Swift.h -working-directory /Users/rioallen/Documents/DropFly-OS-App-Builder/DropFly-PROJECTS/TradeFly-iOS/TradeFly.xcodeproj -experimental-emit-module-separately -disable-cmo

SwiftDriver ConcurrencyExtras normal arm64 com.apple.xcode.tools.swift.compiler (in target 'ConcurrencyExtras' from project 'swift-concurrency-extras')
    cd /Users/rioallen/Documents/DropFly-OS-App-Builder/DropFly-PROJECTS/TradeFly-iOS/TradeFly.xcodeproj
    builtin-SwiftDriver -- /Applications/Xcode.app/Contents/Developer/Toolchains/XcodeDefault.xctoolchain/usr/bin/swiftc -module-name ConcurrencyExtras -Onone -enforce-exclusivity\=checked @/Users/rioallen/Documents/DropFly-OS-App-Builder/DropFly-PROJECTS/TradeFly-iOS/build/Build/Intermediates.noindex/swift-concurrency-extras.build/Debug-iphonesimulator/ConcurrencyExtras.build/Objects-normal/arm64/ConcurrencyExtras.SwiftFileList -DSWIFT_PACKAGE -DDEBUG -DSWIFT_MODULE_RESOURCE_BUNDLE_UNAVAILABLE -DXcode -plugin-path /Applications/Xcode.app/Contents/Developer/Toolchains/XcodeDefault.xctoolchain/usr/lib/swift/host/plugins/testing -enable-experimental-feature DebugDescriptionMacro -sdk /Applications/Xcode.app/Contents/Developer/Platforms/iPhoneSimulator.platform/Developer/SDKs/iPhoneSimulator26.1.sdk -target arm64-apple-ios13.0-simulator -g -module-cache-path /Users/rioallen/Documents/DropFly-OS-App-Builder/DropFly-PROJECTS/TradeFly-iOS/build/ModuleCache.noindex -Xfrontend -serialize-debugging-options -enable-testing -suppress-warnings -index-store-path /Users/rioallen/Documents/DropFly-OS-App-Builder/DropFly-PROJECTS/TradeFly-iOS/build/Index.noindex/DataStore -Xcc -D_LIBCPP_HARDENING_MODE\=_LIBCPP_HARDENING_MODE_DEBUG -swift-version 6 -I /Users/rioallen/Documents/DropFly-OS-App-Builder/DropFly-PROJECTS/TradeFly-iOS/build/Build/Products/Debug-iphonesimulator -Isystem /Applications/Xcode.app/Contents/Developer/Platforms/iPhoneSimulator.platform/Developer/usr/lib -F /Users/rioallen/Documents/DropFly-OS-App-Builder/DropFly-PROJECTS/TradeFly-iOS/build/Build/Products/Debug-iphonesimulator -F /Applications/Xcode.app/Contents/Developer/Platforms/iPhoneSimulator.platform/Developer/Library/Frameworks -F /Applications/Xcode.app/Contents/Developer/Platforms/iPhoneSimulator.platform/Developer/SDKs/iPhoneSimulator26.1.sdk/Developer/Library/Frameworks -c -j16 -enable-batch-mode -incremental -Xcc -ivfsstatcache -Xcc /Users/rioallen/Documents/DropFly-OS-App-Builder/DropFly-PROJECTS/TradeFly-iOS/build/SDKStatCaches.noindex/iphonesimulator26.1-23B77-90cf18a4295e390e64c810bc6bd7acbc.sdkstatcache -output-file-map /Users/rioallen/Documents/DropFly-OS-App-Builder/DropFly-PROJECTS/TradeFly-iOS/build/Build/Intermediates.noindex/swift-concurrency-extras.build/Debug-iphonesimulator/ConcurrencyExtras.build/Objects-normal/arm64/ConcurrencyExtras-OutputFileMap.json -use-frontend-parseable-output -save-temps -no-color-diagnostics -explicit-module-build -module-cache-path /Users/rioallen/Documents/DropFly-OS-App-Builder/DropFly-PROJECTS/TradeFly-iOS/build/Build/Intermediates.noindex/SwiftExplicitPrecompiledModules -clang-scanner-module-cache-path /Users/rioallen/Documents/DropFly-OS-App-Builder/DropFly-PROJECTS/TradeFly-iOS/build/ModuleCache.noindex -sdk-module-cache-path /Users/rioallen/Documents/DropFly-OS-App-Builder/DropFly-PROJECTS/TradeFly-iOS/build/ModuleCache.noindex -serialize-diagnostics -emit-dependencies -emit-module -emit-module-path /Users/rioallen/Documents/DropFly-OS-App-Builder/DropFly-PROJECTS/TradeFly-iOS/build/Build/Intermediates.noindex/swift-concurrency-extras.build/Debug-iphonesimulator/ConcurrencyExtras.build/Objects-normal/arm64/ConcurrencyExtras.swiftmodule -user-module-version 1.3.2 -validate-clang-modules-once -clang-build-session-file /Users/rioallen/Documents/DropFly-OS-App-Builder/DropFly-PROJECTS/TradeFly-iOS/build/ModuleCache.noindex/Session.modulevalidation -package-name swift_concurrency_extras -Xcc -I/Users/rioallen/Documents/DropFly-OS-App-Builder/DropFly-PROJECTS/TradeFly-iOS/build/Build/Intermediates.noindex/swift-concurrency-extras.build/Debug-iphonesimulator/ConcurrencyExtras.build/swift-overrides.hmap -emit-const-values -Xfrontend -const-gather-protocols-file -Xfrontend /Users/rioallen/Documents/DropFly-OS-App-Builder/DropFly-PROJECTS/TradeFly-iOS/build/Build/Intermediates.noindex/swift-concurrency-extras.build/Debug-iphonesimulator/ConcurrencyExtras.build/Objects-normal/arm64/ConcurrencyExtras_const_extract_protocols.json -Xcc -I/Users/rioallen/Documents/DropFly-OS-App-Builder/DropFly-PROJECTS/TradeFly-iOS/build/Build/Products/Debug-iphonesimulator/include -Xcc -I/Users/rioallen/Documents/DropFly-OS-App-Builder/DropFly-PROJECTS/TradeFly-iOS/build/Build/Intermediates.noindex/swift-concurrency-extras.build/Debug-iphonesimulator/ConcurrencyExtras.build/DerivedSources-normal/arm64 -Xcc -I/Users/rioallen/Documents/DropFly-OS-App-Builder/DropFly-PROJECTS/TradeFly-iOS/build/Build/Intermediates.noindex/swift-concurrency-extras.build/Debug-iphonesimulator/ConcurrencyExtras.build/DerivedSources/arm64 -Xcc -I/Users/rioallen/Documents/DropFly-OS-App-Builder/DropFly-PROJECTS/TradeFly-iOS/build/Build/Intermediates.noindex/swift-concurrency-extras.build/Debug-iphonesimulator/ConcurrencyExtras.build/DerivedSources -Xcc -DSWIFT_PACKAGE -Xcc -DDEBUG\=1 -emit-objc-header -emit-objc-header-path /Users/rioallen/Documents/DropFly-OS-App-Builder/DropFly-PROJECTS/TradeFly-iOS/build/Build/Intermediates.noindex/swift-concurrency-extras.build/Debug-iphonesimulator/ConcurrencyExtras.build/Objects-normal/arm64/ConcurrencyExtras-Swift.h -working-directory /Users/rioallen/Documents/DropFly-OS-App-Builder/DropFly-PROJECTS/TradeFly-iOS/TradeFly.xcodeproj -experimental-emit-module-separately -disable-cmo

SwiftDriver Crypto normal arm64 com.apple.xcode.tools.swift.compiler (in target 'Crypto' from project 'swift-crypto')
    cd /Users/rioallen/Documents/DropFly-OS-App-Builder/DropFly-PROJECTS/TradeFly-iOS/TradeFly.xcodeproj
    builtin-SwiftDriver -- /Applications/Xcode.app/Contents/Developer/Toolchains/XcodeDefault.xctoolchain/usr/bin/swiftc -module-name Crypto -Onone -enforce-exclusivity\=checked @/Users/rioallen/Documents/DropFly-OS-App-Builder/DropFly-PROJECTS/TradeFly-iOS/build/Build/Intermediates.noindex/swift-crypto.build/Debug-iphonesimulator/Crypto.build/Objects-normal/arm64/Crypto.SwiftFileList -DSWIFT_PACKAGE -DDEBUG -DSWIFT_MODULE_RESOURCE_BUNDLE_AVAILABLE -DCRYPTO_IN_SWIFTPM -DXcode -enable-upcoming-feature MemberImportVisibility -plugin-path /Applications/Xcode.app/Contents/Developer/Toolchains/XcodeDefault.xctoolchain/usr/lib/swift/host/plugins/testing -enable-experimental-feature DebugDescriptionMacro -sdk /Applications/Xcode.app/Contents/Developer/Platforms/iPhoneSimulator.platform/Developer/SDKs/iPhoneSimulator26.1.sdk -target arm64-apple-ios12.0-simulator -g -module-cache-path /Users/rioallen/Documents/DropFly-OS-App-Builder/DropFly-PROJECTS/TradeFly-iOS/build/ModuleCache.noindex -Xfrontend -serialize-debugging-options -enable-testing -suppress-warnings -index-store-path /Users/rioallen/Documents/DropFly-OS-App-Builder/DropFly-PROJECTS/TradeFly-iOS/build/Index.noindex/DataStore -Xcc -D_LIBCPP_HARDENING_MODE\=_LIBCPP_HARDENING_MODE_DEBUG -swift-version 6 -I /Users/rioallen/Documents/DropFly-OS-App-Builder/DropFly-PROJECTS/TradeFly-iOS/build/Build/Products/Debug-iphonesimulator -Isystem /Applications/Xcode.app/Contents/Developer/Platforms/iPhoneSimulator.platform/Developer/usr/lib -F /Users/rioallen/Documents/DropFly-OS-App-Builder/DropFly-PROJECTS/TradeFly-iOS/build/Build/Products/Debug-iphonesimulator -F /Applications/Xcode.app/Contents/Developer/Platforms/iPhoneSimulator.platform/Developer/Library/Frameworks -F /Applications/Xcode.app/Contents/Developer/Platforms/iPhoneSimulator.platform/Developer/SDKs/iPhoneSimulator26.1.sdk/Developer/Library/Frameworks -c -j16 -enable-batch-mode -incremental -Xcc -ivfsstatcache -Xcc /Users/rioallen/Documents/DropFly-OS-App-Builder/DropFly-PROJECTS/TradeFly-iOS/build/SDKStatCaches.noindex/iphonesimulator26.1-23B77-90cf18a4295e390e64c810bc6bd7acbc.sdkstatcache -output-file-map /Users/rioallen/Documents/DropFly-OS-App-Builder/DropFly-PROJECTS/TradeFly-iOS/build/Build/Intermediates.noindex/swift-crypto.build/Debug-iphonesimulator/Crypto.build/Objects-normal/arm64/Crypto-OutputFileMap.json -use-frontend-parseable-output -save-temps -no-color-diagnostics -explicit-module-build -module-cache-path /Users/rioallen/Documents/DropFly-OS-App-Builder/DropFly-PROJECTS/TradeFly-iOS/build/Build/Intermediates.noindex/SwiftExplicitPrecompiledModules -clang-scanner-module-cache-path /Users/rioallen/Documents/DropFly-OS-App-Builder/DropFly-PROJECTS/TradeFly-iOS/build/ModuleCache.noindex -sdk-module-cache-path /Users/rioallen/Documents/DropFly-OS-App-Builder/DropFly-PROJECTS/TradeFly-iOS/build/ModuleCache.noindex -serialize-diagnostics -emit-dependencies -emit-module -emit-module-path /Users/rioallen/Documents/DropFly-OS-App-Builder/DropFly-PROJECTS/TradeFly-iOS/build/Build/Intermediates.noindex/swift-crypto.build/Debug-iphonesimulator/Crypto.build/Objects-normal/arm64/Crypto.swiftmodule -user-module-version 4.2.0 -validate-clang-modules-once -clang-build-session-file /Users/rioallen/Documents/DropFly-OS-App-Builder/DropFly-PROJECTS/TradeFly-iOS/build/ModuleCache.noindex/Session.modulevalidation -package-name swift_crypto -Xcc -I/Users/rioallen/Documents/DropFly-OS-App-Builder/DropFly-PROJECTS/TradeFly-iOS/build/Build/Intermediates.noindex/swift-crypto.build/Debug-iphonesimulator/Crypto.build/swift-overrides.hmap -emit-const-values -Xfrontend -const-gather-protocols-file -Xfrontend /Users/rioallen/Documents/DropFly-OS-App-Builder/DropFly-PROJECTS/TradeFly-iOS/build/Build/Intermediates.noindex/swift-crypto.build/Debug-iphonesimulator/Crypto.build/Objects-normal/arm64/Crypto_const_extract_protocols.json -Xcc -I/Users/rioallen/Documents/DropFly-OS-App-Builder/DropFly-PROJECTS/TradeFly-iOS/build/Build/Products/Debug-iphonesimulator/include -Xcc -I/Users/rioallen/Documents/DropFly-OS-App-Builder/DropFly-PROJECTS/TradeFly-iOS/build/Build/Intermediates.noindex/swift-crypto.build/Debug-iphonesimulator/Crypto.build/DerivedSources-normal/arm64 -Xcc -I/Users/rioallen/Documents/DropFly-OS-App-Builder/DropFly-PROJECTS/TradeFly-iOS/build/Build/Intermediates.noindex/swift-crypto.build/Debug-iphonesimulator/Crypto.build/DerivedSources/arm64 -Xcc -I/Users/rioallen/Documents/DropFly-OS-App-Builder/DropFly-PROJECTS/TradeFly-iOS/build/Build/Intermediates.noindex/swift-crypto.build/Debug-iphonesimulator/Crypto.build/DerivedSources -Xcc -DSWIFT_PACKAGE -Xcc -DDEBUG\=1 -emit-objc-header -emit-objc-header-path /Users/rioallen/Documents/DropFly-OS-App-Builder/DropFly-PROJECTS/TradeFly-iOS/build/Build/Intermediates.noindex/swift-crypto.build/Debug-iphonesimulator/Crypto.build/Objects-normal/arm64/Crypto-Swift.h -working-directory /Users/rioallen/Documents/DropFly-OS-App-Builder/DropFly-PROJECTS/TradeFly-iOS/TradeFly.xcodeproj -experimental-emit-module-separately -disable-cmo

SwiftExplicitDependencyGeneratePcm arm64 /Users/rioallen/Documents/DropFly-OS-App-Builder/DropFly-PROJECTS/TradeFly-iOS/build/ModuleCache.noindex/SwiftShims-COCVZQ8VWO2JHE9TAORWXRTZB.pcm

SwiftExplicitDependencyGeneratePcm arm64 /Users/rioallen/Documents/DropFly-OS-App-Builder/DropFly-PROJECTS/TradeFly-iOS/build/ModuleCache.noindex/_SwiftConcurrencyShims-16AFUU77NGPOWJ7QR89FXHFHM.pcm

SwiftEmitModule normal arm64 Emitting\ module\ for\ IssueReportingPackageSupport (in target 'IssueReportingPackageSupport' from project 'xctest-dynamic-overlay')

SwiftCompile normal arm64 /Users/rioallen/Documents/DropFly-OS-App-Builder/DropFly-PROJECTS/TradeFly-iOS/build/SourcePackages/checkouts/xctest-dynamic-overlay/Sources/IssueReportingPackageSupport/_Test.swift (in target 'IssueReportingPackageSupport' from project 'xctest-dynamic-overlay')
    cd /Users/rioallen/Documents/DropFly-OS-App-Builder/DropFly-PROJECTS/TradeFly-iOS/TradeFly.xcodeproj
    

SwiftCompile normal arm64 Compiling\ _Test.swift /Users/rioallen/Documents/DropFly-OS-App-Builder/DropFly-PROJECTS/TradeFly-iOS/build/SourcePackages/checkouts/xctest-dynamic-overlay/Sources/IssueReportingPackageSupport/_Test.swift (in target 'IssueReportingPackageSupport' from project 'xctest-dynamic-overlay')
SwiftCompile normal arm64 /Users/rioallen/Documents/DropFly-OS-App-Builder/DropFly-PROJECTS/TradeFly-iOS/build/SourcePackages/checkouts/xctest-dynamic-overlay/Sources/IssueReportingPackageSupport/_Test.swift (in target 'IssueReportingPackageSupport' from project 'xctest-dynamic-overlay')
    cd /Users/rioallen/Documents/DropFly-OS-App-Builder/DropFly-PROJECTS/TradeFly-iOS/TradeFly.xcodeproj
    

SwiftDriverJobDiscovery normal arm64 Emitting module for IssueReportingPackageSupport (in target 'IssueReportingPackageSupport' from project 'xctest-dynamic-overlay')

SwiftDriver\ Compilation\ Requirements IssueReportingPackageSupport normal arm64 com.apple.xcode.tools.swift.compiler (in target 'IssueReportingPackageSupport' from project 'xctest-dynamic-overlay')
    cd /Users/rioallen/Documents/DropFly-OS-App-Builder/DropFly-PROJECTS/TradeFly-iOS/TradeFly.xcodeproj
    builtin-Swift-Compilation-Requirements -- /Applications/Xcode.app/Contents/Developer/Toolchains/XcodeDefault.xctoolchain/usr/bin/swiftc -module-name IssueReportingPackageSupport -Onone -enforce-exclusivity\=checked @/Users/rioallen/Documents/DropFly-OS-App-Builder/DropFly-PROJECTS/TradeFly-iOS/build/Build/Intermediates.noindex/xctest-dynamic-overlay.build/Debug-iphonesimulator/IssueReportingPackageSupport.build/Objects-normal/arm64/IssueReportingPackageSupport.SwiftFileList -DSWIFT_PACKAGE -DDEBUG -DSWIFT_MODULE_RESOURCE_BUNDLE_UNAVAILABLE -DXcode -plugin-path /Applications/Xcode.app/Contents/Developer/Toolchains/XcodeDefault.xctoolchain/usr/lib/swift/host/plugins/testing -enable-experimental-feature DebugDescriptionMacro -sdk /Applications/Xcode.app/Contents/Developer/Platforms/iPhoneSimulator.platform/Developer/SDKs/iPhoneSimulator26.1.sdk -target arm64-apple-ios13.0-simulator -g -module-cache-path /Users/rioallen/Documents/DropFly-OS-App-Builder/DropFly-PROJECTS/TradeFly-iOS/build/ModuleCache.noindex -Xfrontend -serialize-debugging-options -enable-testing -suppress-warnings -index-store-path /Users/rioallen/Documents/DropFly-OS-App-Builder/DropFly-PROJECTS/TradeFly-iOS/build/Index.noindex/DataStore -Xcc -D_LIBCPP_HARDENING_MODE\=_LIBCPP_HARDENING_MODE_DEBUG -swift-version 6 -I /Users/rioallen/Documents/DropFly-OS-App-Builder/DropFly-PROJECTS/TradeFly-iOS/build/Build/Products/Debug-iphonesimulator -Isystem /Applications/Xcode.app/Contents/Developer/Platforms/iPhoneSimulator.platform/Developer/usr/lib -F /Users/rioallen/Documents/DropFly-OS-App-Builder/DropFly-PROJECTS/TradeFly-iOS/build/Build/Products/Debug-iphonesimulator -F /Applications/Xcode.app/Contents/Developer/Platforms/iPhoneSimulator.platform/Developer/Library/Frameworks -F /Applications/Xcode.app/Contents/Developer/Platforms/iPhoneSimulator.platform/Developer/SDKs/iPhoneSimulator26.1.sdk/Developer/Library/Frameworks -parse-as-library -c -j16 -enable-batch-mode -incremental -Xcc -ivfsstatcache -Xcc /Users/rioallen/Documents/DropFly-OS-App-Builder/DropFly-PROJECTS/TradeFly-iOS/build/SDKStatCaches.noindex/iphonesimulator26.1-23B77-90cf18a4295e390e64c810bc6bd7acbc.sdkstatcache -output-file-map /Users/rioallen/Documents/DropFly-OS-App-Builder/DropFly-PROJECTS/TradeFly-iOS/build/Build/Intermediates.noindex/xctest-dynamic-overlay.build/Debug-iphonesimulator/IssueReportingPackageSupport.build/Objects-normal/arm64/IssueReportingPackageSupport-OutputFileMap.json -use-frontend-parseable-output -save-temps -no-color-diagnostics -explicit-module-build -module-cache-path /Users/rioallen/Documents/DropFly-OS-App-Builder/DropFly-PROJECTS/TradeFly-iOS/build/Build/Intermediates.noindex/SwiftExplicitPrecompiledModules -clang-scanner-module-cache-path /Users/rioallen/Documents/DropFly-OS-App-Builder/DropFly-PROJECTS/TradeFly-iOS/build/ModuleCache.noindex -sdk-module-cache-path /Users/rioallen/Documents/DropFly-OS-App-Builder/DropFly-PROJECTS/TradeFly-iOS/build/ModuleCache.noindex -serialize-diagnostics -emit-dependencies -emit-module -emit-module-path /Users/rioallen/Documents/DropFly-OS-App-Builder/DropFly-PROJECTS/TradeFly-iOS/build/Build/Intermediates.noindex/xctest-dynamic-overlay.build/Debug-iphonesimulator/IssueReportingPackageSupport.build/Objects-normal/arm64/IssueReportingPackageSupport.swiftmodule -user-module-version 1.7.0 -validate-clang-modules-once -clang-build-session-file /Users/rioallen/Documents/DropFly-OS-App-Builder/DropFly-PROJECTS/TradeFly-iOS/build/ModuleCache.noindex/Session.modulevalidation -package-name xctest_dynamic_overlay -Xcc -I/Users/rioallen/Documents/DropFly-OS-App-Builder/DropFly-PROJECTS/TradeFly-iOS/build/Build/Intermediates.noindex/xctest-dynamic-overlay.build/Debug-iphonesimulator/IssueReportingPackageSupport.build/swift-overrides.hmap -emit-const-values -Xfrontend -const-gather-protocols-file -Xfrontend /Users/rioallen/Documents/DropFly-OS-App-Builder/DropFly-PROJECTS/TradeFly-iOS/build/Build/Intermediates.noindex/xctest-dynamic-overlay.build/Debug-iphonesimulator/IssueReportingPackageSupport.build/Objects-normal/arm64/IssueReportingPackageSupport_const_extract_protocols.json -Xcc -I/Users/rioallen/Documents/DropFly-OS-App-Builder/DropFly-PROJECTS/TradeFly-iOS/build/Build/Products/Debug-iphonesimulator/include -Xcc -I/Users/rioallen/Documents/DropFly-OS-App-Builder/DropFly-PROJECTS/TradeFly-iOS/build/Build/Intermediates.noindex/xctest-dynamic-overlay.build/Debug-iphonesimulator/IssueReportingPackageSupport.build/DerivedSources-normal/arm64 -Xcc -I/Users/rioallen/Documents/DropFly-OS-App-Builder/DropFly-PROJECTS/TradeFly-iOS/build/Build/Intermediates.noindex/xctest-dynamic-overlay.build/Debug-iphonesimulator/IssueReportingPackageSupport.build/DerivedSources/arm64 -Xcc -I/Users/rioallen/Documents/DropFly-OS-App-Builder/DropFly-PROJECTS/TradeFly-iOS/build/Build/Intermediates.noindex/xctest-dynamic-overlay.build/Debug-iphonesimulator/IssueReportingPackageSupport.build/DerivedSources -Xcc -DSWIFT_PACKAGE -Xcc -DDEBUG\=1 -emit-objc-header -emit-objc-header-path /Users/rioallen/Documents/DropFly-OS-App-Builder/DropFly-PROJECTS/TradeFly-iOS/build/Build/Intermediates.noindex/xctest-dynamic-overlay.build/Debug-iphonesimulator/IssueReportingPackageSupport.build/Objects-normal/arm64/IssueReportingPackageSupport-Swift.h -working-directory /Users/rioallen/Documents/DropFly-OS-App-Builder/DropFly-PROJECTS/TradeFly-iOS/TradeFly.xcodeproj -experimental-emit-module-separately -disable-cmo

SwiftMergeGeneratedHeaders /Users/rioallen/Documents/DropFly-OS-App-Builder/DropFly-PROJECTS/TradeFly-iOS/build/Build/Intermediates.noindex/GeneratedModuleMaps-iphonesimulator/IssueReportingPackageSupport-Swift.h /Users/rioallen/Documents/DropFly-OS-App-Builder/DropFly-PROJECTS/TradeFly-iOS/build/Build/Intermediates.noindex/xctest-dynamic-overlay.build/Debug-iphonesimulator/IssueReportingPackageSupport.build/Objects-normal/arm64/IssueReportingPackageSupport-Swift.h (in target 'IssueReportingPackageSupport' from project 'xctest-dynamic-overlay')
    cd /Users/rioallen/Documents/DropFly-OS-App-Builder/DropFly-PROJECTS/TradeFly-iOS/build/SourcePackages/checkouts/xctest-dynamic-overlay
    builtin-swiftHeaderTool -arch arm64 /Users/rioallen/Documents/DropFly-OS-App-Builder/DropFly-PROJECTS/TradeFly-iOS/build/Build/Intermediates.noindex/xctest-dynamic-overlay.build/Debug-iphonesimulator/IssueReportingPackageSupport.build/Objects-normal/arm64/IssueReportingPackageSupport-Swift.h -o /Users/rioallen/Documents/DropFly-OS-App-Builder/DropFly-PROJECTS/TradeFly-iOS/build/Build/Intermediates.noindex/GeneratedModuleMaps-iphonesimulator/IssueReportingPackageSupport-Swift.h

Copy /Users/rioallen/Documents/DropFly-OS-App-Builder/DropFly-PROJECTS/TradeFly-iOS/build/Build/Products/Debug-iphonesimulator/IssueReportingPackageSupport.swiftmodule/arm64-apple-ios-simulator.abi.json /Users/rioallen/Documents/DropFly-OS-App-Builder/DropFly-PROJECTS/TradeFly-iOS/build/Build/Intermediates.noindex/xctest-dynamic-overlay.build/Debug-iphonesimulator/IssueReportingPackageSupport.build/Objects-normal/arm64/IssueReportingPackageSupport.abi.json (in target 'IssueReportingPackageSupport' from project 'xctest-dynamic-overlay')
    cd /Users/rioallen/Documents/DropFly-OS-App-Builder/DropFly-PROJECTS/TradeFly-iOS/build/SourcePackages/checkouts/xctest-dynamic-overlay
    builtin-copy -exclude .DS_Store -exclude CVS -exclude .svn -exclude .git -exclude .hg -resolve-src-symlinks -rename /Users/rioallen/Documents/DropFly-OS-App-Builder/DropFly-PROJECTS/TradeFly-iOS/build/Build/Intermediates.noindex/xctest-dynamic-overlay.build/Debug-iphonesimulator/IssueReportingPackageSupport.build/Objects-normal/arm64/IssueReportingPackageSupport.abi.json /Users/rioallen/Documents/DropFly-OS-App-Builder/DropFly-PROJECTS/TradeFly-iOS/build/Build/Products/Debug-iphonesimulator/IssueReportingPackageSupport.swiftmodule/arm64-apple-ios-simulator.abi.json

Copy /Users/rioallen/Documents/DropFly-OS-App-Builder/DropFly-PROJECTS/TradeFly-iOS/build/Build/Products/Debug-iphonesimulator/IssueReportingPackageSupport.swiftmodule/arm64-apple-ios-simulator.swiftmodule /Users/rioallen/Documents/DropFly-OS-App-Builder/DropFly-PROJECTS/TradeFly-iOS/build/Build/Intermediates.noindex/xctest-dynamic-overlay.build/Debug-iphonesimulator/IssueReportingPackageSupport.build/Objects-normal/arm64/IssueReportingPackageSupport.swiftmodule (in target 'IssueReportingPackageSupport' from project 'xctest-dynamic-overlay')
    cd /Users/rioallen/Documents/DropFly-OS-App-Builder/DropFly-PROJECTS/TradeFly-iOS/build/SourcePackages/checkouts/xctest-dynamic-overlay
    builtin-copy -exclude .DS_Store -exclude CVS -exclude .svn -exclude .git -exclude .hg -resolve-src-symlinks -rename /Users/rioallen/Documents/DropFly-OS-App-Builder/DropFly-PROJECTS/TradeFly-iOS/build/Build/Intermediates.noindex/xctest-dynamic-overlay.build/Debug-iphonesimulator/IssueReportingPackageSupport.build/Objects-normal/arm64/IssueReportingPackageSupport.swiftmodule /Users/rioallen/Documents/DropFly-OS-App-Builder/DropFly-PROJECTS/TradeFly-iOS/build/Build/Products/Debug-iphonesimulator/IssueReportingPackageSupport.swiftmodule/arm64-apple-ios-simulator.swiftmodule

Copy /Users/rioallen/Documents/DropFly-OS-App-Builder/DropFly-PROJECTS/TradeFly-iOS/build/Build/Products/Debug-iphonesimulator/IssueReportingPackageSupport.swiftmodule/Project/arm64-apple-ios-simulator.swiftsourceinfo /Users/rioallen/Documents/DropFly-OS-App-Builder/DropFly-PROJECTS/TradeFly-iOS/build/Build/Intermediates.noindex/xctest-dynamic-overlay.build/Debug-iphonesimulator/IssueReportingPackageSupport.build/Objects-normal/arm64/IssueReportingPackageSupport.swiftsourceinfo (in target 'IssueReportingPackageSupport' from project 'xctest-dynamic-overlay')
    cd /Users/rioallen/Documents/DropFly-OS-App-Builder/DropFly-PROJECTS/TradeFly-iOS/build/SourcePackages/checkouts/xctest-dynamic-overlay
    builtin-copy -exclude .DS_Store -exclude CVS -exclude .svn -exclude .git -exclude .hg -resolve-src-symlinks -rename /Users/rioallen/Documents/DropFly-OS-App-Builder/DropFly-PROJECTS/TradeFly-iOS/build/Build/Intermediates.noindex/xctest-dynamic-overlay.build/Debug-iphonesimulator/IssueReportingPackageSupport.build/Objects-normal/arm64/IssueReportingPackageSupport.swiftsourceinfo /Users/rioallen/Documents/DropFly-OS-App-Builder/DropFly-PROJECTS/TradeFly-iOS/build/Build/Products/Debug-iphonesimulator/IssueReportingPackageSupport.swiftmodule/Project/arm64-apple-ios-simulator.swiftsourceinfo

Copy /Users/rioallen/Documents/DropFly-OS-App-Builder/DropFly-PROJECTS/TradeFly-iOS/build/Build/Products/Debug-iphonesimulator/IssueReportingPackageSupport.swiftmodule/arm64-apple-ios-simulator.swiftdoc /Users/rioallen/Documents/DropFly-OS-App-Builder/DropFly-PROJECTS/TradeFly-iOS/build/Build/Intermediates.noindex/xctest-dynamic-overlay.build/Debug-iphonesimulator/IssueReportingPackageSupport.build/Objects-normal/arm64/IssueReportingPackageSupport.swiftdoc (in target 'IssueReportingPackageSupport' from project 'xctest-dynamic-overlay')
    cd /Users/rioallen/Documents/DropFly-OS-App-Builder/DropFly-PROJECTS/TradeFly-iOS/build/SourcePackages/checkouts/xctest-dynamic-overlay
    builtin-copy -exclude .DS_Store -exclude CVS -exclude .svn -exclude .git -exclude .hg -resolve-src-symlinks -rename /Users/rioallen/Documents/DropFly-OS-App-Builder/DropFly-PROJECTS/TradeFly-iOS/build/Build/Intermediates.noindex/xctest-dynamic-overlay.build/Debug-iphonesimulator/IssueReportingPackageSupport.build/Objects-normal/arm64/IssueReportingPackageSupport.swiftdoc /Users/rioallen/Documents/DropFly-OS-App-Builder/DropFly-PROJECTS/TradeFly-iOS/build/Build/Products/Debug-iphonesimulator/IssueReportingPackageSupport.swiftmodule/arm64-apple-ios-simulator.swiftdoc

SwiftDriver IssueReporting normal arm64 com.apple.xcode.tools.swift.compiler (in target 'IssueReporting' from project 'xctest-dynamic-overlay')
    cd /Users/rioallen/Documents/DropFly-OS-App-Builder/DropFly-PROJECTS/TradeFly-iOS/TradeFly.xcodeproj
    builtin-SwiftDriver -- /Applications/Xcode.app/Contents/Developer/Toolchains/XcodeDefault.xctoolchain/usr/bin/swiftc -module-name IssueReporting -Onone -enforce-exclusivity\=checked @/Users/rioallen/Documents/DropFly-OS-App-Builder/DropFly-PROJECTS/TradeFly-iOS/build/Build/Intermediates.noindex/xctest-dynamic-overlay.build/Debug-iphonesimulator/IssueReporting.build/Objects-normal/arm64/IssueReporting.SwiftFileList -DSWIFT_PACKAGE -DDEBUG -DSWIFT_MODULE_RESOURCE_BUNDLE_UNAVAILABLE -DXcode -plugin-path /Applications/Xcode.app/Contents/Developer/Toolchains/XcodeDefault.xctoolchain/usr/lib/swift/host/plugins/testing -enable-experimental-feature DebugDescriptionMacro -sdk /Applications/Xcode.app/Contents/Developer/Platforms/iPhoneSimulator.platform/Developer/SDKs/iPhoneSimulator26.1.sdk -target arm64-apple-ios13.0-simulator -g -module-cache-path /Users/rioallen/Documents/DropFly-OS-App-Builder/DropFly-PROJECTS/TradeFly-iOS/build/ModuleCache.noindex -Xfrontend -serialize-debugging-options -enable-testing -suppress-warnings -index-store-path /Users/rioallen/Documents/DropFly-OS-App-Builder/DropFly-PROJECTS/TradeFly-iOS/build/Index.noindex/DataStore -Xcc -D_LIBCPP_HARDENING_MODE\=_LIBCPP_HARDENING_MODE_DEBUG -swift-version 6 -I /Users/rioallen/Documents/DropFly-OS-App-Builder/DropFly-PROJECTS/TradeFly-iOS/build/Build/Products/Debug-iphonesimulator -Isystem /Applications/Xcode.app/Contents/Developer/Platforms/iPhoneSimulator.platform/Developer/usr/lib -F /Users/rioallen/Documents/DropFly-OS-App-Builder/DropFly-PROJECTS/TradeFly-iOS/build/Build/Products/Debug-iphonesimulator/PackageFrameworks -F /Users/rioallen/Documents/DropFly-OS-App-Builder/DropFly-PROJECTS/TradeFly-iOS/build/Build/Products/Debug-iphonesimulator -F /Applications/Xcode.app/Contents/Developer/Platforms/iPhoneSimulator.platform/Developer/Library/Frameworks -F /Applications/Xcode.app/Contents/Developer/Platforms/iPhoneSimulator.platform/Developer/SDKs/iPhoneSimulator26.1.sdk/Developer/Library/Frameworks -c -j16 -enable-batch-mode -incremental -Xcc -ivfsstatcache -Xcc /Users/rioallen/Documents/DropFly-OS-App-Builder/DropFly-PROJECTS/TradeFly-iOS/build/SDKStatCaches.noindex/iphonesimulator26.1-23B77-90cf18a4295e390e64c810bc6bd7acbc.sdkstatcache -output-file-map /Users/rioallen/Documents/DropFly-OS-App-Builder/DropFly-PROJECTS/TradeFly-iOS/build/Build/Intermediates.noindex/xctest-dynamic-overlay.build/Debug-iphonesimulator/IssueReporting.build/Objects-normal/arm64/IssueReporting-OutputFileMap.json -use-frontend-parseable-output -save-temps -no-color-diagnostics -explicit-module-build -module-cache-path /Users/rioallen/Documents/DropFly-OS-App-Builder/DropFly-PROJECTS/TradeFly-iOS/build/Build/Intermediates.noindex/SwiftExplicitPrecompiledModules -clang-scanner-module-cache-path /Users/rioallen/Documents/DropFly-OS-App-Builder/DropFly-PROJECTS/TradeFly-iOS/build/ModuleCache.noindex -sdk-module-cache-path /Users/rioallen/Documents/DropFly-OS-App-Builder/DropFly-PROJECTS/TradeFly-iOS/build/ModuleCache.noindex -serialize-diagnostics -emit-dependencies -emit-module -emit-module-path /Users/rioallen/Documents/DropFly-OS-App-Builder/DropFly-PROJECTS/TradeFly-iOS/build/Build/Intermediates.noindex/xctest-dynamic-overlay.build/Debug-iphonesimulator/IssueReporting.build/Objects-normal/arm64/IssueReporting.swiftmodule -user-module-version 1.7.0 -validate-clang-modules-once -clang-build-session-file /Users/rioallen/Documents/DropFly-OS-App-Builder/DropFly-PROJECTS/TradeFly-iOS/build/ModuleCache.noindex/Session.modulevalidation -package-name xctest_dynamic_overlay -Xcc -I/Users/rioallen/Documents/DropFly-OS-App-Builder/DropFly-PROJECTS/TradeFly-iOS/build/Build/Intermediates.noindex/xctest-dynamic-overlay.build/Debug-iphonesimulator/IssueReporting.build/swift-overrides.hmap -emit-const-values -Xfrontend -const-gather-protocols-file -Xfrontend /Users/rioallen/Documents/DropFly-OS-App-Builder/DropFly-PROJECTS/TradeFly-iOS/build/Build/Intermediates.noindex/xctest-dynamic-overlay.build/Debug-iphonesimulator/IssueReporting.build/Objects-normal/arm64/IssueReporting_const_extract_protocols.json -Xcc -I/Users/rioallen/Documents/DropFly-OS-App-Builder/DropFly-PROJECTS/TradeFly-iOS/build/Build/Products/Debug-iphonesimulator/include -Xcc -I/Users/rioallen/Documents/DropFly-OS-App-Builder/DropFly-PROJECTS/TradeFly-iOS/build/Build/Intermediates.noindex/xctest-dynamic-overlay.build/Debug-iphonesimulator/IssueReporting.build/DerivedSources-normal/arm64 -Xcc -I/Users/rioallen/Documents/DropFly-OS-App-Builder/DropFly-PROJECTS/TradeFly-iOS/build/Build/Intermediates.noindex/xctest-dynamic-overlay.build/Debug-iphonesimulator/IssueReporting.build/DerivedSources/arm64 -Xcc -I/Users/rioallen/Documents/DropFly-OS-App-Builder/DropFly-PROJECTS/TradeFly-iOS/build/Build/Intermediates.noindex/xctest-dynamic-overlay.build/Debug-iphonesimulator/IssueReporting.build/DerivedSources -Xcc -DSWIFT_PACKAGE -Xcc -DDEBUG\=1 -emit-objc-header -emit-objc-header-path /Users/rioallen/Documents/DropFly-OS-App-Builder/DropFly-PROJECTS/TradeFly-iOS/build/Build/Intermediates.noindex/xctest-dynamic-overlay.build/Debug-iphonesimulator/IssueReporting.build/Objects-normal/arm64/IssueReporting-Swift.h -working-directory /Users/rioallen/Documents/DropFly-OS-App-Builder/DropFly-PROJECTS/TradeFly-iOS/TradeFly.xcodeproj -experimental-emit-module-separately -disable-cmo

SwiftExplicitDependencyGeneratePcm arm64 /Users/rioallen/Documents/DropFly-OS-App-Builder/DropFly-PROJECTS/TradeFly-iOS/build/ModuleCache.noindex/_AvailabilityInternal-6RXP56OR4RE8VPOJ6RO1858QB.pcm

SwiftExplicitDependencyGeneratePcm arm64 /Users/rioallen/Documents/DropFly-OS-App-Builder/DropFly-PROJECTS/TradeFly-iOS/build/ModuleCache.noindex/_Builtin_stddef-4WRMXVTB4FQK1OPV0HLVHML27.pcm

SwiftExplicitDependencyGeneratePcm arm64 /Users/rioallen/Documents/DropFly-OS-App-Builder/DropFly-PROJECTS/TradeFly-iOS/build/ModuleCache.noindex/_SwiftConcurrencyShims-88YIJ499N2UAIUKDFEDVNRRSN.pcm

SwiftExplicitDependencyGeneratePcm arm64 /Users/rioallen/Documents/DropFly-OS-App-Builder/DropFly-PROJECTS/TradeFly-iOS/build/ModuleCache.noindex/_Builtin_float-EN9TFQOR603M6O4DACLJCXAO7.pcm

SwiftExplicitDependencyGeneratePcm arm64 /Users/rioallen/Documents/DropFly-OS-App-Builder/DropFly-PROJECTS/TradeFly-iOS/build/ModuleCache.noindex/_Builtin_stdbool-BMW977SNGDAUJS5T6XD2B7XMN.pcm

SwiftExplicitDependencyGeneratePcm arm64 /Users/rioallen/Documents/DropFly-OS-App-Builder/DropFly-PROJECTS/TradeFly-iOS/build/ModuleCache.noindex/SwiftShims-BXOIE4XT7RYMDGDQE0L4JCOMT.pcm

SwiftExplicitDependencyGeneratePcm arm64 /Users/rioallen/Documents/DropFly-OS-App-Builder/DropFly-PROJECTS/TradeFly-iOS/build/ModuleCache.noindex/ptrcheck-N7MVORLNLJZ5EA4IBQSSPZIA.pcm

SwiftExplicitDependencyGeneratePcm arm64 /Users/rioallen/Documents/DropFly-OS-App-Builder/DropFly-PROJECTS/TradeFly-iOS/build/ModuleCache.noindex/ptrauth-DQQBWJ5IL8VV55BBX6TLHH5A9.pcm

SwiftExplicitDependencyGeneratePcm arm64 /Users/rioallen/Documents/DropFly-OS-App-Builder/DropFly-PROJECTS/TradeFly-iOS/build/ModuleCache.noindex/_Builtin_stdarg-6CDI0THR1Y8C6YQZR6WJ3LURA.pcm

SwiftExplicitDependencyGeneratePcm arm64 /Users/rioallen/Documents/DropFly-OS-App-Builder/DropFly-PROJECTS/TradeFly-iOS/build/ModuleCache.noindex/_Builtin_stdbool-CZQ1LWL53DCFDZY856UCQD9I.pcm

SwiftExplicitDependencyGeneratePcm arm64 /Users/rioallen/Documents/DropFly-OS-App-Builder/DropFly-PROJECTS/TradeFly-iOS/build/ModuleCache.noindex/ptrauth-69GCW19393ZPTRZ0MCGGE0CHX.pcm

SwiftExplicitDependencyGeneratePcm arm64 /Users/rioallen/Documents/DropFly-OS-App-Builder/DropFly-PROJECTS/TradeFly-iOS/build/ModuleCache.noindex/_AvailabilityInternal-E691GFZNTM5OXAEAZY2MRGC4V.pcm

SwiftExplicitDependencyGeneratePcm arm64 /Users/rioallen/Documents/DropFly-OS-App-Builder/DropFly-PROJECTS/TradeFly-iOS/build/ModuleCache.noindex/_Builtin_stddef-4I82UT2956IC509TT8UYZM8TY.pcm

SwiftExplicitDependencyGeneratePcm arm64 /Users/rioallen/Documents/DropFly-OS-App-Builder/DropFly-PROJECTS/TradeFly-iOS/build/ModuleCache.noindex/_Builtin_float-3YS8PSTFA01WT17WLQIOZ71WD.pcm

SwiftExplicitDependencyGeneratePcm arm64 /Users/rioallen/Documents/DropFly-OS-App-Builder/DropFly-PROJECTS/TradeFly-iOS/build/ModuleCache.noindex/ptrcheck-8A7EWR3B01DOFXBOFBLTHJZFF.pcm

SwiftExplicitDependencyGeneratePcm arm64 /Users/rioallen/Documents/DropFly-OS-App-Builder/DropFly-PROJECTS/TradeFly-iOS/build/ModuleCache.noindex/_Builtin_stdarg-F5L0EFBPSLF9A2BPHY4GKT9EH.pcm

SwiftDriverJobDiscovery normal arm64 Compiling _Test.swift (in target 'IssueReportingPackageSupport' from project 'xctest-dynamic-overlay')

SwiftDriver\ Compilation IssueReportingPackageSupport normal arm64 com.apple.xcode.tools.swift.compiler (in target 'IssueReportingPackageSupport' from project 'xctest-dynamic-overlay')
    cd /Users/rioallen/Documents/DropFly-OS-App-Builder/DropFly-PROJECTS/TradeFly-iOS/TradeFly.xcodeproj
    builtin-Swift-Compilation -- /Applications/Xcode.app/Contents/Developer/Toolchains/XcodeDefault.xctoolchain/usr/bin/swiftc -module-name IssueReportingPackageSupport -Onone -enforce-exclusivity\=checked @/Users/rioallen/Documents/DropFly-OS-App-Builder/DropFly-PROJECTS/TradeFly-iOS/build/Build/Intermediates.noindex/xctest-dynamic-overlay.build/Debug-iphonesimulator/IssueReportingPackageSupport.build/Objects-normal/arm64/IssueReportingPackageSupport.SwiftFileList -DSWIFT_PACKAGE -DDEBUG -DSWIFT_MODULE_RESOURCE_BUNDLE_UNAVAILABLE -DXcode -plugin-path /Applications/Xcode.app/Contents/Developer/Toolchains/XcodeDefault.xctoolchain/usr/lib/swift/host/plugins/testing -enable-experimental-feature DebugDescriptionMacro -sdk /Applications/Xcode.app/Contents/Developer/Platforms/iPhoneSimulator.platform/Developer/SDKs/iPhoneSimulator26.1.sdk -target arm64-apple-ios13.0-simulator -g -module-cache-path /Users/rioallen/Documents/DropFly-OS-App-Builder/DropFly-PROJECTS/TradeFly-iOS/build/ModuleCache.noindex -Xfrontend -serialize-debugging-options -enable-testing -suppress-warnings -index-store-path /Users/rioallen/Documents/DropFly-OS-App-Builder/DropFly-PROJECTS/TradeFly-iOS/build/Index.noindex/DataStore -Xcc -D_LIBCPP_HARDENING_MODE\=_LIBCPP_HARDENING_MODE_DEBUG -swift-version 6 -I /Users/rioallen/Documents/DropFly-OS-App-Builder/DropFly-PROJECTS/TradeFly-iOS/build/Build/Products/Debug-iphonesimulator -Isystem /Applications/Xcode.app/Contents/Developer/Platforms/iPhoneSimulator.platform/Developer/usr/lib -F /Users/rioallen/Documents/DropFly-OS-App-Builder/DropFly-PROJECTS/TradeFly-iOS/build/Build/Products/Debug-iphonesimulator -F /Applications/Xcode.app/Contents/Developer/Platforms/iPhoneSimulator.platform/Developer/Library/Frameworks -F /Applications/Xcode.app/Contents/Developer/Platforms/iPhoneSimulator.platform/Developer/SDKs/iPhoneSimulator26.1.sdk/Developer/Library/Frameworks -parse-as-library -c -j16 -enable-batch-mode -incremental -Xcc -ivfsstatcache -Xcc /Users/rioallen/Documents/DropFly-OS-App-Builder/DropFly-PROJECTS/TradeFly-iOS/build/SDKStatCaches.noindex/iphonesimulator26.1-23B77-90cf18a4295e390e64c810bc6bd7acbc.sdkstatcache -output-file-map /Users/rioallen/Documents/DropFly-OS-App-Builder/DropFly-PROJECTS/TradeFly-iOS/build/Build/Intermediates.noindex/xctest-dynamic-overlay.build/Debug-iphonesimulator/IssueReportingPackageSupport.build/Objects-normal/arm64/IssueReportingPackageSupport-OutputFileMap.json -use-frontend-parseable-output -save-temps -no-color-diagnostics -explicit-module-build -module-cache-path /Users/rioallen/Documents/DropFly-OS-App-Builder/DropFly-PROJECTS/TradeFly-iOS/build/Build/Intermediates.noindex/SwiftExplicitPrecompiledModules -clang-scanner-module-cache-path /Users/rioallen/Documents/DropFly-OS-App-Builder/DropFly-PROJECTS/TradeFly-iOS/build/ModuleCache.noindex -sdk-module-cache-path /Users/rioallen/Documents/DropFly-OS-App-Builder/DropFly-PROJECTS/TradeFly-iOS/build/ModuleCache.noindex -serialize-diagnostics -emit-dependencies -emit-module -emit-module-path /Users/rioallen/Documents/DropFly-OS-App-Builder/DropFly-PROJECTS/TradeFly-iOS/build/Build/Intermediates.noindex/xctest-dynamic-overlay.build/Debug-iphonesimulator/IssueReportingPackageSupport.build/Objects-normal/arm64/IssueReportingPackageSupport.swiftmodule -user-module-version 1.7.0 -validate-clang-modules-once -clang-build-session-file /Users/rioallen/Documents/DropFly-OS-App-Builder/DropFly-PROJECTS/TradeFly-iOS/build/ModuleCache.noindex/Session.modulevalidation -package-name xctest_dynamic_overlay -Xcc -I/Users/rioallen/Documents/DropFly-OS-App-Builder/DropFly-PROJECTS/TradeFly-iOS/build/Build/Intermediates.noindex/xctest-dynamic-overlay.build/Debug-iphonesimulator/IssueReportingPackageSupport.build/swift-overrides.hmap -emit-const-values -Xfrontend -const-gather-protocols-file -Xfrontend /Users/rioallen/Documents/DropFly-OS-App-Builder/DropFly-PROJECTS/TradeFly-iOS/build/Build/Intermediates.noindex/xctest-dynamic-overlay.build/Debug-iphonesimulator/IssueReportingPackageSupport.build/Objects-normal/arm64/IssueReportingPackageSupport_const_extract_protocols.json -Xcc -I/Users/rioallen/Documents/DropFly-OS-App-Builder/DropFly-PROJECTS/TradeFly-iOS/build/Build/Products/Debug-iphonesimulator/include -Xcc -I/Users/rioallen/Documents/DropFly-OS-App-Builder/DropFly-PROJECTS/TradeFly-iOS/build/Build/Intermediates.noindex/xctest-dynamic-overlay.build/Debug-iphonesimulator/IssueReportingPackageSupport.build/DerivedSources-normal/arm64 -Xcc -I/Users/rioallen/Documents/DropFly-OS-App-Builder/DropFly-PROJECTS/TradeFly-iOS/build/Build/Intermediates.noindex/xctest-dynamic-overlay.build/Debug-iphonesimulator/IssueReportingPackageSupport.build/DerivedSources/arm64 -Xcc -I/Users/rioallen/Documents/DropFly-OS-App-Builder/DropFly-PROJECTS/TradeFly-iOS/build/Build/Intermediates.noindex/xctest-dynamic-overlay.build/Debug-iphonesimulator/IssueReportingPackageSupport.build/DerivedSources -Xcc -DSWIFT_PACKAGE -Xcc -DDEBUG\=1 -emit-objc-header -emit-objc-header-path /Users/rioallen/Documents/DropFly-OS-App-Builder/DropFly-PROJECTS/TradeFly-iOS/build/Build/Intermediates.noindex/xctest-dynamic-overlay.build/Debug-iphonesimulator/IssueReportingPackageSupport.build/Objects-normal/arm64/IssueReportingPackageSupport-Swift.h -working-directory /Users/rioallen/Documents/DropFly-OS-App-Builder/DropFly-PROJECTS/TradeFly-iOS/TradeFly.xcodeproj -experimental-emit-module-separately -disable-cmo

SwiftExplicitDependencyGeneratePcm arm64 /Users/rioallen/Documents/DropFly-OS-App-Builder/DropFly-PROJECTS/TradeFly-iOS/build/ModuleCache.noindex/_DarwinFoundation1-4TFC3GQDHD0WWOXMH8ZJAKVT0.pcm

Ld /Users/rioallen/Documents/DropFly-OS-App-Builder/DropFly-PROJECTS/TradeFly-iOS/build/Build/Products/Debug-iphonesimulator/IssueReportingPackageSupport.o normal (in target 'IssueReportingPackageSupport' from project 'xctest-dynamic-overlay')
    cd /Users/rioallen/Documents/DropFly-OS-App-Builder/DropFly-PROJECTS/TradeFly-iOS/build/SourcePackages/checkouts/xctest-dynamic-overlay
    /Applications/Xcode.app/Contents/Developer/Toolchains/XcodeDefault.xctoolchain/usr/bin/clang -Xlinker -reproducible -target arm64-apple-ios13.0-simulator -r -isysroot /Applications/Xcode.app/Contents/Developer/Platforms/iPhoneSimulator.platform/Developer/SDKs/iPhoneSimulator26.1.sdk -O0 -w -L/Users/rioallen/Documents/DropFly-OS-App-Builder/DropFly-PROJECTS/TradeFly-iOS/build/Build/Intermediates.noindex/EagerLinkingTBDs/Debug-iphonesimulator -L/Users/rioallen/Documents/DropFly-OS-App-Builder/DropFly-PROJECTS/TradeFly-iOS/build/Build/Products/Debug-iphonesimulator -L/Applications/Xcode.app/Contents/Developer/Platforms/iPhoneSimulator.platform/Developer/usr/lib -F/Users/rioallen/Documents/DropFly-OS-App-Builder/DropFly-PROJECTS/TradeFly-iOS/build/Build/Intermediates.noindex/EagerLinkingTBDs/Debug-iphonesimulator -F/Users/rioallen/Documents/DropFly-OS-App-Builder/DropFly-PROJECTS/TradeFly-iOS/build/Build/Products/Debug-iphonesimulator -iframework /Applications/Xcode.app/Contents/Developer/Platforms/iPhoneSimulator.platform/Developer/Library/Frameworks -iframework /Applications/Xcode.app/Contents/Developer/Platforms/iPhoneSimulator.platform/Developer/SDKs/iPhoneSimulator26.1.sdk/Developer/Library/Frameworks -filelist /Users/rioallen/Documents/DropFly-OS-App-Builder/DropFly-PROJECTS/TradeFly-iOS/build/Build/Intermediates.noindex/xctest-dynamic-overlay.build/Debug-iphonesimulator/IssueReportingPackageSupport.build/Objects-normal/arm64/IssueReportingPackageSupport.LinkFileList -nostdlib -Xlinker -object_path_lto -Xlinker /Users/rioallen/Documents/DropFly-OS-App-Builder/DropFly-PROJECTS/TradeFly-iOS/build/Build/Intermediates.noindex/xctest-dynamic-overlay.build/Debug-iphonesimulator/IssueReportingPackageSupport.build/Objects-normal/arm64/IssueReportingPackageSupport_lto.o -rdynamic -Xlinker -no_deduplicate -Xlinker -objc_abi_version -Xlinker 2 -Xlinker -dependency_info -Xlinker /Users/rioallen/Documents/DropFly-OS-App-Builder/DropFly-PROJECTS/TradeFly-iOS/build/Build/Intermediates.noindex/xctest-dynamic-overlay.build/Debug-iphonesimulator/IssueReportingPackageSupport.build/Objects-normal/arm64/IssueReportingPackageSupport_dependency_info.dat -fobjc-link-runtime -L/Applications/Xcode.app/Contents/Developer/Toolchains/XcodeDefault.xctoolchain/usr/lib/swift/iphonesimulator -L/usr/lib/swift -Xlinker -add_ast_path -Xlinker /Users/rioallen/Documents/DropFly-OS-App-Builder/DropFly-PROJECTS/TradeFly-iOS/build/Build/Intermediates.noindex/xctest-dynamic-overlay.build/Debug-iphonesimulator/IssueReportingPackageSupport.build/Objects-normal/arm64/IssueReportingPackageSupport.swiftmodule @/Users/rioallen/Documents/DropFly-OS-App-Builder/DropFly-PROJECTS/TradeFly-iOS/build/Build/Intermediates.noindex/xctest-dynamic-overlay.build/Debug-iphonesimulator/IssueReportingPackageSupport.build/Objects-normal/arm64/IssueReportingPackageSupport-linker-args.resp -o /Users/rioallen/Documents/DropFly-OS-App-Builder/DropFly-PROJECTS/TradeFly-iOS/build/Build/Products/Debug-iphonesimulator/IssueReportingPackageSupport.o

SwiftExplicitDependencyGeneratePcm arm64 /Users/rioallen/Documents/DropFly-OS-App-Builder/DropFly-PROJECTS/TradeFly-iOS/build/ModuleCache.noindex/_DarwinFoundation1-AHFJ2613E8BI10LOWVWV2TED9.pcm

ExtractAppIntentsMetadata (in target 'IssueReportingPackageSupport' from project 'xctest-dynamic-overlay')
    cd /Users/rioallen/Documents/DropFly-OS-App-Builder/DropFly-PROJECTS/TradeFly-iOS/build/SourcePackages/checkouts/xctest-dynamic-overlay
    /Applications/Xcode.app/Contents/Developer/Toolchains/XcodeDefault.xctoolchain/usr/bin/appintentsmetadataprocessor --toolchain-dir /Applications/Xcode.app/Contents/Developer/Toolchains/XcodeDefault.xctoolchain --module-name IssueReportingPackageSupport --sdk-root /Applications/Xcode.app/Contents/Developer/Platforms/iPhoneSimulator.platform/Developer/SDKs/iPhoneSimulator26.1.sdk --xcode-version 17B100 --platform-family iOS --deployment-target 13.0 --bundle-identifier xctest-dynamic-overlay.IssueReportingPackageSupport --output /Users/rioallen/Documents/DropFly-OS-App-Builder/DropFly-PROJECTS/TradeFly-iOS/build/Build/Products/Debug-iphonesimulator/IssueReportingPackageSupport.appintents --target-triple arm64-apple-ios13.0-simulator --binary-file /Users/rioallen/Documents/DropFly-OS-App-Builder/DropFly-PROJECTS/TradeFly-iOS/build/Build/Products/Debug-iphonesimulator/IssueReportingPackageSupport.o --dependency-file /Users/rioallen/Documents/DropFly-OS-App-Builder/DropFly-PROJECTS/TradeFly-iOS/build/Build/Intermediates.noindex/xctest-dynamic-overlay.build/Debug-iphonesimulator/IssueReportingPackageSupport.build/Objects-normal/arm64/IssueReportingPackageSupport_dependency_info.dat --stringsdata-file /Users/rioallen/Documents/DropFly-OS-App-Builder/DropFly-PROJECTS/TradeFly-iOS/build/Build/Intermediates.noindex/xctest-dynamic-overlay.build/Debug-iphonesimulator/IssueReportingPackageSupport.build/Objects-normal/arm64/ExtractedAppShortcutsMetadata.stringsdata --source-file-list /Users/rioallen/Documents/DropFly-OS-App-Builder/DropFly-PROJECTS/TradeFly-iOS/build/Build/Intermediates.noindex/xctest-dynamic-overlay.build/Debug-iphonesimulator/IssueReportingPackageSupport.build/Objects-normal/arm64/IssueReportingPackageSupport.SwiftFileList --metadata-file-list /Users/rioallen/Documents/DropFly-OS-App-Builder/DropFly-PROJECTS/TradeFly-iOS/build/Build/Intermediates.noindex/xctest-dynamic-overlay.build/Debug-iphonesimulator/IssueReportingPackageSupport.build/IssueReportingPackageSupport.DependencyMetadataFileList --static-metadata-file-list /Users/rioallen/Documents/DropFly-OS-App-Builder/DropFly-PROJECTS/TradeFly-iOS/build/Build/Intermediates.noindex/xctest-dynamic-overlay.build/Debug-iphonesimulator/IssueReportingPackageSupport.build/IssueReportingPackageSupport.DependencyStaticMetadataFileList --swift-const-vals-list /Users/rioallen/Documents/DropFly-OS-App-Builder/DropFly-PROJECTS/TradeFly-iOS/build/Build/Intermediates.noindex/xctest-dynamic-overlay.build/Debug-iphonesimulator/IssueReportingPackageSupport.build/Objects-normal/arm64/IssueReportingPackageSupport.SwiftConstValuesFileList --force --compile-time-extraction --deployment-aware-processing --validate-assistant-intents --no-app-shortcuts-localization
2025-11-26 19:16:02.324 appintentsmetadataprocessor[32210:5261784] Starting appintentsmetadataprocessor export
2025-11-26 19:16:02.422 appintentsmetadataprocessor[32210:5261784] Extracted no relevant App Intents symbols, skipping writing output

SwiftExplicitDependencyGeneratePcm arm64 /Users/rioallen/Documents/DropFly-OS-App-Builder/DropFly-PROJECTS/TradeFly-iOS/build/ModuleCache.noindex/_DarwinFoundation2-5VTH28FG013G4HGA480H1KJSP.pcm

SwiftExplicitDependencyGeneratePcm arm64 /Users/rioallen/Documents/DropFly-OS-App-Builder/DropFly-PROJECTS/TradeFly-iOS/build/ModuleCache.noindex/_Builtin_limits-87DIHGY0ZT7XHIH509DOP8T1M.pcm

SwiftExplicitDependencyGeneratePcm arm64 /Users/rioallen/Documents/DropFly-OS-App-Builder/DropFly-PROJECTS/TradeFly-iOS/build/ModuleCache.noindex/_Builtin_limits-1TRRIVRC6735M1HR06A7YND1Q.pcm

SwiftExplicitDependencyGeneratePcm arm64 /Users/rioallen/Documents/DropFly-OS-App-Builder/DropFly-PROJECTS/TradeFly-iOS/build/ModuleCache.noindex/_DarwinFoundation2-5NCG73DP7W5KEE8234VNH935F.pcm

SwiftExplicitDependencyGeneratePcm arm64 /Users/rioallen/Documents/DropFly-OS-App-Builder/DropFly-PROJECTS/TradeFly-iOS/build/ModuleCache.noindex/_Builtin_stdint-73ZCUG4XOOMA57VIOJNBRVX8G.pcm

SwiftExplicitDependencyGeneratePcm arm64 /Users/rioallen/Documents/DropFly-OS-App-Builder/DropFly-PROJECTS/TradeFly-iOS/build/ModuleCache.noindex/sys_types-3DT5NQMCEAZFW77Z4OG0G7QK1.pcm

SwiftExplicitDependencyGeneratePcm arm64 /Users/rioallen/Documents/DropFly-OS-App-Builder/DropFly-PROJECTS/TradeFly-iOS/build/ModuleCache.noindex/sys_types-7EWLEN726IBFUBG1BK4DDEKZ2.pcm

SwiftExplicitDependencyGeneratePcm arm64 /Users/rioallen/Documents/DropFly-OS-App-Builder/DropFly-PROJECTS/TradeFly-iOS/build/ModuleCache.noindex/_Builtin_stdint-DCCRT8G2QRHU1UJ5EGPMK07LY.pcm

SwiftExplicitDependencyGeneratePcm arm64 /Users/rioallen/Documents/DropFly-OS-App-Builder/DropFly-PROJECTS/TradeFly-iOS/build/ModuleCache.noindex/_DarwinFoundation3-AOX2HQTVYGYNSST77OFGUEJ13.pcm

RegisterExecutionPolicyException /Users/rioallen/Documents/DropFly-OS-App-Builder/DropFly-PROJECTS/TradeFly-iOS/build/Build/Products/Debug-iphonesimulator/IssueReportingPackageSupport.o (in target 'IssueReportingPackageSupport' from project 'xctest-dynamic-overlay')
    cd /Users/rioallen/Documents/DropFly-OS-App-Builder/DropFly-PROJECTS/TradeFly-iOS/build/SourcePackages/checkouts/xctest-dynamic-overlay
    builtin-RegisterExecutionPolicyException /Users/rioallen/Documents/DropFly-OS-App-Builder/DropFly-PROJECTS/TradeFly-iOS/build/Build/Products/Debug-iphonesimulator/IssueReportingPackageSupport.o

SwiftExplicitDependencyGeneratePcm arm64 /Users/rioallen/Documents/DropFly-OS-App-Builder/DropFly-PROJECTS/TradeFly-iOS/build/ModuleCache.noindex/_Builtin_stdatomic-BMB9BXL1N2D1S5HNSBMSRAPYE.pcm

SwiftExplicitDependencyGeneratePcm arm64 /Users/rioallen/Documents/DropFly-OS-App-Builder/DropFly-PROJECTS/TradeFly-iOS/build/ModuleCache.noindex/_DarwinFoundation3-1MV691GT4MIAZOL1EJK5DLZNZ.pcm

SwiftExplicitDependencyGeneratePcm arm64 /Users/rioallen/Documents/DropFly-OS-App-Builder/DropFly-PROJECTS/TradeFly-iOS/build/ModuleCache.noindex/_Builtin_inttypes-3MZHIDCWQVUOY4HLUII0FMKUY.pcm

SwiftExplicitDependencyGeneratePcm arm64 /Users/rioallen/Documents/DropFly-OS-App-Builder/DropFly-PROJECTS/TradeFly-iOS/build/ModuleCache.noindex/_Builtin_inttypes-IV5QTFH1UQ025M0NYWL1KJUB.pcm

SwiftExplicitDependencyGeneratePcm arm64 /Users/rioallen/Documents/DropFly-OS-App-Builder/DropFly-PROJECTS/TradeFly-iOS/build/ModuleCache.noindex/Darwin-3HMRSKBL99R3EKYRZKSPGWPEO.pcm

SwiftExplicitDependencyGeneratePcm arm64 /Users/rioallen/Documents/DropFly-OS-App-Builder/DropFly-PROJECTS/TradeFly-iOS/build/ModuleCache.noindex/Darwin-4N1MQ3IJT87CVZCF6P6D7A5XL.pcm

SwiftExplicitDependencyGeneratePcm arm64 /Users/rioallen/Documents/DropFly-OS-App-Builder/DropFly-PROJECTS/TradeFly-iOS/build/ModuleCache.noindex/ObjectiveC-AWSPTVDWR733E9BLHGAU5L098.pcm

SwiftExplicitDependencyGeneratePcm arm64 /Users/rioallen/Documents/DropFly-OS-App-Builder/DropFly-PROJECTS/TradeFly-iOS/build/ModuleCache.noindex/ObjectiveC-8AEDHO8YEQSFWAR7NQ6FU971Q.pcm

SwiftExplicitDependencyGeneratePcm arm64 /Users/rioallen/Documents/DropFly-OS-App-Builder/DropFly-PROJECTS/TradeFly-iOS/build/ModuleCache.noindex/MachO-77WMPR9LTLVU3SOGHHQTSQ6KV.pcm

SwiftExplicitDependencyGeneratePcm arm64 /Users/rioallen/Documents/DropFly-OS-App-Builder/DropFly-PROJECTS/TradeFly-iOS/build/ModuleCache.noindex/os_object-6M6PTIYB8XB6WX4FU7PU8L6LA.pcm

SwiftExplicitDependencyGeneratePcm arm64 /Users/rioallen/Documents/DropFly-OS-App-Builder/DropFly-PROJECTS/TradeFly-iOS/build/ModuleCache.noindex/os_object-CPELAHLU0DOCKWWZJ26MS0D0D.pcm

SwiftExplicitDependencyGeneratePcm arm64 /Users/rioallen/Documents/DropFly-OS-App-Builder/DropFly-PROJECTS/TradeFly-iOS/build/ModuleCache.noindex/os_workgroup-A6Q32BSDTRGJGD0P3QRGMYTZD.pcm

SwiftExplicitDependencyGeneratePcm arm64 /Users/rioallen/Documents/DropFly-OS-App-Builder/DropFly-PROJECTS/TradeFly-iOS/build/ModuleCache.noindex/os_workgroup-2H6C242FH601WGPFJ92V5GUHK.pcm

SwiftExplicitDependencyGeneratePcm arm64 /Users/rioallen/Documents/DropFly-OS-App-Builder/DropFly-PROJECTS/TradeFly-iOS/build/ModuleCache.noindex/Dispatch-ACP68PNCAIQ7NE19V0KS7JEQB.pcm

SwiftExplicitDependencyGeneratePcm arm64 /Users/rioallen/Documents/DropFly-OS-App-Builder/DropFly-PROJECTS/TradeFly-iOS/build/ModuleCache.noindex/Dispatch-6YHY2HLCIAGSOHVKK8VUZCYT3.pcm

SwiftExplicitDependencyGeneratePcm arm64 /Users/rioallen/Documents/DropFly-OS-App-Builder/DropFly-PROJECTS/TradeFly-iOS/build/ModuleCache.noindex/XPC-8I4IYZQW2SGJBK4JHHYB73OEP.pcm

SwiftExplicitDependencyGeneratePcm arm64 /Users/rioallen/Documents/DropFly-OS-App-Builder/DropFly-PROJECTS/TradeFly-iOS/build/ModuleCache.noindex/CoreFoundation-8FUXCR9OKHFFFT4TTZ4D0391F.pcm

SwiftExplicitDependencyGeneratePcm arm64 /Users/rioallen/Documents/DropFly-OS-App-Builder/DropFly-PROJECTS/TradeFly-iOS/build/ModuleCache.noindex/CoreFoundation-B3GZZ174IEDIV3NT9KF0S20QO.pcm

SwiftExplicitDependencyGeneratePcm arm64 /Users/rioallen/Documents/DropFly-OS-App-Builder/DropFly-PROJECTS/TradeFly-iOS/build/ModuleCache.noindex/XPC-4CIN9FQSINFILSZ2H4LXY5YGI.pcm

SwiftExplicitDependencyGeneratePcm arm64 /Users/rioallen/Documents/DropFly-OS-App-Builder/DropFly-PROJECTS/TradeFly-iOS/build/ModuleCache.noindex/os-3PQ3J7C0FASCHNLHOGDSFY65H.pcm

SwiftExplicitDependencyGeneratePcm arm64 /Users/rioallen/Documents/DropFly-OS-App-Builder/DropFly-PROJECTS/TradeFly-iOS/build/ModuleCache.noindex/Security-7GOLTL7OTKXTU4NB1USP30Z6I.pcm

SwiftExplicitDependencyGeneratePcm arm64 /Users/rioallen/Documents/DropFly-OS-App-Builder/DropFly-PROJECTS/TradeFly-iOS/build/ModuleCache.noindex/CFNetwork-49CT55DL50P2YZRZ8YB7AJ4MM.pcm

SwiftExplicitDependencyGeneratePcm arm64 /Users/rioallen/Documents/DropFly-OS-App-Builder/DropFly-PROJECTS/TradeFly-iOS/build/ModuleCache.noindex/CFNetwork-7DE4BVOAQR18985FNQTY6PSDH.pcm

SwiftExplicitDependencyGeneratePcm arm64 /Users/rioallen/Documents/DropFly-OS-App-Builder/DropFly-PROJECTS/TradeFly-iOS/build/ModuleCache.noindex/Security-1YZWCEYJCMHDSXCMDF78Y1RLH.pcm

SwiftExplicitDependencyGeneratePcm arm64 /Users/rioallen/Documents/DropFly-OS-App-Builder/DropFly-PROJECTS/TradeFly-iOS/build/ModuleCache.noindex/Foundation-2GHAGCN655Z7TR6FS44J9A6GS.pcm

SwiftExplicitDependencyGeneratePcm arm64 /Users/rioallen/Documents/DropFly-OS-App-Builder/DropFly-PROJECTS/TradeFly-iOS/build/ModuleCache.noindex/Foundation-45F17POYKC5ADVMLF0Y92FOFY.pcm

SwiftCompile normal arm64 Compiling\ HTTPField.swift /Users/rioallen/Documents/DropFly-OS-App-Builder/DropFly-PROJECTS/TradeFly-iOS/build/SourcePackages/checkouts/swift-http-types/Sources/HTTPTypes/HTTPField.swift (in target 'HTTPTypes' from project 'swift-http-types')

SwiftCompile normal arm64 /Users/rioallen/Documents/DropFly-OS-App-Builder/DropFly-PROJECTS/TradeFly-iOS/build/SourcePackages/checkouts/swift-http-types/Sources/HTTPTypes/HTTPField.swift (in target 'HTTPTypes' from project 'swift-http-types')
    cd /Users/rioallen/Documents/DropFly-OS-App-Builder/DropFly-PROJECTS/TradeFly-iOS/TradeFly.xcodeproj
    

SwiftEmitModule normal arm64 Emitting\ module\ for\ HTTPTypes (in target 'HTTPTypes' from project 'swift-http-types')

EmitSwiftModule normal arm64 (in target 'HTTPTypes' from project 'swift-http-types')
    cd /Users/rioallen/Documents/DropFly-OS-App-Builder/DropFly-PROJECTS/TradeFly-iOS/TradeFly.xcodeproj
    

SwiftCompile normal arm64 Compiling\ HTTPRequest+URL.swift /Users/rioallen/Documents/DropFly-OS-App-Builder/DropFly-PROJECTS/TradeFly-iOS/build/SourcePackages/checkouts/swift-http-types/Sources/HTTPTypes/HTTPRequest+URL.swift (in target 'HTTPTypes' from project 'swift-http-types')
SwiftCompile normal arm64 /Users/rioallen/Documents/DropFly-OS-App-Builder/DropFly-PROJECTS/TradeFly-iOS/build/SourcePackages/checkouts/swift-http-types/Sources/HTTPTypes/HTTPRequest+URL.swift (in target 'HTTPTypes' from project 'swift-http-types')
    cd /Users/rioallen/Documents/DropFly-OS-App-Builder/DropFly-PROJECTS/TradeFly-iOS/TradeFly.xcodeproj
    

SwiftCompile normal arm64 Compiling\ ISOLatin1String.swift /Users/rioallen/Documents/DropFly-OS-App-Builder/DropFly-PROJECTS/TradeFly-iOS/build/SourcePackages/checkouts/swift-http-types/Sources/HTTPTypes/ISOLatin1String.swift (in target 'HTTPTypes' from project 'swift-http-types')

SwiftCompile normal arm64 /Users/rioallen/Documents/DropFly-OS-App-Builder/DropFly-PROJECTS/TradeFly-iOS/build/SourcePackages/checkouts/swift-http-types/Sources/HTTPTypes/ISOLatin1String.swift (in target 'HTTPTypes' from project 'swift-http-types')
    cd /Users/rioallen/Documents/DropFly-OS-App-Builder/DropFly-PROJECTS/TradeFly-iOS/TradeFly.xcodeproj
    

SwiftCompile normal arm64 Compiling\ HTTPParsedFields.swift /Users/rioallen/Documents/DropFly-OS-App-Builder/DropFly-PROJECTS/TradeFly-iOS/build/SourcePackages/checkouts/swift-http-types/Sources/HTTPTypes/HTTPParsedFields.swift (in target 'HTTPTypes' from project 'swift-http-types')

SwiftCompile normal arm64 /Users/rioallen/Documents/DropFly-OS-App-Builder/DropFly-PROJECTS/TradeFly-iOS/build/SourcePackages/checkouts/swift-http-types/Sources/HTTPTypes/HTTPParsedFields.swift (in target 'HTTPTypes' from project 'swift-http-types')
    cd /Users/rioallen/Documents/DropFly-OS-App-Builder/DropFly-PROJECTS/TradeFly-iOS/TradeFly.xcodeproj
    

SwiftCompile normal arm64 Compiling\ HTTPRequest.swift /Users/rioallen/Documents/DropFly-OS-App-Builder/DropFly-PROJECTS/TradeFly-iOS/build/SourcePackages/checkouts/swift-http-types/Sources/HTTPTypes/HTTPRequest.swift (in target 'HTTPTypes' from project 'swift-http-types')

SwiftCompile normal arm64 /Users/rioallen/Documents/DropFly-OS-App-Builder/DropFly-PROJECTS/TradeFly-iOS/build/SourcePackages/checkouts/swift-http-types/Sources/HTTPTypes/HTTPRequest.swift (in target 'HTTPTypes' from project 'swift-http-types')
    cd /Users/rioallen/Documents/DropFly-OS-App-Builder/DropFly-PROJECTS/TradeFly-iOS/TradeFly.xcodeproj
    

SwiftCompile normal arm64 Compiling\ HTTPResponse.swift /Users/rioallen/Documents/DropFly-OS-App-Builder/DropFly-PROJECTS/TradeFly-iOS/build/SourcePackages/checkouts/swift-http-types/Sources/HTTPTypes/HTTPResponse.swift (in target 'HTTPTypes' from project 'swift-http-types')

SwiftCompile normal arm64 /Users/rioallen/Documents/DropFly-OS-App-Builder/DropFly-PROJECTS/TradeFly-iOS/build/SourcePackages/checkouts/swift-http-types/Sources/HTTPTypes/HTTPResponse.swift (in target 'HTTPTypes' from project 'swift-http-types')
    cd /Users/rioallen/Documents/DropFly-OS-App-Builder/DropFly-PROJECTS/TradeFly-iOS/TradeFly.xcodeproj
    

SwiftCompile normal arm64 Compiling\ HTTPFieldName.swift /Users/rioallen/Documents/DropFly-OS-App-Builder/DropFly-PROJECTS/TradeFly-iOS/build/SourcePackages/checkouts/swift-http-types/Sources/HTTPTypes/HTTPFieldName.swift (in target 'HTTPTypes' from project 'swift-http-types')

SwiftCompile normal arm64 /Users/rioallen/Documents/DropFly-OS-App-Builder/DropFly-PROJECTS/TradeFly-iOS/build/SourcePackages/checkouts/swift-http-types/Sources/HTTPTypes/HTTPFieldName.swift (in target 'HTTPTypes' from project 'swift-http-types')
    cd /Users/rioallen/Documents/DropFly-OS-App-Builder/DropFly-PROJECTS/TradeFly-iOS/TradeFly.xcodeproj
    

SwiftCompile normal arm64 Compiling\ NIOLock.swift /Users/rioallen/Documents/DropFly-OS-App-Builder/DropFly-PROJECTS/TradeFly-iOS/build/SourcePackages/checkouts/swift-http-types/Sources/HTTPTypes/NIOLock.swift (in target 'HTTPTypes' from project 'swift-http-types')

SwiftCompile normal arm64 /Users/rioallen/Documents/DropFly-OS-App-Builder/DropFly-PROJECTS/TradeFly-iOS/build/SourcePackages/checkouts/swift-http-types/Sources/HTTPTypes/NIOLock.swift (in target 'HTTPTypes' from project 'swift-http-types')
    cd /Users/rioallen/Documents/DropFly-OS-App-Builder/DropFly-PROJECTS/TradeFly-iOS/TradeFly.xcodeproj
    

SwiftCompile normal arm64 Compiling\ HTTPFields.swift /Users/rioallen/Documents/DropFly-OS-App-Builder/DropFly-PROJECTS/TradeFly-iOS/build/SourcePackages/checkouts/swift-http-types/Sources/HTTPTypes/HTTPFields.swift (in target 'HTTPTypes' from project 'swift-http-types')

SwiftCompile normal arm64 /Users/rioallen/Documents/DropFly-OS-App-Builder/DropFly-PROJECTS/TradeFly-iOS/build/SourcePackages/checkouts/swift-http-types/Sources/HTTPTypes/HTTPFields.swift (in target 'HTTPTypes' from project 'swift-http-types')
    cd /Users/rioallen/Documents/DropFly-OS-App-Builder/DropFly-PROJECTS/TradeFly-iOS/TradeFly.xcodeproj
    

SwiftEmitModule normal arm64 Emitting\ module\ for\ IssueReporting (in target 'IssueReporting' from project 'xctest-dynamic-overlay')

EmitSwiftModule normal arm64 (in target 'IssueReporting' from project 'xctest-dynamic-overlay')
    cd /Users/rioallen/Documents/DropFly-OS-App-Builder/DropFly-PROJECTS/TradeFly-iOS/TradeFly.xcodeproj
    

SwiftEmitModule normal arm64 Emitting\ module\ for\ ConcurrencyExtras (in target 'ConcurrencyExtras' from project 'swift-concurrency-extras')

EmitSwiftModule normal arm64 (in target 'ConcurrencyExtras' from project 'swift-concurrency-extras')
    cd /Users/rioallen/Documents/DropFly-OS-App-Builder/DropFly-PROJECTS/TradeFly-iOS/TradeFly.xcodeproj
    

SwiftExplicitDependencyGeneratePcm arm64 /Users/rioallen/Documents/DropFly-OS-App-Builder/DropFly-PROJECTS/TradeFly-iOS/build/ModuleCache.noindex/LocalAuthentication-2COIM5NLO6QK8FUZO7LRKP6FT.pcm

SwiftCompile normal arm64 Compiling\ WithIssueContext.swift /Users/rioallen/Documents/DropFly-OS-App-Builder/DropFly-PROJECTS/TradeFly-iOS/build/SourcePackages/checkouts/xctest-dynamic-overlay/Sources/IssueReporting/WithIssueContext.swift (in target 'IssueReporting' from project 'xctest-dynamic-overlay')

SwiftCompile normal arm64 /Users/rioallen/Documents/DropFly-OS-App-Builder/DropFly-PROJECTS/TradeFly-iOS/build/SourcePackages/checkouts/xctest-dynamic-overlay/Sources/IssueReporting/WithIssueContext.swift (in target 'IssueReporting' from project 'xctest-dynamic-overlay')
    cd /Users/rioallen/Documents/DropFly-OS-App-Builder/DropFly-PROJECTS/TradeFly-iOS/TradeFly.xcodeproj
    

SwiftCompile normal arm64 Compiling\ Warn.swift /Users/rioallen/Documents/DropFly-OS-App-Builder/DropFly-PROJECTS/TradeFly-iOS/build/SourcePackages/checkouts/xctest-dynamic-overlay/Sources/IssueReporting/Internal/Warn.swift (in target 'IssueReporting' from project 'xctest-dynamic-overlay')

SwiftCompile normal arm64 /Users/rioallen/Documents/DropFly-OS-App-Builder/DropFly-PROJECTS/TradeFly-iOS/build/SourcePackages/checkouts/xctest-dynamic-overlay/Sources/IssueReporting/Internal/Warn.swift (in target 'IssueReporting' from project 'xctest-dynamic-overlay')
    cd /Users/rioallen/Documents/DropFly-OS-App-Builder/DropFly-PROJECTS/TradeFly-iOS/TradeFly.xcodeproj
    

SwiftCompile normal arm64 Compiling\ TestContext.swift /Users/rioallen/Documents/DropFly-OS-App-Builder/DropFly-PROJECTS/TradeFly-iOS/build/SourcePackages/checkouts/xctest-dynamic-overlay/Sources/IssueReporting/TestContext.swift (in target 'IssueReporting' from project 'xctest-dynamic-overlay')

SwiftCompile normal arm64 /Users/rioallen/Documents/DropFly-OS-App-Builder/DropFly-PROJECTS/TradeFly-iOS/build/SourcePackages/checkouts/xctest-dynamic-overlay/Sources/IssueReporting/TestContext.swift (in target 'IssueReporting' from project 'xctest-dynamic-overlay')
    cd /Users/rioallen/Documents/DropFly-OS-App-Builder/DropFly-PROJECTS/TradeFly-iOS/TradeFly.xcodeproj
    

SwiftCompile normal arm64 Compiling\ IssueReporter.swift /Users/rioallen/Documents/DropFly-OS-App-Builder/DropFly-PROJECTS/TradeFly-iOS/build/SourcePackages/checkouts/xctest-dynamic-overlay/Sources/IssueReporting/IssueReporter.swift (in target 'IssueReporting' from project 'xctest-dynamic-overlay')

SwiftCompile normal arm64 /Users/rioallen/Documents/DropFly-OS-App-Builder/DropFly-PROJECTS/TradeFly-iOS/build/SourcePackages/checkouts/xctest-dynamic-overlay/Sources/IssueReporting/IssueReporter.swift (in target 'IssueReporting' from project 'xctest-dynamic-overlay')
    cd /Users/rioallen/Documents/DropFly-OS-App-Builder/DropFly-PROJECTS/TradeFly-iOS/TradeFly.xcodeproj
    

SwiftEmitModule normal arm64 Emitting\ module\ for\ Crypto (in target 'Crypto' from project 'swift-crypto')

EmitSwiftModule normal arm64 (in target 'Crypto' from project 'swift-crypto')
    cd /Users/rioallen/Documents/DropFly-OS-App-Builder/DropFly-PROJECTS/TradeFly-iOS/TradeFly.xcodeproj
    

SwiftDriverJobDiscovery normal arm64 Emitting module for ConcurrencyExtras (in target 'ConcurrencyExtras' from project 'swift-concurrency-extras')

SwiftDriver\ Compilation\ Requirements ConcurrencyExtras normal arm64 com.apple.xcode.tools.swift.compiler (in target 'ConcurrencyExtras' from project 'swift-concurrency-extras')
    cd /Users/rioallen/Documents/DropFly-OS-App-Builder/DropFly-PROJECTS/TradeFly-iOS/TradeFly.xcodeproj
    builtin-Swift-Compilation-Requirements -- /Applications/Xcode.app/Contents/Developer/Toolchains/XcodeDefault.xctoolchain/usr/bin/swiftc -module-name ConcurrencyExtras -Onone -enforce-exclusivity\=checked @/Users/rioallen/Documents/DropFly-OS-App-Builder/DropFly-PROJECTS/TradeFly-iOS/build/Build/Intermediates.noindex/swift-concurrency-extras.build/Debug-iphonesimulator/ConcurrencyExtras.build/Objects-normal/arm64/ConcurrencyExtras.SwiftFileList -DSWIFT_PACKAGE -DDEBUG -DSWIFT_MODULE_RESOURCE_BUNDLE_UNAVAILABLE -DXcode -plugin-path /Applications/Xcode.app/Contents/Developer/Toolchains/XcodeDefault.xctoolchain/usr/lib/swift/host/plugins/testing -enable-experimental-feature DebugDescriptionMacro -sdk /Applications/Xcode.app/Contents/Developer/Platforms/iPhoneSimulator.platform/Developer/SDKs/iPhoneSimulator26.1.sdk -target arm64-apple-ios13.0-simulator -g -module-cache-path /Users/rioallen/Documents/DropFly-OS-App-Builder/DropFly-PROJECTS/TradeFly-iOS/build/ModuleCache.noindex -Xfrontend -serialize-debugging-options -enable-testing -suppress-warnings -index-store-path /Users/rioallen/Documents/DropFly-OS-App-Builder/DropFly-PROJECTS/TradeFly-iOS/build/Index.noindex/DataStore -Xcc -D_LIBCPP_HARDENING_MODE\=_LIBCPP_HARDENING_MODE_DEBUG -swift-version 6 -I /Users/rioallen/Documents/DropFly-OS-App-Builder/DropFly-PROJECTS/TradeFly-iOS/build/Build/Products/Debug-iphonesimulator -Isystem /Applications/Xcode.app/Contents/Developer/Platforms/iPhoneSimulator.platform/Developer/usr/lib -F /Users/rioallen/Documents/DropFly-OS-App-Builder/DropFly-PROJECTS/TradeFly-iOS/build/Build/Products/Debug-iphonesimulator -F /Applications/Xcode.app/Contents/Developer/Platforms/iPhoneSimulator.platform/Developer/Library/Frameworks -F /Applications/Xcode.app/Contents/Developer/Platforms/iPhoneSimulator.platform/Developer/SDKs/iPhoneSimulator26.1.sdk/Developer/Library/Frameworks -c -j16 -enable-batch-mode -incremental -Xcc -ivfsstatcache -Xcc /Users/rioallen/Documents/DropFly-OS-App-Builder/DropFly-PROJECTS/TradeFly-iOS/build/SDKStatCaches.noindex/iphonesimulator26.1-23B77-90cf18a4295e390e64c810bc6bd7acbc.sdkstatcache -output-file-map /Users/rioallen/Documents/DropFly-OS-App-Builder/DropFly-PROJECTS/TradeFly-iOS/build/Build/Intermediates.noindex/swift-concurrency-extras.build/Debug-iphonesimulator/ConcurrencyExtras.build/Objects-normal/arm64/ConcurrencyExtras-OutputFileMap.json -use-frontend-parseable-output -save-temps -no-color-diagnostics -explicit-module-build -module-cache-path /Users/rioallen/Documents/DropFly-OS-App-Builder/DropFly-PROJECTS/TradeFly-iOS/build/Build/Intermediates.noindex/SwiftExplicitPrecompiledModules -clang-scanner-module-cache-path /Users/rioallen/Documents/DropFly-OS-App-Builder/DropFly-PROJECTS/TradeFly-iOS/build/ModuleCache.noindex -sdk-module-cache-path /Users/rioallen/Documents/DropFly-OS-App-Builder/DropFly-PROJECTS/TradeFly-iOS/build/ModuleCache.noindex -serialize-diagnostics -emit-dependencies -emit-module -emit-module-path /Users/rioallen/Documents/DropFly-OS-App-Builder/DropFly-PROJECTS/TradeFly-iOS/build/Build/Intermediates.noindex/swift-concurrency-extras.build/Debug-iphonesimulator/ConcurrencyExtras.build/Objects-normal/arm64/ConcurrencyExtras.swiftmodule -user-module-version 1.3.2 -validate-clang-modules-once -clang-build-session-file /Users/rioallen/Documents/DropFly-OS-App-Builder/DropFly-PROJECTS/TradeFly-iOS/build/ModuleCache.noindex/Session.modulevalidation -package-name swift_concurrency_extras -Xcc -I/Users/rioallen/Documents/DropFly-OS-App-Builder/DropFly-PROJECTS/TradeFly-iOS/build/Build/Intermediates.noindex/swift-concurrency-extras.build/Debug-iphonesimulator/ConcurrencyExtras.build/swift-overrides.hmap -emit-const-values -Xfrontend -const-gather-protocols-file -Xfrontend /Users/rioallen/Documents/DropFly-OS-App-Builder/DropFly-PROJECTS/TradeFly-iOS/build/Build/Intermediates.noindex/swift-concurrency-extras.build/Debug-iphonesimulator/ConcurrencyExtras.build/Objects-normal/arm64/ConcurrencyExtras_const_extract_protocols.json -Xcc -I/Users/rioallen/Documents/DropFly-OS-App-Builder/DropFly-PROJECTS/TradeFly-iOS/build/Build/Products/Debug-iphonesimulator/include -Xcc -I/Users/rioallen/Documents/DropFly-OS-App-Builder/DropFly-PROJECTS/TradeFly-iOS/build/Build/Intermediates.noindex/swift-concurrency-extras.build/Debug-iphonesimulator/ConcurrencyExtras.build/DerivedSources-normal/arm64 -Xcc -I/Users/rioallen/Documents/DropFly-OS-App-Builder/DropFly-PROJECTS/TradeFly-iOS/build/Build/Intermediates.noindex/swift-concurrency-extras.build/Debug-iphonesimulator/ConcurrencyExtras.build/DerivedSources/arm64 -Xcc -I/Users/rioallen/Documents/DropFly-OS-App-Builder/DropFly-PROJECTS/TradeFly-iOS/build/Build/Intermediates.noindex/swift-concurrency-extras.build/Debug-iphonesimulator/ConcurrencyExtras.build/DerivedSources -Xcc -DSWIFT_PACKAGE -Xcc -DDEBUG\=1 -emit-objc-header -emit-objc-header-path /Users/rioallen/Documents/DropFly-OS-App-Builder/DropFly-PROJECTS/TradeFly-iOS/build/Build/Intermediates.noindex/swift-concurrency-extras.build/Debug-iphonesimulator/ConcurrencyExtras.build/Objects-normal/arm64/ConcurrencyExtras-Swift.h -working-directory /Users/rioallen/Documents/DropFly-OS-App-Builder/DropFly-PROJECTS/TradeFly-iOS/TradeFly.xcodeproj -experimental-emit-module-separately -disable-cmo

SwiftDriverJobDiscovery normal arm64 Compiling HTTPFieldName.swift (in target 'HTTPTypes' from project 'swift-http-types')

SwiftCompile normal arm64 Compiling\ IsTesting.swift /Users/rioallen/Documents/DropFly-OS-App-Builder/DropFly-PROJECTS/TradeFly-iOS/build/SourcePackages/checkouts/xctest-dynamic-overlay/Sources/IssueReporting/IsTesting.swift (in target 'IssueReporting' from project 'xctest-dynamic-overlay')

SwiftCompile normal arm64 /Users/rioallen/Documents/DropFly-OS-App-Builder/DropFly-PROJECTS/TradeFly-iOS/build/SourcePackages/checkouts/xctest-dynamic-overlay/Sources/IssueReporting/IsTesting.swift (in target 'IssueReporting' from project 'xctest-dynamic-overlay')
    cd /Users/rioallen/Documents/DropFly-OS-App-Builder/DropFly-PROJECTS/TradeFly-iOS/TradeFly.xcodeproj
    

SwiftCompile normal arm64 Compiling\ Deprecations.swift,\ FailureObserver.swift /Users/rioallen/Documents/DropFly-OS-App-Builder/DropFly-PROJECTS/TradeFly-iOS/build/SourcePackages/checkouts/xctest-dynamic-overlay/Sources/IssueReporting/Internal/Deprecations.swift /Users/rioallen/Documents/DropFly-OS-App-Builder/DropFly-PROJECTS/TradeFly-iOS/build/SourcePackages/checkouts/xctest-dynamic-overlay/Sources/IssueReporting/Internal/FailureObserver.swift (in target 'IssueReporting' from project 'xctest-dynamic-overlay')

SwiftCompile normal arm64 /Users/rioallen/Documents/DropFly-OS-App-Builder/DropFly-PROJECTS/TradeFly-iOS/build/SourcePackages/checkouts/xctest-dynamic-overlay/Sources/IssueReporting/Internal/Deprecations.swift (in target 'IssueReporting' from project 'xctest-dynamic-overlay')
    cd /Users/rioallen/Documents/DropFly-OS-App-Builder/DropFly-PROJECTS/TradeFly-iOS/TradeFly.xcodeproj
    

SwiftCompile normal arm64 /Users/rioallen/Documents/DropFly-OS-App-Builder/DropFly-PROJECTS/TradeFly-iOS/build/SourcePackages/checkouts/xctest-dynamic-overlay/Sources/IssueReporting/Internal/FailureObserver.swift (in target 'IssueReporting' from project 'xctest-dynamic-overlay')
    cd /Users/rioallen/Documents/DropFly-OS-App-Builder/DropFly-PROJECTS/TradeFly-iOS/TradeFly.xcodeproj
    

SwiftDriverJobDiscovery normal arm64 Emitting module for HTTPTypes (in target 'HTTPTypes' from project 'swift-http-types')

SwiftDriver\ Compilation\ Requirements HTTPTypes normal arm64 com.apple.xcode.tools.swift.compiler (in target 'HTTPTypes' from project 'swift-http-types')
    cd /Users/rioallen/Documents/DropFly-OS-App-Builder/DropFly-PROJECTS/TradeFly-iOS/TradeFly.xcodeproj
    builtin-Swift-Compilation-Requirements -- /Applications/Xcode.app/Contents/Developer/Toolchains/XcodeDefault.xctoolchain/usr/bin/swiftc -module-name HTTPTypes -Onone -enforce-exclusivity\=checked @/Users/rioallen/Documents/DropFly-OS-App-Builder/DropFly-PROJECTS/TradeFly-iOS/build/Build/Intermediates.noindex/swift-http-types.build/Debug-iphonesimulator/HTTPTypes.build/Objects-normal/arm64/HTTPTypes.SwiftFileList -DSWIFT_PACKAGE -DDEBUG -DSWIFT_MODULE_RESOURCE_BUNDLE_UNAVAILABLE -DXcode -enable-experimental-feature StrictConcurrency\=complete -enable-upcoming-feature MemberImportVisibility -plugin-path /Applications/Xcode.app/Contents/Developer/Toolchains/XcodeDefault.xctoolchain/usr/lib/swift/host/plugins/testing -enable-experimental-feature DebugDescriptionMacro -sdk /Applications/Xcode.app/Contents/Developer/Platforms/iPhoneSimulator.platform/Developer/SDKs/iPhoneSimulator26.1.sdk -target arm64-apple-ios12.0-simulator -g -module-cache-path /Users/rioallen/Documents/DropFly-OS-App-Builder/DropFly-PROJECTS/TradeFly-iOS/build/ModuleCache.noindex -Xfrontend -serialize-debugging-options -enable-testing -suppress-warnings -index-store-path /Users/rioallen/Documents/DropFly-OS-App-Builder/DropFly-PROJECTS/TradeFly-iOS/build/Index.noindex/DataStore -Xcc -D_LIBCPP_HARDENING_MODE\=_LIBCPP_HARDENING_MODE_DEBUG -swift-version 5 -I /Users/rioallen/Documents/DropFly-OS-App-Builder/DropFly-PROJECTS/TradeFly-iOS/build/Build/Products/Debug-iphonesimulator -Isystem /Applications/Xcode.app/Contents/Developer/Platforms/iPhoneSimulator.platform/Developer/usr/lib -F /Users/rioallen/Documents/DropFly-OS-App-Builder/DropFly-PROJECTS/TradeFly-iOS/build/Build/Products/Debug-iphonesimulator -F /Applications/Xcode.app/Contents/Developer/Platforms/iPhoneSimulator.platform/Developer/Library/Frameworks -F /Applications/Xcode.app/Contents/Developer/Platforms/iPhoneSimulator.platform/Developer/SDKs/iPhoneSimulator26.1.sdk/Developer/Library/Frameworks -c -j16 -enable-batch-mode -incremental -Xcc -ivfsstatcache -Xcc /Users/rioallen/Documents/DropFly-OS-App-Builder/DropFly-PROJECTS/TradeFly-iOS/build/SDKStatCaches.noindex/iphonesimulator26.1-23B77-90cf18a4295e390e64c810bc6bd7acbc.sdkstatcache -output-file-map /Users/rioallen/Documents/DropFly-OS-App-Builder/DropFly-PROJECTS/TradeFly-iOS/build/Build/Intermediates.noindex/swift-http-types.build/Debug-iphonesimulator/HTTPTypes.build/Objects-normal/arm64/HTTPTypes-OutputFileMap.json -use-frontend-parseable-output -save-temps -no-color-diagnostics -explicit-module-build -module-cache-path /Users/rioallen/Documents/DropFly-OS-App-Builder/DropFly-PROJECTS/TradeFly-iOS/build/Build/Intermediates.noindex/SwiftExplicitPrecompiledModules -clang-scanner-module-cache-path /Users/rioallen/Documents/DropFly-OS-App-Builder/DropFly-PROJECTS/TradeFly-iOS/build/ModuleCache.noindex -sdk-module-cache-path /Users/rioallen/Documents/DropFly-OS-App-Builder/DropFly-PROJECTS/TradeFly-iOS/build/ModuleCache.noindex -serialize-diagnostics -emit-dependencies -emit-module -emit-module-path /Users/rioallen/Documents/DropFly-OS-App-Builder/DropFly-PROJECTS/TradeFly-iOS/build/Build/Intermediates.noindex/swift-http-types.build/Debug-iphonesimulator/HTTPTypes.build/Objects-normal/arm64/HTTPTypes.swiftmodule -validate-clang-modules-once -clang-build-session-file /Users/rioallen/Documents/DropFly-OS-App-Builder/DropFly-PROJECTS/TradeFly-iOS/build/ModuleCache.noindex/Session.modulevalidation -package-name swift_http_types -Xcc -I/Users/rioallen/Documents/DropFly-OS-App-Builder/DropFly-PROJECTS/TradeFly-iOS/build/Build/Intermediates.noindex/swift-http-types.build/Debug-iphonesimulator/HTTPTypes.build/swift-overrides.hmap -emit-const-values -Xfrontend -const-gather-protocols-file -Xfrontend /Users/rioallen/Documents/DropFly-OS-App-Builder/DropFly-PROJECTS/TradeFly-iOS/build/Build/Intermediates.noindex/swift-http-types.build/Debug-iphonesimulator/HTTPTypes.build/Objects-normal/arm64/HTTPTypes_const_extract_protocols.json -Xcc -I/Users/rioallen/Documents/DropFly-OS-App-Builder/DropFly-PROJECTS/TradeFly-iOS/build/Build/Products/Debug-iphonesimulator/include -Xcc -I/Users/rioallen/Documents/DropFly-OS-App-Builder/DropFly-PROJECTS/TradeFly-iOS/build/Build/Intermediates.noindex/swift-http-types.build/Debug-iphonesimulator/HTTPTypes.build/DerivedSources-normal/arm64 -Xcc -I/Users/rioallen/Documents/DropFly-OS-App-Builder/DropFly-PROJECTS/TradeFly-iOS/build/Build/Intermediates.noindex/swift-http-types.build/Debug-iphonesimulator/HTTPTypes.build/DerivedSources/arm64 -Xcc -I/Users/rioallen/Documents/DropFly-OS-App-Builder/DropFly-PROJECTS/TradeFly-iOS/build/Build/Intermediates.noindex/swift-http-types.build/Debug-iphonesimulator/HTTPTypes.build/DerivedSources -Xcc -DSWIFT_PACKAGE -Xcc -DDEBUG\=1 -emit-objc-header -emit-objc-header-path /Users/rioallen/Documents/DropFly-OS-App-Builder/DropFly-PROJECTS/TradeFly-iOS/build/Build/Intermediates.noindex/swift-http-types.build/Debug-iphonesimulator/HTTPTypes.build/Objects-normal/arm64/HTTPTypes-Swift.h -working-directory /Users/rioallen/Documents/DropFly-OS-App-Builder/DropFly-PROJECTS/TradeFly-iOS/TradeFly.xcodeproj -experimental-emit-module-separately -disable-cmo

SwiftDriverJobDiscovery normal arm64 Compiling WithIssueContext.swift (in target 'IssueReporting' from project 'xctest-dynamic-overlay')

SwiftMergeGeneratedHeaders /Users/rioallen/Documents/DropFly-OS-App-Builder/DropFly-PROJECTS/TradeFly-iOS/build/Build/Intermediates.noindex/GeneratedModuleMaps-iphonesimulator/ConcurrencyExtras-Swift.h /Users/rioallen/Documents/DropFly-OS-App-Builder/DropFly-PROJECTS/TradeFly-iOS/build/Build/Intermediates.noindex/swift-concurrency-extras.build/Debug-iphonesimulator/ConcurrencyExtras.build/Objects-normal/arm64/ConcurrencyExtras-Swift.h (in target 'ConcurrencyExtras' from project 'swift-concurrency-extras')
    cd /Users/rioallen/Documents/DropFly-OS-App-Builder/DropFly-PROJECTS/TradeFly-iOS/build/SourcePackages/checkouts/swift-concurrency-extras
    builtin-swiftHeaderTool -arch arm64 /Users/rioallen/Documents/DropFly-OS-App-Builder/DropFly-PROJECTS/TradeFly-iOS/build/Build/Intermediates.noindex/swift-concurrency-extras.build/Debug-iphonesimulator/ConcurrencyExtras.build/Objects-normal/arm64/ConcurrencyExtras-Swift.h -o /Users/rioallen/Documents/DropFly-OS-App-Builder/DropFly-PROJECTS/TradeFly-iOS/build/Build/Intermediates.noindex/GeneratedModuleMaps-iphonesimulator/ConcurrencyExtras-Swift.h

Copy /Users/rioallen/Documents/DropFly-OS-App-Builder/DropFly-PROJECTS/TradeFly-iOS/build/Build/Products/Debug-iphonesimulator/ConcurrencyExtras.swiftmodule/arm64-apple-ios-simulator.swiftmodule /Users/rioallen/Documents/DropFly-OS-App-Builder/DropFly-PROJECTS/TradeFly-iOS/build/Build/Intermediates.noindex/swift-concurrency-extras.build/Debug-iphonesimulator/ConcurrencyExtras.build/Objects-normal/arm64/ConcurrencyExtras.swiftmodule (in target 'ConcurrencyExtras' from project 'swift-concurrency-extras')
    cd /Users/rioallen/Documents/DropFly-OS-App-Builder/DropFly-PROJECTS/TradeFly-iOS/build/SourcePackages/checkouts/swift-concurrency-extras
    builtin-copy -exclude .DS_Store -exclude CVS -exclude .svn -exclude .git -exclude .hg -resolve-src-symlinks -rename /Users/rioallen/Documents/DropFly-OS-App-Builder/DropFly-PROJECTS/TradeFly-iOS/build/Build/Intermediates.noindex/swift-concurrency-extras.build/Debug-iphonesimulator/ConcurrencyExtras.build/Objects-normal/arm64/ConcurrencyExtras.swiftmodule /Users/rioallen/Documents/DropFly-OS-App-Builder/DropFly-PROJECTS/TradeFly-iOS/build/Build/Products/Debug-iphonesimulator/ConcurrencyExtras.swiftmodule/arm64-apple-ios-simulator.swiftmodule

SwiftMergeGeneratedHeaders /Users/rioallen/Documents/DropFly-OS-App-Builder/DropFly-PROJECTS/TradeFly-iOS/build/Build/Intermediates.noindex/GeneratedModuleMaps-iphonesimulator/HTTPTypes-Swift.h /Users/rioallen/Documents/DropFly-OS-App-Builder/DropFly-PROJECTS/TradeFly-iOS/build/Build/Intermediates.noindex/swift-http-types.build/Debug-iphonesimulator/HTTPTypes.build/Objects-normal/arm64/HTTPTypes-Swift.h (in target 'HTTPTypes' from project 'swift-http-types')
    cd /Users/rioallen/Documents/DropFly-OS-App-Builder/DropFly-PROJECTS/TradeFly-iOS/build/SourcePackages/checkouts/swift-http-types
    builtin-swiftHeaderTool -arch arm64 /Users/rioallen/Documents/DropFly-OS-App-Builder/DropFly-PROJECTS/TradeFly-iOS/build/Build/Intermediates.noindex/swift-http-types.build/Debug-iphonesimulator/HTTPTypes.build/Objects-normal/arm64/HTTPTypes-Swift.h -o /Users/rioallen/Documents/DropFly-OS-App-Builder/DropFly-PROJECTS/TradeFly-iOS/build/Build/Intermediates.noindex/GeneratedModuleMaps-iphonesimulator/HTTPTypes-Swift.h

Copy /Users/rioallen/Documents/DropFly-OS-App-Builder/DropFly-PROJECTS/TradeFly-iOS/build/Build/Products/Debug-iphonesimulator/HTTPTypes.swiftmodule/arm64-apple-ios-simulator.swiftmodule /Users/rioallen/Documents/DropFly-OS-App-Builder/DropFly-PROJECTS/TradeFly-iOS/build/Build/Intermediates.noindex/swift-http-types.build/Debug-iphonesimulator/HTTPTypes.build/Objects-normal/arm64/HTTPTypes.swiftmodule (in target 'HTTPTypes' from project 'swift-http-types')
    cd /Users/rioallen/Documents/DropFly-OS-App-Builder/DropFly-PROJECTS/TradeFly-iOS/build/SourcePackages/checkouts/swift-http-types
    builtin-copy -exclude .DS_Store -exclude CVS -exclude .svn -exclude .git -exclude .hg -resolve-src-symlinks -rename /Users/rioallen/Documents/DropFly-OS-App-Builder/DropFly-PROJECTS/TradeFly-iOS/build/Build/Intermediates.noindex/swift-http-types.build/Debug-iphonesimulator/HTTPTypes.build/Objects-normal/arm64/HTTPTypes.swiftmodule /Users/rioallen/Documents/DropFly-OS-App-Builder/DropFly-PROJECTS/TradeFly-iOS/build/Build/Products/Debug-iphonesimulator/HTTPTypes.swiftmodule/arm64-apple-ios-simulator.swiftmodule

Copy /Users/rioallen/Documents/DropFly-OS-App-Builder/DropFly-PROJECTS/TradeFly-iOS/build/Build/Products/Debug-iphonesimulator/HTTPTypes.swiftmodule/arm64-apple-ios-simulator.swiftdoc /Users/rioallen/Documents/DropFly-OS-App-Builder/DropFly-PROJECTS/TradeFly-iOS/build/Build/Intermediates.noindex/swift-http-types.build/Debug-iphonesimulator/HTTPTypes.build/Objects-normal/arm64/HTTPTypes.swiftdoc (in target 'HTTPTypes' from project 'swift-http-types')
    cd /Users/rioallen/Documents/DropFly-OS-App-Builder/DropFly-PROJECTS/TradeFly-iOS/build/SourcePackages/checkouts/swift-http-types
    builtin-copy -exclude .DS_Store -exclude CVS -exclude .svn -exclude .git -exclude .hg -resolve-src-symlinks -rename /Users/rioallen/Documents/DropFly-OS-App-Builder/DropFly-PROJECTS/TradeFly-iOS/build/Build/Intermediates.noindex/swift-http-types.build/Debug-iphonesimulator/HTTPTypes.build/Objects-normal/arm64/HTTPTypes.swiftdoc /Users/rioallen/Documents/DropFly-OS-App-Builder/DropFly-PROJECTS/TradeFly-iOS/build/Build/Products/Debug-iphonesimulator/HTTPTypes.swiftmodule/arm64-apple-ios-simulator.swiftdoc

Copy /Users/rioallen/Documents/DropFly-OS-App-Builder/DropFly-PROJECTS/TradeFly-iOS/build/Build/Products/Debug-iphonesimulator/HTTPTypes.swiftmodule/arm64-apple-ios-simulator.abi.json /Users/rioallen/Documents/DropFly-OS-App-Builder/DropFly-PROJECTS/TradeFly-iOS/build/Build/Intermediates.noindex/swift-http-types.build/Debug-iphonesimulator/HTTPTypes.build/Objects-normal/arm64/HTTPTypes.abi.json (in target 'HTTPTypes' from project 'swift-http-types')
    cd /Users/rioallen/Documents/DropFly-OS-App-Builder/DropFly-PROJECTS/TradeFly-iOS/build/SourcePackages/checkouts/swift-http-types
    builtin-copy -exclude .DS_Store -exclude CVS -exclude .svn -exclude .git -exclude .hg -resolve-src-symlinks -rename /Users/rioallen/Documents/DropFly-OS-App-Builder/DropFly-PROJECTS/TradeFly-iOS/build/Build/Intermediates.noindex/swift-http-types.build/Debug-iphonesimulator/HTTPTypes.build/Objects-normal/arm64/HTTPTypes.abi.json /Users/rioallen/Documents/DropFly-OS-App-Builder/DropFly-PROJECTS/TradeFly-iOS/build/Build/Products/Debug-iphonesimulator/HTTPTypes.swiftmodule/arm64-apple-ios-simulator.abi.json

Copy /Users/rioallen/Documents/DropFly-OS-App-Builder/DropFly-PROJECTS/TradeFly-iOS/build/Build/Products/Debug-iphonesimulator/HTTPTypes.swiftmodule/Project/arm64-apple-ios-simulator.swiftsourceinfo /Users/rioallen/Documents/DropFly-OS-App-Builder/DropFly-PROJECTS/TradeFly-iOS/build/Build/Intermediates.noindex/swift-http-types.build/Debug-iphonesimulator/HTTPTypes.build/Objects-normal/arm64/HTTPTypes.swiftsourceinfo (in target 'HTTPTypes' from project 'swift-http-types')
    cd /Users/rioallen/Documents/DropFly-OS-App-Builder/DropFly-PROJECTS/TradeFly-iOS/build/SourcePackages/checkouts/swift-http-types
    builtin-copy -exclude .DS_Store -exclude CVS -exclude .svn -exclude .git -exclude .hg -resolve-src-symlinks -rename /Users/rioallen/Documents/DropFly-OS-App-Builder/DropFly-PROJECTS/TradeFly-iOS/build/Build/Intermediates.noindex/swift-http-types.build/Debug-iphonesimulator/HTTPTypes.build/Objects-normal/arm64/HTTPTypes.swiftsourceinfo /Users/rioallen/Documents/DropFly-OS-App-Builder/DropFly-PROJECTS/TradeFly-iOS/build/Build/Products/Debug-iphonesimulator/HTTPTypes.swiftmodule/Project/arm64-apple-ios-simulator.swiftsourceinfo

Copy /Users/rioallen/Documents/DropFly-OS-App-Builder/DropFly-PROJECTS/TradeFly-iOS/build/Build/Products/Debug-iphonesimulator/ConcurrencyExtras.swiftmodule/arm64-apple-ios-simulator.swiftdoc /Users/rioallen/Documents/DropFly-OS-App-Builder/DropFly-PROJECTS/TradeFly-iOS/build/Build/Intermediates.noindex/swift-concurrency-extras.build/Debug-iphonesimulator/ConcurrencyExtras.build/Objects-normal/arm64/ConcurrencyExtras.swiftdoc (in target 'ConcurrencyExtras' from project 'swift-concurrency-extras')
    cd /Users/rioallen/Documents/DropFly-OS-App-Builder/DropFly-PROJECTS/TradeFly-iOS/build/SourcePackages/checkouts/swift-concurrency-extras
    builtin-copy -exclude .DS_Store -exclude CVS -exclude .svn -exclude .git -exclude .hg -resolve-src-symlinks -rename /Users/rioallen/Documents/DropFly-OS-App-Builder/DropFly-PROJECTS/TradeFly-iOS/build/Build/Intermediates.noindex/swift-concurrency-extras.build/Debug-iphonesimulator/ConcurrencyExtras.build/Objects-normal/arm64/ConcurrencyExtras.swiftdoc /Users/rioallen/Documents/DropFly-OS-App-Builder/DropFly-PROJECTS/TradeFly-iOS/build/Build/Products/Debug-iphonesimulator/ConcurrencyExtras.swiftmodule/arm64-apple-ios-simulator.swiftdoc

Copy /Users/rioallen/Documents/DropFly-OS-App-Builder/DropFly-PROJECTS/TradeFly-iOS/build/Build/Products/Debug-iphonesimulator/ConcurrencyExtras.swiftmodule/arm64-apple-ios-simulator.abi.json /Users/rioallen/Documents/DropFly-OS-App-Builder/DropFly-PROJECTS/TradeFly-iOS/build/Build/Intermediates.noindex/swift-concurrency-extras.build/Debug-iphonesimulator/ConcurrencyExtras.build/Objects-normal/arm64/ConcurrencyExtras.abi.json (in target 'ConcurrencyExtras' from project 'swift-concurrency-extras')
    cd /Users/rioallen/Documents/DropFly-OS-App-Builder/DropFly-PROJECTS/TradeFly-iOS/build/SourcePackages/checkouts/swift-concurrency-extras
    builtin-copy -exclude .DS_Store -exclude CVS -exclude .svn -exclude .git -exclude .hg -resolve-src-symlinks -rename /Users/rioallen/Documents/DropFly-OS-App-Builder/DropFly-PROJECTS/TradeFly-iOS/build/Build/Intermediates.noindex/swift-concurrency-extras.build/Debug-iphonesimulator/ConcurrencyExtras.build/Objects-normal/arm64/ConcurrencyExtras.abi.json /Users/rioallen/Documents/DropFly-OS-App-Builder/DropFly-PROJECTS/TradeFly-iOS/build/Build/Products/Debug-iphonesimulator/ConcurrencyExtras.swiftmodule/arm64-apple-ios-simulator.abi.json

Copy /Users/rioallen/Documents/DropFly-OS-App-Builder/DropFly-PROJECTS/TradeFly-iOS/build/Build/Products/Debug-iphonesimulator/ConcurrencyExtras.swiftmodule/Project/arm64-apple-ios-simulator.swiftsourceinfo /Users/rioallen/Documents/DropFly-OS-App-Builder/DropFly-PROJECTS/TradeFly-iOS/build/Build/Intermediates.noindex/swift-concurrency-extras.build/Debug-iphonesimulator/ConcurrencyExtras.build/Objects-normal/arm64/ConcurrencyExtras.swiftsourceinfo (in target 'ConcurrencyExtras' from project 'swift-concurrency-extras')
    cd /Users/rioallen/Documents/DropFly-OS-App-Builder/DropFly-PROJECTS/TradeFly-iOS/build/SourcePackages/checkouts/swift-concurrency-extras
    builtin-copy -exclude .DS_Store -exclude CVS -exclude .svn -exclude .git -exclude .hg -resolve-src-symlinks -rename /Users/rioallen/Documents/DropFly-OS-App-Builder/DropFly-PROJECTS/TradeFly-iOS/build/Build/Intermediates.noindex/swift-concurrency-extras.build/Debug-iphonesimulator/ConcurrencyExtras.build/Objects-normal/arm64/ConcurrencyExtras.swiftsourceinfo /Users/rioallen/Documents/DropFly-OS-App-Builder/DropFly-PROJECTS/TradeFly-iOS/build/Build/Products/Debug-iphonesimulator/ConcurrencyExtras.swiftmodule/Project/arm64-apple-ios-simulator.swiftsourceinfo

SwiftCompile normal arm64 Compiling\ FatalErrorReporter.swift /Users/rioallen/Documents/DropFly-OS-App-Builder/DropFly-PROJECTS/TradeFly-iOS/build/SourcePackages/checkouts/xctest-dynamic-overlay/Sources/IssueReporting/IssueReporters/FatalErrorReporter.swift (in target 'IssueReporting' from project 'xctest-dynamic-overlay')

SwiftCompile normal arm64 /Users/rioallen/Documents/DropFly-OS-App-Builder/DropFly-PROJECTS/TradeFly-iOS/build/SourcePackages/checkouts/xctest-dynamic-overlay/Sources/IssueReporting/IssueReporters/FatalErrorReporter.swift (in target 'IssueReporting' from project 'xctest-dynamic-overlay')
    cd /Users/rioallen/Documents/DropFly-OS-App-Builder/DropFly-PROJECTS/TradeFly-iOS/TradeFly.xcodeproj
    

SwiftCompile normal arm64 Compiling\ SwiftTesting.swift,\ UncheckedSendable.swift /Users/rioallen/Documents/DropFly-OS-App-Builder/DropFly-PROJECTS/TradeFly-iOS/build/SourcePackages/checkouts/xctest-dynamic-overlay/Sources/IssueReporting/Internal/SwiftTesting.swift /Users/rioallen/Documents/DropFly-OS-App-Builder/DropFly-PROJECTS/TradeFly-iOS/build/SourcePackages/checkouts/xctest-dynamic-overlay/Sources/IssueReporting/Internal/UncheckedSendable.swift (in target 'IssueReporting' from project 'xctest-dynamic-overlay')
SwiftCompile normal arm64 /Users/rioallen/Documents/DropFly-OS-App-Builder/DropFly-PROJECTS/TradeFly-iOS/build/SourcePackages/checkouts/xctest-dynamic-overlay/Sources/IssueReporting/Internal/SwiftTesting.swift (in target 'IssueReporting' from project 'xctest-dynamic-overlay')
    cd /Users/rioallen/Documents/DropFly-OS-App-Builder/DropFly-PROJECTS/TradeFly-iOS/TradeFly.xcodeproj
    

SwiftCompile normal arm64 /Users/rioallen/Documents/DropFly-OS-App-Builder/DropFly-PROJECTS/TradeFly-iOS/build/SourcePackages/checkouts/xctest-dynamic-overlay/Sources/IssueReporting/Internal/UncheckedSendable.swift (in target 'IssueReporting' from project 'xctest-dynamic-overlay')
    cd /Users/rioallen/Documents/DropFly-OS-App-Builder/DropFly-PROJECTS/TradeFly-iOS/TradeFly.xcodeproj
    

SwiftDriverJobDiscovery normal arm64 Compiling TestContext.swift (in target 'IssueReporting' from project 'xctest-dynamic-overlay')

SwiftCompile normal arm64 Compiling\ LockIsolated.swift,\ Rethrows.swift /Users/rioallen/Documents/DropFly-OS-App-Builder/DropFly-PROJECTS/TradeFly-iOS/build/SourcePackages/checkouts/xctest-dynamic-overlay/Sources/IssueReporting/Internal/LockIsolated.swift /Users/rioallen/Documents/DropFly-OS-App-Builder/DropFly-PROJECTS/TradeFly-iOS/build/SourcePackages/checkouts/xctest-dynamic-overlay/Sources/IssueReporting/Internal/Rethrows.swift (in target 'IssueReporting' from project 'xctest-dynamic-overlay')

SwiftCompile normal arm64 /Users/rioallen/Documents/DropFly-OS-App-Builder/DropFly-PROJECTS/TradeFly-iOS/build/SourcePackages/checkouts/xctest-dynamic-overlay/Sources/IssueReporting/Internal/LockIsolated.swift (in target 'IssueReporting' from project 'xctest-dynamic-overlay')
    cd /Users/rioallen/Documents/DropFly-OS-App-Builder/DropFly-PROJECTS/TradeFly-iOS/TradeFly.xcodeproj
    

SwiftCompile normal arm64 /Users/rioallen/Documents/DropFly-OS-App-Builder/DropFly-PROJECTS/TradeFly-iOS/build/SourcePackages/checkouts/xctest-dynamic-overlay/Sources/IssueReporting/Internal/Rethrows.swift (in target 'IssueReporting' from project 'xctest-dynamic-overlay')
    cd /Users/rioallen/Documents/DropFly-OS-App-Builder/DropFly-PROJECTS/TradeFly-iOS/TradeFly.xcodeproj
    

SwiftDriverJobDiscovery normal arm64 Compiling ISOLatin1String.swift (in target 'HTTPTypes' from project 'swift-http-types')

SwiftCompile normal arm64 Compiling\ Unimplemented.swift /Users/rioallen/Documents/DropFly-OS-App-Builder/DropFly-PROJECTS/TradeFly-iOS/build/SourcePackages/checkouts/xctest-dynamic-overlay/Sources/IssueReporting/Unimplemented.swift (in target 'IssueReporting' from project 'xctest-dynamic-overlay')

SwiftCompile normal arm64 /Users/rioallen/Documents/DropFly-OS-App-Builder/DropFly-PROJECTS/TradeFly-iOS/build/SourcePackages/checkouts/xctest-dynamic-overlay/Sources/IssueReporting/Unimplemented.swift (in target 'IssueReporting' from project 'xctest-dynamic-overlay')
    cd /Users/rioallen/Documents/DropFly-OS-App-Builder/DropFly-PROJECTS/TradeFly-iOS/TradeFly.xcodeproj
    

SwiftDriverJobDiscovery normal arm64 Compiling HTTPParsedFields.swift (in target 'HTTPTypes' from project 'swift-http-types')

SwiftCompile normal arm64 Compiling\ WithExpectedIssue.swift /Users/rioallen/Documents/DropFly-OS-App-Builder/DropFly-PROJECTS/TradeFly-iOS/build/SourcePackages/checkouts/xctest-dynamic-overlay/Sources/IssueReporting/WithExpectedIssue.swift (in target 'IssueReporting' from project 'xctest-dynamic-overlay')

SwiftCompile normal arm64 /Users/rioallen/Documents/DropFly-OS-App-Builder/DropFly-PROJECTS/TradeFly-iOS/build/SourcePackages/checkouts/xctest-dynamic-overlay/Sources/IssueReporting/WithExpectedIssue.swift (in target 'IssueReporting' from project 'xctest-dynamic-overlay')
    cd /Users/rioallen/Documents/DropFly-OS-App-Builder/DropFly-PROJECTS/TradeFly-iOS/TradeFly.xcodeproj
    

SwiftDriverJobDiscovery normal arm64 Compiling HTTPField.swift (in target 'HTTPTypes' from project 'swift-http-types')

SwiftCompile normal arm64 Compiling\ ReportIssue.swift /Users/rioallen/Documents/DropFly-OS-App-Builder/DropFly-PROJECTS/TradeFly-iOS/build/SourcePackages/checkouts/xctest-dynamic-overlay/Sources/IssueReporting/ReportIssue.swift (in target 'IssueReporting' from project 'xctest-dynamic-overlay')

SwiftCompile normal arm64 /Users/rioallen/Documents/DropFly-OS-App-Builder/DropFly-PROJECTS/TradeFly-iOS/build/SourcePackages/checkouts/xctest-dynamic-overlay/Sources/IssueReporting/ReportIssue.swift (in target 'IssueReporting' from project 'xctest-dynamic-overlay')
    cd /Users/rioallen/Documents/DropFly-OS-App-Builder/DropFly-PROJECTS/TradeFly-iOS/TradeFly.xcodeproj
    

SwiftCompile normal arm64 Compiling\ ErrorReporting.swift,\ AppHostWarning.swift /Users/rioallen/Documents/DropFly-OS-App-Builder/DropFly-PROJECTS/TradeFly-iOS/build/SourcePackages/checkouts/xctest-dynamic-overlay/Sources/IssueReporting/ErrorReporting.swift /Users/rioallen/Documents/DropFly-OS-App-Builder/DropFly-PROJECTS/TradeFly-iOS/build/SourcePackages/checkouts/xctest-dynamic-overlay/Sources/IssueReporting/Internal/AppHostWarning.swift (in target 'IssueReporting' from project 'xctest-dynamic-overlay')

SwiftCompile normal arm64 /Users/rioallen/Documents/DropFly-OS-App-Builder/DropFly-PROJECTS/TradeFly-iOS/build/SourcePackages/checkouts/xctest-dynamic-overlay/Sources/IssueReporting/ErrorReporting.swift (in target 'IssueReporting' from project 'xctest-dynamic-overlay')
    cd /Users/rioallen/Documents/DropFly-OS-App-Builder/DropFly-PROJECTS/TradeFly-iOS/TradeFly.xcodeproj
    

SwiftCompile normal arm64 /Users/rioallen/Documents/DropFly-OS-App-Builder/DropFly-PROJECTS/TradeFly-iOS/build/SourcePackages/checkouts/xctest-dynamic-overlay/Sources/IssueReporting/Internal/AppHostWarning.swift (in target 'IssueReporting' from project 'xctest-dynamic-overlay')
    cd /Users/rioallen/Documents/DropFly-OS-App-Builder/DropFly-PROJECTS/TradeFly-iOS/TradeFly.xcodeproj
    

SwiftDriverJobDiscovery normal arm64 Compiling HTTPResponse.swift (in target 'HTTPTypes' from project 'swift-http-types')

SwiftCompile normal arm64 Compiling\ RuntimeWarningReporter.swift /Users/rioallen/Documents/DropFly-OS-App-Builder/DropFly-PROJECTS/TradeFly-iOS/build/SourcePackages/checkouts/xctest-dynamic-overlay/Sources/IssueReporting/IssueReporters/RuntimeWarningReporter.swift (in target 'IssueReporting' from project 'xctest-dynamic-overlay')
SwiftCompile normal arm64 /Users/rioallen/Documents/DropFly-OS-App-Builder/DropFly-PROJECTS/TradeFly-iOS/build/SourcePackages/checkouts/xctest-dynamic-overlay/Sources/IssueReporting/IssueReporters/RuntimeWarningReporter.swift (in target 'IssueReporting' from project 'xctest-dynamic-overlay')
    cd /Users/rioallen/Documents/DropFly-OS-App-Builder/DropFly-PROJECTS/TradeFly-iOS/TradeFly.xcodeproj
    

SwiftCompile normal arm64 Compiling\ XCTest.swift /Users/rioallen/Documents/DropFly-OS-App-Builder/DropFly-PROJECTS/TradeFly-iOS/build/SourcePackages/checkouts/xctest-dynamic-overlay/Sources/IssueReporting/Internal/XCTest.swift (in target 'IssueReporting' from project 'xctest-dynamic-overlay')

SwiftCompile normal arm64 /Users/rioallen/Documents/DropFly-OS-App-Builder/DropFly-PROJECTS/TradeFly-iOS/build/SourcePackages/checkouts/xctest-dynamic-overlay/Sources/IssueReporting/Internal/XCTest.swift (in target 'IssueReporting' from project 'xctest-dynamic-overlay')
    cd /Users/rioallen/Documents/DropFly-OS-App-Builder/DropFly-PROJECTS/TradeFly-iOS/TradeFly.xcodeproj
    

SwiftDriverJobDiscovery normal arm64 Compiling IssueReporter.swift (in target 'IssueReporting' from project 'xctest-dynamic-overlay')

SwiftDriverJobDiscovery normal arm64 Compiling FatalErrorReporter.swift (in target 'IssueReporting' from project 'xctest-dynamic-overlay')

SwiftDriverJobDiscovery normal arm64 Emitting module for Crypto (in target 'Crypto' from project 'swift-crypto')

SwiftDriver\ Compilation\ Requirements Crypto normal arm64 com.apple.xcode.tools.swift.compiler (in target 'Crypto' from project 'swift-crypto')
    cd /Users/rioallen/Documents/DropFly-OS-App-Builder/DropFly-PROJECTS/TradeFly-iOS/TradeFly.xcodeproj
    builtin-Swift-Compilation-Requirements -- /Applications/Xcode.app/Contents/Developer/Toolchains/XcodeDefault.xctoolchain/usr/bin/swiftc -module-name Crypto -Onone -enforce-exclusivity\=checked @/Users/rioallen/Documents/DropFly-OS-App-Builder/DropFly-PROJECTS/TradeFly-iOS/build/Build/Intermediates.noindex/swift-crypto.build/Debug-iphonesimulator/Crypto.build/Objects-normal/arm64/Crypto.SwiftFileList -DSWIFT_PACKAGE -DDEBUG -DSWIFT_MODULE_RESOURCE_BUNDLE_AVAILABLE -DCRYPTO_IN_SWIFTPM -DXcode -enable-upcoming-feature MemberImportVisibility -plugin-path /Applications/Xcode.app/Contents/Developer/Toolchains/XcodeDefault.xctoolchain/usr/lib/swift/host/plugins/testing -enable-experimental-feature DebugDescriptionMacro -sdk /Applications/Xcode.app/Contents/Developer/Platforms/iPhoneSimulator.platform/Developer/SDKs/iPhoneSimulator26.1.sdk -target arm64-apple-ios12.0-simulator -g -module-cache-path /Users/rioallen/Documents/DropFly-OS-App-Builder/DropFly-PROJECTS/TradeFly-iOS/build/ModuleCache.noindex -Xfrontend -serialize-debugging-options -enable-testing -suppress-warnings -index-store-path /Users/rioallen/Documents/DropFly-OS-App-Builder/DropFly-PROJECTS/TradeFly-iOS/build/Index.noindex/DataStore -Xcc -D_LIBCPP_HARDENING_MODE\=_LIBCPP_HARDENING_MODE_DEBUG -swift-version 6 -I /Users/rioallen/Documents/DropFly-OS-App-Builder/DropFly-PROJECTS/TradeFly-iOS/build/Build/Products/Debug-iphonesimulator -Isystem /Applications/Xcode.app/Contents/Developer/Platforms/iPhoneSimulator.platform/Developer/usr/lib -F /Users/rioallen/Documents/DropFly-OS-App-Builder/DropFly-PROJECTS/TradeFly-iOS/build/Build/Products/Debug-iphonesimulator -F /Applications/Xcode.app/Contents/Developer/Platforms/iPhoneSimulator.platform/Developer/Library/Frameworks -F /Applications/Xcode.app/Contents/Developer/Platforms/iPhoneSimulator.platform/Developer/SDKs/iPhoneSimulator26.1.sdk/Developer/Library/Frameworks -c -j16 -enable-batch-mode -incremental -Xcc -ivfsstatcache -Xcc /Users/rioallen/Documents/DropFly-OS-App-Builder/DropFly-PROJECTS/TradeFly-iOS/build/SDKStatCaches.noindex/iphonesimulator26.1-23B77-90cf18a4295e390e64c810bc6bd7acbc.sdkstatcache -output-file-map /Users/rioallen/Documents/DropFly-OS-App-Builder/DropFly-PROJECTS/TradeFly-iOS/build/Build/Intermediates.noindex/swift-crypto.build/Debug-iphonesimulator/Crypto.build/Objects-normal/arm64/Crypto-OutputFileMap.json -use-frontend-parseable-output -save-temps -no-color-diagnostics -explicit-module-build -module-cache-path /Users/rioallen/Documents/DropFly-OS-App-Builder/DropFly-PROJECTS/TradeFly-iOS/build/Build/Intermediates.noindex/SwiftExplicitPrecompiledModules -clang-scanner-module-cache-path /Users/rioallen/Documents/DropFly-OS-App-Builder/DropFly-PROJECTS/TradeFly-iOS/build/ModuleCache.noindex -sdk-module-cache-path /Users/rioallen/Documents/DropFly-OS-App-Builder/DropFly-PROJECTS/TradeFly-iOS/build/ModuleCache.noindex -serialize-diagnostics -emit-dependencies -emit-module -emit-module-path /Users/rioallen/Documents/DropFly-OS-App-Builder/DropFly-PROJECTS/TradeFly-iOS/build/Build/Intermediates.noindex/swift-crypto.build/Debug-iphonesimulator/Crypto.build/Objects-normal/arm64/Crypto.swiftmodule -user-module-version 4.2.0 -validate-clang-modules-once -clang-build-session-file /Users/rioallen/Documents/DropFly-OS-App-Builder/DropFly-PROJECTS/TradeFly-iOS/build/ModuleCache.noindex/Session.modulevalidation -package-name swift_crypto -Xcc -I/Users/rioallen/Documents/DropFly-OS-App-Builder/DropFly-PROJECTS/TradeFly-iOS/build/Build/Intermediates.noindex/swift-crypto.build/Debug-iphonesimulator/Crypto.build/swift-overrides.hmap -emit-const-values -Xfrontend -const-gather-protocols-file -Xfrontend /Users/rioallen/Documents/DropFly-OS-App-Builder/DropFly-PROJECTS/TradeFly-iOS/build/Build/Intermediates.noindex/swift-crypto.build/Debug-iphonesimulator/Crypto.build/Objects-normal/arm64/Crypto_const_extract_protocols.json -Xcc -I/Users/rioallen/Documents/DropFly-OS-App-Builder/DropFly-PROJECTS/TradeFly-iOS/build/Build/Products/Debug-iphonesimulator/include -Xcc -I/Users/rioallen/Documents/DropFly-OS-App-Builder/DropFly-PROJECTS/TradeFly-iOS/build/Build/Intermediates.noindex/swift-crypto.build/Debug-iphonesimulator/Crypto.build/DerivedSources-normal/arm64 -Xcc -I/Users/rioallen/Documents/DropFly-OS-App-Builder/DropFly-PROJECTS/TradeFly-iOS/build/Build/Intermediates.noindex/swift-crypto.build/Debug-iphonesimulator/Crypto.build/DerivedSources/arm64 -Xcc -I/Users/rioallen/Documents/DropFly-OS-App-Builder/DropFly-PROJECTS/TradeFly-iOS/build/Build/Intermediates.noindex/swift-crypto.build/Debug-iphonesimulator/Crypto.build/DerivedSources -Xcc -DSWIFT_PACKAGE -Xcc -DDEBUG\=1 -emit-objc-header -emit-objc-header-path /Users/rioallen/Documents/DropFly-OS-App-Builder/DropFly-PROJECTS/TradeFly-iOS/build/Build/Intermediates.noindex/swift-crypto.build/Debug-iphonesimulator/Crypto.build/Objects-normal/arm64/Crypto-Swift.h -working-directory /Users/rioallen/Documents/DropFly-OS-App-Builder/DropFly-PROJECTS/TradeFly-iOS/TradeFly.xcodeproj -experimental-emit-module-separately -disable-cmo

SwiftDriverJobDiscovery normal arm64 Compiling Unimplemented.swift (in target 'IssueReporting' from project 'xctest-dynamic-overlay')

SwiftCompile normal arm64 Compiling\ BreakpointReporter.swift /Users/rioallen/Documents/DropFly-OS-App-Builder/DropFly-PROJECTS/TradeFly-iOS/build/SourcePackages/checkouts/xctest-dynamic-overlay/Sources/IssueReporting/IssueReporters/BreakpointReporter.swift (in target 'IssueReporting' from project 'xctest-dynamic-overlay')

SwiftCompile normal arm64 /Users/rioallen/Documents/DropFly-OS-App-Builder/DropFly-PROJECTS/TradeFly-iOS/build/SourcePackages/checkouts/xctest-dynamic-overlay/Sources/IssueReporting/IssueReporters/BreakpointReporter.swift (in target 'IssueReporting' from project 'xctest-dynamic-overlay')
    cd /Users/rioallen/Documents/DropFly-OS-App-Builder/DropFly-PROJECTS/TradeFly-iOS/TradeFly.xcodeproj
    

SwiftMergeGeneratedHeaders /Users/rioallen/Documents/DropFly-OS-App-Builder/DropFly-PROJECTS/TradeFly-iOS/build/Build/Intermediates.noindex/GeneratedModuleMaps-iphonesimulator/Crypto-Swift.h /Users/rioallen/Documents/DropFly-OS-App-Builder/DropFly-PROJECTS/TradeFly-iOS/build/Build/Intermediates.noindex/swift-crypto.build/Debug-iphonesimulator/Crypto.build/Objects-normal/arm64/Crypto-Swift.h (in target 'Crypto' from project 'swift-crypto')
    cd /Users/rioallen/Documents/DropFly-OS-App-Builder/DropFly-PROJECTS/TradeFly-iOS/build/SourcePackages/checkouts/swift-crypto
    builtin-swiftHeaderTool -arch arm64 /Users/rioallen/Documents/DropFly-OS-App-Builder/DropFly-PROJECTS/TradeFly-iOS/build/Build/Intermediates.noindex/swift-crypto.build/Debug-iphonesimulator/Crypto.build/Objects-normal/arm64/Crypto-Swift.h -o /Users/rioallen/Documents/DropFly-OS-App-Builder/DropFly-PROJECTS/TradeFly-iOS/build/Build/Intermediates.noindex/GeneratedModuleMaps-iphonesimulator/Crypto-Swift.h

SwiftDriverJobDiscovery normal arm64 Compiling HTTPRequest.swift (in target 'HTTPTypes' from project 'swift-http-types')

Copy /Users/rioallen/Documents/DropFly-OS-App-Builder/DropFly-PROJECTS/TradeFly-iOS/build/Build/Products/Debug-iphonesimulator/Crypto.swiftmodule/arm64-apple-ios-simulator.swiftmodule /Users/rioallen/Documents/DropFly-OS-App-Builder/DropFly-PROJECTS/TradeFly-iOS/build/Build/Intermediates.noindex/swift-crypto.build/Debug-iphonesimulator/Crypto.build/Objects-normal/arm64/Crypto.swiftmodule (in target 'Crypto' from project 'swift-crypto')
    cd /Users/rioallen/Documents/DropFly-OS-App-Builder/DropFly-PROJECTS/TradeFly-iOS/build/SourcePackages/checkouts/swift-crypto
    builtin-copy -exclude .DS_Store -exclude CVS -exclude .svn -exclude .git -exclude .hg -resolve-src-symlinks -rename /Users/rioallen/Documents/DropFly-OS-App-Builder/DropFly-PROJECTS/TradeFly-iOS/build/Build/Intermediates.noindex/swift-crypto.build/Debug-iphonesimulator/Crypto.build/Objects-normal/arm64/Crypto.swiftmodule /Users/rioallen/Documents/DropFly-OS-App-Builder/DropFly-PROJECTS/TradeFly-iOS/build/Build/Products/Debug-iphonesimulator/Crypto.swiftmodule/arm64-apple-ios-simulator.swiftmodule

Copy /Users/rioallen/Documents/DropFly-OS-App-Builder/DropFly-PROJECTS/TradeFly-iOS/build/Build/Products/Debug-iphonesimulator/Crypto.swiftmodule/arm64-apple-ios-simulator.swiftdoc /Users/rioallen/Documents/DropFly-OS-App-Builder/DropFly-PROJECTS/TradeFly-iOS/build/Build/Intermediates.noindex/swift-crypto.build/Debug-iphonesimulator/Crypto.build/Objects-normal/arm64/Crypto.swiftdoc (in target 'Crypto' from project 'swift-crypto')
    cd /Users/rioallen/Documents/DropFly-OS-App-Builder/DropFly-PROJECTS/TradeFly-iOS/build/SourcePackages/checkouts/swift-crypto
    builtin-copy -exclude .DS_Store -exclude CVS -exclude .svn -exclude .git -exclude .hg -resolve-src-symlinks -rename /Users/rioallen/Documents/DropFly-OS-App-Builder/DropFly-PROJECTS/TradeFly-iOS/build/Build/Intermediates.noindex/swift-crypto.build/Debug-iphonesimulator/Crypto.build/Objects-normal/arm64/Crypto.swiftdoc /Users/rioallen/Documents/DropFly-OS-App-Builder/DropFly-PROJECTS/TradeFly-iOS/build/Build/Products/Debug-iphonesimulator/Crypto.swiftmodule/arm64-apple-ios-simulator.swiftdoc

Copy /Users/rioallen/Documents/DropFly-OS-App-Builder/DropFly-PROJECTS/TradeFly-iOS/build/Build/Products/Debug-iphonesimulator/Crypto.swiftmodule/arm64-apple-ios-simulator.abi.json /Users/rioallen/Documents/DropFly-OS-App-Builder/DropFly-PROJECTS/TradeFly-iOS/build/Build/Intermediates.noindex/swift-crypto.build/Debug-iphonesimulator/Crypto.build/Objects-normal/arm64/Crypto.abi.json (in target 'Crypto' from project 'swift-crypto')
    cd /Users/rioallen/Documents/DropFly-OS-App-Builder/DropFly-PROJECTS/TradeFly-iOS/build/SourcePackages/checkouts/swift-crypto
    builtin-copy -exclude .DS_Store -exclude CVS -exclude .svn -exclude .git -exclude .hg -resolve-src-symlinks -rename /Users/rioallen/Documents/DropFly-OS-App-Builder/DropFly-PROJECTS/TradeFly-iOS/build/Build/Intermediates.noindex/swift-crypto.build/Debug-iphonesimulator/Crypto.build/Objects-normal/arm64/Crypto.abi.json /Users/rioallen/Documents/DropFly-OS-App-Builder/DropFly-PROJECTS/TradeFly-iOS/build/Build/Products/Debug-iphonesimulator/Crypto.swiftmodule/arm64-apple-ios-simulator.abi.json

Copy /Users/rioallen/Documents/DropFly-OS-App-Builder/DropFly-PROJECTS/TradeFly-iOS/build/Build/Products/Debug-iphonesimulator/Crypto.swiftmodule/Project/arm64-apple-ios-simulator.swiftsourceinfo /Users/rioallen/Documents/DropFly-OS-App-Builder/DropFly-PROJECTS/TradeFly-iOS/build/Build/Intermediates.noindex/swift-crypto.build/Debug-iphonesimulator/Crypto.build/Objects-normal/arm64/Crypto.swiftsourceinfo (in target 'Crypto' from project 'swift-crypto')
    cd /Users/rioallen/Documents/DropFly-OS-App-Builder/DropFly-PROJECTS/TradeFly-iOS/build/SourcePackages/checkouts/swift-crypto
    builtin-copy -exclude .DS_Store -exclude CVS -exclude .svn -exclude .git -exclude .hg -resolve-src-symlinks -rename /Users/rioallen/Documents/DropFly-OS-App-Builder/DropFly-PROJECTS/TradeFly-iOS/build/Build/Intermediates.noindex/swift-crypto.build/Debug-iphonesimulator/Crypto.build/Objects-normal/arm64/Crypto.swiftsourceinfo /Users/rioallen/Documents/DropFly-OS-App-Builder/DropFly-PROJECTS/TradeFly-iOS/build/Build/Products/Debug-iphonesimulator/Crypto.swiftmodule/Project/arm64-apple-ios-simulator.swiftsourceinfo

SwiftCompile normal arm64 Compiling\ ObjectIdentifier.swift,\ ECDSASignature.swift,\ PEMDocument.swift,\ PKCS8PrivateKey.swift,\ SEC1PrivateKey.swift,\ SubjectPublicKeyInfo.swift /Users/rioallen/Documents/DropFly-OS-App-Builder/DropFly-PROJECTS/TradeFly-iOS/build/SourcePackages/checkouts/swift-crypto/Sources/Crypto/ASN1/Basic\ ASN1\ Types/ObjectIdentifier.swift /Users/rioallen/Documents/DropFly-OS-App-Builder/DropFly-PROJECTS/TradeFly-iOS/build/SourcePackages/checkouts/swift-crypto/Sources/Crypto/ASN1/ECDSASignature.swift /Users/rioallen/Documents/DropFly-OS-App-Builder/DropFly-PROJECTS/TradeFly-iOS/build/SourcePackages/checkouts/swift-crypto/Sources/Crypto/ASN1/PEMDocument.swift /Users/rioallen/Documents/DropFly-OS-App-Builder/DropFly-PROJECTS/TradeFly-iOS/build/SourcePackages/checkouts/swift-crypto/Sources/Crypto/ASN1/PKCS8PrivateKey.swift /Users/rioallen/Documents/DropFly-OS-App-Builder/DropFly-PROJECTS/TradeFly-iOS/build/SourcePackages/checkouts/swift-crypto/Sources/Crypto/ASN1/SEC1PrivateKey.swift /Users/rioallen/Documents/DropFly-OS-App-Builder/DropFly-PROJECTS/TradeFly-iOS/build/SourcePackages/checkouts/swift-crypto/Sources/Crypto/ASN1/SubjectPublicKeyInfo.swift (in target 'Crypto' from project 'swift-crypto')

SwiftCompile normal arm64 /Users/rioallen/Documents/DropFly-OS-App-Builder/DropFly-PROJECTS/TradeFly-iOS/build/SourcePackages/checkouts/swift-crypto/Sources/Crypto/ASN1/Basic\ ASN1\ Types/ObjectIdentifier.swift (in target 'Crypto' from project 'swift-crypto')
    cd /Users/rioallen/Documents/DropFly-OS-App-Builder/DropFly-PROJECTS/TradeFly-iOS/TradeFly.xcodeproj
    

SwiftCompile normal arm64 /Users/rioallen/Documents/DropFly-OS-App-Builder/DropFly-PROJECTS/TradeFly-iOS/build/SourcePackages/checkouts/swift-crypto/Sources/Crypto/ASN1/ECDSASignature.swift (in target 'Crypto' from project 'swift-crypto')
    cd /Users/rioallen/Documents/DropFly-OS-App-Builder/DropFly-PROJECTS/TradeFly-iOS/TradeFly.xcodeproj
    

SwiftCompile normal arm64 /Users/rioallen/Documents/DropFly-OS-App-Builder/DropFly-PROJECTS/TradeFly-iOS/build/SourcePackages/checkouts/swift-crypto/Sources/Crypto/ASN1/PEMDocument.swift (in target 'Crypto' from project 'swift-crypto')
    cd /Users/rioallen/Documents/DropFly-OS-App-Builder/DropFly-PROJECTS/TradeFly-iOS/TradeFly.xcodeproj
    

SwiftCompile normal arm64 /Users/rioallen/Documents/DropFly-OS-App-Builder/DropFly-PROJECTS/TradeFly-iOS/build/SourcePackages/checkouts/swift-crypto/Sources/Crypto/ASN1/PKCS8PrivateKey.swift (in target 'Crypto' from project 'swift-crypto')
    cd /Users/rioallen/Documents/DropFly-OS-App-Builder/DropFly-PROJECTS/TradeFly-iOS/TradeFly.xcodeproj
    

SwiftCompile normal arm64 /Users/rioallen/Documents/DropFly-OS-App-Builder/DropFly-PROJECTS/TradeFly-iOS/build/SourcePackages/checkouts/swift-crypto/Sources/Crypto/ASN1/SEC1PrivateKey.swift (in target 'Crypto' from project 'swift-crypto')
    cd /Users/rioallen/Documents/DropFly-OS-App-Builder/DropFly-PROJECTS/TradeFly-iOS/TradeFly.xcodeproj
    

SwiftCompile normal arm64 /Users/rioallen/Documents/DropFly-OS-App-Builder/DropFly-PROJECTS/TradeFly-iOS/build/SourcePackages/checkouts/swift-crypto/Sources/Crypto/ASN1/SubjectPublicKeyInfo.swift (in target 'Crypto' from project 'swift-crypto')
    cd /Users/rioallen/Documents/DropFly-OS-App-Builder/DropFly-PROJECTS/TradeFly-iOS/TradeFly.xcodeproj
    

SwiftDriverJobDiscovery normal arm64 Emitting module for IssueReporting (in target 'IssueReporting' from project 'xctest-dynamic-overlay')

SwiftCompile normal arm64 Compiling\ X25519Keys_boring.swift,\ Curve25519.swift,\ Ed25519Keys.swift,\ NISTCurvesKeys.swift,\ X25519Keys.swift,\ SymmetricKeys.swift /Users/rioallen/Documents/DropFly-OS-App-Builder/DropFly-PROJECTS/TradeFly-iOS/build/SourcePackages/checkouts/swift-crypto/Sources/Crypto/Keys/EC/BoringSSL/X25519Keys_boring.swift /Users/rioallen/Documents/DropFly-OS-App-Builder/DropFly-PROJECTS/TradeFly-iOS/build/SourcePackages/checkouts/swift-crypto/Sources/Crypto/Keys/EC/Curve25519.swift /Users/rioallen/Documents/DropFly-OS-App-Builder/DropFly-PROJECTS/TradeFly-iOS/build/SourcePackages/checkouts/swift-crypto/Sources/Crypto/Keys/EC/Ed25519Keys.swift /Users/rioallen/Documents/DropFly-OS-App-Builder/DropFly-PROJECTS/TradeFly-iOS/build/SourcePackages/checkouts/swift-crypto/Sources/Crypto/Keys/EC/NISTCurvesKeys.swift /Users/rioallen/Documents/DropFly-OS-App-Builder/DropFly-PROJECTS/TradeFly-iOS/build/SourcePackages/checkouts/swift-crypto/Sources/Crypto/Keys/EC/X25519Keys.swift /Users/rioallen/Documents/DropFly-OS-App-Builder/DropFly-PROJECTS/TradeFly-iOS/build/SourcePackages/checkouts/swift-crypto/Sources/Crypto/Keys/Symmetric/SymmetricKeys.swift (in target 'Crypto' from project 'swift-crypto')

SwiftCompile normal arm64 /Users/rioallen/Documents/DropFly-OS-App-Builder/DropFly-PROJECTS/TradeFly-iOS/build/SourcePackages/checkouts/swift-crypto/Sources/Crypto/Keys/EC/BoringSSL/X25519Keys_boring.swift (in target 'Crypto' from project 'swift-crypto')
    cd /Users/rioallen/Documents/DropFly-OS-App-Builder/DropFly-PROJECTS/TradeFly-iOS/TradeFly.xcodeproj
    

SwiftCompile normal arm64 /Users/rioallen/Documents/DropFly-OS-App-Builder/DropFly-PROJECTS/TradeFly-iOS/build/SourcePackages/checkouts/swift-crypto/Sources/Crypto/Keys/EC/Curve25519.swift (in target 'Crypto' from project 'swift-crypto')
    cd /Users/rioallen/Documents/DropFly-OS-App-Builder/DropFly-PROJECTS/TradeFly-iOS/TradeFly.xcodeproj
    

SwiftCompile normal arm64 /Users/rioallen/Documents/DropFly-OS-App-Builder/DropFly-PROJECTS/TradeFly-iOS/build/SourcePackages/checkouts/swift-crypto/Sources/Crypto/Keys/EC/Ed25519Keys.swift (in target 'Crypto' from project 'swift-crypto')
    cd /Users/rioallen/Documents/DropFly-OS-App-Builder/DropFly-PROJECTS/TradeFly-iOS/TradeFly.xcodeproj
    

SwiftCompile normal arm64 /Users/rioallen/Documents/DropFly-OS-App-Builder/DropFly-PROJECTS/TradeFly-iOS/build/SourcePackages/checkouts/swift-crypto/Sources/Crypto/Keys/EC/NISTCurvesKeys.swift (in target 'Crypto' from project 'swift-crypto')
    cd /Users/rioallen/Documents/DropFly-OS-App-Builder/DropFly-PROJECTS/TradeFly-iOS/TradeFly.xcodeproj
    

SwiftCompile normal arm64 /Users/rioallen/Documents/DropFly-OS-App-Builder/DropFly-PROJECTS/TradeFly-iOS/build/SourcePackages/checkouts/swift-crypto/Sources/Crypto/Keys/EC/X25519Keys.swift (in target 'Crypto' from project 'swift-crypto')
    cd /Users/rioallen/Documents/DropFly-OS-App-Builder/DropFly-PROJECTS/TradeFly-iOS/TradeFly.xcodeproj
    

SwiftCompile normal arm64 /Users/rioallen/Documents/DropFly-OS-App-Builder/DropFly-PROJECTS/TradeFly-iOS/build/SourcePackages/checkouts/swift-crypto/Sources/Crypto/Keys/Symmetric/SymmetricKeys.swift (in target 'Crypto' from project 'swift-crypto')
    cd /Users/rioallen/Documents/DropFly-OS-App-Builder/DropFly-PROJECTS/TradeFly-iOS/TradeFly.xcodeproj
    

SwiftDriverJobDiscovery normal arm64 Compiling NIOLock.swift (in target 'HTTPTypes' from project 'swift-http-types')

SwiftDriver\ Compilation\ Requirements IssueReporting normal arm64 com.apple.xcode.tools.swift.compiler (in target 'IssueReporting' from project 'xctest-dynamic-overlay')
    cd /Users/rioallen/Documents/DropFly-OS-App-Builder/DropFly-PROJECTS/TradeFly-iOS/TradeFly.xcodeproj
    builtin-Swift-Compilation-Requirements -- /Applications/Xcode.app/Contents/Developer/Toolchains/XcodeDefault.xctoolchain/usr/bin/swiftc -module-name IssueReporting -Onone -enforce-exclusivity\=checked @/Users/rioallen/Documents/DropFly-OS-App-Builder/DropFly-PROJECTS/TradeFly-iOS/build/Build/Intermediates.noindex/xctest-dynamic-overlay.build/Debug-iphonesimulator/IssueReporting.build/Objects-normal/arm64/IssueReporting.SwiftFileList -DSWIFT_PACKAGE -DDEBUG -DSWIFT_MODULE_RESOURCE_BUNDLE_UNAVAILABLE -DXcode -plugin-path /Applications/Xcode.app/Contents/Developer/Toolchains/XcodeDefault.xctoolchain/usr/lib/swift/host/plugins/testing -enable-experimental-feature DebugDescriptionMacro -sdk /Applications/Xcode.app/Contents/Developer/Platforms/iPhoneSimulator.platform/Developer/SDKs/iPhoneSimulator26.1.sdk -target arm64-apple-ios13.0-simulator -g -module-cache-path /Users/rioallen/Documents/DropFly-OS-App-Builder/DropFly-PROJECTS/TradeFly-iOS/build/ModuleCache.noindex -Xfrontend -serialize-debugging-options -enable-testing -suppress-warnings -index-store-path /Users/rioallen/Documents/DropFly-OS-App-Builder/DropFly-PROJECTS/TradeFly-iOS/build/Index.noindex/DataStore -Xcc -D_LIBCPP_HARDENING_MODE\=_LIBCPP_HARDENING_MODE_DEBUG -swift-version 6 -I /Users/rioallen/Documents/DropFly-OS-App-Builder/DropFly-PROJECTS/TradeFly-iOS/build/Build/Products/Debug-iphonesimulator -Isystem /Applications/Xcode.app/Contents/Developer/Platforms/iPhoneSimulator.platform/Developer/usr/lib -F /Users/rioallen/Documents/DropFly-OS-App-Builder/DropFly-PROJECTS/TradeFly-iOS/build/Build/Products/Debug-iphonesimulator/PackageFrameworks -F /Users/rioallen/Documents/DropFly-OS-App-Builder/DropFly-PROJECTS/TradeFly-iOS/build/Build/Products/Debug-iphonesimulator -F /Applications/Xcode.app/Contents/Developer/Platforms/iPhoneSimulator.platform/Developer/Library/Frameworks -F /Applications/Xcode.app/Contents/Developer/Platforms/iPhoneSimulator.platform/Developer/SDKs/iPhoneSimulator26.1.sdk/Developer/Library/Frameworks -c -j16 -enable-batch-mode -incremental -Xcc -ivfsstatcache -Xcc /Users/rioallen/Documents/DropFly-OS-App-Builder/DropFly-PROJECTS/TradeFly-iOS/build/SDKStatCaches.noindex/iphonesimulator26.1-23B77-90cf18a4295e390e64c810bc6bd7acbc.sdkstatcache -output-file-map /Users/rioallen/Documents/DropFly-OS-App-Builder/DropFly-PROJECTS/TradeFly-iOS/build/Build/Intermediates.noindex/xctest-dynamic-overlay.build/Debug-iphonesimulator/IssueReporting.build/Objects-normal/arm64/IssueReporting-OutputFileMap.json -use-frontend-parseable-output -save-temps -no-color-diagnostics -explicit-module-build -module-cache-path /Users/rioallen/Documents/DropFly-OS-App-Builder/DropFly-PROJECTS/TradeFly-iOS/build/Build/Intermediates.noindex/SwiftExplicitPrecompiledModules -clang-scanner-module-cache-path /Users/rioallen/Documents/DropFly-OS-App-Builder/DropFly-PROJECTS/TradeFly-iOS/build/ModuleCache.noindex -sdk-module-cache-path /Users/rioallen/Documents/DropFly-OS-App-Builder/DropFly-PROJECTS/TradeFly-iOS/build/ModuleCache.noindex -serialize-diagnostics -emit-dependencies -emit-module -emit-module-path /Users/rioallen/Documents/DropFly-OS-App-Builder/DropFly-PROJECTS/TradeFly-iOS/build/Build/Intermediates.noindex/xctest-dynamic-overlay.build/Debug-iphonesimulator/IssueReporting.build/Objects-normal/arm64/IssueReporting.swiftmodule -user-module-version 1.7.0 -validate-clang-modules-once -clang-build-session-file /Users/rioallen/Documents/DropFly-OS-App-Builder/DropFly-PROJECTS/TradeFly-iOS/build/ModuleCache.noindex/Session.modulevalidation -package-name xctest_dynamic_overlay -Xcc -I/Users/rioallen/Documents/DropFly-OS-App-Builder/DropFly-PROJECTS/TradeFly-iOS/build/Build/Intermediates.noindex/xctest-dynamic-overlay.build/Debug-iphonesimulator/IssueReporting.build/swift-overrides.hmap -emit-const-values -Xfrontend -const-gather-protocols-file -Xfrontend /Users/rioallen/Documents/DropFly-OS-App-Builder/DropFly-PROJECTS/TradeFly-iOS/build/Build/Intermediates.noindex/xctest-dynamic-overlay.build/Debug-iphonesimulator/IssueReporting.build/Objects-normal/arm64/IssueReporting_const_extract_protocols.json -Xcc -I/Users/rioallen/Documents/DropFly-OS-App-Builder/DropFly-PROJECTS/TradeFly-iOS/build/Build/Products/Debug-iphonesimulator/include -Xcc -I/Users/rioallen/Documents/DropFly-OS-App-Builder/DropFly-PROJECTS/TradeFly-iOS/build/Build/Intermediates.noindex/xctest-dynamic-overlay.build/Debug-iphonesimulator/IssueReporting.build/DerivedSources-normal/arm64 -Xcc -I/Users/rioallen/Documents/DropFly-OS-App-Builder/DropFly-PROJECTS/TradeFly-iOS/build/Build/Intermediates.noindex/xctest-dynamic-overlay.build/Debug-iphonesimulator/IssueReporting.build/DerivedSources/arm64 -Xcc -I/Users/rioallen/Documents/DropFly-OS-App-Builder/DropFly-PROJECTS/TradeFly-iOS/build/Build/Intermediates.noindex/xctest-dynamic-overlay.build/Debug-iphonesimulator/IssueReporting.build/DerivedSources -Xcc -DSWIFT_PACKAGE -Xcc -DDEBUG\=1 -emit-objc-header -emit-objc-header-path /Users/rioallen/Documents/DropFly-OS-App-Builder/DropFly-PROJECTS/TradeFly-iOS/build/Build/Intermediates.noindex/xctest-dynamic-overlay.build/Debug-iphonesimulator/IssueReporting.build/Objects-normal/arm64/IssueReporting-Swift.h -working-directory /Users/rioallen/Documents/DropFly-OS-App-Builder/DropFly-PROJECTS/TradeFly-iOS/TradeFly.xcodeproj -experimental-emit-module-separately -disable-cmo

SwiftMergeGeneratedHeaders /Users/rioallen/Documents/DropFly-OS-App-Builder/DropFly-PROJECTS/TradeFly-iOS/build/Build/Intermediates.noindex/GeneratedModuleMaps-iphonesimulator/IssueReporting-Swift.h /Users/rioallen/Documents/DropFly-OS-App-Builder/DropFly-PROJECTS/TradeFly-iOS/build/Build/Intermediates.noindex/xctest-dynamic-overlay.build/Debug-iphonesimulator/IssueReporting.build/Objects-normal/arm64/IssueReporting-Swift.h (in target 'IssueReporting' from project 'xctest-dynamic-overlay')
    cd /Users/rioallen/Documents/DropFly-OS-App-Builder/DropFly-PROJECTS/TradeFly-iOS/build/SourcePackages/checkouts/xctest-dynamic-overlay
    builtin-swiftHeaderTool -arch arm64 /Users/rioallen/Documents/DropFly-OS-App-Builder/DropFly-PROJECTS/TradeFly-iOS/build/Build/Intermediates.noindex/xctest-dynamic-overlay.build/Debug-iphonesimulator/IssueReporting.build/Objects-normal/arm64/IssueReporting-Swift.h -o /Users/rioallen/Documents/DropFly-OS-App-Builder/DropFly-PROJECTS/TradeFly-iOS/build/Build/Intermediates.noindex/GeneratedModuleMaps-iphonesimulator/IssueReporting-Swift.h

Copy /Users/rioallen/Documents/DropFly-OS-App-Builder/DropFly-PROJECTS/TradeFly-iOS/build/Build/Products/Debug-iphonesimulator/IssueReporting.swiftmodule/arm64-apple-ios-simulator.swiftmodule /Users/rioallen/Documents/DropFly-OS-App-Builder/DropFly-PROJECTS/TradeFly-iOS/build/Build/Intermediates.noindex/xctest-dynamic-overlay.build/Debug-iphonesimulator/IssueReporting.build/Objects-normal/arm64/IssueReporting.swiftmodule (in target 'IssueReporting' from project 'xctest-dynamic-overlay')
    cd /Users/rioallen/Documents/DropFly-OS-App-Builder/DropFly-PROJECTS/TradeFly-iOS/build/SourcePackages/checkouts/xctest-dynamic-overlay
    builtin-copy -exclude .DS_Store -exclude CVS -exclude .svn -exclude .git -exclude .hg -resolve-src-symlinks -rename /Users/rioallen/Documents/DropFly-OS-App-Builder/DropFly-PROJECTS/TradeFly-iOS/build/Build/Intermediates.noindex/xctest-dynamic-overlay.build/Debug-iphonesimulator/IssueReporting.build/Objects-normal/arm64/IssueReporting.swiftmodule /Users/rioallen/Documents/DropFly-OS-App-Builder/DropFly-PROJECTS/TradeFly-iOS/build/Build/Products/Debug-iphonesimulator/IssueReporting.swiftmodule/arm64-apple-ios-simulator.swiftmodule

Copy /Users/rioallen/Documents/DropFly-OS-App-Builder/DropFly-PROJECTS/TradeFly-iOS/build/Build/Products/Debug-iphonesimulator/IssueReporting.swiftmodule/arm64-apple-ios-simulator.swiftdoc /Users/rioallen/Documents/DropFly-OS-App-Builder/DropFly-PROJECTS/TradeFly-iOS/build/Build/Intermediates.noindex/xctest-dynamic-overlay.build/Debug-iphonesimulator/IssueReporting.build/Objects-normal/arm64/IssueReporting.swiftdoc (in target 'IssueReporting' from project 'xctest-dynamic-overlay')
    cd /Users/rioallen/Documents/DropFly-OS-App-Builder/DropFly-PROJECTS/TradeFly-iOS/build/SourcePackages/checkouts/xctest-dynamic-overlay
    builtin-copy -exclude .DS_Store -exclude CVS -exclude .svn -exclude .git -exclude .hg -resolve-src-symlinks -rename /Users/rioallen/Documents/DropFly-OS-App-Builder/DropFly-PROJECTS/TradeFly-iOS/build/Build/Intermediates.noindex/xctest-dynamic-overlay.build/Debug-iphonesimulator/IssueReporting.build/Objects-normal/arm64/IssueReporting.swiftdoc /Users/rioallen/Documents/DropFly-OS-App-Builder/DropFly-PROJECTS/TradeFly-iOS/build/Build/Products/Debug-iphonesimulator/IssueReporting.swiftmodule/arm64-apple-ios-simulator.swiftdoc

Copy /Users/rioallen/Documents/DropFly-OS-App-Builder/DropFly-PROJECTS/TradeFly-iOS/build/Build/Products/Debug-iphonesimulator/IssueReporting.swiftmodule/arm64-apple-ios-simulator.abi.json /Users/rioallen/Documents/DropFly-OS-App-Builder/DropFly-PROJECTS/TradeFly-iOS/build/Build/Intermediates.noindex/xctest-dynamic-overlay.build/Debug-iphonesimulator/IssueReporting.build/Objects-normal/arm64/IssueReporting.abi.json (in target 'IssueReporting' from project 'xctest-dynamic-overlay')
    cd /Users/rioallen/Documents/DropFly-OS-App-Builder/DropFly-PROJECTS/TradeFly-iOS/build/SourcePackages/checkouts/xctest-dynamic-overlay
    builtin-copy -exclude .DS_Store -exclude CVS -exclude .svn -exclude .git -exclude .hg -resolve-src-symlinks -rename /Users/rioallen/Documents/DropFly-OS-App-Builder/DropFly-PROJECTS/TradeFly-iOS/build/Build/Intermediates.noindex/xctest-dynamic-overlay.build/Debug-iphonesimulator/IssueReporting.build/Objects-normal/arm64/IssueReporting.abi.json /Users/rioallen/Documents/DropFly-OS-App-Builder/DropFly-PROJECTS/TradeFly-iOS/build/Build/Products/Debug-iphonesimulator/IssueReporting.swiftmodule/arm64-apple-ios-simulator.abi.json

Copy /Users/rioallen/Documents/DropFly-OS-App-Builder/DropFly-PROJECTS/TradeFly-iOS/build/Build/Products/Debug-iphonesimulator/IssueReporting.swiftmodule/Project/arm64-apple-ios-simulator.swiftsourceinfo /Users/rioallen/Documents/DropFly-OS-App-Builder/DropFly-PROJECTS/TradeFly-iOS/build/Build/Intermediates.noindex/xctest-dynamic-overlay.build/Debug-iphonesimulator/IssueReporting.build/Objects-normal/arm64/IssueReporting.swiftsourceinfo (in target 'IssueReporting' from project 'xctest-dynamic-overlay')
    cd /Users/rioallen/Documents/DropFly-OS-App-Builder/DropFly-PROJECTS/TradeFly-iOS/build/SourcePackages/checkouts/xctest-dynamic-overlay
    builtin-copy -exclude .DS_Store -exclude CVS -exclude .svn -exclude .git -exclude .hg -resolve-src-symlinks -rename /Users/rioallen/Documents/DropFly-OS-App-Builder/DropFly-PROJECTS/TradeFly-iOS/build/Build/Intermediates.noindex/xctest-dynamic-overlay.build/Debug-iphonesimulator/IssueReporting.build/Objects-normal/arm64/IssueReporting.swiftsourceinfo /Users/rioallen/Documents/DropFly-OS-App-Builder/DropFly-PROJECTS/TradeFly-iOS/build/Build/Products/Debug-iphonesimulator/IssueReporting.swiftmodule/Project/arm64-apple-ios-simulator.swiftsourceinfo

SwiftCompile normal arm64 Compiling\ HashFunctions_SHA2.swift,\ HashFunctions_SHA3.swift,\ Digest_xkcp.swift,\ HPKE-AEAD.swift,\ HPKE-Ciphersuite.swift,\ HPKE-KDF.swift /Users/rioallen/Documents/DropFly-OS-App-Builder/DropFly-PROJECTS/TradeFly-iOS/build/SourcePackages/checkouts/swift-crypto/Sources/Crypto/Digests/HashFunctions_SHA2.swift /Users/rioallen/Documents/DropFly-OS-App-Builder/DropFly-PROJECTS/TradeFly-iOS/build/SourcePackages/checkouts/swift-crypto/Sources/Crypto/Digests/HashFunctions_SHA3.swift /Users/rioallen/Documents/DropFly-OS-App-Builder/DropFly-PROJECTS/TradeFly-iOS/build/SourcePackages/checkouts/swift-crypto/Sources/Crypto/Digests/XKCP/Digest_xkcp.swift /Users/rioallen/Documents/DropFly-OS-App-Builder/DropFly-PROJECTS/TradeFly-iOS/build/SourcePackages/checkouts/swift-crypto/Sources/Crypto/HPKE/Ciphersuite/HPKE-AEAD.swift /Users/rioallen/Documents/DropFly-OS-App-Builder/DropFly-PROJECTS/TradeFly-iOS/build/SourcePackages/checkouts/swift-crypto/Sources/Crypto/HPKE/Ciphersuite/HPKE-Ciphersuite.swift /Users/rioallen/Documents/DropFly-OS-App-Builder/DropFly-PROJECTS/TradeFly-iOS/build/SourcePackages/checkouts/swift-crypto/Sources/Crypto/HPKE/Ciphersuite/HPKE-KDF.swift (in target 'Crypto' from project 'swift-crypto')

SwiftCompile normal arm64 /Users/rioallen/Documents/DropFly-OS-App-Builder/DropFly-PROJECTS/TradeFly-iOS/build/SourcePackages/checkouts/swift-crypto/Sources/Crypto/Digests/HashFunctions_SHA2.swift (in target 'Crypto' from project 'swift-crypto')
    cd /Users/rioallen/Documents/DropFly-OS-App-Builder/DropFly-PROJECTS/TradeFly-iOS/TradeFly.xcodeproj
    

SwiftCompile normal arm64 /Users/rioallen/Documents/DropFly-OS-App-Builder/DropFly-PROJECTS/TradeFly-iOS/build/SourcePackages/checkouts/swift-crypto/Sources/Crypto/Digests/HashFunctions_SHA3.swift (in target 'Crypto' from project 'swift-crypto')
    cd /Users/rioallen/Documents/DropFly-OS-App-Builder/DropFly-PROJECTS/TradeFly-iOS/TradeFly.xcodeproj
    

SwiftCompile normal arm64 /Users/rioallen/Documents/DropFly-OS-App-Builder/DropFly-PROJECTS/TradeFly-iOS/build/SourcePackages/checkouts/swift-crypto/Sources/Crypto/Digests/XKCP/Digest_xkcp.swift (in target 'Crypto' from project 'swift-crypto')
    cd /Users/rioallen/Documents/DropFly-OS-App-Builder/DropFly-PROJECTS/TradeFly-iOS/TradeFly.xcodeproj
    

SwiftCompile normal arm64 /Users/rioallen/Documents/DropFly-OS-App-Builder/DropFly-PROJECTS/TradeFly-iOS/build/SourcePackages/checkouts/swift-crypto/Sources/Crypto/HPKE/Ciphersuite/HPKE-AEAD.swift (in target 'Crypto' from project 'swift-crypto')
    cd /Users/rioallen/Documents/DropFly-OS-App-Builder/DropFly-PROJECTS/TradeFly-iOS/TradeFly.xcodeproj
    

SwiftCompile normal arm64 /Users/rioallen/Documents/DropFly-OS-App-Builder/DropFly-PROJECTS/TradeFly-iOS/build/SourcePackages/checkouts/swift-crypto/Sources/Crypto/HPKE/Ciphersuite/HPKE-Ciphersuite.swift (in target 'Crypto' from project 'swift-crypto')
    cd /Users/rioallen/Documents/DropFly-OS-App-Builder/DropFly-PROJECTS/TradeFly-iOS/TradeFly.xcodeproj
    

SwiftCompile normal arm64 /Users/rioallen/Documents/DropFly-OS-App-Builder/DropFly-PROJECTS/TradeFly-iOS/build/SourcePackages/checkouts/swift-crypto/Sources/Crypto/HPKE/Ciphersuite/HPKE-KDF.swift (in target 'Crypto' from project 'swift-crypto')
    cd /Users/rioallen/Documents/DropFly-OS-App-Builder/DropFly-PROJECTS/TradeFly-iOS/TradeFly.xcodeproj
    

SwiftDriverJobDiscovery normal arm64 Compiling WithExpectedIssue.swift (in target 'IssueReporting' from project 'xctest-dynamic-overlay')

SwiftCompile normal arm64 Compiling\ HPKE-KexKeyDerivation.swift,\ HPKE-LabeledExtract.swift,\ HPKE-Utils.swift,\ DHKEM.swift,\ HPKE-KEM-Curve25519.swift,\ HPKE-NIST-EC-KEMs.swift /Users/rioallen/Documents/DropFly-OS-App-Builder/DropFly-PROJECTS/TradeFly-iOS/build/SourcePackages/checkouts/swift-crypto/Sources/Crypto/HPKE/Ciphersuite/HPKE-KexKeyDerivation.swift /Users/rioallen/Documents/DropFly-OS-App-Builder/DropFly-PROJECTS/TradeFly-iOS/build/SourcePackages/checkouts/swift-crypto/Sources/Crypto/HPKE/Ciphersuite/HPKE-LabeledExtract.swift /Users/rioallen/Documents/DropFly-OS-App-Builder/DropFly-PROJECTS/TradeFly-iOS/build/SourcePackages/checkouts/swift-crypto/Sources/Crypto/HPKE/Ciphersuite/HPKE-Utils.swift /Users/rioallen/Documents/DropFly-OS-App-Builder/DropFly-PROJECTS/TradeFly-iOS/build/SourcePackages/checkouts/swift-crypto/Sources/Crypto/HPKE/Ciphersuite/KEM/Conformances/DHKEM.swift /Users/rioallen/Documents/DropFly-OS-App-Builder/DropFly-PROJECTS/TradeFly-iOS/build/SourcePackages/checkouts/swift-crypto/Sources/Crypto/HPKE/Ciphersuite/KEM/Conformances/HPKE-KEM-Curve25519.swift /Users/rioallen/Documents/DropFly-OS-App-Builder/DropFly-PROJECTS/TradeFly-iOS/build/SourcePackages/checkouts/swift-crypto/Sources/Crypto/HPKE/Ciphersuite/KEM/Conformances/HPKE-NIST-EC-KEMs.swift (in target 'Crypto' from project 'swift-crypto')

SwiftCompile normal arm64 /Users/rioallen/Documents/DropFly-OS-App-Builder/DropFly-PROJECTS/TradeFly-iOS/build/SourcePackages/checkouts/swift-crypto/Sources/Crypto/HPKE/Ciphersuite/HPKE-KexKeyDerivation.swift (in target 'Crypto' from project 'swift-crypto')
    cd /Users/rioallen/Documents/DropFly-OS-App-Builder/DropFly-PROJECTS/TradeFly-iOS/TradeFly.xcodeproj
    

SwiftCompile normal arm64 /Users/rioallen/Documents/DropFly-OS-App-Builder/DropFly-PROJECTS/TradeFly-iOS/build/SourcePackages/checkouts/swift-crypto/Sources/Crypto/HPKE/Ciphersuite/HPKE-LabeledExtract.swift (in target 'Crypto' from project 'swift-crypto')
    cd /Users/rioallen/Documents/DropFly-OS-App-Builder/DropFly-PROJECTS/TradeFly-iOS/TradeFly.xcodeproj
    

SwiftCompile normal arm64 /Users/rioallen/Documents/DropFly-OS-App-Builder/DropFly-PROJECTS/TradeFly-iOS/build/SourcePackages/checkouts/swift-crypto/Sources/Crypto/HPKE/Ciphersuite/HPKE-Utils.swift (in target 'Crypto' from project 'swift-crypto')
    cd /Users/rioallen/Documents/DropFly-OS-App-Builder/DropFly-PROJECTS/TradeFly-iOS/TradeFly.xcodeproj
    

SwiftCompile normal arm64 /Users/rioallen/Documents/DropFly-OS-App-Builder/DropFly-PROJECTS/TradeFly-iOS/build/SourcePackages/checkouts/swift-crypto/Sources/Crypto/HPKE/Ciphersuite/KEM/Conformances/DHKEM.swift (in target 'Crypto' from project 'swift-crypto')
    cd /Users/rioallen/Documents/DropFly-OS-App-Builder/DropFly-PROJECTS/TradeFly-iOS/TradeFly.xcodeproj
    

SwiftCompile normal arm64 /Users/rioallen/Documents/DropFly-OS-App-Builder/DropFly-PROJECTS/TradeFly-iOS/build/SourcePackages/checkouts/swift-crypto/Sources/Crypto/HPKE/Ciphersuite/KEM/Conformances/HPKE-KEM-Curve25519.swift (in target 'Crypto' from project 'swift-crypto')
    cd /Users/rioallen/Documents/DropFly-OS-App-Builder/DropFly-PROJECTS/TradeFly-iOS/TradeFly.xcodeproj
    

SwiftCompile normal arm64 /Users/rioallen/Documents/DropFly-OS-App-Builder/DropFly-PROJECTS/TradeFly-iOS/build/SourcePackages/checkouts/swift-crypto/Sources/Crypto/HPKE/Ciphersuite/KEM/Conformances/HPKE-NIST-EC-KEMs.swift (in target 'Crypto' from project 'swift-crypto')
    cd /Users/rioallen/Documents/DropFly-OS-App-Builder/DropFly-PROJECTS/TradeFly-iOS/TradeFly.xcodeproj
    

SwiftDriverJobDiscovery normal arm64 Compiling ReportIssue.swift (in target 'IssueReporting' from project 'xctest-dynamic-overlay')

SwiftCompile normal arm64 Compiling\ EdDSA_boring.swift,\ MLDSA_boring.swift,\ MLDSA_wrapper.swift,\ ECDSA.swift,\ Ed25519.swift,\ MLDSA.swift /Users/rioallen/Documents/DropFly-OS-App-Builder/DropFly-PROJECTS/TradeFly-iOS/build/SourcePackages/checkouts/swift-crypto/Sources/Crypto/Signatures/BoringSSL/EdDSA_boring.swift /Users/rioallen/Documents/DropFly-OS-App-Builder/DropFly-PROJECTS/TradeFly-iOS/build/SourcePackages/checkouts/swift-crypto/Sources/Crypto/Signatures/BoringSSL/MLDSA_boring.swift /Users/rioallen/Documents/DropFly-OS-App-Builder/DropFly-PROJECTS/TradeFly-iOS/build/SourcePackages/checkouts/swift-crypto/Sources/Crypto/Signatures/BoringSSL/MLDSA_wrapper.swift /Users/rioallen/Documents/DropFly-OS-App-Builder/DropFly-PROJECTS/TradeFly-iOS/build/SourcePackages/checkouts/swift-crypto/Sources/Crypto/Signatures/ECDSA.swift /Users/rioallen/Documents/DropFly-OS-App-Builder/DropFly-PROJECTS/TradeFly-iOS/build/SourcePackages/checkouts/swift-crypto/Sources/Crypto/Signatures/Ed25519.swift /Users/rioallen/Documents/DropFly-OS-App-Builder/DropFly-PROJECTS/TradeFly-iOS/build/SourcePackages/checkouts/swift-crypto/Sources/Crypto/Signatures/MLDSA.swift (in target 'Crypto' from project 'swift-crypto')

SwiftCompile normal arm64 /Users/rioallen/Documents/DropFly-OS-App-Builder/DropFly-PROJECTS/TradeFly-iOS/build/SourcePackages/checkouts/swift-crypto/Sources/Crypto/Signatures/BoringSSL/EdDSA_boring.swift (in target 'Crypto' from project 'swift-crypto')
    cd /Users/rioallen/Documents/DropFly-OS-App-Builder/DropFly-PROJECTS/TradeFly-iOS/TradeFly.xcodeproj
    

SwiftCompile normal arm64 /Users/rioallen/Documents/DropFly-OS-App-Builder/DropFly-PROJECTS/TradeFly-iOS/build/SourcePackages/checkouts/swift-crypto/Sources/Crypto/Signatures/BoringSSL/MLDSA_boring.swift (in target 'Crypto' from project 'swift-crypto')
    cd /Users/rioallen/Documents/DropFly-OS-App-Builder/DropFly-PROJECTS/TradeFly-iOS/TradeFly.xcodeproj
    

SwiftCompile normal arm64 /Users/rioallen/Documents/DropFly-OS-App-Builder/DropFly-PROJECTS/TradeFly-iOS/build/SourcePackages/checkouts/swift-crypto/Sources/Crypto/Signatures/BoringSSL/MLDSA_wrapper.swift (in target 'Crypto' from project 'swift-crypto')
    cd /Users/rioallen/Documents/DropFly-OS-App-Builder/DropFly-PROJECTS/TradeFly-iOS/TradeFly.xcodeproj
    

SwiftCompile normal arm64 /Users/rioallen/Documents/DropFly-OS-App-Builder/DropFly-PROJECTS/TradeFly-iOS/build/SourcePackages/checkouts/swift-crypto/Sources/Crypto/Signatures/ECDSA.swift (in target 'Crypto' from project 'swift-crypto')
    cd /Users/rioallen/Documents/DropFly-OS-App-Builder/DropFly-PROJECTS/TradeFly-iOS/TradeFly.xcodeproj
    

SwiftCompile normal arm64 /Users/rioallen/Documents/DropFly-OS-App-Builder/DropFly-PROJECTS/TradeFly-iOS/build/SourcePackages/checkouts/swift-crypto/Sources/Crypto/Signatures/Ed25519.swift (in target 'Crypto' from project 'swift-crypto')
    cd /Users/rioallen/Documents/DropFly-OS-App-Builder/DropFly-PROJECTS/TradeFly-iOS/TradeFly.xcodeproj
    

SwiftCompile normal arm64 /Users/rioallen/Documents/DropFly-OS-App-Builder/DropFly-PROJECTS/TradeFly-iOS/build/SourcePackages/checkouts/swift-crypto/Sources/Crypto/Signatures/MLDSA.swift (in target 'Crypto' from project 'swift-crypto')
    cd /Users/rioallen/Documents/DropFly-OS-App-Builder/DropFly-PROJECTS/TradeFly-iOS/TradeFly.xcodeproj
    

SwiftCompile normal arm64 Compiling\ Nonces.swift,\ ASN1.swift,\ ASN1Any.swift,\ ASN1BitString.swift,\ ASN1Boolean.swift,\ ASN1Identifier.swift /Users/rioallen/Documents/DropFly-OS-App-Builder/DropFly-PROJECTS/TradeFly-iOS/build/SourcePackages/checkouts/swift-crypto/Sources/Crypto/AEADs/Nonces.swift /Users/rioallen/Documents/DropFly-OS-App-Builder/DropFly-PROJECTS/TradeFly-iOS/build/SourcePackages/checkouts/swift-crypto/Sources/Crypto/ASN1/ASN1.swift /Users/rioallen/Documents/DropFly-OS-App-Builder/DropFly-PROJECTS/TradeFly-iOS/build/SourcePackages/checkouts/swift-crypto/Sources/Crypto/ASN1/Basic\ ASN1\ Types/ASN1Any.swift /Users/rioallen/Documents/DropFly-OS-App-Builder/DropFly-PROJECTS/TradeFly-iOS/build/SourcePackages/checkouts/swift-crypto/Sources/Crypto/ASN1/Basic\ ASN1\ Types/ASN1BitString.swift /Users/rioallen/Documents/DropFly-OS-App-Builder/DropFly-PROJECTS/TradeFly-iOS/build/SourcePackages/checkouts/swift-crypto/Sources/Crypto/ASN1/Basic\ ASN1\ Types/ASN1Boolean.swift /Users/rioallen/Documents/DropFly-OS-App-Builder/DropFly-PROJECTS/TradeFly-iOS/build/SourcePackages/checkouts/swift-crypto/Sources/Crypto/ASN1/Basic\ ASN1\ Types/ASN1Identifier.swift (in target 'Crypto' from project 'swift-crypto')
SwiftCompile normal arm64 /Users/rioallen/Documents/DropFly-OS-App-Builder/DropFly-PROJECTS/TradeFly-iOS/build/SourcePackages/checkouts/swift-crypto/Sources/Crypto/AEADs/Nonces.swift (in target 'Crypto' from project 'swift-crypto')
    cd /Users/rioallen/Documents/DropFly-OS-App-Builder/DropFly-PROJECTS/TradeFly-iOS/TradeFly.xcodeproj
    

SwiftCompile normal arm64 /Users/rioallen/Documents/DropFly-OS-App-Builder/DropFly-PROJECTS/TradeFly-iOS/build/SourcePackages/checkouts/swift-crypto/Sources/Crypto/ASN1/ASN1.swift (in target 'Crypto' from project 'swift-crypto')
    cd /Users/rioallen/Documents/DropFly-OS-App-Builder/DropFly-PROJECTS/TradeFly-iOS/TradeFly.xcodeproj
    

SwiftCompile normal arm64 /Users/rioallen/Documents/DropFly-OS-App-Builder/DropFly-PROJECTS/TradeFly-iOS/build/SourcePackages/checkouts/swift-crypto/Sources/Crypto/ASN1/Basic\ ASN1\ Types/ASN1Any.swift (in target 'Crypto' from project 'swift-crypto')
    cd /Users/rioallen/Documents/DropFly-OS-App-Builder/DropFly-PROJECTS/TradeFly-iOS/TradeFly.xcodeproj
    

SwiftCompile normal arm64 /Users/rioallen/Documents/DropFly-OS-App-Builder/DropFly-PROJECTS/TradeFly-iOS/build/SourcePackages/checkouts/swift-crypto/Sources/Crypto/ASN1/Basic\ ASN1\ Types/ASN1BitString.swift (in target 'Crypto' from project 'swift-crypto')
    cd /Users/rioallen/Documents/DropFly-OS-App-Builder/DropFly-PROJECTS/TradeFly-iOS/TradeFly.xcodeproj
    

SwiftCompile normal arm64 /Users/rioallen/Documents/DropFly-OS-App-Builder/DropFly-PROJECTS/TradeFly-iOS/build/SourcePackages/checkouts/swift-crypto/Sources/Crypto/ASN1/Basic\ ASN1\ Types/ASN1Boolean.swift (in target 'Crypto' from project 'swift-crypto')
    cd /Users/rioallen/Documents/DropFly-OS-App-Builder/DropFly-PROJECTS/TradeFly-iOS/TradeFly.xcodeproj
    

SwiftCompile normal arm64 /Users/rioallen/Documents/DropFly-OS-App-Builder/DropFly-PROJECTS/TradeFly-iOS/build/SourcePackages/checkouts/swift-crypto/Sources/Crypto/ASN1/Basic\ ASN1\ Types/ASN1Identifier.swift (in target 'Crypto' from project 'swift-crypto')
    cd /Users/rioallen/Documents/DropFly-OS-App-Builder/DropFly-PROJECTS/TradeFly-iOS/TradeFly.xcodeproj
    

SwiftDriverJobDiscovery normal arm64 Compiling HTTPFields.swift (in target 'HTTPTypes' from project 'swift-http-types')

SwiftCompile normal arm64 Compiling\ ANSIx963.swift,\ HKDF.swift,\ AESWrap.swift,\ AESWrap_boring.swift,\ Ed25519_boring.swift,\ NISTCurvesKeys_boring.swift /Users/rioallen/Documents/DropFly-OS-App-Builder/DropFly-PROJECTS/TradeFly-iOS/build/SourcePackages/checkouts/swift-crypto/Sources/Crypto/Key\ Derivation/ANSIx963.swift /Users/rioallen/Documents/DropFly-OS-App-Builder/DropFly-PROJECTS/TradeFly-iOS/build/SourcePackages/checkouts/swift-crypto/Sources/Crypto/Key\ Derivation/HKDF.swift /Users/rioallen/Documents/DropFly-OS-App-Builder/DropFly-PROJECTS/TradeFly-iOS/build/SourcePackages/checkouts/swift-crypto/Sources/Crypto/Key\ Wrapping/AESWrap.swift /Users/rioallen/Documents/DropFly-OS-App-Builder/DropFly-PROJECTS/TradeFly-iOS/build/SourcePackages/checkouts/swift-crypto/Sources/Crypto/Key\ Wrapping/BoringSSL/AESWrap_boring.swift /Users/rioallen/Documents/DropFly-OS-App-Builder/DropFly-PROJECTS/TradeFly-iOS/build/SourcePackages/checkouts/swift-crypto/Sources/Crypto/Keys/EC/BoringSSL/Ed25519_boring.swift /Users/rioallen/Documents/DropFly-OS-App-Builder/DropFly-PROJECTS/TradeFly-iOS/build/SourcePackages/checkouts/swift-crypto/Sources/Crypto/Keys/EC/BoringSSL/NISTCurvesKeys_boring.swift (in target 'Crypto' from project 'swift-crypto')
SwiftCompile normal arm64 /Users/rioallen/Documents/DropFly-OS-App-Builder/DropFly-PROJECTS/TradeFly-iOS/build/SourcePackages/checkouts/swift-crypto/Sources/Crypto/Key\ Derivation/ANSIx963.swift (in target 'Crypto' from project 'swift-crypto')
    cd /Users/rioallen/Documents/DropFly-OS-App-Builder/DropFly-PROJECTS/TradeFly-iOS/TradeFly.xcodeproj
    

SwiftCompile normal arm64 /Users/rioallen/Documents/DropFly-OS-App-Builder/DropFly-PROJECTS/TradeFly-iOS/build/SourcePackages/checkouts/swift-crypto/Sources/Crypto/Key\ Derivation/HKDF.swift (in target 'Crypto' from project 'swift-crypto')
    cd /Users/rioallen/Documents/DropFly-OS-App-Builder/DropFly-PROJECTS/TradeFly-iOS/TradeFly.xcodeproj
    

SwiftCompile normal arm64 /Users/rioallen/Documents/DropFly-OS-App-Builder/DropFly-PROJECTS/TradeFly-iOS/build/SourcePackages/checkouts/swift-crypto/Sources/Crypto/Key\ Wrapping/AESWrap.swift (in target 'Crypto' from project 'swift-crypto')
    cd /Users/rioallen/Documents/DropFly-OS-App-Builder/DropFly-PROJECTS/TradeFly-iOS/TradeFly.xcodeproj
    

SwiftCompile normal arm64 /Users/rioallen/Documents/DropFly-OS-App-Builder/DropFly-PROJECTS/TradeFly-iOS/build/SourcePackages/checkouts/swift-crypto/Sources/Crypto/Key\ Wrapping/BoringSSL/AESWrap_boring.swift (in target 'Crypto' from project 'swift-crypto')
    cd /Users/rioallen/Documents/DropFly-OS-App-Builder/DropFly-PROJECTS/TradeFly-iOS/TradeFly.xcodeproj
    

SwiftCompile normal arm64 /Users/rioallen/Documents/DropFly-OS-App-Builder/DropFly-PROJECTS/TradeFly-iOS/build/SourcePackages/checkouts/swift-crypto/Sources/Crypto/Keys/EC/BoringSSL/Ed25519_boring.swift (in target 'Crypto' from project 'swift-crypto')
    cd /Users/rioallen/Documents/DropFly-OS-App-Builder/DropFly-PROJECTS/TradeFly-iOS/TradeFly.xcodeproj
    

SwiftCompile normal arm64 /Users/rioallen/Documents/DropFly-OS-App-Builder/DropFly-PROJECTS/TradeFly-iOS/build/SourcePackages/checkouts/swift-crypto/Sources/Crypto/Keys/EC/BoringSSL/NISTCurvesKeys_boring.swift (in target 'Crypto' from project 'swift-crypto')
    cd /Users/rioallen/Documents/DropFly-OS-App-Builder/DropFly-PROJECTS/TradeFly-iOS/TradeFly.xcodeproj
    

SwiftDriverJobDiscovery normal arm64 Compiling BreakpointReporter.swift (in target 'IssueReporting' from project 'xctest-dynamic-overlay')

SwiftDriverJobDiscovery normal arm64 Compiling Deprecations.swift, FailureObserver.swift (in target 'IssueReporting' from project 'xctest-dynamic-overlay')

SwiftCompile normal arm64 Compiling\ Insecure.swift,\ Insecure_HashFunctions.swift,\ MLKEM_boring.swift,\ MLKEM_wrapper.swift,\ XWing_boring.swift,\ KEM-Errors.swift /Users/rioallen/Documents/DropFly-OS-App-Builder/DropFly-PROJECTS/TradeFly-iOS/build/SourcePackages/checkouts/swift-crypto/Sources/Crypto/Insecure/Insecure.swift /Users/rioallen/Documents/DropFly-OS-App-Builder/DropFly-PROJECTS/TradeFly-iOS/build/SourcePackages/checkouts/swift-crypto/Sources/Crypto/Insecure/Insecure_HashFunctions.swift /Users/rioallen/Documents/DropFly-OS-App-Builder/DropFly-PROJECTS/TradeFly-iOS/build/SourcePackages/checkouts/swift-crypto/Sources/Crypto/KEM/BoringSSL/MLKEM_boring.swift /Users/rioallen/Documents/DropFly-OS-App-Builder/DropFly-PROJECTS/TradeFly-iOS/build/SourcePackages/checkouts/swift-crypto/Sources/Crypto/KEM/BoringSSL/MLKEM_wrapper.swift /Users/rioallen/Documents/DropFly-OS-App-Builder/DropFly-PROJECTS/TradeFly-iOS/build/SourcePackages/checkouts/swift-crypto/Sources/Crypto/KEM/BoringSSL/XWing_boring.swift /Users/rioallen/Documents/DropFly-OS-App-Builder/DropFly-PROJECTS/TradeFly-iOS/build/SourcePackages/checkouts/swift-crypto/Sources/Crypto/KEM/KEM-Errors.swift (in target 'Crypto' from project 'swift-crypto')

SwiftCompile normal arm64 /Users/rioallen/Documents/DropFly-OS-App-Builder/DropFly-PROJECTS/TradeFly-iOS/build/SourcePackages/checkouts/swift-crypto/Sources/Crypto/Insecure/Insecure.swift (in target 'Crypto' from project 'swift-crypto')
    cd /Users/rioallen/Documents/DropFly-OS-App-Builder/DropFly-PROJECTS/TradeFly-iOS/TradeFly.xcodeproj
    

SwiftCompile normal arm64 /Users/rioallen/Documents/DropFly-OS-App-Builder/DropFly-PROJECTS/TradeFly-iOS/build/SourcePackages/checkouts/swift-crypto/Sources/Crypto/Insecure/Insecure_HashFunctions.swift (in target 'Crypto' from project 'swift-crypto')
    cd /Users/rioallen/Documents/DropFly-OS-App-Builder/DropFly-PROJECTS/TradeFly-iOS/TradeFly.xcodeproj
    

SwiftCompile normal arm64 /Users/rioallen/Documents/DropFly-OS-App-Builder/DropFly-PROJECTS/TradeFly-iOS/build/SourcePackages/checkouts/swift-crypto/Sources/Crypto/KEM/BoringSSL/MLKEM_boring.swift (in target 'Crypto' from project 'swift-crypto')
    cd /Users/rioallen/Documents/DropFly-OS-App-Builder/DropFly-PROJECTS/TradeFly-iOS/TradeFly.xcodeproj
    

SwiftCompile normal arm64 /Users/rioallen/Documents/DropFly-OS-App-Builder/DropFly-PROJECTS/TradeFly-iOS/build/SourcePackages/checkouts/swift-crypto/Sources/Crypto/KEM/BoringSSL/MLKEM_wrapper.swift (in target 'Crypto' from project 'swift-crypto')
    cd /Users/rioallen/Documents/DropFly-OS-App-Builder/DropFly-PROJECTS/TradeFly-iOS/TradeFly.xcodeproj
    

SwiftCompile normal arm64 /Users/rioallen/Documents/DropFly-OS-App-Builder/DropFly-PROJECTS/TradeFly-iOS/build/SourcePackages/checkouts/swift-crypto/Sources/Crypto/KEM/BoringSSL/XWing_boring.swift (in target 'Crypto' from project 'swift-crypto')
    cd /Users/rioallen/Documents/DropFly-OS-App-Builder/DropFly-PROJECTS/TradeFly-iOS/TradeFly.xcodeproj
    

SwiftCompile normal arm64 /Users/rioallen/Documents/DropFly-OS-App-Builder/DropFly-PROJECTS/TradeFly-iOS/build/SourcePackages/checkouts/swift-crypto/Sources/Crypto/KEM/KEM-Errors.swift (in target 'Crypto' from project 'swift-crypto')
    cd /Users/rioallen/Documents/DropFly-OS-App-Builder/DropFly-PROJECTS/TradeFly-iOS/TradeFly.xcodeproj
    

SwiftCompile normal arm64 Compiling\ Zeroization_boring.swift,\ PrettyBytes.swift,\ SafeCompare.swift,\ SecureBytes.swift,\ Zeroization.swift /Users/rioallen/Documents/DropFly-OS-App-Builder/DropFly-PROJECTS/TradeFly-iOS/build/SourcePackages/checkouts/swift-crypto/Sources/Crypto/Util/BoringSSL/Zeroization_boring.swift /Users/rioallen/Documents/DropFly-OS-App-Builder/DropFly-PROJECTS/TradeFly-iOS/build/SourcePackages/checkouts/swift-crypto/Sources/Crypto/Util/PrettyBytes.swift /Users/rioallen/Documents/DropFly-OS-App-Builder/DropFly-PROJECTS/TradeFly-iOS/build/SourcePackages/checkouts/swift-crypto/Sources/Crypto/Util/SafeCompare.swift /Users/rioallen/Documents/DropFly-OS-App-Builder/DropFly-PROJECTS/TradeFly-iOS/build/SourcePackages/checkouts/swift-crypto/Sources/Crypto/Util/SecureBytes.swift /Users/rioallen/Documents/DropFly-OS-App-Builder/DropFly-PROJECTS/TradeFly-iOS/build/SourcePackages/checkouts/swift-crypto/Sources/Crypto/Util/Zeroization.swift (in target 'Crypto' from project 'swift-crypto')
SwiftCompile normal arm64 /Users/rioallen/Documents/DropFly-OS-App-Builder/DropFly-PROJECTS/TradeFly-iOS/build/SourcePackages/checkouts/swift-crypto/Sources/Crypto/Util/BoringSSL/Zeroization_boring.swift (in target 'Crypto' from project 'swift-crypto')
    cd /Users/rioallen/Documents/DropFly-OS-App-Builder/DropFly-PROJECTS/TradeFly-iOS/TradeFly.xcodeproj
    

SwiftCompile normal arm64 /Users/rioallen/Documents/DropFly-OS-App-Builder/DropFly-PROJECTS/TradeFly-iOS/build/SourcePackages/checkouts/swift-crypto/Sources/Crypto/Util/PrettyBytes.swift (in target 'Crypto' from project 'swift-crypto')
    cd /Users/rioallen/Documents/DropFly-OS-App-Builder/DropFly-PROJECTS/TradeFly-iOS/TradeFly.xcodeproj
    

SwiftCompile normal arm64 /Users/rioallen/Documents/DropFly-OS-App-Builder/DropFly-PROJECTS/TradeFly-iOS/build/SourcePackages/checkouts/swift-crypto/Sources/Crypto/Util/SafeCompare.swift (in target 'Crypto' from project 'swift-crypto')
    cd /Users/rioallen/Documents/DropFly-OS-App-Builder/DropFly-PROJECTS/TradeFly-iOS/TradeFly.xcodeproj
    

SwiftCompile normal arm64 /Users/rioallen/Documents/DropFly-OS-App-Builder/DropFly-PROJECTS/TradeFly-iOS/build/SourcePackages/checkouts/swift-crypto/Sources/Crypto/Util/SecureBytes.swift (in target 'Crypto' from project 'swift-crypto')
    cd /Users/rioallen/Documents/DropFly-OS-App-Builder/DropFly-PROJECTS/TradeFly-iOS/TradeFly.xcodeproj
    

SwiftCompile normal arm64 /Users/rioallen/Documents/DropFly-OS-App-Builder/DropFly-PROJECTS/TradeFly-iOS/build/SourcePackages/checkouts/swift-crypto/Sources/Crypto/Util/Zeroization.swift (in target 'Crypto' from project 'swift-crypto')
    cd /Users/rioallen/Documents/DropFly-OS-App-Builder/DropFly-PROJECTS/TradeFly-iOS/TradeFly.xcodeproj
    

SwiftDriverJobDiscovery normal arm64 Compiling IsTesting.swift (in target 'IssueReporting' from project 'xctest-dynamic-overlay')

SwiftCompile normal arm64 Compiling\ KEM.swift,\ MLKEM.swift,\ XWing.swift,\ ECDH_boring.swift,\ DH.swift,\ ECDH.swift /Users/rioallen/Documents/DropFly-OS-App-Builder/DropFly-PROJECTS/TradeFly-iOS/build/SourcePackages/checkouts/swift-crypto/Sources/Crypto/KEM/KEM.swift /Users/rioallen/Documents/DropFly-OS-App-Builder/DropFly-PROJECTS/TradeFly-iOS/build/SourcePackages/checkouts/swift-crypto/Sources/Crypto/KEM/MLKEM.swift /Users/rioallen/Documents/DropFly-OS-App-Builder/DropFly-PROJECTS/TradeFly-iOS/build/SourcePackages/checkouts/swift-crypto/Sources/Crypto/KEM/XWing.swift /Users/rioallen/Documents/DropFly-OS-App-Builder/DropFly-PROJECTS/TradeFly-iOS/build/SourcePackages/checkouts/swift-crypto/Sources/Crypto/Key\ Agreement/BoringSSL/ECDH_boring.swift /Users/rioallen/Documents/DropFly-OS-App-Builder/DropFly-PROJECTS/TradeFly-iOS/build/SourcePackages/checkouts/swift-crypto/Sources/Crypto/Key\ Agreement/DH.swift /Users/rioallen/Documents/DropFly-OS-App-Builder/DropFly-PROJECTS/TradeFly-iOS/build/SourcePackages/checkouts/swift-crypto/Sources/Crypto/Key\ Agreement/ECDH.swift (in target 'Crypto' from project 'swift-crypto')

SwiftCompile normal arm64 /Users/rioallen/Documents/DropFly-OS-App-Builder/DropFly-PROJECTS/TradeFly-iOS/build/SourcePackages/checkouts/swift-crypto/Sources/Crypto/KEM/KEM.swift (in target 'Crypto' from project 'swift-crypto')
    cd /Users/rioallen/Documents/DropFly-OS-App-Builder/DropFly-PROJECTS/TradeFly-iOS/TradeFly.xcodeproj
    

SwiftCompile normal arm64 /Users/rioallen/Documents/DropFly-OS-App-Builder/DropFly-PROJECTS/TradeFly-iOS/build/SourcePackages/checkouts/swift-crypto/Sources/Crypto/KEM/MLKEM.swift (in target 'Crypto' from project 'swift-crypto')
    cd /Users/rioallen/Documents/DropFly-OS-App-Builder/DropFly-PROJECTS/TradeFly-iOS/TradeFly.xcodeproj
    

SwiftCompile normal arm64 /Users/rioallen/Documents/DropFly-OS-App-Builder/DropFly-PROJECTS/TradeFly-iOS/build/SourcePackages/checkouts/swift-crypto/Sources/Crypto/KEM/XWing.swift (in target 'Crypto' from project 'swift-crypto')
    cd /Users/rioallen/Documents/DropFly-OS-App-Builder/DropFly-PROJECTS/TradeFly-iOS/TradeFly.xcodeproj
    

SwiftCompile normal arm64 /Users/rioallen/Documents/DropFly-OS-App-Builder/DropFly-PROJECTS/TradeFly-iOS/build/SourcePackages/checkouts/swift-crypto/Sources/Crypto/Key\ Agreement/BoringSSL/ECDH_boring.swift (in target 'Crypto' from project 'swift-crypto')
    cd /Users/rioallen/Documents/DropFly-OS-App-Builder/DropFly-PROJECTS/TradeFly-iOS/TradeFly.xcodeproj
    

SwiftCompile normal arm64 /Users/rioallen/Documents/DropFly-OS-App-Builder/DropFly-PROJECTS/TradeFly-iOS/build/SourcePackages/checkouts/swift-crypto/Sources/Crypto/Key\ Agreement/DH.swift (in target 'Crypto' from project 'swift-crypto')
    cd /Users/rioallen/Documents/DropFly-OS-App-Builder/DropFly-PROJECTS/TradeFly-iOS/TradeFly.xcodeproj
    

SwiftCompile normal arm64 /Users/rioallen/Documents/DropFly-OS-App-Builder/DropFly-PROJECTS/TradeFly-iOS/build/SourcePackages/checkouts/swift-crypto/Sources/Crypto/Key\ Agreement/ECDH.swift (in target 'Crypto' from project 'swift-crypto')
    cd /Users/rioallen/Documents/DropFly-OS-App-Builder/DropFly-PROJECTS/TradeFly-iOS/TradeFly.xcodeproj
    

SwiftDriverJobDiscovery normal arm64 Compiling Warn.swift (in target 'IssueReporting' from project 'xctest-dynamic-overlay')

SwiftCompile normal arm64 Compiling\ ASN1Integer.swift,\ ASN1Null.swift,\ ASN1OctetString.swift,\ ASN1Strings.swift,\ ArraySliceBigint.swift,\ GeneralizedTime.swift /Users/rioallen/Documents/DropFly-OS-App-Builder/DropFly-PROJECTS/TradeFly-iOS/build/SourcePackages/checkouts/swift-crypto/Sources/Crypto/ASN1/Basic\ ASN1\ Types/ASN1Integer.swift /Users/rioallen/Documents/DropFly-OS-App-Builder/DropFly-PROJECTS/TradeFly-iOS/build/SourcePackages/checkouts/swift-crypto/Sources/Crypto/ASN1/Basic\ ASN1\ Types/ASN1Null.swift /Users/rioallen/Documents/DropFly-OS-App-Builder/DropFly-PROJECTS/TradeFly-iOS/build/SourcePackages/checkouts/swift-crypto/Sources/Crypto/ASN1/Basic\ ASN1\ Types/ASN1OctetString.swift /Users/rioallen/Documents/DropFly-OS-App-Builder/DropFly-PROJECTS/TradeFly-iOS/build/SourcePackages/checkouts/swift-crypto/Sources/Crypto/ASN1/Basic\ ASN1\ Types/ASN1Strings.swift /Users/rioallen/Documents/DropFly-OS-App-Builder/DropFly-PROJECTS/TradeFly-iOS/build/SourcePackages/checkouts/swift-crypto/Sources/Crypto/ASN1/Basic\ ASN1\ Types/ArraySliceBigint.swift /Users/rioallen/Documents/DropFly-OS-App-Builder/DropFly-PROJECTS/TradeFly-iOS/build/SourcePackages/checkouts/swift-crypto/Sources/Crypto/ASN1/Basic\ ASN1\ Types/GeneralizedTime.swift (in target 'Crypto' from project 'swift-crypto')

SwiftCompile normal arm64 /Users/rioallen/Documents/DropFly-OS-App-Builder/DropFly-PROJECTS/TradeFly-iOS/build/SourcePackages/checkouts/swift-crypto/Sources/Crypto/ASN1/Basic\ ASN1\ Types/ASN1Integer.swift (in target 'Crypto' from project 'swift-crypto')
    cd /Users/rioallen/Documents/DropFly-OS-App-Builder/DropFly-PROJECTS/TradeFly-iOS/TradeFly.xcodeproj
    

SwiftCompile normal arm64 /Users/rioallen/Documents/DropFly-OS-App-Builder/DropFly-PROJECTS/TradeFly-iOS/build/SourcePackages/checkouts/swift-crypto/Sources/Crypto/ASN1/Basic\ ASN1\ Types/ASN1Null.swift (in target 'Crypto' from project 'swift-crypto')
    cd /Users/rioallen/Documents/DropFly-OS-App-Builder/DropFly-PROJECTS/TradeFly-iOS/TradeFly.xcodeproj
    

SwiftCompile normal arm64 /Users/rioallen/Documents/DropFly-OS-App-Builder/DropFly-PROJECTS/TradeFly-iOS/build/SourcePackages/checkouts/swift-crypto/Sources/Crypto/ASN1/Basic\ ASN1\ Types/ASN1OctetString.swift (in target 'Crypto' from project 'swift-crypto')
    cd /Users/rioallen/Documents/DropFly-OS-App-Builder/DropFly-PROJECTS/TradeFly-iOS/TradeFly.xcodeproj
    

SwiftCompile normal arm64 /Users/rioallen/Documents/DropFly-OS-App-Builder/DropFly-PROJECTS/TradeFly-iOS/build/SourcePackages/checkouts/swift-crypto/Sources/Crypto/ASN1/Basic\ ASN1\ Types/ASN1Strings.swift (in target 'Crypto' from project 'swift-crypto')
    cd /Users/rioallen/Documents/DropFly-OS-App-Builder/DropFly-PROJECTS/TradeFly-iOS/TradeFly.xcodeproj
    

SwiftCompile normal arm64 /Users/rioallen/Documents/DropFly-OS-App-Builder/DropFly-PROJECTS/TradeFly-iOS/build/SourcePackages/checkouts/swift-crypto/Sources/Crypto/ASN1/Basic\ ASN1\ Types/ArraySliceBigint.swift (in target 'Crypto' from project 'swift-crypto')
    cd /Users/rioallen/Documents/DropFly-OS-App-Builder/DropFly-PROJECTS/TradeFly-iOS/TradeFly.xcodeproj
    

SwiftCompile normal arm64 /Users/rioallen/Documents/DropFly-OS-App-Builder/DropFly-PROJECTS/TradeFly-iOS/build/SourcePackages/checkouts/swift-crypto/Sources/Crypto/ASN1/Basic\ ASN1\ Types/GeneralizedTime.swift (in target 'Crypto' from project 'swift-crypto')
    cd /Users/rioallen/Documents/DropFly-OS-App-Builder/DropFly-PROJECTS/TradeFly-iOS/TradeFly.xcodeproj
    

SwiftDriverJobDiscovery normal arm64 Compiling LockIsolated.swift, Rethrows.swift (in target 'IssueReporting' from project 'xctest-dynamic-overlay')

SwiftCompile normal arm64 Compiling\ CryptoError_boring.swift,\ CryptoKitErrors.swift,\ Digest_boring.swift,\ Digest.swift,\ Digests.swift,\ HashFunctions.swift /Users/rioallen/Documents/DropFly-OS-App-Builder/DropFly-PROJECTS/TradeFly-iOS/build/SourcePackages/checkouts/swift-crypto/Sources/Crypto/CryptoError_boring.swift /Users/rioallen/Documents/DropFly-OS-App-Builder/DropFly-PROJECTS/TradeFly-iOS/build/SourcePackages/checkouts/swift-crypto/Sources/Crypto/CryptoKitErrors.swift /Users/rioallen/Documents/DropFly-OS-App-Builder/DropFly-PROJECTS/TradeFly-iOS/build/SourcePackages/checkouts/swift-crypto/Sources/Crypto/Digests/BoringSSL/Digest_boring.swift /Users/rioallen/Documents/DropFly-OS-App-Builder/DropFly-PROJECTS/TradeFly-iOS/build/SourcePackages/checkouts/swift-crypto/Sources/Crypto/Digests/Digest.swift /Users/rioallen/Documents/DropFly-OS-App-Builder/DropFly-PROJECTS/TradeFly-iOS/build/SourcePackages/checkouts/swift-crypto/Sources/Crypto/Digests/Digests.swift /Users/rioallen/Documents/DropFly-OS-App-Builder/DropFly-PROJECTS/TradeFly-iOS/build/SourcePackages/checkouts/swift-crypto/Sources/Crypto/Digests/HashFunctions.swift (in target 'Crypto' from project 'swift-crypto')

SwiftCompile normal arm64 /Users/rioallen/Documents/DropFly-OS-App-Builder/DropFly-PROJECTS/TradeFly-iOS/build/SourcePackages/checkouts/swift-crypto/Sources/Crypto/CryptoError_boring.swift (in target 'Crypto' from project 'swift-crypto')
    cd /Users/rioallen/Documents/DropFly-OS-App-Builder/DropFly-PROJECTS/TradeFly-iOS/TradeFly.xcodeproj
    

SwiftCompile normal arm64 /Users/rioallen/Documents/DropFly-OS-App-Builder/DropFly-PROJECTS/TradeFly-iOS/build/SourcePackages/checkouts/swift-crypto/Sources/Crypto/CryptoKitErrors.swift (in target 'Crypto' from project 'swift-crypto')
    cd /Users/rioallen/Documents/DropFly-OS-App-Builder/DropFly-PROJECTS/TradeFly-iOS/TradeFly.xcodeproj
    

SwiftCompile normal arm64 /Users/rioallen/Documents/DropFly-OS-App-Builder/DropFly-PROJECTS/TradeFly-iOS/build/SourcePackages/checkouts/swift-crypto/Sources/Crypto/Digests/BoringSSL/Digest_boring.swift (in target 'Crypto' from project 'swift-crypto')
    cd /Users/rioallen/Documents/DropFly-OS-App-Builder/DropFly-PROJECTS/TradeFly-iOS/TradeFly.xcodeproj
    

SwiftCompile normal arm64 /Users/rioallen/Documents/DropFly-OS-App-Builder/DropFly-PROJECTS/TradeFly-iOS/build/SourcePackages/checkouts/swift-crypto/Sources/Crypto/Digests/Digest.swift (in target 'Crypto' from project 'swift-crypto')
    cd /Users/rioallen/Documents/DropFly-OS-App-Builder/DropFly-PROJECTS/TradeFly-iOS/TradeFly.xcodeproj
    

SwiftCompile normal arm64 /Users/rioallen/Documents/DropFly-OS-App-Builder/DropFly-PROJECTS/TradeFly-iOS/build/SourcePackages/checkouts/swift-crypto/Sources/Crypto/Digests/Digests.swift (in target 'Crypto' from project 'swift-crypto')
    cd /Users/rioallen/Documents/DropFly-OS-App-Builder/DropFly-PROJECTS/TradeFly-iOS/TradeFly.xcodeproj
    

SwiftCompile normal arm64 /Users/rioallen/Documents/DropFly-OS-App-Builder/DropFly-PROJECTS/TradeFly-iOS/build/SourcePackages/checkouts/swift-crypto/Sources/Crypto/Digests/HashFunctions.swift (in target 'Crypto' from project 'swift-crypto')
    cd /Users/rioallen/Documents/DropFly-OS-App-Builder/DropFly-PROJECTS/TradeFly-iOS/TradeFly.xcodeproj
    

SwiftDriverJobDiscovery normal arm64 Compiling HTTPRequest+URL.swift (in target 'HTTPTypes' from project 'swift-http-types')

SwiftCompile normal arm64 Compiling\ resource_bundle_accessor.swift,\ AES-GCM.swift,\ AES-GCM_boring.swift,\ ChaChaPoly_boring.swift,\ ChaChaPoly.swift,\ Cipher.swift /Users/rioallen/Documents/DropFly-OS-App-Builder/DropFly-PROJECTS/TradeFly-iOS/build/Build/Intermediates.noindex/swift-crypto.build/Debug-iphonesimulator/Crypto.build/DerivedSources/resource_bundle_accessor.swift /Users/rioallen/Documents/DropFly-OS-App-Builder/DropFly-PROJECTS/TradeFly-iOS/build/SourcePackages/checkouts/swift-crypto/Sources/Crypto/AEADs/AES/GCM/AES-GCM.swift /Users/rioallen/Documents/DropFly-OS-App-Builder/DropFly-PROJECTS/TradeFly-iOS/build/SourcePackages/checkouts/swift-crypto/Sources/Crypto/AEADs/AES/GCM/BoringSSL/AES-GCM_boring.swift /Users/rioallen/Documents/DropFly-OS-App-Builder/DropFly-PROJECTS/TradeFly-iOS/build/SourcePackages/checkouts/swift-crypto/Sources/Crypto/AEADs/ChachaPoly/BoringSSL/ChaChaPoly_boring.swift /Users/rioallen/Documents/DropFly-OS-App-Builder/DropFly-PROJECTS/TradeFly-iOS/build/SourcePackages/checkouts/swift-crypto/Sources/Crypto/AEADs/ChachaPoly/ChaChaPoly.swift /Users/rioallen/Documents/DropFly-OS-App-Builder/DropFly-PROJECTS/TradeFly-iOS/build/SourcePackages/checkouts/swift-crypto/Sources/Crypto/AEADs/Cipher.swift (in target 'Crypto' from project 'swift-crypto')

SwiftCompile normal arm64 /Users/rioallen/Documents/DropFly-OS-App-Builder/DropFly-PROJECTS/TradeFly-iOS/build/Build/Intermediates.noindex/swift-crypto.build/Debug-iphonesimulator/Crypto.build/DerivedSources/resource_bundle_accessor.swift (in target 'Crypto' from project 'swift-crypto')
    cd /Users/rioallen/Documents/DropFly-OS-App-Builder/DropFly-PROJECTS/TradeFly-iOS/TradeFly.xcodeproj
    

SwiftCompile normal arm64 /Users/rioallen/Documents/DropFly-OS-App-Builder/DropFly-PROJECTS/TradeFly-iOS/build/SourcePackages/checkouts/swift-crypto/Sources/Crypto/AEADs/AES/GCM/AES-GCM.swift (in target 'Crypto' from project 'swift-crypto')
    cd /Users/rioallen/Documents/DropFly-OS-App-Builder/DropFly-PROJECTS/TradeFly-iOS/TradeFly.xcodeproj
    

SwiftCompile normal arm64 /Users/rioallen/Documents/DropFly-OS-App-Builder/DropFly-PROJECTS/TradeFly-iOS/build/SourcePackages/checkouts/swift-crypto/Sources/Crypto/AEADs/AES/GCM/BoringSSL/AES-GCM_boring.swift (in target 'Crypto' from project 'swift-crypto')
    cd /Users/rioallen/Documents/DropFly-OS-App-Builder/DropFly-PROJECTS/TradeFly-iOS/TradeFly.xcodeproj
    

SwiftCompile normal arm64 /Users/rioallen/Documents/DropFly-OS-App-Builder/DropFly-PROJECTS/TradeFly-iOS/build/SourcePackages/checkouts/swift-crypto/Sources/Crypto/AEADs/ChachaPoly/BoringSSL/ChaChaPoly_boring.swift (in target 'Crypto' from project 'swift-crypto')
    cd /Users/rioallen/Documents/DropFly-OS-App-Builder/DropFly-PROJECTS/TradeFly-iOS/TradeFly.xcodeproj
    

SwiftCompile normal arm64 /Users/rioallen/Documents/DropFly-OS-App-Builder/DropFly-PROJECTS/TradeFly-iOS/build/SourcePackages/checkouts/swift-crypto/Sources/Crypto/AEADs/ChachaPoly/ChaChaPoly.swift (in target 'Crypto' from project 'swift-crypto')
    cd /Users/rioallen/Documents/DropFly-OS-App-Builder/DropFly-PROJECTS/TradeFly-iOS/TradeFly.xcodeproj
    

SwiftCompile normal arm64 /Users/rioallen/Documents/DropFly-OS-App-Builder/DropFly-PROJECTS/TradeFly-iOS/build/SourcePackages/checkouts/swift-crypto/Sources/Crypto/AEADs/Cipher.swift (in target 'Crypto' from project 'swift-crypto')
    cd /Users/rioallen/Documents/DropFly-OS-App-Builder/DropFly-PROJECTS/TradeFly-iOS/TradeFly.xcodeproj
    

SwiftDriverJobDiscovery normal arm64 Compiling ErrorReporting.swift, AppHostWarning.swift (in target 'IssueReporting' from project 'xctest-dynamic-overlay')

SwiftDriver\ Compilation HTTPTypes normal arm64 com.apple.xcode.tools.swift.compiler (in target 'HTTPTypes' from project 'swift-http-types')
    cd /Users/rioallen/Documents/DropFly-OS-App-Builder/DropFly-PROJECTS/TradeFly-iOS/TradeFly.xcodeproj
    builtin-Swift-Compilation -- /Applications/Xcode.app/Contents/Developer/Toolchains/XcodeDefault.xctoolchain/usr/bin/swiftc -module-name HTTPTypes -Onone -enforce-exclusivity\=checked @/Users/rioallen/Documents/DropFly-OS-App-Builder/DropFly-PROJECTS/TradeFly-iOS/build/Build/Intermediates.noindex/swift-http-types.build/Debug-iphonesimulator/HTTPTypes.build/Objects-normal/arm64/HTTPTypes.SwiftFileList -DSWIFT_PACKAGE -DDEBUG -DSWIFT_MODULE_RESOURCE_BUNDLE_UNAVAILABLE -DXcode -enable-experimental-feature StrictConcurrency\=complete -enable-upcoming-feature MemberImportVisibility -plugin-path /Applications/Xcode.app/Contents/Developer/Toolchains/XcodeDefault.xctoolchain/usr/lib/swift/host/plugins/testing -enable-experimental-feature DebugDescriptionMacro -sdk /Applications/Xcode.app/Contents/Developer/Platforms/iPhoneSimulator.platform/Developer/SDKs/iPhoneSimulator26.1.sdk -target arm64-apple-ios12.0-simulator -g -module-cache-path /Users/rioallen/Documents/DropFly-OS-App-Builder/DropFly-PROJECTS/TradeFly-iOS/build/ModuleCache.noindex -Xfrontend -serialize-debugging-options -enable-testing -suppress-warnings -index-store-path /Users/rioallen/Documents/DropFly-OS-App-Builder/DropFly-PROJECTS/TradeFly-iOS/build/Index.noindex/DataStore -Xcc -D_LIBCPP_HARDENING_MODE\=_LIBCPP_HARDENING_MODE_DEBUG -swift-version 5 -I /Users/rioallen/Documents/DropFly-OS-App-Builder/DropFly-PROJECTS/TradeFly-iOS/build/Build/Products/Debug-iphonesimulator -Isystem /Applications/Xcode.app/Contents/Developer/Platforms/iPhoneSimulator.platform/Developer/usr/lib -F /Users/rioallen/Documents/DropFly-OS-App-Builder/DropFly-PROJECTS/TradeFly-iOS/build/Build/Products/Debug-iphonesimulator -F /Applications/Xcode.app/Contents/Developer/Platforms/iPhoneSimulator.platform/Developer/Library/Frameworks -F /Applications/Xcode.app/Contents/Developer/Platforms/iPhoneSimulator.platform/Developer/SDKs/iPhoneSimulator26.1.sdk/Developer/Library/Frameworks -c -j16 -enable-batch-mode -incremental -Xcc -ivfsstatcache -Xcc /Users/rioallen/Documents/DropFly-OS-App-Builder/DropFly-PROJECTS/TradeFly-iOS/build/SDKStatCaches.noindex/iphonesimulator26.1-23B77-90cf18a4295e390e64c810bc6bd7acbc.sdkstatcache -output-file-map /Users/rioallen/Documents/DropFly-OS-App-Builder/DropFly-PROJECTS/TradeFly-iOS/build/Build/Intermediates.noindex/swift-http-types.build/Debug-iphonesimulator/HTTPTypes.build/Objects-normal/arm64/HTTPTypes-OutputFileMap.json -use-frontend-parseable-output -save-temps -no-color-diagnostics -explicit-module-build -module-cache-path /Users/rioallen/Documents/DropFly-OS-App-Builder/DropFly-PROJECTS/TradeFly-iOS/build/Build/Intermediates.noindex/SwiftExplicitPrecompiledModules -clang-scanner-module-cache-path /Users/rioallen/Documents/DropFly-OS-App-Builder/DropFly-PROJECTS/TradeFly-iOS/build/ModuleCache.noindex -sdk-module-cache-path /Users/rioallen/Documents/DropFly-OS-App-Builder/DropFly-PROJECTS/TradeFly-iOS/build/ModuleCache.noindex -serialize-diagnostics -emit-dependencies -emit-module -emit-module-path /Users/rioallen/Documents/DropFly-OS-App-Builder/DropFly-PROJECTS/TradeFly-iOS/build/Build/Intermediates.noindex/swift-http-types.build/Debug-iphonesimulator/HTTPTypes.build/Objects-normal/arm64/HTTPTypes.swiftmodule -validate-clang-modules-once -clang-build-session-file /Users/rioallen/Documents/DropFly-OS-App-Builder/DropFly-PROJECTS/TradeFly-iOS/build/ModuleCache.noindex/Session.modulevalidation -package-name swift_http_types -Xcc -I/Users/rioallen/Documents/DropFly-OS-App-Builder/DropFly-PROJECTS/TradeFly-iOS/build/Build/Intermediates.noindex/swift-http-types.build/Debug-iphonesimulator/HTTPTypes.build/swift-overrides.hmap -emit-const-values -Xfrontend -const-gather-protocols-file -Xfrontend /Users/rioallen/Documents/DropFly-OS-App-Builder/DropFly-PROJECTS/TradeFly-iOS/build/Build/Intermediates.noindex/swift-http-types.build/Debug-iphonesimulator/HTTPTypes.build/Objects-normal/arm64/HTTPTypes_const_extract_protocols.json -Xcc -I/Users/rioallen/Documents/DropFly-OS-App-Builder/DropFly-PROJECTS/TradeFly-iOS/build/Build/Products/Debug-iphonesimulator/include -Xcc -I/Users/rioallen/Documents/DropFly-OS-App-Builder/DropFly-PROJECTS/TradeFly-iOS/build/Build/Intermediates.noindex/swift-http-types.build/Debug-iphonesimulator/HTTPTypes.build/DerivedSources-normal/arm64 -Xcc -I/Users/rioallen/Documents/DropFly-OS-App-Builder/DropFly-PROJECTS/TradeFly-iOS/build/Build/Intermediates.noindex/swift-http-types.build/Debug-iphonesimulator/HTTPTypes.build/DerivedSources/arm64 -Xcc -I/Users/rioallen/Documents/DropFly-OS-App-Builder/DropFly-PROJECTS/TradeFly-iOS/build/Build/Intermediates.noindex/swift-http-types.build/Debug-iphonesimulator/HTTPTypes.build/DerivedSources -Xcc -DSWIFT_PACKAGE -Xcc -DDEBUG\=1 -emit-objc-header -emit-objc-header-path /Users/rioallen/Documents/DropFly-OS-App-Builder/DropFly-PROJECTS/TradeFly-iOS/build/Build/Intermediates.noindex/swift-http-types.build/Debug-iphonesimulator/HTTPTypes.build/Objects-normal/arm64/HTTPTypes-Swift.h -working-directory /Users/rioallen/Documents/DropFly-OS-App-Builder/DropFly-PROJECTS/TradeFly-iOS/TradeFly.xcodeproj -experimental-emit-module-separately -disable-cmo

SwiftDriverJobDiscovery normal arm64 Compiling XCTest.swift (in target 'IssueReporting' from project 'xctest-dynamic-overlay')

SwiftCompile normal arm64 Compiling\ HMAC.swift,\ MACFunctions.swift,\ MessageAuthenticationCode.swift,\ AES.swift,\ ECDSASignature_boring.swift,\ ECDSA_boring.swift /Users/rioallen/Documents/DropFly-OS-App-Builder/DropFly-PROJECTS/TradeFly-iOS/build/SourcePackages/checkouts/swift-crypto/Sources/Crypto/Message\ Authentication\ Codes/HMAC/HMAC.swift /Users/rioallen/Documents/DropFly-OS-App-Builder/DropFly-PROJECTS/TradeFly-iOS/build/SourcePackages/checkouts/swift-crypto/Sources/Crypto/Message\ Authentication\ Codes/MACFunctions.swift /Users/rioallen/Documents/DropFly-OS-App-Builder/DropFly-PROJECTS/TradeFly-iOS/build/SourcePackages/checkouts/swift-crypto/Sources/Crypto/Message\ Authentication\ Codes/MessageAuthenticationCode.swift /Users/rioallen/Documents/DropFly-OS-App-Builder/DropFly-PROJECTS/TradeFly-iOS/build/SourcePackages/checkouts/swift-crypto/Sources/Crypto/PRF/AES.swift /Users/rioallen/Documents/DropFly-OS-App-Builder/DropFly-PROJECTS/TradeFly-iOS/build/SourcePackages/checkouts/swift-crypto/Sources/Crypto/Signatures/BoringSSL/ECDSASignature_boring.swift /Users/rioallen/Documents/DropFly-OS-App-Builder/DropFly-PROJECTS/TradeFly-iOS/build/SourcePackages/checkouts/swift-crypto/Sources/Crypto/Signatures/BoringSSL/ECDSA_boring.swift (in target 'Crypto' from project 'swift-crypto')

SwiftCompile normal arm64 /Users/rioallen/Documents/DropFly-OS-App-Builder/DropFly-PROJECTS/TradeFly-iOS/build/SourcePackages/checkouts/swift-crypto/Sources/Crypto/Message\ Authentication\ Codes/HMAC/HMAC.swift (in target 'Crypto' from project 'swift-crypto')
    cd /Users/rioallen/Documents/DropFly-OS-App-Builder/DropFly-PROJECTS/TradeFly-iOS/TradeFly.xcodeproj
    

SwiftCompile normal arm64 /Users/rioallen/Documents/DropFly-OS-App-Builder/DropFly-PROJECTS/TradeFly-iOS/build/SourcePackages/checkouts/swift-crypto/Sources/Crypto/Message\ Authentication\ Codes/MACFunctions.swift (in target 'Crypto' from project 'swift-crypto')
    cd /Users/rioallen/Documents/DropFly-OS-App-Builder/DropFly-PROJECTS/TradeFly-iOS/TradeFly.xcodeproj
    

SwiftCompile normal arm64 /Users/rioallen/Documents/DropFly-OS-App-Builder/DropFly-PROJECTS/TradeFly-iOS/build/SourcePackages/checkouts/swift-crypto/Sources/Crypto/Message\ Authentication\ Codes/MessageAuthenticationCode.swift (in target 'Crypto' from project 'swift-crypto')
    cd /Users/rioallen/Documents/DropFly-OS-App-Builder/DropFly-PROJECTS/TradeFly-iOS/TradeFly.xcodeproj
    

SwiftCompile normal arm64 /Users/rioallen/Documents/DropFly-OS-App-Builder/DropFly-PROJECTS/TradeFly-iOS/build/SourcePackages/checkouts/swift-crypto/Sources/Crypto/PRF/AES.swift (in target 'Crypto' from project 'swift-crypto')
    cd /Users/rioallen/Documents/DropFly-OS-App-Builder/DropFly-PROJECTS/TradeFly-iOS/TradeFly.xcodeproj
    

SwiftCompile normal arm64 /Users/rioallen/Documents/DropFly-OS-App-Builder/DropFly-PROJECTS/TradeFly-iOS/build/SourcePackages/checkouts/swift-crypto/Sources/Crypto/Signatures/BoringSSL/ECDSASignature_boring.swift (in target 'Crypto' from project 'swift-crypto')
    cd /Users/rioallen/Documents/DropFly-OS-App-Builder/DropFly-PROJECTS/TradeFly-iOS/TradeFly.xcodeproj
    

SwiftCompile normal arm64 /Users/rioallen/Documents/DropFly-OS-App-Builder/DropFly-PROJECTS/TradeFly-iOS/build/SourcePackages/checkouts/swift-crypto/Sources/Crypto/Signatures/BoringSSL/ECDSA_boring.swift (in target 'Crypto' from project 'swift-crypto')
    cd /Users/rioallen/Documents/DropFly-OS-App-Builder/DropFly-PROJECTS/TradeFly-iOS/TradeFly.xcodeproj
    

SwiftCompile normal arm64 Compiling\ Signature.swift,\ CryptoKitErrors_boring.swift,\ Optional+withUnsafeBytes_boring.swift,\ RNG_boring.swift,\ SafeCompare_boring.swift /Users/rioallen/Documents/DropFly-OS-App-Builder/DropFly-PROJECTS/TradeFly-iOS/build/SourcePackages/checkouts/swift-crypto/Sources/Crypto/Signatures/Signature.swift /Users/rioallen/Documents/DropFly-OS-App-Builder/DropFly-PROJECTS/TradeFly-iOS/build/SourcePackages/checkouts/swift-crypto/Sources/Crypto/Util/BoringSSL/CryptoKitErrors_boring.swift /Users/rioallen/Documents/DropFly-OS-App-Builder/DropFly-PROJECTS/TradeFly-iOS/build/SourcePackages/checkouts/swift-crypto/Sources/Crypto/Util/BoringSSL/Optional+withUnsafeBytes_boring.swift /Users/rioallen/Documents/DropFly-OS-App-Builder/DropFly-PROJECTS/TradeFly-iOS/build/SourcePackages/checkouts/swift-crypto/Sources/Crypto/Util/BoringSSL/RNG_boring.swift /Users/rioallen/Documents/DropFly-OS-App-Builder/DropFly-PROJECTS/TradeFly-iOS/build/SourcePackages/checkouts/swift-crypto/Sources/Crypto/Util/BoringSSL/SafeCompare_boring.swift (in target 'Crypto' from project 'swift-crypto')

SwiftCompile normal arm64 /Users/rioallen/Documents/DropFly-OS-App-Builder/DropFly-PROJECTS/TradeFly-iOS/build/SourcePackages/checkouts/swift-crypto/Sources/Crypto/Signatures/Signature.swift (in target 'Crypto' from project 'swift-crypto')
    cd /Users/rioallen/Documents/DropFly-OS-App-Builder/DropFly-PROJECTS/TradeFly-iOS/TradeFly.xcodeproj
    

SwiftCompile normal arm64 /Users/rioallen/Documents/DropFly-OS-App-Builder/DropFly-PROJECTS/TradeFly-iOS/build/SourcePackages/checkouts/swift-crypto/Sources/Crypto/Util/BoringSSL/CryptoKitErrors_boring.swift (in target 'Crypto' from project 'swift-crypto')
    cd /Users/rioallen/Documents/DropFly-OS-App-Builder/DropFly-PROJECTS/TradeFly-iOS/TradeFly.xcodeproj
    

SwiftCompile normal arm64 /Users/rioallen/Documents/DropFly-OS-App-Builder/DropFly-PROJECTS/TradeFly-iOS/build/SourcePackages/checkouts/swift-crypto/Sources/Crypto/Util/BoringSSL/Optional+withUnsafeBytes_boring.swift (in target 'Crypto' from project 'swift-crypto')
    cd /Users/rioallen/Documents/DropFly-OS-App-Builder/DropFly-PROJECTS/TradeFly-iOS/TradeFly.xcodeproj
    

SwiftCompile normal arm64 /Users/rioallen/Documents/DropFly-OS-App-Builder/DropFly-PROJECTS/TradeFly-iOS/build/SourcePackages/checkouts/swift-crypto/Sources/Crypto/Util/BoringSSL/RNG_boring.swift (in target 'Crypto' from project 'swift-crypto')
    cd /Users/rioallen/Documents/DropFly-OS-App-Builder/DropFly-PROJECTS/TradeFly-iOS/TradeFly.xcodeproj
    

SwiftCompile normal arm64 /Users/rioallen/Documents/DropFly-OS-App-Builder/DropFly-PROJECTS/TradeFly-iOS/build/SourcePackages/checkouts/swift-crypto/Sources/Crypto/Util/BoringSSL/SafeCompare_boring.swift (in target 'Crypto' from project 'swift-crypto')
    cd /Users/rioallen/Documents/DropFly-OS-App-Builder/DropFly-PROJECTS/TradeFly-iOS/TradeFly.xcodeproj
    

SwiftDriverJobDiscovery normal arm64 Compiling SwiftTesting.swift, UncheckedSendable.swift (in target 'IssueReporting' from project 'xctest-dynamic-overlay')

SwiftCompile normal arm64 Compiling\ HPKE-KEM.swift,\ HPKE-Errors.swift,\ HPKE.swift,\ HPKE-Context.swift,\ HPKE-KeySchedule.swift,\ HPKE-Modes.swift /Users/rioallen/Documents/DropFly-OS-App-Builder/DropFly-PROJECTS/TradeFly-iOS/build/SourcePackages/checkouts/swift-crypto/Sources/Crypto/HPKE/Ciphersuite/KEM/HPKE-KEM.swift /Users/rioallen/Documents/DropFly-OS-App-Builder/DropFly-PROJECTS/TradeFly-iOS/build/SourcePackages/checkouts/swift-crypto/Sources/Crypto/HPKE/HPKE-Errors.swift /Users/rioallen/Documents/DropFly-OS-App-Builder/DropFly-PROJECTS/TradeFly-iOS/build/SourcePackages/checkouts/swift-crypto/Sources/Crypto/HPKE/HPKE.swift /Users/rioallen/Documents/DropFly-OS-App-Builder/DropFly-PROJECTS/TradeFly-iOS/build/SourcePackages/checkouts/swift-crypto/Sources/Crypto/HPKE/Key\ Schedule/HPKE-Context.swift /Users/rioallen/Documents/DropFly-OS-App-Builder/DropFly-PROJECTS/TradeFly-iOS/build/SourcePackages/checkouts/swift-crypto/Sources/Crypto/HPKE/Key\ Schedule/HPKE-KeySchedule.swift /Users/rioallen/Documents/DropFly-OS-App-Builder/DropFly-PROJECTS/TradeFly-iOS/build/SourcePackages/checkouts/swift-crypto/Sources/Crypto/HPKE/Modes/HPKE-Modes.swift (in target 'Crypto' from project 'swift-crypto')

SwiftCompile normal arm64 /Users/rioallen/Documents/DropFly-OS-App-Builder/DropFly-PROJECTS/TradeFly-iOS/build/SourcePackages/checkouts/swift-crypto/Sources/Crypto/HPKE/Ciphersuite/KEM/HPKE-KEM.swift (in target 'Crypto' from project 'swift-crypto')
    cd /Users/rioallen/Documents/DropFly-OS-App-Builder/DropFly-PROJECTS/TradeFly-iOS/TradeFly.xcodeproj
    

SwiftCompile normal arm64 /Users/rioallen/Documents/DropFly-OS-App-Builder/DropFly-PROJECTS/TradeFly-iOS/build/SourcePackages/checkouts/swift-crypto/Sources/Crypto/HPKE/HPKE-Errors.swift (in target 'Crypto' from project 'swift-crypto')
    cd /Users/rioallen/Documents/DropFly-OS-App-Builder/DropFly-PROJECTS/TradeFly-iOS/TradeFly.xcodeproj
    

SwiftCompile normal arm64 /Users/rioallen/Documents/DropFly-OS-App-Builder/DropFly-PROJECTS/TradeFly-iOS/build/SourcePackages/checkouts/swift-crypto/Sources/Crypto/HPKE/HPKE.swift (in target 'Crypto' from project 'swift-crypto')
    cd /Users/rioallen/Documents/DropFly-OS-App-Builder/DropFly-PROJECTS/TradeFly-iOS/TradeFly.xcodeproj
    

SwiftCompile normal arm64 /Users/rioallen/Documents/DropFly-OS-App-Builder/DropFly-PROJECTS/TradeFly-iOS/build/SourcePackages/checkouts/swift-crypto/Sources/Crypto/HPKE/Key\ Schedule/HPKE-Context.swift (in target 'Crypto' from project 'swift-crypto')
    cd /Users/rioallen/Documents/DropFly-OS-App-Builder/DropFly-PROJECTS/TradeFly-iOS/TradeFly.xcodeproj
    

SwiftCompile normal arm64 /Users/rioallen/Documents/DropFly-OS-App-Builder/DropFly-PROJECTS/TradeFly-iOS/build/SourcePackages/checkouts/swift-crypto/Sources/Crypto/HPKE/Key\ Schedule/HPKE-KeySchedule.swift (in target 'Crypto' from project 'swift-crypto')
    cd /Users/rioallen/Documents/DropFly-OS-App-Builder/DropFly-PROJECTS/TradeFly-iOS/TradeFly.xcodeproj
    

SwiftCompile normal arm64 /Users/rioallen/Documents/DropFly-OS-App-Builder/DropFly-PROJECTS/TradeFly-iOS/build/SourcePackages/checkouts/swift-crypto/Sources/Crypto/HPKE/Modes/HPKE-Modes.swift (in target 'Crypto' from project 'swift-crypto')
    cd /Users/rioallen/Documents/DropFly-OS-App-Builder/DropFly-PROJECTS/TradeFly-iOS/TradeFly.xcodeproj
    

SwiftDriverJobDiscovery normal arm64 Compiling HashFunctions_SHA2.swift, HashFunctions_SHA3.swift, Digest_xkcp.swift, HPKE-AEAD.swift, HPKE-Ciphersuite.swift, HPKE-KDF.swift (in target 'Crypto' from project 'swift-crypto')

SwiftCompile normal arm64 Compiling\ Locking.swift /Users/rioallen/Documents/DropFly-OS-App-Builder/DropFly-PROJECTS/TradeFly-iOS/build/SourcePackages/checkouts/swift-concurrency-extras/Sources/ConcurrencyExtras/Internal/Locking.swift (in target 'ConcurrencyExtras' from project 'swift-concurrency-extras')

SwiftCompile normal arm64 /Users/rioallen/Documents/DropFly-OS-App-Builder/DropFly-PROJECTS/TradeFly-iOS/build/SourcePackages/checkouts/swift-concurrency-extras/Sources/ConcurrencyExtras/Internal/Locking.swift (in target 'ConcurrencyExtras' from project 'swift-concurrency-extras')
    cd /Users/rioallen/Documents/DropFly-OS-App-Builder/DropFly-PROJECTS/TradeFly-iOS/TradeFly.xcodeproj
    

SwiftDriverJobDiscovery normal arm64 Compiling X25519Keys_boring.swift, Curve25519.swift, Ed25519Keys.swift, NISTCurvesKeys.swift, X25519Keys.swift, SymmetricKeys.swift (in target 'Crypto' from project 'swift-crypto')

SwiftDriverJobDiscovery normal arm64 Compiling HPKE-KexKeyDerivation.swift, HPKE-LabeledExtract.swift, HPKE-Utils.swift, DHKEM.swift, HPKE-KEM-Curve25519.swift, HPKE-NIST-EC-KEMs.swift (in target 'Crypto' from project 'swift-crypto')

SwiftCompile normal arm64 Compiling\ AsyncThrowingStream.swift /Users/rioallen/Documents/DropFly-OS-App-Builder/DropFly-PROJECTS/TradeFly-iOS/build/SourcePackages/checkouts/swift-concurrency-extras/Sources/ConcurrencyExtras/AsyncThrowingStream.swift (in target 'ConcurrencyExtras' from project 'swift-concurrency-extras')

SwiftCompile normal arm64 /Users/rioallen/Documents/DropFly-OS-App-Builder/DropFly-PROJECTS/TradeFly-iOS/build/SourcePackages/checkouts/swift-concurrency-extras/Sources/ConcurrencyExtras/AsyncThrowingStream.swift (in target 'ConcurrencyExtras' from project 'swift-concurrency-extras')
    cd /Users/rioallen/Documents/DropFly-OS-App-Builder/DropFly-PROJECTS/TradeFly-iOS/TradeFly.xcodeproj
    

SwiftCompile normal arm64 Compiling\ Task.swift /Users/rioallen/Documents/DropFly-OS-App-Builder/DropFly-PROJECTS/TradeFly-iOS/build/SourcePackages/checkouts/swift-concurrency-extras/Sources/ConcurrencyExtras/Task.swift (in target 'ConcurrencyExtras' from project 'swift-concurrency-extras')

SwiftCompile normal arm64 /Users/rioallen/Documents/DropFly-OS-App-Builder/DropFly-PROJECTS/TradeFly-iOS/build/SourcePackages/checkouts/swift-concurrency-extras/Sources/ConcurrencyExtras/Task.swift (in target 'ConcurrencyExtras' from project 'swift-concurrency-extras')
    cd /Users/rioallen/Documents/DropFly-OS-App-Builder/DropFly-PROJECTS/TradeFly-iOS/TradeFly.xcodeproj
    

SwiftDriverJobDiscovery normal arm64 Compiling Locking.swift (in target 'ConcurrencyExtras' from project 'swift-concurrency-extras')

SwiftDriverJobDiscovery normal arm64 Compiling CryptoError_boring.swift, CryptoKitErrors.swift, Digest_boring.swift, Digest.swift, Digests.swift, HashFunctions.swift (in target 'Crypto' from project 'swift-crypto')

SwiftCompile normal arm64 Compiling\ MainSerialExecutor.swift /Users/rioallen/Documents/DropFly-OS-App-Builder/DropFly-PROJECTS/TradeFly-iOS/build/SourcePackages/checkouts/swift-concurrency-extras/Sources/ConcurrencyExtras/MainSerialExecutor.swift (in target 'ConcurrencyExtras' from project 'swift-concurrency-extras')

SwiftCompile normal arm64 /Users/rioallen/Documents/DropFly-OS-App-Builder/DropFly-PROJECTS/TradeFly-iOS/build/SourcePackages/checkouts/swift-concurrency-extras/Sources/ConcurrencyExtras/MainSerialExecutor.swift (in target 'ConcurrencyExtras' from project 'swift-concurrency-extras')
    cd /Users/rioallen/Documents/DropFly-OS-App-Builder/DropFly-PROJECTS/TradeFly-iOS/TradeFly.xcodeproj
    

SwiftCompile normal arm64 Compiling\ Result.swift /Users/rioallen/Documents/DropFly-OS-App-Builder/DropFly-PROJECTS/TradeFly-iOS/build/SourcePackages/checkouts/swift-concurrency-extras/Sources/ConcurrencyExtras/Result.swift (in target 'ConcurrencyExtras' from project 'swift-concurrency-extras')

SwiftCompile normal arm64 /Users/rioallen/Documents/DropFly-OS-App-Builder/DropFly-PROJECTS/TradeFly-iOS/build/SourcePackages/checkouts/swift-concurrency-extras/Sources/ConcurrencyExtras/Result.swift (in target 'ConcurrencyExtras' from project 'swift-concurrency-extras')
    cd /Users/rioallen/Documents/DropFly-OS-App-Builder/DropFly-PROJECTS/TradeFly-iOS/TradeFly.xcodeproj
    

SwiftDriverJobDiscovery normal arm64 Compiling ObjectIdentifier.swift, ECDSASignature.swift, PEMDocument.swift, PKCS8PrivateKey.swift, SEC1PrivateKey.swift, SubjectPublicKeyInfo.swift (in target 'Crypto' from project 'swift-crypto')

SwiftCompile normal arm64 Compiling\ ActorIsolated.swift /Users/rioallen/Documents/DropFly-OS-App-Builder/DropFly-PROJECTS/TradeFly-iOS/build/SourcePackages/checkouts/swift-concurrency-extras/Sources/ConcurrencyExtras/ActorIsolated.swift (in target 'ConcurrencyExtras' from project 'swift-concurrency-extras')

SwiftCompile normal arm64 /Users/rioallen/Documents/DropFly-OS-App-Builder/DropFly-PROJECTS/TradeFly-iOS/build/SourcePackages/checkouts/swift-concurrency-extras/Sources/ConcurrencyExtras/ActorIsolated.swift (in target 'ConcurrencyExtras' from project 'swift-concurrency-extras')
    cd /Users/rioallen/Documents/DropFly-OS-App-Builder/DropFly-PROJECTS/TradeFly-iOS/TradeFly.xcodeproj
    

SwiftDriverJobDiscovery normal arm64 Compiling KEM.swift, MLKEM.swift, XWing.swift, ECDH_boring.swift, DH.swift, ECDH.swift (in target 'Crypto' from project 'swift-crypto')

SwiftCompile normal arm64 Compiling\ AnyHashableSendable.swift /Users/rioallen/Documents/DropFly-OS-App-Builder/DropFly-PROJECTS/TradeFly-iOS/build/SourcePackages/checkouts/swift-concurrency-extras/Sources/ConcurrencyExtras/AnyHashableSendable.swift (in target 'ConcurrencyExtras' from project 'swift-concurrency-extras')

SwiftCompile normal arm64 /Users/rioallen/Documents/DropFly-OS-App-Builder/DropFly-PROJECTS/TradeFly-iOS/build/SourcePackages/checkouts/swift-concurrency-extras/Sources/ConcurrencyExtras/AnyHashableSendable.swift (in target 'ConcurrencyExtras' from project 'swift-concurrency-extras')
    cd /Users/rioallen/Documents/DropFly-OS-App-Builder/DropFly-PROJECTS/TradeFly-iOS/TradeFly.xcodeproj
    

SwiftDriverJobDiscovery normal arm64 Compiling ASN1Integer.swift, ASN1Null.swift, ASN1OctetString.swift, ASN1Strings.swift, ArraySliceBigint.swift, GeneralizedTime.swift (in target 'Crypto' from project 'swift-crypto')

SwiftCompile normal arm64 Compiling\ LockIsolated.swift /Users/rioallen/Documents/DropFly-OS-App-Builder/DropFly-PROJECTS/TradeFly-iOS/build/SourcePackages/checkouts/swift-concurrency-extras/Sources/ConcurrencyExtras/LockIsolated.swift (in target 'ConcurrencyExtras' from project 'swift-concurrency-extras')

SwiftCompile normal arm64 /Users/rioallen/Documents/DropFly-OS-App-Builder/DropFly-PROJECTS/TradeFly-iOS/build/SourcePackages/checkouts/swift-concurrency-extras/Sources/ConcurrencyExtras/LockIsolated.swift (in target 'ConcurrencyExtras' from project 'swift-concurrency-extras')
    cd /Users/rioallen/Documents/DropFly-OS-App-Builder/DropFly-PROJECTS/TradeFly-iOS/TradeFly.xcodeproj
    

SwiftDriverJobDiscovery normal arm64 Compiling Insecure.swift, Insecure_HashFunctions.swift, MLKEM_boring.swift, MLKEM_wrapper.swift, XWing_boring.swift, KEM-Errors.swift (in target 'Crypto' from project 'swift-crypto')

SwiftCompile normal arm64 Compiling\ UncheckedBox.swift /Users/rioallen/Documents/DropFly-OS-App-Builder/DropFly-PROJECTS/TradeFly-iOS/build/SourcePackages/checkouts/swift-concurrency-extras/Sources/ConcurrencyExtras/Internal/UncheckedBox.swift (in target 'ConcurrencyExtras' from project 'swift-concurrency-extras')

SwiftCompile normal arm64 /Users/rioallen/Documents/DropFly-OS-App-Builder/DropFly-PROJECTS/TradeFly-iOS/build/SourcePackages/checkouts/swift-concurrency-extras/Sources/ConcurrencyExtras/Internal/UncheckedBox.swift (in target 'ConcurrencyExtras' from project 'swift-concurrency-extras')
    cd /Users/rioallen/Documents/DropFly-OS-App-Builder/DropFly-PROJECTS/TradeFly-iOS/TradeFly.xcodeproj
    

SwiftDriverJobDiscovery normal arm64 Compiling Result.swift (in target 'ConcurrencyExtras' from project 'swift-concurrency-extras')

SwiftCompile normal arm64 Compiling\ UncheckedSendable.swift /Users/rioallen/Documents/DropFly-OS-App-Builder/DropFly-PROJECTS/TradeFly-iOS/build/SourcePackages/checkouts/swift-concurrency-extras/Sources/ConcurrencyExtras/UncheckedSendable.swift (in target 'ConcurrencyExtras' from project 'swift-concurrency-extras')

SwiftCompile normal arm64 /Users/rioallen/Documents/DropFly-OS-App-Builder/DropFly-PROJECTS/TradeFly-iOS/build/SourcePackages/checkouts/swift-concurrency-extras/Sources/ConcurrencyExtras/UncheckedSendable.swift (in target 'ConcurrencyExtras' from project 'swift-concurrency-extras')
    cd /Users/rioallen/Documents/DropFly-OS-App-Builder/DropFly-PROJECTS/TradeFly-iOS/TradeFly.xcodeproj
    

SwiftDriverJobDiscovery normal arm64 Compiling ActorIsolated.swift (in target 'ConcurrencyExtras' from project 'swift-concurrency-extras')

SwiftCompile normal arm64 Compiling\ AsyncStream.swift /Users/rioallen/Documents/DropFly-OS-App-Builder/DropFly-PROJECTS/TradeFly-iOS/build/SourcePackages/checkouts/swift-concurrency-extras/Sources/ConcurrencyExtras/AsyncStream.swift (in target 'ConcurrencyExtras' from project 'swift-concurrency-extras')

SwiftCompile normal arm64 /Users/rioallen/Documents/DropFly-OS-App-Builder/DropFly-PROJECTS/TradeFly-iOS/build/SourcePackages/checkouts/swift-concurrency-extras/Sources/ConcurrencyExtras/AsyncStream.swift (in target 'ConcurrencyExtras' from project 'swift-concurrency-extras')
    cd /Users/rioallen/Documents/DropFly-OS-App-Builder/DropFly-PROJECTS/TradeFly-iOS/TradeFly.xcodeproj
    

SwiftDriverJobDiscovery normal arm64 Compiling EdDSA_boring.swift, MLDSA_boring.swift, MLDSA_wrapper.swift, ECDSA.swift, Ed25519.swift, MLDSA.swift (in target 'Crypto' from project 'swift-crypto')

SwiftDriverJobDiscovery normal arm64 Compiling HPKE-KEM.swift, HPKE-Errors.swift, HPKE.swift, HPKE-Context.swift, HPKE-KeySchedule.swift, HPKE-Modes.swift (in target 'Crypto' from project 'swift-crypto')

Ld /Users/rioallen/Documents/DropFly-OS-App-Builder/DropFly-PROJECTS/TradeFly-iOS/build/Build/Products/Debug-iphonesimulator/HTTPTypes.o normal (in target 'HTTPTypes' from project 'swift-http-types')
    cd /Users/rioallen/Documents/DropFly-OS-App-Builder/DropFly-PROJECTS/TradeFly-iOS/build/SourcePackages/checkouts/swift-http-types
    /Applications/Xcode.app/Contents/Developer/Toolchains/XcodeDefault.xctoolchain/usr/bin/clang -Xlinker -reproducible -target arm64-apple-ios12.0-simulator -r -isysroot /Applications/Xcode.app/Contents/Developer/Platforms/iPhoneSimulator.platform/Developer/SDKs/iPhoneSimulator26.1.sdk -O0 -w -L/Users/rioallen/Documents/DropFly-OS-App-Builder/DropFly-PROJECTS/TradeFly-iOS/build/Build/Intermediates.noindex/EagerLinkingTBDs/Debug-iphonesimulator -L/Users/rioallen/Documents/DropFly-OS-App-Builder/DropFly-PROJECTS/TradeFly-iOS/build/Build/Products/Debug-iphonesimulator -L/Applications/Xcode.app/Contents/Developer/Platforms/iPhoneSimulator.platform/Developer/usr/lib -F/Users/rioallen/Documents/DropFly-OS-App-Builder/DropFly-PROJECTS/TradeFly-iOS/build/Build/Intermediates.noindex/EagerLinkingTBDs/Debug-iphonesimulator -F/Users/rioallen/Documents/DropFly-OS-App-Builder/DropFly-PROJECTS/TradeFly-iOS/build/Build/Products/Debug-iphonesimulator -iframework /Applications/Xcode.app/Contents/Developer/Platforms/iPhoneSimulator.platform/Developer/Library/Frameworks -iframework /Applications/Xcode.app/Contents/Developer/Platforms/iPhoneSimulator.platform/Developer/SDKs/iPhoneSimulator26.1.sdk/Developer/Library/Frameworks -filelist /Users/rioallen/Documents/DropFly-OS-App-Builder/DropFly-PROJECTS/TradeFly-iOS/build/Build/Intermediates.noindex/swift-http-types.build/Debug-iphonesimulator/HTTPTypes.build/Objects-normal/arm64/HTTPTypes.LinkFileList -nostdlib -Xlinker -object_path_lto -Xlinker /Users/rioallen/Documents/DropFly-OS-App-Builder/DropFly-PROJECTS/TradeFly-iOS/build/Build/Intermediates.noindex/swift-http-types.build/Debug-iphonesimulator/HTTPTypes.build/Objects-normal/arm64/HTTPTypes_lto.o -rdynamic -Xlinker -no_deduplicate -Xlinker -objc_abi_version -Xlinker 2 -Xlinker -dependency_info -Xlinker /Users/rioallen/Documents/DropFly-OS-App-Builder/DropFly-PROJECTS/TradeFly-iOS/build/Build/Intermediates.noindex/swift-http-types.build/Debug-iphonesimulator/HTTPTypes.build/Objects-normal/arm64/HTTPTypes_dependency_info.dat -fobjc-link-runtime -L/Applications/Xcode.app/Contents/Developer/Toolchains/XcodeDefault.xctoolchain/usr/lib/swift/iphonesimulator -L/usr/lib/swift -Xlinker -add_ast_path -Xlinker /Users/rioallen/Documents/DropFly-OS-App-Builder/DropFly-PROJECTS/TradeFly-iOS/build/Build/Intermediates.noindex/swift-http-types.build/Debug-iphonesimulator/HTTPTypes.build/Objects-normal/arm64/HTTPTypes.swiftmodule @/Users/rioallen/Documents/DropFly-OS-App-Builder/DropFly-PROJECTS/TradeFly-iOS/build/Build/Intermediates.noindex/swift-http-types.build/Debug-iphonesimulator/HTTPTypes.build/Objects-normal/arm64/HTTPTypes-linker-args.resp -o /Users/rioallen/Documents/DropFly-OS-App-Builder/DropFly-PROJECTS/TradeFly-iOS/build/Build/Products/Debug-iphonesimulator/HTTPTypes.o

SwiftDriverJobDiscovery normal arm64 Compiling RuntimeWarningReporter.swift (in target 'IssueReporting' from project 'xctest-dynamic-overlay')

SwiftDriver\ Compilation IssueReporting normal arm64 com.apple.xcode.tools.swift.compiler (in target 'IssueReporting' from project 'xctest-dynamic-overlay')
    cd /Users/rioallen/Documents/DropFly-OS-App-Builder/DropFly-PROJECTS/TradeFly-iOS/TradeFly.xcodeproj
    builtin-Swift-Compilation -- /Applications/Xcode.app/Contents/Developer/Toolchains/XcodeDefault.xctoolchain/usr/bin/swiftc -module-name IssueReporting -Onone -enforce-exclusivity\=checked @/Users/rioallen/Documents/DropFly-OS-App-Builder/DropFly-PROJECTS/TradeFly-iOS/build/Build/Intermediates.noindex/xctest-dynamic-overlay.build/Debug-iphonesimulator/IssueReporting.build/Objects-normal/arm64/IssueReporting.SwiftFileList -DSWIFT_PACKAGE -DDEBUG -DSWIFT_MODULE_RESOURCE_BUNDLE_UNAVAILABLE -DXcode -plugin-path /Applications/Xcode.app/Contents/Developer/Toolchains/XcodeDefault.xctoolchain/usr/lib/swift/host/plugins/testing -enable-experimental-feature DebugDescriptionMacro -sdk /Applications/Xcode.app/Contents/Developer/Platforms/iPhoneSimulator.platform/Developer/SDKs/iPhoneSimulator26.1.sdk -target arm64-apple-ios13.0-simulator -g -module-cache-path /Users/rioallen/Documents/DropFly-OS-App-Builder/DropFly-PROJECTS/TradeFly-iOS/build/ModuleCache.noindex -Xfrontend -serialize-debugging-options -enable-testing -suppress-warnings -index-store-path /Users/rioallen/Documents/DropFly-OS-App-Builder/DropFly-PROJECTS/TradeFly-iOS/build/Index.noindex/DataStore -Xcc -D_LIBCPP_HARDENING_MODE\=_LIBCPP_HARDENING_MODE_DEBUG -swift-version 6 -I /Users/rioallen/Documents/DropFly-OS-App-Builder/DropFly-PROJECTS/TradeFly-iOS/build/Build/Products/Debug-iphonesimulator -Isystem /Applications/Xcode.app/Contents/Developer/Platforms/iPhoneSimulator.platform/Developer/usr/lib -F /Users/rioallen/Documents/DropFly-OS-App-Builder/DropFly-PROJECTS/TradeFly-iOS/build/Build/Products/Debug-iphonesimulator/PackageFrameworks -F /Users/rioallen/Documents/DropFly-OS-App-Builder/DropFly-PROJECTS/TradeFly-iOS/build/Build/Products/Debug-iphonesimulator -F /Applications/Xcode.app/Contents/Developer/Platforms/iPhoneSimulator.platform/Developer/Library/Frameworks -F /Applications/Xcode.app/Contents/Developer/Platforms/iPhoneSimulator.platform/Developer/SDKs/iPhoneSimulator26.1.sdk/Developer/Library/Frameworks -c -j16 -enable-batch-mode -incremental -Xcc -ivfsstatcache -Xcc /Users/rioallen/Documents/DropFly-OS-App-Builder/DropFly-PROJECTS/TradeFly-iOS/build/SDKStatCaches.noindex/iphonesimulator26.1-23B77-90cf18a4295e390e64c810bc6bd7acbc.sdkstatcache -output-file-map /Users/rioallen/Documents/DropFly-OS-App-Builder/DropFly-PROJECTS/TradeFly-iOS/build/Build/Intermediates.noindex/xctest-dynamic-overlay.build/Debug-iphonesimulator/IssueReporting.build/Objects-normal/arm64/IssueReporting-OutputFileMap.json -use-frontend-parseable-output -save-temps -no-color-diagnostics -explicit-module-build -module-cache-path /Users/rioallen/Documents/DropFly-OS-App-Builder/DropFly-PROJECTS/TradeFly-iOS/build/Build/Intermediates.noindex/SwiftExplicitPrecompiledModules -clang-scanner-module-cache-path /Users/rioallen/Documents/DropFly-OS-App-Builder/DropFly-PROJECTS/TradeFly-iOS/build/ModuleCache.noindex -sdk-module-cache-path /Users/rioallen/Documents/DropFly-OS-App-Builder/DropFly-PROJECTS/TradeFly-iOS/build/ModuleCache.noindex -serialize-diagnostics -emit-dependencies -emit-module -emit-module-path /Users/rioallen/Documents/DropFly-OS-App-Builder/DropFly-PROJECTS/TradeFly-iOS/build/Build/Intermediates.noindex/xctest-dynamic-overlay.build/Debug-iphonesimulator/IssueReporting.build/Objects-normal/arm64/IssueReporting.swiftmodule -user-module-version 1.7.0 -validate-clang-modules-once -clang-build-session-file /Users/rioallen/Documents/DropFly-OS-App-Builder/DropFly-PROJECTS/TradeFly-iOS/build/ModuleCache.noindex/Session.modulevalidation -package-name xctest_dynamic_overlay -Xcc -I/Users/rioallen/Documents/DropFly-OS-App-Builder/DropFly-PROJECTS/TradeFly-iOS/build/Build/Intermediates.noindex/xctest-dynamic-overlay.build/Debug-iphonesimulator/IssueReporting.build/swift-overrides.hmap -emit-const-values -Xfrontend -const-gather-protocols-file -Xfrontend /Users/rioallen/Documents/DropFly-OS-App-Builder/DropFly-PROJECTS/TradeFly-iOS/build/Build/Intermediates.noindex/xctest-dynamic-overlay.build/Debug-iphonesimulator/IssueReporting.build/Objects-normal/arm64/IssueReporting_const_extract_protocols.json -Xcc -I/Users/rioallen/Documents/DropFly-OS-App-Builder/DropFly-PROJECTS/TradeFly-iOS/build/Build/Products/Debug-iphonesimulator/include -Xcc -I/Users/rioallen/Documents/DropFly-OS-App-Builder/DropFly-PROJECTS/TradeFly-iOS/build/Build/Intermediates.noindex/xctest-dynamic-overlay.build/Debug-iphonesimulator/IssueReporting.build/DerivedSources-normal/arm64 -Xcc -I/Users/rioallen/Documents/DropFly-OS-App-Builder/DropFly-PROJECTS/TradeFly-iOS/build/Build/Intermediates.noindex/xctest-dynamic-overlay.build/Debug-iphonesimulator/IssueReporting.build/DerivedSources/arm64 -Xcc -I/Users/rioallen/Documents/DropFly-OS-App-Builder/DropFly-PROJECTS/TradeFly-iOS/build/Build/Intermediates.noindex/xctest-dynamic-overlay.build/Debug-iphonesimulator/IssueReporting.build/DerivedSources -Xcc -DSWIFT_PACKAGE -Xcc -DDEBUG\=1 -emit-objc-header -emit-objc-header-path /Users/rioallen/Documents/DropFly-OS-App-Builder/DropFly-PROJECTS/TradeFly-iOS/build/Build/Intermediates.noindex/xctest-dynamic-overlay.build/Debug-iphonesimulator/IssueReporting.build/Objects-normal/arm64/IssueReporting-Swift.h -working-directory /Users/rioallen/Documents/DropFly-OS-App-Builder/DropFly-PROJECTS/TradeFly-iOS/TradeFly.xcodeproj -experimental-emit-module-separately -disable-cmo

Ld /Users/rioallen/Documents/DropFly-OS-App-Builder/DropFly-PROJECTS/TradeFly-iOS/build/Build/Products/Debug-iphonesimulator/IssueReporting.o normal (in target 'IssueReporting' from project 'xctest-dynamic-overlay')
    cd /Users/rioallen/Documents/DropFly-OS-App-Builder/DropFly-PROJECTS/TradeFly-iOS/build/SourcePackages/checkouts/xctest-dynamic-overlay
    /Applications/Xcode.app/Contents/Developer/Toolchains/XcodeDefault.xctoolchain/usr/bin/clang -Xlinker -reproducible -target arm64-apple-ios13.0-simulator -r -isysroot /Applications/Xcode.app/Contents/Developer/Platforms/iPhoneSimulator.platform/Developer/SDKs/iPhoneSimulator26.1.sdk -O0 -w -L/Users/rioallen/Documents/DropFly-OS-App-Builder/DropFly-PROJECTS/TradeFly-iOS/build/Build/Intermediates.noindex/EagerLinkingTBDs/Debug-iphonesimulator -L/Users/rioallen/Documents/DropFly-OS-App-Builder/DropFly-PROJECTS/TradeFly-iOS/build/Build/Products/Debug-iphonesimulator -L/Applications/Xcode.app/Contents/Developer/Platforms/iPhoneSimulator.platform/Developer/usr/lib -F/Users/rioallen/Documents/DropFly-OS-App-Builder/DropFly-PROJECTS/TradeFly-iOS/build/Build/Intermediates.noindex/EagerLinkingTBDs/Debug-iphonesimulator -F/Users/rioallen/Documents/DropFly-OS-App-Builder/DropFly-PROJECTS/TradeFly-iOS/build/Build/Products/Debug-iphonesimulator/PackageFrameworks -F/Users/rioallen/Documents/DropFly-OS-App-Builder/DropFly-PROJECTS/TradeFly-iOS/build/Build/Products/Debug-iphonesimulator -iframework /Applications/Xcode.app/Contents/Developer/Platforms/iPhoneSimulator.platform/Developer/Library/Frameworks -iframework /Applications/Xcode.app/Contents/Developer/Platforms/iPhoneSimulator.platform/Developer/SDKs/iPhoneSimulator26.1.sdk/Developer/Library/Frameworks -filelist /Users/rioallen/Documents/DropFly-OS-App-Builder/DropFly-PROJECTS/TradeFly-iOS/build/Build/Intermediates.noindex/xctest-dynamic-overlay.build/Debug-iphonesimulator/IssueReporting.build/Objects-normal/arm64/IssueReporting.LinkFileList -nostdlib -Xlinker -object_path_lto -Xlinker /Users/rioallen/Documents/DropFly-OS-App-Builder/DropFly-PROJECTS/TradeFly-iOS/build/Build/Intermediates.noindex/xctest-dynamic-overlay.build/Debug-iphonesimulator/IssueReporting.build/Objects-normal/arm64/IssueReporting_lto.o -rdynamic -Xlinker -no_deduplicate -Xlinker -objc_abi_version -Xlinker 2 -Xlinker -dependency_info -Xlinker /Users/rioallen/Documents/DropFly-OS-App-Builder/DropFly-PROJECTS/TradeFly-iOS/build/Build/Intermediates.noindex/xctest-dynamic-overlay.build/Debug-iphonesimulator/IssueReporting.build/Objects-normal/arm64/IssueReporting_dependency_info.dat -fobjc-link-runtime -L/Applications/Xcode.app/Contents/Developer/Toolchains/XcodeDefault.xctoolchain/usr/lib/swift/iphonesimulator -L/usr/lib/swift -Xlinker -add_ast_path -Xlinker /Users/rioallen/Documents/DropFly-OS-App-Builder/DropFly-PROJECTS/TradeFly-iOS/build/Build/Intermediates.noindex/xctest-dynamic-overlay.build/Debug-iphonesimulator/IssueReporting.build/Objects-normal/arm64/IssueReporting.swiftmodule @/Users/rioallen/Documents/DropFly-OS-App-Builder/DropFly-PROJECTS/TradeFly-iOS/build/Build/Intermediates.noindex/xctest-dynamic-overlay.build/Debug-iphonesimulator/IssueReporting.build/Objects-normal/arm64/IssueReporting-linker-args.resp -o /Users/rioallen/Documents/DropFly-OS-App-Builder/DropFly-PROJECTS/TradeFly-iOS/build/Build/Products/Debug-iphonesimulator/IssueReporting.o

SwiftDriverJobDiscovery normal arm64 Compiling Nonces.swift, ASN1.swift, ASN1Any.swift, ASN1BitString.swift, ASN1Boolean.swift, ASN1Identifier.swift (in target 'Crypto' from project 'swift-crypto')

SwiftDriver XCTestDynamicOverlay normal arm64 com.apple.xcode.tools.swift.compiler (in target 'XCTestDynamicOverlay' from project 'xctest-dynamic-overlay')
    cd /Users/rioallen/Documents/DropFly-OS-App-Builder/DropFly-PROJECTS/TradeFly-iOS/TradeFly.xcodeproj
    builtin-SwiftDriver -- /Applications/Xcode.app/Contents/Developer/Toolchains/XcodeDefault.xctoolchain/usr/bin/swiftc -module-name XCTestDynamicOverlay -Onone -enforce-exclusivity\=checked @/Users/rioallen/Documents/DropFly-OS-App-Builder/DropFly-PROJECTS/TradeFly-iOS/build/Build/Intermediates.noindex/xctest-dynamic-overlay.build/Debug-iphonesimulator/XCTestDynamicOverlay.build/Objects-normal/arm64/XCTestDynamicOverlay.SwiftFileList -DSWIFT_PACKAGE -DDEBUG -DSWIFT_MODULE_RESOURCE_BUNDLE_UNAVAILABLE -DXcode -plugin-path /Applications/Xcode.app/Contents/Developer/Toolchains/XcodeDefault.xctoolchain/usr/lib/swift/host/plugins/testing -enable-experimental-feature DebugDescriptionMacro -sdk /Applications/Xcode.app/Contents/Developer/Platforms/iPhoneSimulator.platform/Developer/SDKs/iPhoneSimulator26.1.sdk -target arm64-apple-ios13.0-simulator -g -module-cache-path /Users/rioallen/Documents/DropFly-OS-App-Builder/DropFly-PROJECTS/TradeFly-iOS/build/ModuleCache.noindex -Xfrontend -serialize-debugging-options -enable-testing -suppress-warnings -index-store-path /Users/rioallen/Documents/DropFly-OS-App-Builder/DropFly-PROJECTS/TradeFly-iOS/build/Index.noindex/DataStore -Xcc -D_LIBCPP_HARDENING_MODE\=_LIBCPP_HARDENING_MODE_DEBUG -swift-version 6 -I /Users/rioallen/Documents/DropFly-OS-App-Builder/DropFly-PROJECTS/TradeFly-iOS/build/Build/Products/Debug-iphonesimulator -Isystem /Applications/Xcode.app/Contents/Developer/Platforms/iPhoneSimulator.platform/Developer/usr/lib -F /Users/rioallen/Documents/DropFly-OS-App-Builder/DropFly-PROJECTS/TradeFly-iOS/build/Build/Products/Debug-iphonesimulator/PackageFrameworks -F /Users/rioallen/Documents/DropFly-OS-App-Builder/DropFly-PROJECTS/TradeFly-iOS/build/Build/Products/Debug-iphonesimulator/PackageFrameworks -F /Users/rioallen/Documents/DropFly-OS-App-Builder/DropFly-PROJECTS/TradeFly-iOS/build/Build/Products/Debug-iphonesimulator -F /Applications/Xcode.app/Contents/Developer/Platforms/iPhoneSimulator.platform/Developer/Library/Frameworks -F /Applications/Xcode.app/Contents/Developer/Platforms/iPhoneSimulator.platform/Developer/SDKs/iPhoneSimulator26.1.sdk/Developer/Library/Frameworks -c -j16 -enable-batch-mode -incremental -Xcc -ivfsstatcache -Xcc /Users/rioallen/Documents/DropFly-OS-App-Builder/DropFly-PROJECTS/TradeFly-iOS/build/SDKStatCaches.noindex/iphonesimulator26.1-23B77-90cf18a4295e390e64c810bc6bd7acbc.sdkstatcache -output-file-map /Users/rioallen/Documents/DropFly-OS-App-Builder/DropFly-PROJECTS/TradeFly-iOS/build/Build/Intermediates.noindex/xctest-dynamic-overlay.build/Debug-iphonesimulator/XCTestDynamicOverlay.build/Objects-normal/arm64/XCTestDynamicOverlay-OutputFileMap.json -use-frontend-parseable-output -save-temps -no-color-diagnostics -explicit-module-build -module-cache-path /Users/rioallen/Documents/DropFly-OS-App-Builder/DropFly-PROJECTS/TradeFly-iOS/build/Build/Intermediates.noindex/SwiftExplicitPrecompiledModules -clang-scanner-module-cache-path /Users/rioallen/Documents/DropFly-OS-App-Builder/DropFly-PROJECTS/TradeFly-iOS/build/ModuleCache.noindex -sdk-module-cache-path /Users/rioallen/Documents/DropFly-OS-App-Builder/DropFly-PROJECTS/TradeFly-iOS/build/ModuleCache.noindex -serialize-diagnostics -emit-dependencies -emit-module -emit-module-path /Users/rioallen/Documents/DropFly-OS-App-Builder/DropFly-PROJECTS/TradeFly-iOS/build/Build/Intermediates.noindex/xctest-dynamic-overlay.build/Debug-iphonesimulator/XCTestDynamicOverlay.build/Objects-normal/arm64/XCTestDynamicOverlay.swiftmodule -user-module-version 1.7.0 -validate-clang-modules-once -clang-build-session-file /Users/rioallen/Documents/DropFly-OS-App-Builder/DropFly-PROJECTS/TradeFly-iOS/build/ModuleCache.noindex/Session.modulevalidation -package-name xctest_dynamic_overlay -Xcc -I/Users/rioallen/Documents/DropFly-OS-App-Builder/DropFly-PROJECTS/TradeFly-iOS/build/Build/Intermediates.noindex/xctest-dynamic-overlay.build/Debug-iphonesimulator/XCTestDynamicOverlay.build/swift-overrides.hmap -emit-const-values -Xfrontend -const-gather-protocols-file -Xfrontend /Users/rioallen/Documents/DropFly-OS-App-Builder/DropFly-PROJECTS/TradeFly-iOS/build/Build/Intermediates.noindex/xctest-dynamic-overlay.build/Debug-iphonesimulator/XCTestDynamicOverlay.build/Objects-normal/arm64/XCTestDynamicOverlay_const_extract_protocols.json -Xcc -I/Users/rioallen/Documents/DropFly-OS-App-Builder/DropFly-PROJECTS/TradeFly-iOS/build/Build/Products/Debug-iphonesimulator/include -Xcc -I/Users/rioallen/Documents/DropFly-OS-App-Builder/DropFly-PROJECTS/TradeFly-iOS/build/Build/Intermediates.noindex/xctest-dynamic-overlay.build/Debug-iphonesimulator/XCTestDynamicOverlay.build/DerivedSources-normal/arm64 -Xcc -I/Users/rioallen/Documents/DropFly-OS-App-Builder/DropFly-PROJECTS/TradeFly-iOS/build/Build/Intermediates.noindex/xctest-dynamic-overlay.build/Debug-iphonesimulator/XCTestDynamicOverlay.build/DerivedSources/arm64 -Xcc -I/Users/rioallen/Documents/DropFly-OS-App-Builder/DropFly-PROJECTS/TradeFly-iOS/build/Build/Intermediates.noindex/xctest-dynamic-overlay.build/Debug-iphonesimulator/XCTestDynamicOverlay.build/DerivedSources -Xcc -DSWIFT_PACKAGE -Xcc -DDEBUG\=1 -emit-objc-header -emit-objc-header-path /Users/rioallen/Documents/DropFly-OS-App-Builder/DropFly-PROJECTS/TradeFly-iOS/build/Build/Intermediates.noindex/xctest-dynamic-overlay.build/Debug-iphonesimulator/XCTestDynamicOverlay.build/Objects-normal/arm64/XCTestDynamicOverlay-Swift.h -working-directory /Users/rioallen/Documents/DropFly-OS-App-Builder/DropFly-PROJECTS/TradeFly-iOS/TradeFly.xcodeproj -experimental-emit-module-separately -disable-cmo

ExtractAppIntentsMetadata (in target 'HTTPTypes' from project 'swift-http-types')
    cd /Users/rioallen/Documents/DropFly-OS-App-Builder/DropFly-PROJECTS/TradeFly-iOS/build/SourcePackages/checkouts/swift-http-types
    /Applications/Xcode.app/Contents/Developer/Toolchains/XcodeDefault.xctoolchain/usr/bin/appintentsmetadataprocessor --toolchain-dir /Applications/Xcode.app/Contents/Developer/Toolchains/XcodeDefault.xctoolchain --module-name HTTPTypes --sdk-root /Applications/Xcode.app/Contents/Developer/Platforms/iPhoneSimulator.platform/Developer/SDKs/iPhoneSimulator26.1.sdk --xcode-version 17B100 --platform-family iOS --deployment-target 12.0 --bundle-identifier swift-http-types.HTTPTypes --output /Users/rioallen/Documents/DropFly-OS-App-Builder/DropFly-PROJECTS/TradeFly-iOS/build/Build/Products/Debug-iphonesimulator/HTTPTypes.appintents --target-triple arm64-apple-ios12.0-simulator --binary-file /Users/rioallen/Documents/DropFly-OS-App-Builder/DropFly-PROJECTS/TradeFly-iOS/build/Build/Products/Debug-iphonesimulator/HTTPTypes.o --dependency-file /Users/rioallen/Documents/DropFly-OS-App-Builder/DropFly-PROJECTS/TradeFly-iOS/build/Build/Intermediates.noindex/swift-http-types.build/Debug-iphonesimulator/HTTPTypes.build/Objects-normal/arm64/HTTPTypes_dependency_info.dat --stringsdata-file /Users/rioallen/Documents/DropFly-OS-App-Builder/DropFly-PROJECTS/TradeFly-iOS/build/Build/Intermediates.noindex/swift-http-types.build/Debug-iphonesimulator/HTTPTypes.build/Objects-normal/arm64/ExtractedAppShortcutsMetadata.stringsdata --source-file-list /Users/rioallen/Documents/DropFly-OS-App-Builder/DropFly-PROJECTS/TradeFly-iOS/build/Build/Intermediates.noindex/swift-http-types.build/Debug-iphonesimulator/HTTPTypes.build/Objects-normal/arm64/HTTPTypes.SwiftFileList --metadata-file-list /Users/rioallen/Documents/DropFly-OS-App-Builder/DropFly-PROJECTS/TradeFly-iOS/build/Build/Intermediates.noindex/swift-http-types.build/Debug-iphonesimulator/HTTPTypes.build/HTTPTypes.DependencyMetadataFileList --static-metadata-file-list /Users/rioallen/Documents/DropFly-OS-App-Builder/DropFly-PROJECTS/TradeFly-iOS/build/Build/Intermediates.noindex/swift-http-types.build/Debug-iphonesimulator/HTTPTypes.build/HTTPTypes.DependencyStaticMetadataFileList --swift-const-vals-list /Users/rioallen/Documents/DropFly-OS-App-Builder/DropFly-PROJECTS/TradeFly-iOS/build/Build/Intermediates.noindex/swift-http-types.build/Debug-iphonesimulator/HTTPTypes.build/Objects-normal/arm64/HTTPTypes.SwiftConstValuesFileList --force --compile-time-extraction --deployment-aware-processing --validate-assistant-intents --no-app-shortcuts-localization
2025-11-26 19:16:05.199 appintentsmetadataprocessor[32454:5262969] Starting appintentsmetadataprocessor export
2025-11-26 19:16:05.380 appintentsmetadataprocessor[32454:5262969] Extracted no relevant App Intents symbols, skipping writing output

SwiftDriverJobDiscovery normal arm64 Compiling AsyncThrowingStream.swift (in target 'ConcurrencyExtras' from project 'swift-concurrency-extras')

SwiftDriver Clocks normal arm64 com.apple.xcode.tools.swift.compiler (in target 'Clocks' from project 'swift-clocks')
    cd /Users/rioallen/Documents/DropFly-OS-App-Builder/DropFly-PROJECTS/TradeFly-iOS/TradeFly.xcodeproj
    builtin-SwiftDriver -- /Applications/Xcode.app/Contents/Developer/Toolchains/XcodeDefault.xctoolchain/usr/bin/swiftc -module-name Clocks -Onone -enforce-exclusivity\=checked @/Users/rioallen/Documents/DropFly-OS-App-Builder/DropFly-PROJECTS/TradeFly-iOS/build/Build/Intermediates.noindex/swift-clocks.build/Debug-iphonesimulator/Clocks.build/Objects-normal/arm64/Clocks.SwiftFileList -DSWIFT_PACKAGE -DDEBUG -DSWIFT_MODULE_RESOURCE_BUNDLE_UNAVAILABLE -DXcode -plugin-path /Applications/Xcode.app/Contents/Developer/Toolchains/XcodeDefault.xctoolchain/usr/lib/swift/host/plugins/testing -enable-experimental-feature DebugDescriptionMacro -sdk /Applications/Xcode.app/Contents/Developer/Platforms/iPhoneSimulator.platform/Developer/SDKs/iPhoneSimulator26.1.sdk -target arm64-apple-ios13.0-simulator -g -module-cache-path /Users/rioallen/Documents/DropFly-OS-App-Builder/DropFly-PROJECTS/TradeFly-iOS/build/ModuleCache.noindex -Xfrontend -serialize-debugging-options -enable-testing -suppress-warnings -index-store-path /Users/rioallen/Documents/DropFly-OS-App-Builder/DropFly-PROJECTS/TradeFly-iOS/build/Index.noindex/DataStore -Xcc -D_LIBCPP_HARDENING_MODE\=_LIBCPP_HARDENING_MODE_DEBUG -swift-version 6 -I /Users/rioallen/Documents/DropFly-OS-App-Builder/DropFly-PROJECTS/TradeFly-iOS/build/Build/Products/Debug-iphonesimulator -Isystem /Applications/Xcode.app/Contents/Developer/Platforms/iPhoneSimulator.platform/Developer/usr/lib -F /Users/rioallen/Documents/DropFly-OS-App-Builder/DropFly-PROJECTS/TradeFly-iOS/build/Build/Products/Debug-iphonesimulator/PackageFrameworks -F /Users/rioallen/Documents/DropFly-OS-App-Builder/DropFly-PROJECTS/TradeFly-iOS/build/Build/Products/Debug-iphonesimulator/PackageFrameworks -F /Users/rioallen/Documents/DropFly-OS-App-Builder/DropFly-PROJECTS/TradeFly-iOS/build/Build/Products/Debug-iphonesimulator/PackageFrameworks -F /Users/rioallen/Documents/DropFly-OS-App-Builder/DropFly-PROJECTS/TradeFly-iOS/build/Build/Products/Debug-iphonesimulator -F /Applications/Xcode.app/Contents/Developer/Platforms/iPhoneSimulator.platform/Developer/Library/Frameworks -F /Applications/Xcode.app/Contents/Developer/Platforms/iPhoneSimulator.platform/Developer/SDKs/iPhoneSimulator26.1.sdk/Developer/Library/Frameworks -c -j16 -enable-batch-mode -incremental -Xcc -ivfsstatcache -Xcc /Users/rioallen/Documents/DropFly-OS-App-Builder/DropFly-PROJECTS/TradeFly-iOS/build/SDKStatCaches.noindex/iphonesimulator26.1-23B77-90cf18a4295e390e64c810bc6bd7acbc.sdkstatcache -output-file-map /Users/rioallen/Documents/DropFly-OS-App-Builder/DropFly-PROJECTS/TradeFly-iOS/build/Build/Intermediates.noindex/swift-clocks.build/Debug-iphonesimulator/Clocks.build/Objects-normal/arm64/Clocks-OutputFileMap.json -use-frontend-parseable-output -save-temps -no-color-diagnostics -explicit-module-build -module-cache-path /Users/rioallen/Documents/DropFly-OS-App-Builder/DropFly-PROJECTS/TradeFly-iOS/build/Build/Intermediates.noindex/SwiftExplicitPrecompiledModules -clang-scanner-module-cache-path /Users/rioallen/Documents/DropFly-OS-App-Builder/DropFly-PROJECTS/TradeFly-iOS/build/ModuleCache.noindex -sdk-module-cache-path /Users/rioallen/Documents/DropFly-OS-App-Builder/DropFly-PROJECTS/TradeFly-iOS/build/ModuleCache.noindex -serialize-diagnostics -emit-dependencies -emit-module -emit-module-path /Users/rioallen/Documents/DropFly-OS-App-Builder/DropFly-PROJECTS/TradeFly-iOS/build/Build/Intermediates.noindex/swift-clocks.build/Debug-iphonesimulator/Clocks.build/Objects-normal/arm64/Clocks.swiftmodule -user-module-version 1.0.6 -validate-clang-modules-once -clang-build-session-file /Users/rioallen/Documents/DropFly-OS-App-Builder/DropFly-PROJECTS/TradeFly-iOS/build/ModuleCache.noindex/Session.modulevalidation -package-name swift_clocks -Xcc -I/Users/rioallen/Documents/DropFly-OS-App-Builder/DropFly-PROJECTS/TradeFly-iOS/build/Build/Intermediates.noindex/swift-clocks.build/Debug-iphonesimulator/Clocks.build/swift-overrides.hmap -emit-const-values -Xfrontend -const-gather-protocols-file -Xfrontend /Users/rioallen/Documents/DropFly-OS-App-Builder/DropFly-PROJECTS/TradeFly-iOS/build/Build/Intermediates.noindex/swift-clocks.build/Debug-iphonesimulator/Clocks.build/Objects-normal/arm64/Clocks_const_extract_protocols.json -Xcc -I/Users/rioallen/Documents/DropFly-OS-App-Builder/DropFly-PROJECTS/TradeFly-iOS/build/Build/Products/Debug-iphonesimulator/include -Xcc -I/Users/rioallen/Documents/DropFly-OS-App-Builder/DropFly-PROJECTS/TradeFly-iOS/build/Build/Intermediates.noindex/swift-clocks.build/Debug-iphonesimulator/Clocks.build/DerivedSources-normal/arm64 -Xcc -I/Users/rioallen/Documents/DropFly-OS-App-Builder/DropFly-PROJECTS/TradeFly-iOS/build/Build/Intermediates.noindex/swift-clocks.build/Debug-iphonesimulator/Clocks.build/DerivedSources/arm64 -Xcc -I/Users/rioallen/Documents/DropFly-OS-App-Builder/DropFly-PROJECTS/TradeFly-iOS/build/Build/Intermediates.noindex/swift-clocks.build/Debug-iphonesimulator/Clocks.build/DerivedSources -Xcc -DSWIFT_PACKAGE -Xcc -DDEBUG\=1 -emit-objc-header -emit-objc-header-path /Users/rioallen/Documents/DropFly-OS-App-Builder/DropFly-PROJECTS/TradeFly-iOS/build/Build/Intermediates.noindex/swift-clocks.build/Debug-iphonesimulator/Clocks.build/Objects-normal/arm64/Clocks-Swift.h -working-directory /Users/rioallen/Documents/DropFly-OS-App-Builder/DropFly-PROJECTS/TradeFly-iOS/TradeFly.xcodeproj -experimental-emit-module-separately -disable-cmo

ExtractAppIntentsMetadata (in target 'IssueReporting' from project 'xctest-dynamic-overlay')
    cd /Users/rioallen/Documents/DropFly-OS-App-Builder/DropFly-PROJECTS/TradeFly-iOS/build/SourcePackages/checkouts/xctest-dynamic-overlay
    /Applications/Xcode.app/Contents/Developer/Toolchains/XcodeDefault.xctoolchain/usr/bin/appintentsmetadataprocessor --toolchain-dir /Applications/Xcode.app/Contents/Developer/Toolchains/XcodeDefault.xctoolchain --module-name IssueReporting --sdk-root /Applications/Xcode.app/Contents/Developer/Platforms/iPhoneSimulator.platform/Developer/SDKs/iPhoneSimulator26.1.sdk --xcode-version 17B100 --platform-family iOS --deployment-target 13.0 --bundle-identifier xctest-dynamic-overlay.IssueReporting --output /Users/rioallen/Documents/DropFly-OS-App-Builder/DropFly-PROJECTS/TradeFly-iOS/build/Build/Products/Debug-iphonesimulator/IssueReporting.appintents --target-triple arm64-apple-ios13.0-simulator --binary-file /Users/rioallen/Documents/DropFly-OS-App-Builder/DropFly-PROJECTS/TradeFly-iOS/build/Build/Products/Debug-iphonesimulator/IssueReporting.o --dependency-file /Users/rioallen/Documents/DropFly-OS-App-Builder/DropFly-PROJECTS/TradeFly-iOS/build/Build/Intermediates.noindex/xctest-dynamic-overlay.build/Debug-iphonesimulator/IssueReporting.build/Objects-normal/arm64/IssueReporting_dependency_info.dat --stringsdata-file /Users/rioallen/Documents/DropFly-OS-App-Builder/DropFly-PROJECTS/TradeFly-iOS/build/Build/Intermediates.noindex/xctest-dynamic-overlay.build/Debug-iphonesimulator/IssueReporting.build/Objects-normal/arm64/ExtractedAppShortcutsMetadata.stringsdata --source-file-list /Users/rioallen/Documents/DropFly-OS-App-Builder/DropFly-PROJECTS/TradeFly-iOS/build/Build/Intermediates.noindex/xctest-dynamic-overlay.build/Debug-iphonesimulator/IssueReporting.build/Objects-normal/arm64/IssueReporting.SwiftFileList --metadata-file-list /Users/rioallen/Documents/DropFly-OS-App-Builder/DropFly-PROJECTS/TradeFly-iOS/build/Build/Intermediates.noindex/xctest-dynamic-overlay.build/Debug-iphonesimulator/IssueReporting.build/IssueReporting.DependencyMetadataFileList --static-metadata-file-list /Users/rioallen/Documents/DropFly-OS-App-Builder/DropFly-PROJECTS/TradeFly-iOS/build/Build/Intermediates.noindex/xctest-dynamic-overlay.build/Debug-iphonesimulator/IssueReporting.build/IssueReporting.DependencyStaticMetadataFileList --swift-const-vals-list /Users/rioallen/Documents/DropFly-OS-App-Builder/DropFly-PROJECTS/TradeFly-iOS/build/Build/Intermediates.noindex/xctest-dynamic-overlay.build/Debug-iphonesimulator/IssueReporting.build/Objects-normal/arm64/IssueReporting.SwiftConstValuesFileList --force --compile-time-extraction --deployment-aware-processing --validate-assistant-intents --no-app-shortcuts-localization
2025-11-26 19:16:05.207 appintentsmetadataprocessor[32455:5262985] Starting appintentsmetadataprocessor export
2025-11-26 19:16:05.394 appintentsmetadataprocessor[32455:5262985] Extracted no relevant App Intents symbols, skipping writing output

SwiftDriverJobDiscovery normal arm64 Compiling MainSerialExecutor.swift (in target 'ConcurrencyExtras' from project 'swift-concurrency-extras')

SwiftDriverJobDiscovery normal arm64 Compiling HMAC.swift, MACFunctions.swift, MessageAuthenticationCode.swift, AES.swift, ECDSASignature_boring.swift, ECDSA_boring.swift (in target 'Crypto' from project 'swift-crypto')

SwiftDriverJobDiscovery normal arm64 Compiling UncheckedSendable.swift (in target 'ConcurrencyExtras' from project 'swift-concurrency-extras')

SwiftDriverJobDiscovery normal arm64 Compiling LockIsolated.swift (in target 'ConcurrencyExtras' from project 'swift-concurrency-extras')

SwiftDriverJobDiscovery normal arm64 Compiling UncheckedBox.swift (in target 'ConcurrencyExtras' from project 'swift-concurrency-extras')

SwiftDriverJobDiscovery normal arm64 Compiling AnyHashableSendable.swift (in target 'ConcurrencyExtras' from project 'swift-concurrency-extras')

SwiftDriverJobDiscovery normal arm64 Compiling ANSIx963.swift, HKDF.swift, AESWrap.swift, AESWrap_boring.swift, Ed25519_boring.swift, NISTCurvesKeys_boring.swift (in target 'Crypto' from project 'swift-crypto')

SwiftDriverJobDiscovery normal arm64 Compiling resource_bundle_accessor.swift, AES-GCM.swift, AES-GCM_boring.swift, ChaChaPoly_boring.swift, ChaChaPoly.swift, Cipher.swift (in target 'Crypto' from project 'swift-crypto')

SwiftDriverJobDiscovery normal arm64 Compiling AsyncStream.swift (in target 'ConcurrencyExtras' from project 'swift-concurrency-extras')

SwiftDriverJobDiscovery normal arm64 Compiling Signature.swift, CryptoKitErrors_boring.swift, Optional+withUnsafeBytes_boring.swift, RNG_boring.swift, SafeCompare_boring.swift (in target 'Crypto' from project 'swift-crypto')

SwiftDriverJobDiscovery normal arm64 Compiling Task.swift (in target 'ConcurrencyExtras' from project 'swift-concurrency-extras')

SwiftDriver\ Compilation ConcurrencyExtras normal arm64 com.apple.xcode.tools.swift.compiler (in target 'ConcurrencyExtras' from project 'swift-concurrency-extras')
    cd /Users/rioallen/Documents/DropFly-OS-App-Builder/DropFly-PROJECTS/TradeFly-iOS/TradeFly.xcodeproj
    builtin-Swift-Compilation -- /Applications/Xcode.app/Contents/Developer/Toolchains/XcodeDefault.xctoolchain/usr/bin/swiftc -module-name ConcurrencyExtras -Onone -enforce-exclusivity\=checked @/Users/rioallen/Documents/DropFly-OS-App-Builder/DropFly-PROJECTS/TradeFly-iOS/build/Build/Intermediates.noindex/swift-concurrency-extras.build/Debug-iphonesimulator/ConcurrencyExtras.build/Objects-normal/arm64/ConcurrencyExtras.SwiftFileList -DSWIFT_PACKAGE -DDEBUG -DSWIFT_MODULE_RESOURCE_BUNDLE_UNAVAILABLE -DXcode -plugin-path /Applications/Xcode.app/Contents/Developer/Toolchains/XcodeDefault.xctoolchain/usr/lib/swift/host/plugins/testing -enable-experimental-feature DebugDescriptionMacro -sdk /Applications/Xcode.app/Contents/Developer/Platforms/iPhoneSimulator.platform/Developer/SDKs/iPhoneSimulator26.1.sdk -target arm64-apple-ios13.0-simulator -g -module-cache-path /Users/rioallen/Documents/DropFly-OS-App-Builder/DropFly-PROJECTS/TradeFly-iOS/build/ModuleCache.noindex -Xfrontend -serialize-debugging-options -enable-testing -suppress-warnings -index-store-path /Users/rioallen/Documents/DropFly-OS-App-Builder/DropFly-PROJECTS/TradeFly-iOS/build/Index.noindex/DataStore -Xcc -D_LIBCPP_HARDENING_MODE\=_LIBCPP_HARDENING_MODE_DEBUG -swift-version 6 -I /Users/rioallen/Documents/DropFly-OS-App-Builder/DropFly-PROJECTS/TradeFly-iOS/build/Build/Products/Debug-iphonesimulator -Isystem /Applications/Xcode.app/Contents/Developer/Platforms/iPhoneSimulator.platform/Developer/usr/lib -F /Users/rioallen/Documents/DropFly-OS-App-Builder/DropFly-PROJECTS/TradeFly-iOS/build/Build/Products/Debug-iphonesimulator -F /Applications/Xcode.app/Contents/Developer/Platforms/iPhoneSimulator.platform/Developer/Library/Frameworks -F /Applications/Xcode.app/Contents/Developer/Platforms/iPhoneSimulator.platform/Developer/SDKs/iPhoneSimulator26.1.sdk/Developer/Library/Frameworks -c -j16 -enable-batch-mode -incremental -Xcc -ivfsstatcache -Xcc /Users/rioallen/Documents/DropFly-OS-App-Builder/DropFly-PROJECTS/TradeFly-iOS/build/SDKStatCaches.noindex/iphonesimulator26.1-23B77-90cf18a4295e390e64c810bc6bd7acbc.sdkstatcache -output-file-map /Users/rioallen/Documents/DropFly-OS-App-Builder/DropFly-PROJECTS/TradeFly-iOS/build/Build/Intermediates.noindex/swift-concurrency-extras.build/Debug-iphonesimulator/ConcurrencyExtras.build/Objects-normal/arm64/ConcurrencyExtras-OutputFileMap.json -use-frontend-parseable-output -save-temps -no-color-diagnostics -explicit-module-build -module-cache-path /Users/rioallen/Documents/DropFly-OS-App-Builder/DropFly-PROJECTS/TradeFly-iOS/build/Build/Intermediates.noindex/SwiftExplicitPrecompiledModules -clang-scanner-module-cache-path /Users/rioallen/Documents/DropFly-OS-App-Builder/DropFly-PROJECTS/TradeFly-iOS/build/ModuleCache.noindex -sdk-module-cache-path /Users/rioallen/Documents/DropFly-OS-App-Builder/DropFly-PROJECTS/TradeFly-iOS/build/ModuleCache.noindex -serialize-diagnostics -emit-dependencies -emit-module -emit-module-path /Users/rioallen/Documents/DropFly-OS-App-Builder/DropFly-PROJECTS/TradeFly-iOS/build/Build/Intermediates.noindex/swift-concurrency-extras.build/Debug-iphonesimulator/ConcurrencyExtras.build/Objects-normal/arm64/ConcurrencyExtras.swiftmodule -user-module-version 1.3.2 -validate-clang-modules-once -clang-build-session-file /Users/rioallen/Documents/DropFly-OS-App-Builder/DropFly-PROJECTS/TradeFly-iOS/build/ModuleCache.noindex/Session.modulevalidation -package-name swift_concurrency_extras -Xcc -I/Users/rioallen/Documents/DropFly-OS-App-Builder/DropFly-PROJECTS/TradeFly-iOS/build/Build/Intermediates.noindex/swift-concurrency-extras.build/Debug-iphonesimulator/ConcurrencyExtras.build/swift-overrides.hmap -emit-const-values -Xfrontend -const-gather-protocols-file -Xfrontend /Users/rioallen/Documents/DropFly-OS-App-Builder/DropFly-PROJECTS/TradeFly-iOS/build/Build/Intermediates.noindex/swift-concurrency-extras.build/Debug-iphonesimulator/ConcurrencyExtras.build/Objects-normal/arm64/ConcurrencyExtras_const_extract_protocols.json -Xcc -I/Users/rioallen/Documents/DropFly-OS-App-Builder/DropFly-PROJECTS/TradeFly-iOS/build/Build/Products/Debug-iphonesimulator/include -Xcc -I/Users/rioallen/Documents/DropFly-OS-App-Builder/DropFly-PROJECTS/TradeFly-iOS/build/Build/Intermediates.noindex/swift-concurrency-extras.build/Debug-iphonesimulator/ConcurrencyExtras.build/DerivedSources-normal/arm64 -Xcc -I/Users/rioallen/Documents/DropFly-OS-App-Builder/DropFly-PROJECTS/TradeFly-iOS/build/Build/Intermediates.noindex/swift-concurrency-extras.build/Debug-iphonesimulator/ConcurrencyExtras.build/DerivedSources/arm64 -Xcc -I/Users/rioallen/Documents/DropFly-OS-App-Builder/DropFly-PROJECTS/TradeFly-iOS/build/Build/Intermediates.noindex/swift-concurrency-extras.build/Debug-iphonesimulator/ConcurrencyExtras.build/DerivedSources -Xcc -DSWIFT_PACKAGE -Xcc -DDEBUG\=1 -emit-objc-header -emit-objc-header-path /Users/rioallen/Documents/DropFly-OS-App-Builder/DropFly-PROJECTS/TradeFly-iOS/build/Build/Intermediates.noindex/swift-concurrency-extras.build/Debug-iphonesimulator/ConcurrencyExtras.build/Objects-normal/arm64/ConcurrencyExtras-Swift.h -working-directory /Users/rioallen/Documents/DropFly-OS-App-Builder/DropFly-PROJECTS/TradeFly-iOS/TradeFly.xcodeproj -experimental-emit-module-separately -disable-cmo

Ld /Users/rioallen/Documents/DropFly-OS-App-Builder/DropFly-PROJECTS/TradeFly-iOS/build/Build/Products/Debug-iphonesimulator/ConcurrencyExtras.o normal (in target 'ConcurrencyExtras' from project 'swift-concurrency-extras')
    cd /Users/rioallen/Documents/DropFly-OS-App-Builder/DropFly-PROJECTS/TradeFly-iOS/build/SourcePackages/checkouts/swift-concurrency-extras
    /Applications/Xcode.app/Contents/Developer/Toolchains/XcodeDefault.xctoolchain/usr/bin/clang -Xlinker -reproducible -target arm64-apple-ios13.0-simulator -r -isysroot /Applications/Xcode.app/Contents/Developer/Platforms/iPhoneSimulator.platform/Developer/SDKs/iPhoneSimulator26.1.sdk -O0 -w -L/Users/rioallen/Documents/DropFly-OS-App-Builder/DropFly-PROJECTS/TradeFly-iOS/build/Build/Intermediates.noindex/EagerLinkingTBDs/Debug-iphonesimulator -L/Users/rioallen/Documents/DropFly-OS-App-Builder/DropFly-PROJECTS/TradeFly-iOS/build/Build/Products/Debug-iphonesimulator -L/Applications/Xcode.app/Contents/Developer/Platforms/iPhoneSimulator.platform/Developer/usr/lib -F/Users/rioallen/Documents/DropFly-OS-App-Builder/DropFly-PROJECTS/TradeFly-iOS/build/Build/Intermediates.noindex/EagerLinkingTBDs/Debug-iphonesimulator -F/Users/rioallen/Documents/DropFly-OS-App-Builder/DropFly-PROJECTS/TradeFly-iOS/build/Build/Products/Debug-iphonesimulator -iframework /Applications/Xcode.app/Contents/Developer/Platforms/iPhoneSimulator.platform/Developer/Library/Frameworks -iframework /Applications/Xcode.app/Contents/Developer/Platforms/iPhoneSimulator.platform/Developer/SDKs/iPhoneSimulator26.1.sdk/Developer/Library/Frameworks -filelist /Users/rioallen/Documents/DropFly-OS-App-Builder/DropFly-PROJECTS/TradeFly-iOS/build/Build/Intermediates.noindex/swift-concurrency-extras.build/Debug-iphonesimulator/ConcurrencyExtras.build/Objects-normal/arm64/ConcurrencyExtras.LinkFileList -nostdlib -Xlinker -object_path_lto -Xlinker /Users/rioallen/Documents/DropFly-OS-App-Builder/DropFly-PROJECTS/TradeFly-iOS/build/Build/Intermediates.noindex/swift-concurrency-extras.build/Debug-iphonesimulator/ConcurrencyExtras.build/Objects-normal/arm64/ConcurrencyExtras_lto.o -rdynamic -Xlinker -no_deduplicate -Xlinker -objc_abi_version -Xlinker 2 -Xlinker -dependency_info -Xlinker /Users/rioallen/Documents/DropFly-OS-App-Builder/DropFly-PROJECTS/TradeFly-iOS/build/Build/Intermediates.noindex/swift-concurrency-extras.build/Debug-iphonesimulator/ConcurrencyExtras.build/Objects-normal/arm64/ConcurrencyExtras_dependency_info.dat -fobjc-link-runtime -L/Applications/Xcode.app/Contents/Developer/Toolchains/XcodeDefault.xctoolchain/usr/lib/swift/iphonesimulator -L/usr/lib/swift -Xlinker -add_ast_path -Xlinker /Users/rioallen/Documents/DropFly-OS-App-Builder/DropFly-PROJECTS/TradeFly-iOS/build/Build/Intermediates.noindex/swift-concurrency-extras.build/Debug-iphonesimulator/ConcurrencyExtras.build/Objects-normal/arm64/ConcurrencyExtras.swiftmodule @/Users/rioallen/Documents/DropFly-OS-App-Builder/DropFly-PROJECTS/TradeFly-iOS/build/Build/Intermediates.noindex/swift-concurrency-extras.build/Debug-iphonesimulator/ConcurrencyExtras.build/Objects-normal/arm64/ConcurrencyExtras-linker-args.resp -o /Users/rioallen/Documents/DropFly-OS-App-Builder/DropFly-PROJECTS/TradeFly-iOS/build/Build/Products/Debug-iphonesimulator/ConcurrencyExtras.o

RegisterExecutionPolicyException /Users/rioallen/Documents/DropFly-OS-App-Builder/DropFly-PROJECTS/TradeFly-iOS/build/Build/Products/Debug-iphonesimulator/HTTPTypes.o (in target 'HTTPTypes' from project 'swift-http-types')
    cd /Users/rioallen/Documents/DropFly-OS-App-Builder/DropFly-PROJECTS/TradeFly-iOS/build/SourcePackages/checkouts/swift-http-types
    builtin-RegisterExecutionPolicyException /Users/rioallen/Documents/DropFly-OS-App-Builder/DropFly-PROJECTS/TradeFly-iOS/build/Build/Products/Debug-iphonesimulator/HTTPTypes.o

ExtractAppIntentsMetadata (in target 'ConcurrencyExtras' from project 'swift-concurrency-extras')
    cd /Users/rioallen/Documents/DropFly-OS-App-Builder/DropFly-PROJECTS/TradeFly-iOS/build/SourcePackages/checkouts/swift-concurrency-extras
    /Applications/Xcode.app/Contents/Developer/Toolchains/XcodeDefault.xctoolchain/usr/bin/appintentsmetadataprocessor --toolchain-dir /Applications/Xcode.app/Contents/Developer/Toolchains/XcodeDefault.xctoolchain --module-name ConcurrencyExtras --sdk-root /Applications/Xcode.app/Contents/Developer/Platforms/iPhoneSimulator.platform/Developer/SDKs/iPhoneSimulator26.1.sdk --xcode-version 17B100 --platform-family iOS --deployment-target 13.0 --bundle-identifier swift-concurrency-extras.ConcurrencyExtras --output /Users/rioallen/Documents/DropFly-OS-App-Builder/DropFly-PROJECTS/TradeFly-iOS/build/Build/Products/Debug-iphonesimulator/ConcurrencyExtras.appintents --target-triple arm64-apple-ios13.0-simulator --binary-file /Users/rioallen/Documents/DropFly-OS-App-Builder/DropFly-PROJECTS/TradeFly-iOS/build/Build/Products/Debug-iphonesimulator/ConcurrencyExtras.o --dependency-file /Users/rioallen/Documents/DropFly-OS-App-Builder/DropFly-PROJECTS/TradeFly-iOS/build/Build/Intermediates.noindex/swift-concurrency-extras.build/Debug-iphonesimulator/ConcurrencyExtras.build/Objects-normal/arm64/ConcurrencyExtras_dependency_info.dat --stringsdata-file /Users/rioallen/Documents/DropFly-OS-App-Builder/DropFly-PROJECTS/TradeFly-iOS/build/Build/Intermediates.noindex/swift-concurrency-extras.build/Debug-iphonesimulator/ConcurrencyExtras.build/Objects-normal/arm64/ExtractedAppShortcutsMetadata.stringsdata --source-file-list /Users/rioallen/Documents/DropFly-OS-App-Builder/DropFly-PROJECTS/TradeFly-iOS/build/Build/Intermediates.noindex/swift-concurrency-extras.build/Debug-iphonesimulator/ConcurrencyExtras.build/Objects-normal/arm64/ConcurrencyExtras.SwiftFileList --metadata-file-list /Users/rioallen/Documents/DropFly-OS-App-Builder/DropFly-PROJECTS/TradeFly-iOS/build/Build/Intermediates.noindex/swift-concurrency-extras.build/Debug-iphonesimulator/ConcurrencyExtras.build/ConcurrencyExtras.DependencyMetadataFileList --static-metadata-file-list /Users/rioallen/Documents/DropFly-OS-App-Builder/DropFly-PROJECTS/TradeFly-iOS/build/Build/Intermediates.noindex/swift-concurrency-extras.build/Debug-iphonesimulator/ConcurrencyExtras.build/ConcurrencyExtras.DependencyStaticMetadataFileList --swift-const-vals-list /Users/rioallen/Documents/DropFly-OS-App-Builder/DropFly-PROJECTS/TradeFly-iOS/build/Build/Intermediates.noindex/swift-concurrency-extras.build/Debug-iphonesimulator/ConcurrencyExtras.build/Objects-normal/arm64/ConcurrencyExtras.SwiftConstValuesFileList --force --compile-time-extraction --deployment-aware-processing --validate-assistant-intents --no-app-shortcuts-localization
2025-11-26 19:16:05.468 appintentsmetadataprocessor[32469:5263168] Starting appintentsmetadataprocessor export
2025-11-26 19:16:05.576 appintentsmetadataprocessor[32469:5263168] Extracted no relevant App Intents symbols, skipping writing output

SwiftDriverJobDiscovery normal arm64 Compiling Zeroization_boring.swift, PrettyBytes.swift, SafeCompare.swift, SecureBytes.swift, Zeroization.swift (in target 'Crypto' from project 'swift-crypto')

RegisterExecutionPolicyException /Users/rioallen/Documents/DropFly-OS-App-Builder/DropFly-PROJECTS/TradeFly-iOS/build/Build/Products/Debug-iphonesimulator/IssueReporting.o (in target 'IssueReporting' from project 'xctest-dynamic-overlay')
    cd /Users/rioallen/Documents/DropFly-OS-App-Builder/DropFly-PROJECTS/TradeFly-iOS/build/SourcePackages/checkouts/xctest-dynamic-overlay
    builtin-RegisterExecutionPolicyException /Users/rioallen/Documents/DropFly-OS-App-Builder/DropFly-PROJECTS/TradeFly-iOS/build/Build/Products/Debug-iphonesimulator/IssueReporting.o

SwiftDriver\ Compilation Crypto normal arm64 com.apple.xcode.tools.swift.compiler (in target 'Crypto' from project 'swift-crypto')
    cd /Users/rioallen/Documents/DropFly-OS-App-Builder/DropFly-PROJECTS/TradeFly-iOS/TradeFly.xcodeproj
    builtin-Swift-Compilation -- /Applications/Xcode.app/Contents/Developer/Toolchains/XcodeDefault.xctoolchain/usr/bin/swiftc -module-name Crypto -Onone -enforce-exclusivity\=checked @/Users/rioallen/Documents/DropFly-OS-App-Builder/DropFly-PROJECTS/TradeFly-iOS/build/Build/Intermediates.noindex/swift-crypto.build/Debug-iphonesimulator/Crypto.build/Objects-normal/arm64/Crypto.SwiftFileList -DSWIFT_PACKAGE -DDEBUG -DSWIFT_MODULE_RESOURCE_BUNDLE_AVAILABLE -DCRYPTO_IN_SWIFTPM -DXcode -enable-upcoming-feature MemberImportVisibility -plugin-path /Applications/Xcode.app/Contents/Developer/Toolchains/XcodeDefault.xctoolchain/usr/lib/swift/host/plugins/testing -enable-experimental-feature DebugDescriptionMacro -sdk /Applications/Xcode.app/Contents/Developer/Platforms/iPhoneSimulator.platform/Developer/SDKs/iPhoneSimulator26.1.sdk -target arm64-apple-ios12.0-simulator -g -module-cache-path /Users/rioallen/Documents/DropFly-OS-App-Builder/DropFly-PROJECTS/TradeFly-iOS/build/ModuleCache.noindex -Xfrontend -serialize-debugging-options -enable-testing -suppress-warnings -index-store-path /Users/rioallen/Documents/DropFly-OS-App-Builder/DropFly-PROJECTS/TradeFly-iOS/build/Index.noindex/DataStore -Xcc -D_LIBCPP_HARDENING_MODE\=_LIBCPP_HARDENING_MODE_DEBUG -swift-version 6 -I /Users/rioallen/Documents/DropFly-OS-App-Builder/DropFly-PROJECTS/TradeFly-iOS/build/Build/Products/Debug-iphonesimulator -Isystem /Applications/Xcode.app/Contents/Developer/Platforms/iPhoneSimulator.platform/Developer/usr/lib -F /Users/rioallen/Documents/DropFly-OS-App-Builder/DropFly-PROJECTS/TradeFly-iOS/build/Build/Products/Debug-iphonesimulator -F /Applications/Xcode.app/Contents/Developer/Platforms/iPhoneSimulator.platform/Developer/Library/Frameworks -F /Applications/Xcode.app/Contents/Developer/Platforms/iPhoneSimulator.platform/Developer/SDKs/iPhoneSimulator26.1.sdk/Developer/Library/Frameworks -c -j16 -enable-batch-mode -incremental -Xcc -ivfsstatcache -Xcc /Users/rioallen/Documents/DropFly-OS-App-Builder/DropFly-PROJECTS/TradeFly-iOS/build/SDKStatCaches.noindex/iphonesimulator26.1-23B77-90cf18a4295e390e64c810bc6bd7acbc.sdkstatcache -output-file-map /Users/rioallen/Documents/DropFly-OS-App-Builder/DropFly-PROJECTS/TradeFly-iOS/build/Build/Intermediates.noindex/swift-crypto.build/Debug-iphonesimulator/Crypto.build/Objects-normal/arm64/Crypto-OutputFileMap.json -use-frontend-parseable-output -save-temps -no-color-diagnostics -explicit-module-build -module-cache-path /Users/rioallen/Documents/DropFly-OS-App-Builder/DropFly-PROJECTS/TradeFly-iOS/build/Build/Intermediates.noindex/SwiftExplicitPrecompiledModules -clang-scanner-module-cache-path /Users/rioallen/Documents/DropFly-OS-App-Builder/DropFly-PROJECTS/TradeFly-iOS/build/ModuleCache.noindex -sdk-module-cache-path /Users/rioallen/Documents/DropFly-OS-App-Builder/DropFly-PROJECTS/TradeFly-iOS/build/ModuleCache.noindex -serialize-diagnostics -emit-dependencies -emit-module -emit-module-path /Users/rioallen/Documents/DropFly-OS-App-Builder/DropFly-PROJECTS/TradeFly-iOS/build/Build/Intermediates.noindex/swift-crypto.build/Debug-iphonesimulator/Crypto.build/Objects-normal/arm64/Crypto.swiftmodule -user-module-version 4.2.0 -validate-clang-modules-once -clang-build-session-file /Users/rioallen/Documents/DropFly-OS-App-Builder/DropFly-PROJECTS/TradeFly-iOS/build/ModuleCache.noindex/Session.modulevalidation -package-name swift_crypto -Xcc -I/Users/rioallen/Documents/DropFly-OS-App-Builder/DropFly-PROJECTS/TradeFly-iOS/build/Build/Intermediates.noindex/swift-crypto.build/Debug-iphonesimulator/Crypto.build/swift-overrides.hmap -emit-const-values -Xfrontend -const-gather-protocols-file -Xfrontend /Users/rioallen/Documents/DropFly-OS-App-Builder/DropFly-PROJECTS/TradeFly-iOS/build/Build/Intermediates.noindex/swift-crypto.build/Debug-iphonesimulator/Crypto.build/Objects-normal/arm64/Crypto_const_extract_protocols.json -Xcc -I/Users/rioallen/Documents/DropFly-OS-App-Builder/DropFly-PROJECTS/TradeFly-iOS/build/Build/Products/Debug-iphonesimulator/include -Xcc -I/Users/rioallen/Documents/DropFly-OS-App-Builder/DropFly-PROJECTS/TradeFly-iOS/build/Build/Intermediates.noindex/swift-crypto.build/Debug-iphonesimulator/Crypto.build/DerivedSources-normal/arm64 -Xcc -I/Users/rioallen/Documents/DropFly-OS-App-Builder/DropFly-PROJECTS/TradeFly-iOS/build/Build/Intermediates.noindex/swift-crypto.build/Debug-iphonesimulator/Crypto.build/DerivedSources/arm64 -Xcc -I/Users/rioallen/Documents/DropFly-OS-App-Builder/DropFly-PROJECTS/TradeFly-iOS/build/Build/Intermediates.noindex/swift-crypto.build/Debug-iphonesimulator/Crypto.build/DerivedSources -Xcc -DSWIFT_PACKAGE -Xcc -DDEBUG\=1 -emit-objc-header -emit-objc-header-path /Users/rioallen/Documents/DropFly-OS-App-Builder/DropFly-PROJECTS/TradeFly-iOS/build/Build/Intermediates.noindex/swift-crypto.build/Debug-iphonesimulator/Crypto.build/Objects-normal/arm64/Crypto-Swift.h -working-directory /Users/rioallen/Documents/DropFly-OS-App-Builder/DropFly-PROJECTS/TradeFly-iOS/TradeFly.xcodeproj -experimental-emit-module-separately -disable-cmo

Ld /Users/rioallen/Documents/DropFly-OS-App-Builder/DropFly-PROJECTS/TradeFly-iOS/build/Build/Products/Debug-iphonesimulator/Crypto.o normal (in target 'Crypto' from project 'swift-crypto')
    cd /Users/rioallen/Documents/DropFly-OS-App-Builder/DropFly-PROJECTS/TradeFly-iOS/build/SourcePackages/checkouts/swift-crypto
    /Applications/Xcode.app/Contents/Developer/Toolchains/XcodeDefault.xctoolchain/usr/bin/clang -Xlinker -reproducible -target arm64-apple-ios12.0-simulator -r -isysroot /Applications/Xcode.app/Contents/Developer/Platforms/iPhoneSimulator.platform/Developer/SDKs/iPhoneSimulator26.1.sdk -O0 -w -L/Users/rioallen/Documents/DropFly-OS-App-Builder/DropFly-PROJECTS/TradeFly-iOS/build/Build/Intermediates.noindex/EagerLinkingTBDs/Debug-iphonesimulator -L/Users/rioallen/Documents/DropFly-OS-App-Builder/DropFly-PROJECTS/TradeFly-iOS/build/Build/Products/Debug-iphonesimulator -L/Applications/Xcode.app/Contents/Developer/Platforms/iPhoneSimulator.platform/Developer/usr/lib -F/Users/rioallen/Documents/DropFly-OS-App-Builder/DropFly-PROJECTS/TradeFly-iOS/build/Build/Intermediates.noindex/EagerLinkingTBDs/Debug-iphonesimulator -F/Users/rioallen/Documents/DropFly-OS-App-Builder/DropFly-PROJECTS/TradeFly-iOS/build/Build/Products/Debug-iphonesimulator -iframework /Applications/Xcode.app/Contents/Developer/Platforms/iPhoneSimulator.platform/Developer/Library/Frameworks -iframework /Applications/Xcode.app/Contents/Developer/Platforms/iPhoneSimulator.platform/Developer/SDKs/iPhoneSimulator26.1.sdk/Developer/Library/Frameworks -filelist /Users/rioallen/Documents/DropFly-OS-App-Builder/DropFly-PROJECTS/TradeFly-iOS/build/Build/Intermediates.noindex/swift-crypto.build/Debug-iphonesimulator/Crypto.build/Objects-normal/arm64/Crypto.LinkFileList -nostdlib -Xlinker -object_path_lto -Xlinker /Users/rioallen/Documents/DropFly-OS-App-Builder/DropFly-PROJECTS/TradeFly-iOS/build/Build/Intermediates.noindex/swift-crypto.build/Debug-iphonesimulator/Crypto.build/Objects-normal/arm64/Crypto_lto.o -rdynamic -Xlinker -no_deduplicate -Xlinker -objc_abi_version -Xlinker 2 -Xlinker -dependency_info -Xlinker /Users/rioallen/Documents/DropFly-OS-App-Builder/DropFly-PROJECTS/TradeFly-iOS/build/Build/Intermediates.noindex/swift-crypto.build/Debug-iphonesimulator/Crypto.build/Objects-normal/arm64/Crypto_dependency_info.dat -fobjc-link-runtime -L/Applications/Xcode.app/Contents/Developer/Toolchains/XcodeDefault.xctoolchain/usr/lib/swift/iphonesimulator -L/usr/lib/swift -Xlinker -add_ast_path -Xlinker /Users/rioallen/Documents/DropFly-OS-App-Builder/DropFly-PROJECTS/TradeFly-iOS/build/Build/Intermediates.noindex/swift-crypto.build/Debug-iphonesimulator/Crypto.build/Objects-normal/arm64/Crypto.swiftmodule @/Users/rioallen/Documents/DropFly-OS-App-Builder/DropFly-PROJECTS/TradeFly-iOS/build/Build/Intermediates.noindex/swift-crypto.build/Debug-iphonesimulator/Crypto.build/Objects-normal/arm64/Crypto-linker-args.resp -o /Users/rioallen/Documents/DropFly-OS-App-Builder/DropFly-PROJECTS/TradeFly-iOS/build/Build/Products/Debug-iphonesimulator/Crypto.o

ExtractAppIntentsMetadata (in target 'Crypto' from project 'swift-crypto')
    cd /Users/rioallen/Documents/DropFly-OS-App-Builder/DropFly-PROJECTS/TradeFly-iOS/build/SourcePackages/checkouts/swift-crypto
    /Applications/Xcode.app/Contents/Developer/Toolchains/XcodeDefault.xctoolchain/usr/bin/appintentsmetadataprocessor --toolchain-dir /Applications/Xcode.app/Contents/Developer/Toolchains/XcodeDefault.xctoolchain --module-name Crypto --sdk-root /Applications/Xcode.app/Contents/Developer/Platforms/iPhoneSimulator.platform/Developer/SDKs/iPhoneSimulator26.1.sdk --xcode-version 17B100 --platform-family iOS --deployment-target 12.0 --bundle-identifier swift-crypto.Crypto --output /Users/rioallen/Documents/DropFly-OS-App-Builder/DropFly-PROJECTS/TradeFly-iOS/build/Build/Products/Debug-iphonesimulator/Crypto.appintents --target-triple arm64-apple-ios12.0-simulator --binary-file /Users/rioallen/Documents/DropFly-OS-App-Builder/DropFly-PROJECTS/TradeFly-iOS/build/Build/Products/Debug-iphonesimulator/Crypto.o --dependency-file /Users/rioallen/Documents/DropFly-OS-App-Builder/DropFly-PROJECTS/TradeFly-iOS/build/Build/Intermediates.noindex/swift-crypto.build/Debug-iphonesimulator/Crypto.build/Objects-normal/arm64/Crypto_dependency_info.dat --stringsdata-file /Users/rioallen/Documents/DropFly-OS-App-Builder/DropFly-PROJECTS/TradeFly-iOS/build/Build/Intermediates.noindex/swift-crypto.build/Debug-iphonesimulator/Crypto.build/Objects-normal/arm64/ExtractedAppShortcutsMetadata.stringsdata --source-file-list /Users/rioallen/Documents/DropFly-OS-App-Builder/DropFly-PROJECTS/TradeFly-iOS/build/Build/Intermediates.noindex/swift-crypto.build/Debug-iphonesimulator/Crypto.build/Objects-normal/arm64/Crypto.SwiftFileList --metadata-file-list /Users/rioallen/Documents/DropFly-OS-App-Builder/DropFly-PROJECTS/TradeFly-iOS/build/Build/Intermediates.noindex/swift-crypto.build/Debug-iphonesimulator/Crypto.build/Crypto.DependencyMetadataFileList --static-metadata-file-list /Users/rioallen/Documents/DropFly-OS-App-Builder/DropFly-PROJECTS/TradeFly-iOS/build/Build/Intermediates.noindex/swift-crypto.build/Debug-iphonesimulator/Crypto.build/Crypto.DependencyStaticMetadataFileList --swift-const-vals-list /Users/rioallen/Documents/DropFly-OS-App-Builder/DropFly-PROJECTS/TradeFly-iOS/build/Build/Intermediates.noindex/swift-crypto.build/Debug-iphonesimulator/Crypto.build/Objects-normal/arm64/Crypto.SwiftConstValuesFileList --force --compile-time-extraction --deployment-aware-processing --validate-assistant-intents --no-app-shortcuts-localization
2025-11-26 19:16:05.513 appintentsmetadataprocessor[32481:5263224] Starting appintentsmetadataprocessor export
2025-11-26 19:16:05.611 appintentsmetadataprocessor[32481:5263224] Extracted no relevant App Intents symbols, skipping writing output

SwiftEmitModule normal arm64 Emitting\ module\ for\ XCTestDynamicOverlay (in target 'XCTestDynamicOverlay' from project 'xctest-dynamic-overlay')

EmitSwiftModule normal arm64 (in target 'XCTestDynamicOverlay' from project 'xctest-dynamic-overlay')
    cd /Users/rioallen/Documents/DropFly-OS-App-Builder/DropFly-PROJECTS/TradeFly-iOS/TradeFly.xcodeproj
    

SwiftCompile normal arm64 Compiling\ Exports.swift /Users/rioallen/Documents/DropFly-OS-App-Builder/DropFly-PROJECTS/TradeFly-iOS/build/SourcePackages/checkouts/xctest-dynamic-overlay/Sources/XCTestDynamicOverlay/Internal/Exports.swift (in target 'XCTestDynamicOverlay' from project 'xctest-dynamic-overlay')

SwiftCompile normal arm64 /Users/rioallen/Documents/DropFly-OS-App-Builder/DropFly-PROJECTS/TradeFly-iOS/build/SourcePackages/checkouts/xctest-dynamic-overlay/Sources/XCTestDynamicOverlay/Internal/Exports.swift (in target 'XCTestDynamicOverlay' from project 'xctest-dynamic-overlay')
    cd /Users/rioallen/Documents/DropFly-OS-App-Builder/DropFly-PROJECTS/TradeFly-iOS/TradeFly.xcodeproj
    

SwiftCompile normal arm64 Compiling\ Deprecations.swift /Users/rioallen/Documents/DropFly-OS-App-Builder/DropFly-PROJECTS/TradeFly-iOS/build/SourcePackages/checkouts/xctest-dynamic-overlay/Sources/XCTestDynamicOverlay/Internal/Deprecations.swift (in target 'XCTestDynamicOverlay' from project 'xctest-dynamic-overlay')
SwiftCompile normal arm64 /Users/rioallen/Documents/DropFly-OS-App-Builder/DropFly-PROJECTS/TradeFly-iOS/build/SourcePackages/checkouts/xctest-dynamic-overlay/Sources/XCTestDynamicOverlay/Internal/Deprecations.swift (in target 'XCTestDynamicOverlay' from project 'xctest-dynamic-overlay')
    cd /Users/rioallen/Documents/DropFly-OS-App-Builder/DropFly-PROJECTS/TradeFly-iOS/TradeFly.xcodeproj
    

RegisterExecutionPolicyException /Users/rioallen/Documents/DropFly-OS-App-Builder/DropFly-PROJECTS/TradeFly-iOS/build/Build/Products/Debug-iphonesimulator/ConcurrencyExtras.o (in target 'ConcurrencyExtras' from project 'swift-concurrency-extras')
    cd /Users/rioallen/Documents/DropFly-OS-App-Builder/DropFly-PROJECTS/TradeFly-iOS/build/SourcePackages/checkouts/swift-concurrency-extras
    builtin-RegisterExecutionPolicyException /Users/rioallen/Documents/DropFly-OS-App-Builder/DropFly-PROJECTS/TradeFly-iOS/build/Build/Products/Debug-iphonesimulator/ConcurrencyExtras.o

SwiftDriverJobDiscovery normal arm64 Compiling Exports.swift (in target 'XCTestDynamicOverlay' from project 'xctest-dynamic-overlay')

RegisterExecutionPolicyException /Users/rioallen/Documents/DropFly-OS-App-Builder/DropFly-PROJECTS/TradeFly-iOS/build/Build/Products/Debug-iphonesimulator/Crypto.o (in target 'Crypto' from project 'swift-crypto')
    cd /Users/rioallen/Documents/DropFly-OS-App-Builder/DropFly-PROJECTS/TradeFly-iOS/build/SourcePackages/checkouts/swift-crypto
    builtin-RegisterExecutionPolicyException /Users/rioallen/Documents/DropFly-OS-App-Builder/DropFly-PROJECTS/TradeFly-iOS/build/Build/Products/Debug-iphonesimulator/Crypto.o

SwiftDriverJobDiscovery normal arm64 Emitting module for XCTestDynamicOverlay (in target 'XCTestDynamicOverlay' from project 'xctest-dynamic-overlay')

SwiftDriver\ Compilation\ Requirements XCTestDynamicOverlay normal arm64 com.apple.xcode.tools.swift.compiler (in target 'XCTestDynamicOverlay' from project 'xctest-dynamic-overlay')
    cd /Users/rioallen/Documents/DropFly-OS-App-Builder/DropFly-PROJECTS/TradeFly-iOS/TradeFly.xcodeproj
    builtin-Swift-Compilation-Requirements -- /Applications/Xcode.app/Contents/Developer/Toolchains/XcodeDefault.xctoolchain/usr/bin/swiftc -module-name XCTestDynamicOverlay -Onone -enforce-exclusivity\=checked @/Users/rioallen/Documents/DropFly-OS-App-Builder/DropFly-PROJECTS/TradeFly-iOS/build/Build/Intermediates.noindex/xctest-dynamic-overlay.build/Debug-iphonesimulator/XCTestDynamicOverlay.build/Objects-normal/arm64/XCTestDynamicOverlay.SwiftFileList -DSWIFT_PACKAGE -DDEBUG -DSWIFT_MODULE_RESOURCE_BUNDLE_UNAVAILABLE -DXcode -plugin-path /Applications/Xcode.app/Contents/Developer/Toolchains/XcodeDefault.xctoolchain/usr/lib/swift/host/plugins/testing -enable-experimental-feature DebugDescriptionMacro -sdk /Applications/Xcode.app/Contents/Developer/Platforms/iPhoneSimulator.platform/Developer/SDKs/iPhoneSimulator26.1.sdk -target arm64-apple-ios13.0-simulator -g -module-cache-path /Users/rioallen/Documents/DropFly-OS-App-Builder/DropFly-PROJECTS/TradeFly-iOS/build/ModuleCache.noindex -Xfrontend -serialize-debugging-options -enable-testing -suppress-warnings -index-store-path /Users/rioallen/Documents/DropFly-OS-App-Builder/DropFly-PROJECTS/TradeFly-iOS/build/Index.noindex/DataStore -Xcc -D_LIBCPP_HARDENING_MODE\=_LIBCPP_HARDENING_MODE_DEBUG -swift-version 6 -I /Users/rioallen/Documents/DropFly-OS-App-Builder/DropFly-PROJECTS/TradeFly-iOS/build/Build/Products/Debug-iphonesimulator -Isystem /Applications/Xcode.app/Contents/Developer/Platforms/iPhoneSimulator.platform/Developer/usr/lib -F /Users/rioallen/Documents/DropFly-OS-App-Builder/DropFly-PROJECTS/TradeFly-iOS/build/Build/Products/Debug-iphonesimulator/PackageFrameworks -F /Users/rioallen/Documents/DropFly-OS-App-Builder/DropFly-PROJECTS/TradeFly-iOS/build/Build/Products/Debug-iphonesimulator/PackageFrameworks -F /Users/rioallen/Documents/DropFly-OS-App-Builder/DropFly-PROJECTS/TradeFly-iOS/build/Build/Products/Debug-iphonesimulator -F /Applications/Xcode.app/Contents/Developer/Platforms/iPhoneSimulator.platform/Developer/Library/Frameworks -F /Applications/Xcode.app/Contents/Developer/Platforms/iPhoneSimulator.platform/Developer/SDKs/iPhoneSimulator26.1.sdk/Developer/Library/Frameworks -c -j16 -enable-batch-mode -incremental -Xcc -ivfsstatcache -Xcc /Users/rioallen/Documents/DropFly-OS-App-Builder/DropFly-PROJECTS/TradeFly-iOS/build/SDKStatCaches.noindex/iphonesimulator26.1-23B77-90cf18a4295e390e64c810bc6bd7acbc.sdkstatcache -output-file-map /Users/rioallen/Documents/DropFly-OS-App-Builder/DropFly-PROJECTS/TradeFly-iOS/build/Build/Intermediates.noindex/xctest-dynamic-overlay.build/Debug-iphonesimulator/XCTestDynamicOverlay.build/Objects-normal/arm64/XCTestDynamicOverlay-OutputFileMap.json -use-frontend-parseable-output -save-temps -no-color-diagnostics -explicit-module-build -module-cache-path /Users/rioallen/Documents/DropFly-OS-App-Builder/DropFly-PROJECTS/TradeFly-iOS/build/Build/Intermediates.noindex/SwiftExplicitPrecompiledModules -clang-scanner-module-cache-path /Users/rioallen/Documents/DropFly-OS-App-Builder/DropFly-PROJECTS/TradeFly-iOS/build/ModuleCache.noindex -sdk-module-cache-path /Users/rioallen/Documents/DropFly-OS-App-Builder/DropFly-PROJECTS/TradeFly-iOS/build/ModuleCache.noindex -serialize-diagnostics -emit-dependencies -emit-module -emit-module-path /Users/rioallen/Documents/DropFly-OS-App-Builder/DropFly-PROJECTS/TradeFly-iOS/build/Build/Intermediates.noindex/xctest-dynamic-overlay.build/Debug-iphonesimulator/XCTestDynamicOverlay.build/Objects-normal/arm64/XCTestDynamicOverlay.swiftmodule -user-module-version 1.7.0 -validate-clang-modules-once -clang-build-session-file /Users/rioallen/Documents/DropFly-OS-App-Builder/DropFly-PROJECTS/TradeFly-iOS/build/ModuleCache.noindex/Session.modulevalidation -package-name xctest_dynamic_overlay -Xcc -I/Users/rioallen/Documents/DropFly-OS-App-Builder/DropFly-PROJECTS/TradeFly-iOS/build/Build/Intermediates.noindex/xctest-dynamic-overlay.build/Debug-iphonesimulator/XCTestDynamicOverlay.build/swift-overrides.hmap -emit-const-values -Xfrontend -const-gather-protocols-file -Xfrontend /Users/rioallen/Documents/DropFly-OS-App-Builder/DropFly-PROJECTS/TradeFly-iOS/build/Build/Intermediates.noindex/xctest-dynamic-overlay.build/Debug-iphonesimulator/XCTestDynamicOverlay.build/Objects-normal/arm64/XCTestDynamicOverlay_const_extract_protocols.json -Xcc -I/Users/rioallen/Documents/DropFly-OS-App-Builder/DropFly-PROJECTS/TradeFly-iOS/build/Build/Products/Debug-iphonesimulator/include -Xcc -I/Users/rioallen/Documents/DropFly-OS-App-Builder/DropFly-PROJECTS/TradeFly-iOS/build/Build/Intermediates.noindex/xctest-dynamic-overlay.build/Debug-iphonesimulator/XCTestDynamicOverlay.build/DerivedSources-normal/arm64 -Xcc -I/Users/rioallen/Documents/DropFly-OS-App-Builder/DropFly-PROJECTS/TradeFly-iOS/build/Build/Intermediates.noindex/xctest-dynamic-overlay.build/Debug-iphonesimulator/XCTestDynamicOverlay.build/DerivedSources/arm64 -Xcc -I/Users/rioallen/Documents/DropFly-OS-App-Builder/DropFly-PROJECTS/TradeFly-iOS/build/Build/Intermediates.noindex/xctest-dynamic-overlay.build/Debug-iphonesimulator/XCTestDynamicOverlay.build/DerivedSources -Xcc -DSWIFT_PACKAGE -Xcc -DDEBUG\=1 -emit-objc-header -emit-objc-header-path /Users/rioallen/Documents/DropFly-OS-App-Builder/DropFly-PROJECTS/TradeFly-iOS/build/Build/Intermediates.noindex/xctest-dynamic-overlay.build/Debug-iphonesimulator/XCTestDynamicOverlay.build/Objects-normal/arm64/XCTestDynamicOverlay-Swift.h -working-directory /Users/rioallen/Documents/DropFly-OS-App-Builder/DropFly-PROJECTS/TradeFly-iOS/TradeFly.xcodeproj -experimental-emit-module-separately -disable-cmo

SwiftMergeGeneratedHeaders /Users/rioallen/Documents/DropFly-OS-App-Builder/DropFly-PROJECTS/TradeFly-iOS/build/Build/Intermediates.noindex/GeneratedModuleMaps-iphonesimulator/XCTestDynamicOverlay-Swift.h /Users/rioallen/Documents/DropFly-OS-App-Builder/DropFly-PROJECTS/TradeFly-iOS/build/Build/Intermediates.noindex/xctest-dynamic-overlay.build/Debug-iphonesimulator/XCTestDynamicOverlay.build/Objects-normal/arm64/XCTestDynamicOverlay-Swift.h (in target 'XCTestDynamicOverlay' from project 'xctest-dynamic-overlay')
    cd /Users/rioallen/Documents/DropFly-OS-App-Builder/DropFly-PROJECTS/TradeFly-iOS/build/SourcePackages/checkouts/xctest-dynamic-overlay
    builtin-swiftHeaderTool -arch arm64 /Users/rioallen/Documents/DropFly-OS-App-Builder/DropFly-PROJECTS/TradeFly-iOS/build/Build/Intermediates.noindex/xctest-dynamic-overlay.build/Debug-iphonesimulator/XCTestDynamicOverlay.build/Objects-normal/arm64/XCTestDynamicOverlay-Swift.h -o /Users/rioallen/Documents/DropFly-OS-App-Builder/DropFly-PROJECTS/TradeFly-iOS/build/Build/Intermediates.noindex/GeneratedModuleMaps-iphonesimulator/XCTestDynamicOverlay-Swift.h

Copy /Users/rioallen/Documents/DropFly-OS-App-Builder/DropFly-PROJECTS/TradeFly-iOS/build/Build/Products/Debug-iphonesimulator/XCTestDynamicOverlay.swiftmodule/arm64-apple-ios-simulator.swiftmodule /Users/rioallen/Documents/DropFly-OS-App-Builder/DropFly-PROJECTS/TradeFly-iOS/build/Build/Intermediates.noindex/xctest-dynamic-overlay.build/Debug-iphonesimulator/XCTestDynamicOverlay.build/Objects-normal/arm64/XCTestDynamicOverlay.swiftmodule (in target 'XCTestDynamicOverlay' from project 'xctest-dynamic-overlay')
    cd /Users/rioallen/Documents/DropFly-OS-App-Builder/DropFly-PROJECTS/TradeFly-iOS/build/SourcePackages/checkouts/xctest-dynamic-overlay
    builtin-copy -exclude .DS_Store -exclude CVS -exclude .svn -exclude .git -exclude .hg -resolve-src-symlinks -rename /Users/rioallen/Documents/DropFly-OS-App-Builder/DropFly-PROJECTS/TradeFly-iOS/build/Build/Intermediates.noindex/xctest-dynamic-overlay.build/Debug-iphonesimulator/XCTestDynamicOverlay.build/Objects-normal/arm64/XCTestDynamicOverlay.swiftmodule /Users/rioallen/Documents/DropFly-OS-App-Builder/DropFly-PROJECTS/TradeFly-iOS/build/Build/Products/Debug-iphonesimulator/XCTestDynamicOverlay.swiftmodule/arm64-apple-ios-simulator.swiftmodule

Copy /Users/rioallen/Documents/DropFly-OS-App-Builder/DropFly-PROJECTS/TradeFly-iOS/build/Build/Products/Debug-iphonesimulator/XCTestDynamicOverlay.swiftmodule/arm64-apple-ios-simulator.abi.json /Users/rioallen/Documents/DropFly-OS-App-Builder/DropFly-PROJECTS/TradeFly-iOS/build/Build/Intermediates.noindex/xctest-dynamic-overlay.build/Debug-iphonesimulator/XCTestDynamicOverlay.build/Objects-normal/arm64/XCTestDynamicOverlay.abi.json (in target 'XCTestDynamicOverlay' from project 'xctest-dynamic-overlay')
    cd /Users/rioallen/Documents/DropFly-OS-App-Builder/DropFly-PROJECTS/TradeFly-iOS/build/SourcePackages/checkouts/xctest-dynamic-overlay
    builtin-copy -exclude .DS_Store -exclude CVS -exclude .svn -exclude .git -exclude .hg -resolve-src-symlinks -rename /Users/rioallen/Documents/DropFly-OS-App-Builder/DropFly-PROJECTS/TradeFly-iOS/build/Build/Intermediates.noindex/xctest-dynamic-overlay.build/Debug-iphonesimulator/XCTestDynamicOverlay.build/Objects-normal/arm64/XCTestDynamicOverlay.abi.json /Users/rioallen/Documents/DropFly-OS-App-Builder/DropFly-PROJECTS/TradeFly-iOS/build/Build/Products/Debug-iphonesimulator/XCTestDynamicOverlay.swiftmodule/arm64-apple-ios-simulator.abi.json

Copy /Users/rioallen/Documents/DropFly-OS-App-Builder/DropFly-PROJECTS/TradeFly-iOS/build/Build/Products/Debug-iphonesimulator/XCTestDynamicOverlay.swiftmodule/arm64-apple-ios-simulator.swiftdoc /Users/rioallen/Documents/DropFly-OS-App-Builder/DropFly-PROJECTS/TradeFly-iOS/build/Build/Intermediates.noindex/xctest-dynamic-overlay.build/Debug-iphonesimulator/XCTestDynamicOverlay.build/Objects-normal/arm64/XCTestDynamicOverlay.swiftdoc (in target 'XCTestDynamicOverlay' from project 'xctest-dynamic-overlay')
    cd /Users/rioallen/Documents/DropFly-OS-App-Builder/DropFly-PROJECTS/TradeFly-iOS/build/SourcePackages/checkouts/xctest-dynamic-overlay
    builtin-copy -exclude .DS_Store -exclude CVS -exclude .svn -exclude .git -exclude .hg -resolve-src-symlinks -rename /Users/rioallen/Documents/DropFly-OS-App-Builder/DropFly-PROJECTS/TradeFly-iOS/build/Build/Intermediates.noindex/xctest-dynamic-overlay.build/Debug-iphonesimulator/XCTestDynamicOverlay.build/Objects-normal/arm64/XCTestDynamicOverlay.swiftdoc /Users/rioallen/Documents/DropFly-OS-App-Builder/DropFly-PROJECTS/TradeFly-iOS/build/Build/Products/Debug-iphonesimulator/XCTestDynamicOverlay.swiftmodule/arm64-apple-ios-simulator.swiftdoc

Copy /Users/rioallen/Documents/DropFly-OS-App-Builder/DropFly-PROJECTS/TradeFly-iOS/build/Build/Products/Debug-iphonesimulator/XCTestDynamicOverlay.swiftmodule/Project/arm64-apple-ios-simulator.swiftsourceinfo /Users/rioallen/Documents/DropFly-OS-App-Builder/DropFly-PROJECTS/TradeFly-iOS/build/Build/Intermediates.noindex/xctest-dynamic-overlay.build/Debug-iphonesimulator/XCTestDynamicOverlay.build/Objects-normal/arm64/XCTestDynamicOverlay.swiftsourceinfo (in target 'XCTestDynamicOverlay' from project 'xctest-dynamic-overlay')
    cd /Users/rioallen/Documents/DropFly-OS-App-Builder/DropFly-PROJECTS/TradeFly-iOS/build/SourcePackages/checkouts/xctest-dynamic-overlay
    builtin-copy -exclude .DS_Store -exclude CVS -exclude .svn -exclude .git -exclude .hg -resolve-src-symlinks -rename /Users/rioallen/Documents/DropFly-OS-App-Builder/DropFly-PROJECTS/TradeFly-iOS/build/Build/Intermediates.noindex/xctest-dynamic-overlay.build/Debug-iphonesimulator/XCTestDynamicOverlay.build/Objects-normal/arm64/XCTestDynamicOverlay.swiftsourceinfo /Users/rioallen/Documents/DropFly-OS-App-Builder/DropFly-PROJECTS/TradeFly-iOS/build/Build/Products/Debug-iphonesimulator/XCTestDynamicOverlay.swiftmodule/Project/arm64-apple-ios-simulator.swiftsourceinfo

SwiftExplicitDependencyGeneratePcm arm64 /Users/rioallen/Documents/DropFly-OS-App-Builder/DropFly-PROJECTS/TradeFly-iOS/build/ModuleCache.noindex/_Builtin_intrinsics-9DKNCSIP363IK018TVTJUB3TB.pcm

SwiftExplicitDependencyGeneratePcm arm64 /Users/rioallen/Documents/DropFly-OS-App-Builder/DropFly-PROJECTS/TradeFly-iOS/build/ModuleCache.noindex/UIUtilities-9FTOG5S1RYDCXCC1LHSO6Z9TO.pcm

SwiftExplicitDependencyGeneratePcm arm64 /Users/rioallen/Documents/DropFly-OS-App-Builder/DropFly-PROJECTS/TradeFly-iOS/build/ModuleCache.noindex/OSLog-7EITK6XSHAB2SLD8XFEDFOVTV.pcm

SwiftExplicitDependencyGeneratePcm arm64 /Users/rioallen/Documents/DropFly-OS-App-Builder/DropFly-PROJECTS/TradeFly-iOS/build/ModuleCache.noindex/Symbols-2U04ASAAP8ZG3KE1DLPYD0V38.pcm

SwiftExplicitDependencyGeneratePcm arm64 /Users/rioallen/Documents/DropFly-OS-App-Builder/DropFly-PROJECTS/TradeFly-iOS/build/ModuleCache.noindex/UniformTypeIdentifiers-AAU562V9IGZLZPQPZYBBNA7GR.pcm

SwiftExplicitDependencyGeneratePcm arm64 /Users/rioallen/Documents/DropFly-OS-App-Builder/DropFly-PROJECTS/TradeFly-iOS/build/ModuleCache.noindex/OpenGLES-9BL49BET3PQVN49DBF42PS15F.pcm

SwiftExplicitDependencyGeneratePcm arm64 /Users/rioallen/Documents/DropFly-OS-App-Builder/DropFly-PROJECTS/TradeFly-iOS/build/ModuleCache.noindex/_Builtin_tgmath-3CPNB8D0GXRB3JA7BPBWLTRQX.pcm

SwiftExplicitDependencyGeneratePcm arm64 /Users/rioallen/Documents/DropFly-OS-App-Builder/DropFly-PROJECTS/TradeFly-iOS/build/ModuleCache.noindex/IOSurface-1O2DL0HKAKJF1RZM5EYURYLVG.pcm

SwiftExplicitDependencyGeneratePcm arm64 /Users/rioallen/Documents/DropFly-OS-App-Builder/DropFly-PROJECTS/TradeFly-iOS/build/ModuleCache.noindex/UserNotifications-CNAQSMOOGC3AROVSB83C9UGUJ.pcm

SwiftExplicitDependencyGeneratePcm arm64 /Users/rioallen/Documents/DropFly-OS-App-Builder/DropFly-PROJECTS/TradeFly-iOS/build/ModuleCache.noindex/CoreData-5F7YB9UTRYAEIYC7ERA3GRA0R.pcm

SwiftExplicitDependencyGeneratePcm arm64 /Users/rioallen/Documents/DropFly-OS-App-Builder/DropFly-PROJECTS/TradeFly-iOS/build/ModuleCache.noindex/CoreGraphics-753LGAGYV8U9ZX5JP0TVX0NPP.pcm

SwiftExplicitDependencyGeneratePcm arm64 /Users/rioallen/Documents/DropFly-OS-App-Builder/DropFly-PROJECTS/TradeFly-iOS/build/ModuleCache.noindex/CoreTransferable-F1LOJBLJH02537SYDJB1NU7JW.pcm

SwiftExplicitDependencyGeneratePcm arm64 /Users/rioallen/Documents/DropFly-OS-App-Builder/DropFly-PROJECTS/TradeFly-iOS/build/ModuleCache.noindex/DataDetection-9TH751HCTA2QF6CFHEHQRLN3U.pcm

SwiftExplicitDependencyGeneratePcm arm64 /Users/rioallen/Documents/DropFly-OS-App-Builder/DropFly-PROJECTS/TradeFly-iOS/build/ModuleCache.noindex/DeveloperToolsSupport-B24GEPLBSGPH6CPEWET59F9W0.pcm

SwiftExplicitDependencyGeneratePcm arm64 /Users/rioallen/Documents/DropFly-OS-App-Builder/DropFly-PROJECTS/TradeFly-iOS/build/ModuleCache.noindex/Metal-B38N8EHD1EDWOEYBQE1PHE4XW.pcm

SwiftExplicitDependencyGeneratePcm arm64 /Users/rioallen/Documents/DropFly-OS-App-Builder/DropFly-PROJECTS/TradeFly-iOS/build/ModuleCache.noindex/ImageIO-97YFPGONNA8TM66R5N5ZNBB9.pcm

SwiftExplicitDependencyGeneratePcm arm64 /Users/rioallen/Documents/DropFly-OS-App-Builder/DropFly-PROJECTS/TradeFly-iOS/build/ModuleCache.noindex/Accessibility-4W851ID1U2WSXVGG1W8O8BZPB.pcm

SwiftExplicitDependencyGeneratePcm arm64 /Users/rioallen/Documents/DropFly-OS-App-Builder/DropFly-PROJECTS/TradeFly-iOS/build/ModuleCache.noindex/FileProvider-QB2U75PNXKHTU5X7JVYMKVP5.pcm

SwiftExplicitDependencyGeneratePcm arm64 /Users/rioallen/Documents/DropFly-OS-App-Builder/DropFly-PROJECTS/TradeFly-iOS/build/ModuleCache.noindex/CoreText-6YVJV6XZVB0SAD001KY8IFNKO.pcm

SwiftDriverJobDiscovery normal arm64 Compiling Deprecations.swift (in target 'XCTestDynamicOverlay' from project 'xctest-dynamic-overlay')

SwiftDriver\ Compilation XCTestDynamicOverlay normal arm64 com.apple.xcode.tools.swift.compiler (in target 'XCTestDynamicOverlay' from project 'xctest-dynamic-overlay')
    cd /Users/rioallen/Documents/DropFly-OS-App-Builder/DropFly-PROJECTS/TradeFly-iOS/TradeFly.xcodeproj
    builtin-Swift-Compilation -- /Applications/Xcode.app/Contents/Developer/Toolchains/XcodeDefault.xctoolchain/usr/bin/swiftc -module-name XCTestDynamicOverlay -Onone -enforce-exclusivity\=checked @/Users/rioallen/Documents/DropFly-OS-App-Builder/DropFly-PROJECTS/TradeFly-iOS/build/Build/Intermediates.noindex/xctest-dynamic-overlay.build/Debug-iphonesimulator/XCTestDynamicOverlay.build/Objects-normal/arm64/XCTestDynamicOverlay.SwiftFileList -DSWIFT_PACKAGE -DDEBUG -DSWIFT_MODULE_RESOURCE_BUNDLE_UNAVAILABLE -DXcode -plugin-path /Applications/Xcode.app/Contents/Developer/Toolchains/XcodeDefault.xctoolchain/usr/lib/swift/host/plugins/testing -enable-experimental-feature DebugDescriptionMacro -sdk /Applications/Xcode.app/Contents/Developer/Platforms/iPhoneSimulator.platform/Developer/SDKs/iPhoneSimulator26.1.sdk -target arm64-apple-ios13.0-simulator -g -module-cache-path /Users/rioallen/Documents/DropFly-OS-App-Builder/DropFly-PROJECTS/TradeFly-iOS/build/ModuleCache.noindex -Xfrontend -serialize-debugging-options -enable-testing -suppress-warnings -index-store-path /Users/rioallen/Documents/DropFly-OS-App-Builder/DropFly-PROJECTS/TradeFly-iOS/build/Index.noindex/DataStore -Xcc -D_LIBCPP_HARDENING_MODE\=_LIBCPP_HARDENING_MODE_DEBUG -swift-version 6 -I /Users/rioallen/Documents/DropFly-OS-App-Builder/DropFly-PROJECTS/TradeFly-iOS/build/Build/Products/Debug-iphonesimulator -Isystem /Applications/Xcode.app/Contents/Developer/Platforms/iPhoneSimulator.platform/Developer/usr/lib -F /Users/rioallen/Documents/DropFly-OS-App-Builder/DropFly-PROJECTS/TradeFly-iOS/build/Build/Products/Debug-iphonesimulator/PackageFrameworks -F /Users/rioallen/Documents/DropFly-OS-App-Builder/DropFly-PROJECTS/TradeFly-iOS/build/Build/Products/Debug-iphonesimulator/PackageFrameworks -F /Users/rioallen/Documents/DropFly-OS-App-Builder/DropFly-PROJECTS/TradeFly-iOS/build/Build/Products/Debug-iphonesimulator -F /Applications/Xcode.app/Contents/Developer/Platforms/iPhoneSimulator.platform/Developer/Library/Frameworks -F /Applications/Xcode.app/Contents/Developer/Platforms/iPhoneSimulator.platform/Developer/SDKs/iPhoneSimulator26.1.sdk/Developer/Library/Frameworks -c -j16 -enable-batch-mode -incremental -Xcc -ivfsstatcache -Xcc /Users/rioallen/Documents/DropFly-OS-App-Builder/DropFly-PROJECTS/TradeFly-iOS/build/SDKStatCaches.noindex/iphonesimulator26.1-23B77-90cf18a4295e390e64c810bc6bd7acbc.sdkstatcache -output-file-map /Users/rioallen/Documents/DropFly-OS-App-Builder/DropFly-PROJECTS/TradeFly-iOS/build/Build/Intermediates.noindex/xctest-dynamic-overlay.build/Debug-iphonesimulator/XCTestDynamicOverlay.build/Objects-normal/arm64/XCTestDynamicOverlay-OutputFileMap.json -use-frontend-parseable-output -save-temps -no-color-diagnostics -explicit-module-build -module-cache-path /Users/rioallen/Documents/DropFly-OS-App-Builder/DropFly-PROJECTS/TradeFly-iOS/build/Build/Intermediates.noindex/SwiftExplicitPrecompiledModules -clang-scanner-module-cache-path /Users/rioallen/Documents/DropFly-OS-App-Builder/DropFly-PROJECTS/TradeFly-iOS/build/ModuleCache.noindex -sdk-module-cache-path /Users/rioallen/Documents/DropFly-OS-App-Builder/DropFly-PROJECTS/TradeFly-iOS/build/ModuleCache.noindex -serialize-diagnostics -emit-dependencies -emit-module -emit-module-path /Users/rioallen/Documents/DropFly-OS-App-Builder/DropFly-PROJECTS/TradeFly-iOS/build/Build/Intermediates.noindex/xctest-dynamic-overlay.build/Debug-iphonesimulator/XCTestDynamicOverlay.build/Objects-normal/arm64/XCTestDynamicOverlay.swiftmodule -user-module-version 1.7.0 -validate-clang-modules-once -clang-build-session-file /Users/rioallen/Documents/DropFly-OS-App-Builder/DropFly-PROJECTS/TradeFly-iOS/build/ModuleCache.noindex/Session.modulevalidation -package-name xctest_dynamic_overlay -Xcc -I/Users/rioallen/Documents/DropFly-OS-App-Builder/DropFly-PROJECTS/TradeFly-iOS/build/Build/Intermediates.noindex/xctest-dynamic-overlay.build/Debug-iphonesimulator/XCTestDynamicOverlay.build/swift-overrides.hmap -emit-const-values -Xfrontend -const-gather-protocols-file -Xfrontend /Users/rioallen/Documents/DropFly-OS-App-Builder/DropFly-PROJECTS/TradeFly-iOS/build/Build/Intermediates.noindex/xctest-dynamic-overlay.build/Debug-iphonesimulator/XCTestDynamicOverlay.build/Objects-normal/arm64/XCTestDynamicOverlay_const_extract_protocols.json -Xcc -I/Users/rioallen/Documents/DropFly-OS-App-Builder/DropFly-PROJECTS/TradeFly-iOS/build/Build/Products/Debug-iphonesimulator/include -Xcc -I/Users/rioallen/Documents/DropFly-OS-App-Builder/DropFly-PROJECTS/TradeFly-iOS/build/Build/Intermediates.noindex/xctest-dynamic-overlay.build/Debug-iphonesimulator/XCTestDynamicOverlay.build/DerivedSources-normal/arm64 -Xcc -I/Users/rioallen/Documents/DropFly-OS-App-Builder/DropFly-PROJECTS/TradeFly-iOS/build/Build/Intermediates.noindex/xctest-dynamic-overlay.build/Debug-iphonesimulator/XCTestDynamicOverlay.build/DerivedSources/arm64 -Xcc -I/Users/rioallen/Documents/DropFly-OS-App-Builder/DropFly-PROJECTS/TradeFly-iOS/build/Build/Intermediates.noindex/xctest-dynamic-overlay.build/Debug-iphonesimulator/XCTestDynamicOverlay.build/DerivedSources -Xcc -DSWIFT_PACKAGE -Xcc -DDEBUG\=1 -emit-objc-header -emit-objc-header-path /Users/rioallen/Documents/DropFly-OS-App-Builder/DropFly-PROJECTS/TradeFly-iOS/build/Build/Intermediates.noindex/xctest-dynamic-overlay.build/Debug-iphonesimulator/XCTestDynamicOverlay.build/Objects-normal/arm64/XCTestDynamicOverlay-Swift.h -working-directory /Users/rioallen/Documents/DropFly-OS-App-Builder/DropFly-PROJECTS/TradeFly-iOS/TradeFly.xcodeproj -experimental-emit-module-separately -disable-cmo

Ld /Users/rioallen/Documents/DropFly-OS-App-Builder/DropFly-PROJECTS/TradeFly-iOS/build/Build/Products/Debug-iphonesimulator/XCTestDynamicOverlay.o normal (in target 'XCTestDynamicOverlay' from project 'xctest-dynamic-overlay')
    cd /Users/rioallen/Documents/DropFly-OS-App-Builder/DropFly-PROJECTS/TradeFly-iOS/build/SourcePackages/checkouts/xctest-dynamic-overlay
    /Applications/Xcode.app/Contents/Developer/Toolchains/XcodeDefault.xctoolchain/usr/bin/clang -Xlinker -reproducible -target arm64-apple-ios13.0-simulator -r -isysroot /Applications/Xcode.app/Contents/Developer/Platforms/iPhoneSimulator.platform/Developer/SDKs/iPhoneSimulator26.1.sdk -O0 -w -L/Users/rioallen/Documents/DropFly-OS-App-Builder/DropFly-PROJECTS/TradeFly-iOS/build/Build/Intermediates.noindex/EagerLinkingTBDs/Debug-iphonesimulator -L/Users/rioallen/Documents/DropFly-OS-App-Builder/DropFly-PROJECTS/TradeFly-iOS/build/Build/Products/Debug-iphonesimulator -L/Applications/Xcode.app/Contents/Developer/Platforms/iPhoneSimulator.platform/Developer/usr/lib -F/Users/rioallen/Documents/DropFly-OS-App-Builder/DropFly-PROJECTS/TradeFly-iOS/build/Build/Intermediates.noindex/EagerLinkingTBDs/Debug-iphonesimulator -F/Users/rioallen/Documents/DropFly-OS-App-Builder/DropFly-PROJECTS/TradeFly-iOS/build/Build/Products/Debug-iphonesimulator/PackageFrameworks -F/Users/rioallen/Documents/DropFly-OS-App-Builder/DropFly-PROJECTS/TradeFly-iOS/build/Build/Products/Debug-iphonesimulator/PackageFrameworks -F/Users/rioallen/Documents/DropFly-OS-App-Builder/DropFly-PROJECTS/TradeFly-iOS/build/Build/Products/Debug-iphonesimulator -iframework /Applications/Xcode.app/Contents/Developer/Platforms/iPhoneSimulator.platform/Developer/Library/Frameworks -iframework /Applications/Xcode.app/Contents/Developer/Platforms/iPhoneSimulator.platform/Developer/SDKs/iPhoneSimulator26.1.sdk/Developer/Library/Frameworks -filelist /Users/rioallen/Documents/DropFly-OS-App-Builder/DropFly-PROJECTS/TradeFly-iOS/build/Build/Intermediates.noindex/xctest-dynamic-overlay.build/Debug-iphonesimulator/XCTestDynamicOverlay.build/Objects-normal/arm64/XCTestDynamicOverlay.LinkFileList -nostdlib -Xlinker -object_path_lto -Xlinker /Users/rioallen/Documents/DropFly-OS-App-Builder/DropFly-PROJECTS/TradeFly-iOS/build/Build/Intermediates.noindex/xctest-dynamic-overlay.build/Debug-iphonesimulator/XCTestDynamicOverlay.build/Objects-normal/arm64/XCTestDynamicOverlay_lto.o -rdynamic -Xlinker -no_deduplicate -Xlinker -objc_abi_version -Xlinker 2 -Xlinker -dependency_info -Xlinker /Users/rioallen/Documents/DropFly-OS-App-Builder/DropFly-PROJECTS/TradeFly-iOS/build/Build/Intermediates.noindex/xctest-dynamic-overlay.build/Debug-iphonesimulator/XCTestDynamicOverlay.build/Objects-normal/arm64/XCTestDynamicOverlay_dependency_info.dat -fobjc-link-runtime -L/Applications/Xcode.app/Contents/Developer/Toolchains/XcodeDefault.xctoolchain/usr/lib/swift/iphonesimulator -L/usr/lib/swift -Xlinker -add_ast_path -Xlinker /Users/rioallen/Documents/DropFly-OS-App-Builder/DropFly-PROJECTS/TradeFly-iOS/build/Build/Intermediates.noindex/xctest-dynamic-overlay.build/Debug-iphonesimulator/XCTestDynamicOverlay.build/Objects-normal/arm64/XCTestDynamicOverlay.swiftmodule @/Users/rioallen/Documents/DropFly-OS-App-Builder/DropFly-PROJECTS/TradeFly-iOS/build/Build/Intermediates.noindex/xctest-dynamic-overlay.build/Debug-iphonesimulator/XCTestDynamicOverlay.build/Objects-normal/arm64/XCTestDynamicOverlay-linker-args.resp -o /Users/rioallen/Documents/DropFly-OS-App-Builder/DropFly-PROJECTS/TradeFly-iOS/build/Build/Products/Debug-iphonesimulator/XCTestDynamicOverlay.o

ExtractAppIntentsMetadata (in target 'XCTestDynamicOverlay' from project 'xctest-dynamic-overlay')
    cd /Users/rioallen/Documents/DropFly-OS-App-Builder/DropFly-PROJECTS/TradeFly-iOS/build/SourcePackages/checkouts/xctest-dynamic-overlay
    /Applications/Xcode.app/Contents/Developer/Toolchains/XcodeDefault.xctoolchain/usr/bin/appintentsmetadataprocessor --toolchain-dir /Applications/Xcode.app/Contents/Developer/Toolchains/XcodeDefault.xctoolchain --module-name XCTestDynamicOverlay --sdk-root /Applications/Xcode.app/Contents/Developer/Platforms/iPhoneSimulator.platform/Developer/SDKs/iPhoneSimulator26.1.sdk --xcode-version 17B100 --platform-family iOS --deployment-target 13.0 --bundle-identifier xctest-dynamic-overlay.XCTestDynamicOverlay --output /Users/rioallen/Documents/DropFly-OS-App-Builder/DropFly-PROJECTS/TradeFly-iOS/build/Build/Products/Debug-iphonesimulator/XCTestDynamicOverlay.appintents --target-triple arm64-apple-ios13.0-simulator --binary-file /Users/rioallen/Documents/DropFly-OS-App-Builder/DropFly-PROJECTS/TradeFly-iOS/build/Build/Products/Debug-iphonesimulator/XCTestDynamicOverlay.o --dependency-file /Users/rioallen/Documents/DropFly-OS-App-Builder/DropFly-PROJECTS/TradeFly-iOS/build/Build/Intermediates.noindex/xctest-dynamic-overlay.build/Debug-iphonesimulator/XCTestDynamicOverlay.build/Objects-normal/arm64/XCTestDynamicOverlay_dependency_info.dat --stringsdata-file /Users/rioallen/Documents/DropFly-OS-App-Builder/DropFly-PROJECTS/TradeFly-iOS/build/Build/Intermediates.noindex/xctest-dynamic-overlay.build/Debug-iphonesimulator/XCTestDynamicOverlay.build/Objects-normal/arm64/ExtractedAppShortcutsMetadata.stringsdata --source-file-list /Users/rioallen/Documents/DropFly-OS-App-Builder/DropFly-PROJECTS/TradeFly-iOS/build/Build/Intermediates.noindex/xctest-dynamic-overlay.build/Debug-iphonesimulator/XCTestDynamicOverlay.build/Objects-normal/arm64/XCTestDynamicOverlay.SwiftFileList --metadata-file-list /Users/rioallen/Documents/DropFly-OS-App-Builder/DropFly-PROJECTS/TradeFly-iOS/build/Build/Intermediates.noindex/xctest-dynamic-overlay.build/Debug-iphonesimulator/XCTestDynamicOverlay.build/XCTestDynamicOverlay.DependencyMetadataFileList --static-metadata-file-list /Users/rioallen/Documents/DropFly-OS-App-Builder/DropFly-PROJECTS/TradeFly-iOS/build/Build/Intermediates.noindex/xctest-dynamic-overlay.build/Debug-iphonesimulator/XCTestDynamicOverlay.build/XCTestDynamicOverlay.DependencyStaticMetadataFileList --swift-const-vals-list /Users/rioallen/Documents/DropFly-OS-App-Builder/DropFly-PROJECTS/TradeFly-iOS/build/Build/Intermediates.noindex/xctest-dynamic-overlay.build/Debug-iphonesimulator/XCTestDynamicOverlay.build/Objects-normal/arm64/XCTestDynamicOverlay.SwiftConstValuesFileList --force --compile-time-extraction --deployment-aware-processing --validate-assistant-intents --no-app-shortcuts-localization
2025-11-26 19:16:05.892 appintentsmetadataprocessor[32523:5263423] Starting appintentsmetadataprocessor export
2025-11-26 19:16:05.998 appintentsmetadataprocessor[32523:5263423] Extracted no relevant App Intents symbols, skipping writing output

SwiftExplicitDependencyGeneratePcm arm64 /Users/rioallen/Documents/DropFly-OS-App-Builder/DropFly-PROJECTS/TradeFly-iOS/build/ModuleCache.noindex/simd-9HKENWP0ANX1S6YDX7L2LLBJH.pcm

SwiftExplicitDependencyGeneratePcm arm64 /Users/rioallen/Documents/DropFly-OS-App-Builder/DropFly-PROJECTS/TradeFly-iOS/build/ModuleCache.noindex/CoreVideo-72FC779WHF0MBER7GPOZBR9L6.pcm

SwiftExplicitDependencyGeneratePcm arm64 /Users/rioallen/Documents/DropFly-OS-App-Builder/DropFly-PROJECTS/TradeFly-iOS/build/ModuleCache.noindex/CoreImage-EE11414LPVDWI81WPAD0SJW5J.pcm

SwiftExplicitDependencyGeneratePcm arm64 /Users/rioallen/Documents/DropFly-OS-App-Builder/DropFly-PROJECTS/TradeFly-iOS/build/ModuleCache.noindex/QuartzCore-EQTHMVXGKPS715KAMYWYZZQZR.pcm

RegisterExecutionPolicyException /Users/rioallen/Documents/DropFly-OS-App-Builder/DropFly-PROJECTS/TradeFly-iOS/build/Build/Products/Debug-iphonesimulator/XCTestDynamicOverlay.o (in target 'XCTestDynamicOverlay' from project 'xctest-dynamic-overlay')
    cd /Users/rioallen/Documents/DropFly-OS-App-Builder/DropFly-PROJECTS/TradeFly-iOS/build/SourcePackages/checkouts/xctest-dynamic-overlay
    builtin-RegisterExecutionPolicyException /Users/rioallen/Documents/DropFly-OS-App-Builder/DropFly-PROJECTS/TradeFly-iOS/build/Build/Products/Debug-iphonesimulator/XCTestDynamicOverlay.o

SwiftExplicitDependencyGeneratePcm arm64 /Users/rioallen/Documents/DropFly-OS-App-Builder/DropFly-PROJECTS/TradeFly-iOS/build/ModuleCache.noindex/SwiftUICore-AS9RIHL467UBOYRXXCPD8YY9D.pcm

SwiftExplicitDependencyGeneratePcm arm64 /Users/rioallen/Documents/DropFly-OS-App-Builder/DropFly-PROJECTS/TradeFly-iOS/build/ModuleCache.noindex/UIKit-61U61GEKKQJXTH7HW3NLF9IDL.pcm

SwiftExplicitDependencyGeneratePcm arm64 /Users/rioallen/Documents/DropFly-OS-App-Builder/DropFly-PROJECTS/TradeFly-iOS/build/ModuleCache.noindex/Spatial-B7NBM4F9ILJFKDRNU3F3YATAC.pcm

SwiftExplicitDependencyGeneratePcm arm64 /Users/rioallen/Documents/DropFly-OS-App-Builder/DropFly-PROJECTS/TradeFly-iOS/build/ModuleCache.noindex/SwiftUI-3M7WGCMQKN7FBXME5ZZGWEXIZ.pcm

SwiftCompile normal arm64 Compiling\ SwiftUI.swift /Users/rioallen/Documents/DropFly-OS-App-Builder/DropFly-PROJECTS/TradeFly-iOS/build/SourcePackages/checkouts/swift-clocks/Sources/Clocks/SwiftUI.swift (in target 'Clocks' from project 'swift-clocks')

SwiftCompile normal arm64 /Users/rioallen/Documents/DropFly-OS-App-Builder/DropFly-PROJECTS/TradeFly-iOS/build/SourcePackages/checkouts/swift-clocks/Sources/Clocks/SwiftUI.swift (in target 'Clocks' from project 'swift-clocks')
    cd /Users/rioallen/Documents/DropFly-OS-App-Builder/DropFly-PROJECTS/TradeFly-iOS/TradeFly.xcodeproj
    

SwiftEmitModule normal arm64 Emitting\ module\ for\ Clocks (in target 'Clocks' from project 'swift-clocks')

EmitSwiftModule normal arm64 (in target 'Clocks' from project 'swift-clocks')
    cd /Users/rioallen/Documents/DropFly-OS-App-Builder/DropFly-PROJECTS/TradeFly-iOS/TradeFly.xcodeproj
    

SwiftCompile normal arm64 Compiling\ Timer.swift /Users/rioallen/Documents/DropFly-OS-App-Builder/DropFly-PROJECTS/TradeFly-iOS/build/SourcePackages/checkouts/swift-clocks/Sources/Clocks/Timer.swift (in target 'Clocks' from project 'swift-clocks')

SwiftCompile normal arm64 /Users/rioallen/Documents/DropFly-OS-App-Builder/DropFly-PROJECTS/TradeFly-iOS/build/SourcePackages/checkouts/swift-clocks/Sources/Clocks/Timer.swift (in target 'Clocks' from project 'swift-clocks')
    cd /Users/rioallen/Documents/DropFly-OS-App-Builder/DropFly-PROJECTS/TradeFly-iOS/TradeFly.xcodeproj
    

SwiftCompile normal arm64 Compiling\ TestClock.swift /Users/rioallen/Documents/DropFly-OS-App-Builder/DropFly-PROJECTS/TradeFly-iOS/build/SourcePackages/checkouts/swift-clocks/Sources/Clocks/TestClock.swift (in target 'Clocks' from project 'swift-clocks')

SwiftCompile normal arm64 /Users/rioallen/Documents/DropFly-OS-App-Builder/DropFly-PROJECTS/TradeFly-iOS/build/SourcePackages/checkouts/swift-clocks/Sources/Clocks/TestClock.swift (in target 'Clocks' from project 'swift-clocks')
    cd /Users/rioallen/Documents/DropFly-OS-App-Builder/DropFly-PROJECTS/TradeFly-iOS/TradeFly.xcodeproj
    

SwiftCompile normal arm64 Compiling\ AnyClock.swift /Users/rioallen/Documents/DropFly-OS-App-Builder/DropFly-PROJECTS/TradeFly-iOS/build/SourcePackages/checkouts/swift-clocks/Sources/Clocks/AnyClock.swift (in target 'Clocks' from project 'swift-clocks')

SwiftCompile normal arm64 /Users/rioallen/Documents/DropFly-OS-App-Builder/DropFly-PROJECTS/TradeFly-iOS/build/SourcePackages/checkouts/swift-clocks/Sources/Clocks/AnyClock.swift (in target 'Clocks' from project 'swift-clocks')
    cd /Users/rioallen/Documents/DropFly-OS-App-Builder/DropFly-PROJECTS/TradeFly-iOS/TradeFly.xcodeproj
    

SwiftCompile normal arm64 Compiling\ Lock.swift /Users/rioallen/Documents/DropFly-OS-App-Builder/DropFly-PROJECTS/TradeFly-iOS/build/SourcePackages/checkouts/swift-clocks/Sources/Clocks/Internal/Lock.swift (in target 'Clocks' from project 'swift-clocks')

SwiftCompile normal arm64 /Users/rioallen/Documents/DropFly-OS-App-Builder/DropFly-PROJECTS/TradeFly-iOS/build/SourcePackages/checkouts/swift-clocks/Sources/Clocks/Internal/Lock.swift (in target 'Clocks' from project 'swift-clocks')
    cd /Users/rioallen/Documents/DropFly-OS-App-Builder/DropFly-PROJECTS/TradeFly-iOS/TradeFly.xcodeproj
    

SwiftCompile normal arm64 Compiling\ UnimplementedClock.swift /Users/rioallen/Documents/DropFly-OS-App-Builder/DropFly-PROJECTS/TradeFly-iOS/build/SourcePackages/checkouts/swift-clocks/Sources/Clocks/UnimplementedClock.swift (in target 'Clocks' from project 'swift-clocks')

SwiftCompile normal arm64 /Users/rioallen/Documents/DropFly-OS-App-Builder/DropFly-PROJECTS/TradeFly-iOS/build/SourcePackages/checkouts/swift-clocks/Sources/Clocks/UnimplementedClock.swift (in target 'Clocks' from project 'swift-clocks')
    cd /Users/rioallen/Documents/DropFly-OS-App-Builder/DropFly-PROJECTS/TradeFly-iOS/TradeFly.xcodeproj
    

SwiftCompile normal arm64 Compiling\ _AsyncTimerSequence.swift /Users/rioallen/Documents/DropFly-OS-App-Builder/DropFly-PROJECTS/TradeFly-iOS/build/SourcePackages/checkouts/swift-clocks/Sources/Clocks/Internal/_AsyncTimerSequence.swift (in target 'Clocks' from project 'swift-clocks')

SwiftCompile normal arm64 /Users/rioallen/Documents/DropFly-OS-App-Builder/DropFly-PROJECTS/TradeFly-iOS/build/SourcePackages/checkouts/swift-clocks/Sources/Clocks/Internal/_AsyncTimerSequence.swift (in target 'Clocks' from project 'swift-clocks')
    cd /Users/rioallen/Documents/DropFly-OS-App-Builder/DropFly-PROJECTS/TradeFly-iOS/TradeFly.xcodeproj
    

SwiftCompile normal arm64 Compiling\ ImmediateClock.swift /Users/rioallen/Documents/DropFly-OS-App-Builder/DropFly-PROJECTS/TradeFly-iOS/build/SourcePackages/checkouts/swift-clocks/Sources/Clocks/ImmediateClock.swift (in target 'Clocks' from project 'swift-clocks')

SwiftCompile normal arm64 /Users/rioallen/Documents/DropFly-OS-App-Builder/DropFly-PROJECTS/TradeFly-iOS/build/SourcePackages/checkouts/swift-clocks/Sources/Clocks/ImmediateClock.swift (in target 'Clocks' from project 'swift-clocks')
    cd /Users/rioallen/Documents/DropFly-OS-App-Builder/DropFly-PROJECTS/TradeFly-iOS/TradeFly.xcodeproj
    

SwiftDriverJobDiscovery normal arm64 Compiling Timer.swift (in target 'Clocks' from project 'swift-clocks')

SwiftDriverJobDiscovery normal arm64 Compiling Lock.swift (in target 'Clocks' from project 'swift-clocks')

SwiftDriverJobDiscovery normal arm64 Emitting module for Clocks (in target 'Clocks' from project 'swift-clocks')

SwiftDriver\ Compilation\ Requirements Clocks normal arm64 com.apple.xcode.tools.swift.compiler (in target 'Clocks' from project 'swift-clocks')
    cd /Users/rioallen/Documents/DropFly-OS-App-Builder/DropFly-PROJECTS/TradeFly-iOS/TradeFly.xcodeproj
    builtin-Swift-Compilation-Requirements -- /Applications/Xcode.app/Contents/Developer/Toolchains/XcodeDefault.xctoolchain/usr/bin/swiftc -module-name Clocks -Onone -enforce-exclusivity\=checked @/Users/rioallen/Documents/DropFly-OS-App-Builder/DropFly-PROJECTS/TradeFly-iOS/build/Build/Intermediates.noindex/swift-clocks.build/Debug-iphonesimulator/Clocks.build/Objects-normal/arm64/Clocks.SwiftFileList -DSWIFT_PACKAGE -DDEBUG -DSWIFT_MODULE_RESOURCE_BUNDLE_UNAVAILABLE -DXcode -plugin-path /Applications/Xcode.app/Contents/Developer/Toolchains/XcodeDefault.xctoolchain/usr/lib/swift/host/plugins/testing -enable-experimental-feature DebugDescriptionMacro -sdk /Applications/Xcode.app/Contents/Developer/Platforms/iPhoneSimulator.platform/Developer/SDKs/iPhoneSimulator26.1.sdk -target arm64-apple-ios13.0-simulator -g -module-cache-path /Users/rioallen/Documents/DropFly-OS-App-Builder/DropFly-PROJECTS/TradeFly-iOS/build/ModuleCache.noindex -Xfrontend -serialize-debugging-options -enable-testing -suppress-warnings -index-store-path /Users/rioallen/Documents/DropFly-OS-App-Builder/DropFly-PROJECTS/TradeFly-iOS/build/Index.noindex/DataStore -Xcc -D_LIBCPP_HARDENING_MODE\=_LIBCPP_HARDENING_MODE_DEBUG -swift-version 6 -I /Users/rioallen/Documents/DropFly-OS-App-Builder/DropFly-PROJECTS/TradeFly-iOS/build/Build/Products/Debug-iphonesimulator -Isystem /Applications/Xcode.app/Contents/Developer/Platforms/iPhoneSimulator.platform/Developer/usr/lib -F /Users/rioallen/Documents/DropFly-OS-App-Builder/DropFly-PROJECTS/TradeFly-iOS/build/Build/Products/Debug-iphonesimulator/PackageFrameworks -F /Users/rioallen/Documents/DropFly-OS-App-Builder/DropFly-PROJECTS/TradeFly-iOS/build/Build/Products/Debug-iphonesimulator/PackageFrameworks -F /Users/rioallen/Documents/DropFly-OS-App-Builder/DropFly-PROJECTS/TradeFly-iOS/build/Build/Products/Debug-iphonesimulator/PackageFrameworks -F /Users/rioallen/Documents/DropFly-OS-App-Builder/DropFly-PROJECTS/TradeFly-iOS/build/Build/Products/Debug-iphonesimulator -F /Applications/Xcode.app/Contents/Developer/Platforms/iPhoneSimulator.platform/Developer/Library/Frameworks -F /Applications/Xcode.app/Contents/Developer/Platforms/iPhoneSimulator.platform/Developer/SDKs/iPhoneSimulator26.1.sdk/Developer/Library/Frameworks -c -j16 -enable-batch-mode -incremental -Xcc -ivfsstatcache -Xcc /Users/rioallen/Documents/DropFly-OS-App-Builder/DropFly-PROJECTS/TradeFly-iOS/build/SDKStatCaches.noindex/iphonesimulator26.1-23B77-90cf18a4295e390e64c810bc6bd7acbc.sdkstatcache -output-file-map /Users/rioallen/Documents/DropFly-OS-App-Builder/DropFly-PROJECTS/TradeFly-iOS/build/Build/Intermediates.noindex/swift-clocks.build/Debug-iphonesimulator/Clocks.build/Objects-normal/arm64/Clocks-OutputFileMap.json -use-frontend-parseable-output -save-temps -no-color-diagnostics -explicit-module-build -module-cache-path /Users/rioallen/Documents/DropFly-OS-App-Builder/DropFly-PROJECTS/TradeFly-iOS/build/Build/Intermediates.noindex/SwiftExplicitPrecompiledModules -clang-scanner-module-cache-path /Users/rioallen/Documents/DropFly-OS-App-Builder/DropFly-PROJECTS/TradeFly-iOS/build/ModuleCache.noindex -sdk-module-cache-path /Users/rioallen/Documents/DropFly-OS-App-Builder/DropFly-PROJECTS/TradeFly-iOS/build/ModuleCache.noindex -serialize-diagnostics -emit-dependencies -emit-module -emit-module-path /Users/rioallen/Documents/DropFly-OS-App-Builder/DropFly-PROJECTS/TradeFly-iOS/build/Build/Intermediates.noindex/swift-clocks.build/Debug-iphonesimulator/Clocks.build/Objects-normal/arm64/Clocks.swiftmodule -user-module-version 1.0.6 -validate-clang-modules-once -clang-build-session-file /Users/rioallen/Documents/DropFly-OS-App-Builder/DropFly-PROJECTS/TradeFly-iOS/build/ModuleCache.noindex/Session.modulevalidation -package-name swift_clocks -Xcc -I/Users/rioallen/Documents/DropFly-OS-App-Builder/DropFly-PROJECTS/TradeFly-iOS/build/Build/Intermediates.noindex/swift-clocks.build/Debug-iphonesimulator/Clocks.build/swift-overrides.hmap -emit-const-values -Xfrontend -const-gather-protocols-file -Xfrontend /Users/rioallen/Documents/DropFly-OS-App-Builder/DropFly-PROJECTS/TradeFly-iOS/build/Build/Intermediates.noindex/swift-clocks.build/Debug-iphonesimulator/Clocks.build/Objects-normal/arm64/Clocks_const_extract_protocols.json -Xcc -I/Users/rioallen/Documents/DropFly-OS-App-Builder/DropFly-PROJECTS/TradeFly-iOS/build/Build/Products/Debug-iphonesimulator/include -Xcc -I/Users/rioallen/Documents/DropFly-OS-App-Builder/DropFly-PROJECTS/TradeFly-iOS/build/Build/Intermediates.noindex/swift-clocks.build/Debug-iphonesimulator/Clocks.build/DerivedSources-normal/arm64 -Xcc -I/Users/rioallen/Documents/DropFly-OS-App-Builder/DropFly-PROJECTS/TradeFly-iOS/build/Build/Intermediates.noindex/swift-clocks.build/Debug-iphonesimulator/Clocks.build/DerivedSources/arm64 -Xcc -I/Users/rioallen/Documents/DropFly-OS-App-Builder/DropFly-PROJECTS/TradeFly-iOS/build/Build/Intermediates.noindex/swift-clocks.build/Debug-iphonesimulator/Clocks.build/DerivedSources -Xcc -DSWIFT_PACKAGE -Xcc -DDEBUG\=1 -emit-objc-header -emit-objc-header-path /Users/rioallen/Documents/DropFly-OS-App-Builder/DropFly-PROJECTS/TradeFly-iOS/build/Build/Intermediates.noindex/swift-clocks.build/Debug-iphonesimulator/Clocks.build/Objects-normal/arm64/Clocks-Swift.h -working-directory /Users/rioallen/Documents/DropFly-OS-App-Builder/DropFly-PROJECTS/TradeFly-iOS/TradeFly.xcodeproj -experimental-emit-module-separately -disable-cmo

SwiftMergeGeneratedHeaders /Users/rioallen/Documents/DropFly-OS-App-Builder/DropFly-PROJECTS/TradeFly-iOS/build/Build/Intermediates.noindex/GeneratedModuleMaps-iphonesimulator/Clocks-Swift.h /Users/rioallen/Documents/DropFly-OS-App-Builder/DropFly-PROJECTS/TradeFly-iOS/build/Build/Intermediates.noindex/swift-clocks.build/Debug-iphonesimulator/Clocks.build/Objects-normal/arm64/Clocks-Swift.h (in target 'Clocks' from project 'swift-clocks')
    cd /Users/rioallen/Documents/DropFly-OS-App-Builder/DropFly-PROJECTS/TradeFly-iOS/build/SourcePackages/checkouts/swift-clocks
    builtin-swiftHeaderTool -arch arm64 /Users/rioallen/Documents/DropFly-OS-App-Builder/DropFly-PROJECTS/TradeFly-iOS/build/Build/Intermediates.noindex/swift-clocks.build/Debug-iphonesimulator/Clocks.build/Objects-normal/arm64/Clocks-Swift.h -o /Users/rioallen/Documents/DropFly-OS-App-Builder/DropFly-PROJECTS/TradeFly-iOS/build/Build/Intermediates.noindex/GeneratedModuleMaps-iphonesimulator/Clocks-Swift.h

Copy /Users/rioallen/Documents/DropFly-OS-App-Builder/DropFly-PROJECTS/TradeFly-iOS/build/Build/Products/Debug-iphonesimulator/Clocks.swiftmodule/arm64-apple-ios-simulator.swiftdoc /Users/rioallen/Documents/DropFly-OS-App-Builder/DropFly-PROJECTS/TradeFly-iOS/build/Build/Intermediates.noindex/swift-clocks.build/Debug-iphonesimulator/Clocks.build/Objects-normal/arm64/Clocks.swiftdoc (in target 'Clocks' from project 'swift-clocks')
    cd /Users/rioallen/Documents/DropFly-OS-App-Builder/DropFly-PROJECTS/TradeFly-iOS/build/SourcePackages/checkouts/swift-clocks
    builtin-copy -exclude .DS_Store -exclude CVS -exclude .svn -exclude .git -exclude .hg -resolve-src-symlinks -rename /Users/rioallen/Documents/DropFly-OS-App-Builder/DropFly-PROJECTS/TradeFly-iOS/build/Build/Intermediates.noindex/swift-clocks.build/Debug-iphonesimulator/Clocks.build/Objects-normal/arm64/Clocks.swiftdoc /Users/rioallen/Documents/DropFly-OS-App-Builder/DropFly-PROJECTS/TradeFly-iOS/build/Build/Products/Debug-iphonesimulator/Clocks.swiftmodule/arm64-apple-ios-simulator.swiftdoc

Copy /Users/rioallen/Documents/DropFly-OS-App-Builder/DropFly-PROJECTS/TradeFly-iOS/build/Build/Products/Debug-iphonesimulator/Clocks.swiftmodule/arm64-apple-ios-simulator.abi.json /Users/rioallen/Documents/DropFly-OS-App-Builder/DropFly-PROJECTS/TradeFly-iOS/build/Build/Intermediates.noindex/swift-clocks.build/Debug-iphonesimulator/Clocks.build/Objects-normal/arm64/Clocks.abi.json (in target 'Clocks' from project 'swift-clocks')
    cd /Users/rioallen/Documents/DropFly-OS-App-Builder/DropFly-PROJECTS/TradeFly-iOS/build/SourcePackages/checkouts/swift-clocks
    builtin-copy -exclude .DS_Store -exclude CVS -exclude .svn -exclude .git -exclude .hg -resolve-src-symlinks -rename /Users/rioallen/Documents/DropFly-OS-App-Builder/DropFly-PROJECTS/TradeFly-iOS/build/Build/Intermediates.noindex/swift-clocks.build/Debug-iphonesimulator/Clocks.build/Objects-normal/arm64/Clocks.abi.json /Users/rioallen/Documents/DropFly-OS-App-Builder/DropFly-PROJECTS/TradeFly-iOS/build/Build/Products/Debug-iphonesimulator/Clocks.swiftmodule/arm64-apple-ios-simulator.abi.json

Copy /Users/rioallen/Documents/DropFly-OS-App-Builder/DropFly-PROJECTS/TradeFly-iOS/build/Build/Products/Debug-iphonesimulator/Clocks.swiftmodule/arm64-apple-ios-simulator.swiftmodule /Users/rioallen/Documents/DropFly-OS-App-Builder/DropFly-PROJECTS/TradeFly-iOS/build/Build/Intermediates.noindex/swift-clocks.build/Debug-iphonesimulator/Clocks.build/Objects-normal/arm64/Clocks.swiftmodule (in target 'Clocks' from project 'swift-clocks')
    cd /Users/rioallen/Documents/DropFly-OS-App-Builder/DropFly-PROJECTS/TradeFly-iOS/build/SourcePackages/checkouts/swift-clocks
    builtin-copy -exclude .DS_Store -exclude CVS -exclude .svn -exclude .git -exclude .hg -resolve-src-symlinks -rename /Users/rioallen/Documents/DropFly-OS-App-Builder/DropFly-PROJECTS/TradeFly-iOS/build/Build/Intermediates.noindex/swift-clocks.build/Debug-iphonesimulator/Clocks.build/Objects-normal/arm64/Clocks.swiftmodule /Users/rioallen/Documents/DropFly-OS-App-Builder/DropFly-PROJECTS/TradeFly-iOS/build/Build/Products/Debug-iphonesimulator/Clocks.swiftmodule/arm64-apple-ios-simulator.swiftmodule

Copy /Users/rioallen/Documents/DropFly-OS-App-Builder/DropFly-PROJECTS/TradeFly-iOS/build/Build/Products/Debug-iphonesimulator/Clocks.swiftmodule/Project/arm64-apple-ios-simulator.swiftsourceinfo /Users/rioallen/Documents/DropFly-OS-App-Builder/DropFly-PROJECTS/TradeFly-iOS/build/Build/Intermediates.noindex/swift-clocks.build/Debug-iphonesimulator/Clocks.build/Objects-normal/arm64/Clocks.swiftsourceinfo (in target 'Clocks' from project 'swift-clocks')
    cd /Users/rioallen/Documents/DropFly-OS-App-Builder/DropFly-PROJECTS/TradeFly-iOS/build/SourcePackages/checkouts/swift-clocks
    builtin-copy -exclude .DS_Store -exclude CVS -exclude .svn -exclude .git -exclude .hg -resolve-src-symlinks -rename /Users/rioallen/Documents/DropFly-OS-App-Builder/DropFly-PROJECTS/TradeFly-iOS/build/Build/Intermediates.noindex/swift-clocks.build/Debug-iphonesimulator/Clocks.build/Objects-normal/arm64/Clocks.swiftsourceinfo /Users/rioallen/Documents/DropFly-OS-App-Builder/DropFly-PROJECTS/TradeFly-iOS/build/Build/Products/Debug-iphonesimulator/Clocks.swiftmodule/Project/arm64-apple-ios-simulator.swiftsourceinfo

SwiftDriver Helpers normal arm64 com.apple.xcode.tools.swift.compiler (in target 'Helpers' from project 'Supabase')
    cd /Users/rioallen/Documents/DropFly-OS-App-Builder/DropFly-PROJECTS/TradeFly-iOS/TradeFly.xcodeproj
    builtin-SwiftDriver -- /Applications/Xcode.app/Contents/Developer/Toolchains/XcodeDefault.xctoolchain/usr/bin/swiftc -module-name Helpers -Onone -enforce-exclusivity\=checked @/Users/rioallen/Documents/DropFly-OS-App-Builder/DropFly-PROJECTS/TradeFly-iOS/build/Build/Intermediates.noindex/Supabase.build/Debug-iphonesimulator/Helpers.build/Objects-normal/arm64/Helpers.SwiftFileList -DSWIFT_PACKAGE -DDEBUG -DSWIFT_MODULE_RESOURCE_BUNDLE_UNAVAILABLE -DXcode -enable-upcoming-feature ExistentialAny -enable-experimental-feature StrictConcurrency -plugin-path /Applications/Xcode.app/Contents/Developer/Toolchains/XcodeDefault.xctoolchain/usr/lib/swift/host/plugins/testing -enable-experimental-feature DebugDescriptionMacro -sdk /Applications/Xcode.app/Contents/Developer/Platforms/iPhoneSimulator.platform/Developer/SDKs/iPhoneSimulator26.1.sdk -target arm64-apple-ios13.0-simulator -g -module-cache-path /Users/rioallen/Documents/DropFly-OS-App-Builder/DropFly-PROJECTS/TradeFly-iOS/build/ModuleCache.noindex -Xfrontend -serialize-debugging-options -enable-testing -suppress-warnings -index-store-path /Users/rioallen/Documents/DropFly-OS-App-Builder/DropFly-PROJECTS/TradeFly-iOS/build/Index.noindex/DataStore -Xcc -D_LIBCPP_HARDENING_MODE\=_LIBCPP_HARDENING_MODE_DEBUG -swift-version 5 -I /Users/rioallen/Documents/DropFly-OS-App-Builder/DropFly-PROJECTS/TradeFly-iOS/build/Build/Products/Debug-iphonesimulator -Isystem /Applications/Xcode.app/Contents/Developer/Platforms/iPhoneSimulator.platform/Developer/usr/lib -F /Users/rioallen/Documents/DropFly-OS-App-Builder/DropFly-PROJECTS/TradeFly-iOS/build/Build/Products/Debug-iphonesimulator/PackageFrameworks -F /Users/rioallen/Documents/DropFly-OS-App-Builder/DropFly-PROJECTS/TradeFly-iOS/build/Build/Products/Debug-iphonesimulator/PackageFrameworks -F /Users/rioallen/Documents/DropFly-OS-App-Builder/DropFly-PROJECTS/TradeFly-iOS/build/Build/Products/Debug-iphonesimulator/PackageFrameworks -F /Users/rioallen/Documents/DropFly-OS-App-Builder/DropFly-PROJECTS/TradeFly-iOS/build/Build/Products/Debug-iphonesimulator/PackageFrameworks -F /Users/rioallen/Documents/DropFly-OS-App-Builder/DropFly-PROJECTS/TradeFly-iOS/build/Build/Products/Debug-iphonesimulator/PackageFrameworks -F /Users/rioallen/Documents/DropFly-OS-App-Builder/DropFly-PROJECTS/TradeFly-iOS/build/Build/Products/Debug-iphonesimulator/PackageFrameworks -F /Users/rioallen/Documents/DropFly-OS-App-Builder/DropFly-PROJECTS/TradeFly-iOS/build/Build/Products/Debug-iphonesimulator -F /Applications/Xcode.app/Contents/Developer/Platforms/iPhoneSimulator.platform/Developer/Library/Frameworks -F /Applications/Xcode.app/Contents/Developer/Platforms/iPhoneSimulator.platform/Developer/SDKs/iPhoneSimulator26.1.sdk/Developer/Library/Frameworks -c -j16 -enable-batch-mode -incremental -Xcc -ivfsstatcache -Xcc /Users/rioallen/Documents/DropFly-OS-App-Builder/DropFly-PROJECTS/TradeFly-iOS/build/SDKStatCaches.noindex/iphonesimulator26.1-23B77-90cf18a4295e390e64c810bc6bd7acbc.sdkstatcache -output-file-map /Users/rioallen/Documents/DropFly-OS-App-Builder/DropFly-PROJECTS/TradeFly-iOS/build/Build/Intermediates.noindex/Supabase.build/Debug-iphonesimulator/Helpers.build/Objects-normal/arm64/Helpers-OutputFileMap.json -use-frontend-parseable-output -save-temps -no-color-diagnostics -explicit-module-build -module-cache-path /Users/rioallen/Documents/DropFly-OS-App-Builder/DropFly-PROJECTS/TradeFly-iOS/build/Build/Intermediates.noindex/SwiftExplicitPrecompiledModules -clang-scanner-module-cache-path /Users/rioallen/Documents/DropFly-OS-App-Builder/DropFly-PROJECTS/TradeFly-iOS/build/ModuleCache.noindex -sdk-module-cache-path /Users/rioallen/Documents/DropFly-OS-App-Builder/DropFly-PROJECTS/TradeFly-iOS/build/ModuleCache.noindex -serialize-diagnostics -emit-dependencies -emit-module -emit-module-path /Users/rioallen/Documents/DropFly-OS-App-Builder/DropFly-PROJECTS/TradeFly-iOS/build/Build/Intermediates.noindex/Supabase.build/Debug-iphonesimulator/Helpers.build/Objects-normal/arm64/Helpers.swiftmodule -validate-clang-modules-once -clang-build-session-file /Users/rioallen/Documents/DropFly-OS-App-Builder/DropFly-PROJECTS/TradeFly-iOS/build/ModuleCache.noindex/Session.modulevalidation -package-name supabase_swift -Xcc -I/Users/rioallen/Documents/DropFly-OS-App-Builder/DropFly-PROJECTS/TradeFly-iOS/build/Build/Intermediates.noindex/Supabase.build/Debug-iphonesimulator/Helpers.build/swift-overrides.hmap -emit-const-values -Xfrontend -const-gather-protocols-file -Xfrontend /Users/rioallen/Documents/DropFly-OS-App-Builder/DropFly-PROJECTS/TradeFly-iOS/build/Build/Intermediates.noindex/Supabase.build/Debug-iphonesimulator/Helpers.build/Objects-normal/arm64/Helpers_const_extract_protocols.json -Xcc -I/Users/rioallen/Documents/DropFly-OS-App-Builder/DropFly-PROJECTS/TradeFly-iOS/build/Build/Products/Debug-iphonesimulator/include -Xcc -I/Users/rioallen/Documents/DropFly-OS-App-Builder/DropFly-PROJECTS/TradeFly-iOS/build/Build/Intermediates.noindex/Supabase.build/Debug-iphonesimulator/Helpers.build/DerivedSources-normal/arm64 -Xcc -I/Users/rioallen/Documents/DropFly-OS-App-Builder/DropFly-PROJECTS/TradeFly-iOS/build/Build/Intermediates.noindex/Supabase.build/Debug-iphonesimulator/Helpers.build/DerivedSources/arm64 -Xcc -I/Users/rioallen/Documents/DropFly-OS-App-Builder/DropFly-PROJECTS/TradeFly-iOS/build/Build/Intermediates.noindex/Supabase.build/Debug-iphonesimulator/Helpers.build/DerivedSources -Xcc -DSWIFT_PACKAGE -Xcc -DDEBUG\=1 -emit-objc-header -emit-objc-header-path /Users/rioallen/Documents/DropFly-OS-App-Builder/DropFly-PROJECTS/TradeFly-iOS/build/Build/Intermediates.noindex/Supabase.build/Debug-iphonesimulator/Helpers.build/Objects-normal/arm64/Helpers-Swift.h -working-directory /Users/rioallen/Documents/DropFly-OS-App-Builder/DropFly-PROJECTS/TradeFly-iOS/TradeFly.xcodeproj -experimental-emit-module-separately -disable-cmo

SwiftDriverJobDiscovery normal arm64 Compiling AnyClock.swift (in target 'Clocks' from project 'swift-clocks')

SwiftDriverJobDiscovery normal arm64 Compiling ImmediateClock.swift (in target 'Clocks' from project 'swift-clocks')

SwiftDriverJobDiscovery normal arm64 Compiling _AsyncTimerSequence.swift (in target 'Clocks' from project 'swift-clocks')

SwiftDriverJobDiscovery normal arm64 Compiling UnimplementedClock.swift (in target 'Clocks' from project 'swift-clocks')

SwiftDriverJobDiscovery normal arm64 Compiling TestClock.swift (in target 'Clocks' from project 'swift-clocks')

SwiftExplicitDependencyGeneratePcm arm64 /Users/rioallen/Documents/DropFly-OS-App-Builder/DropFly-PROJECTS/TradeFly-iOS/build/ModuleCache.noindex/CoreData-6FIPV383AA2EFHPAUJKN31O4Q.pcm

SwiftExplicitDependencyGeneratePcm arm64 /Users/rioallen/Documents/DropFly-OS-App-Builder/DropFly-PROJECTS/TradeFly-iOS/build/ModuleCache.noindex/UniformTypeIdentifiers-D6T01M18AC5CUDBO4GQ20TW7H.pcm

SwiftExplicitDependencyGeneratePcm arm64 /Users/rioallen/Documents/DropFly-OS-App-Builder/DropFly-PROJECTS/TradeFly-iOS/build/ModuleCache.noindex/_Builtin_tgmath-880CQ4I6XUX4K1A17AGU2YCYJ.pcm

SwiftExplicitDependencyGeneratePcm arm64 /Users/rioallen/Documents/DropFly-OS-App-Builder/DropFly-PROJECTS/TradeFly-iOS/build/ModuleCache.noindex/_Builtin_stdatomic-B2B4JVJRFANYQ4NFA7BLO1CJN.pcm

SwiftExplicitDependencyGeneratePcm arm64 /Users/rioallen/Documents/DropFly-OS-App-Builder/DropFly-PROJECTS/TradeFly-iOS/build/ModuleCache.noindex/CoreTransferable-79GWAJN10RI9B3GLAZ5U8O93D.pcm

SwiftExplicitDependencyGeneratePcm arm64 /Users/rioallen/Documents/DropFly-OS-App-Builder/DropFly-PROJECTS/TradeFly-iOS/build/ModuleCache.noindex/MachO-DECK7NNUXSDK4VQW10A87FRD4.pcm

SwiftExplicitDependencyGeneratePcm arm64 /Users/rioallen/Documents/DropFly-OS-App-Builder/DropFly-PROJECTS/TradeFly-iOS/build/ModuleCache.noindex/CoreGraphics-DBQHWZCSKIQIPLTJ1L7C3YS6.pcm

SwiftExplicitDependencyGeneratePcm arm64 /Users/rioallen/Documents/DropFly-OS-App-Builder/DropFly-PROJECTS/TradeFly-iOS/build/ModuleCache.noindex/Symbols-9Z7SFDNIJK6I6K6E1MC45WDR0.pcm

SwiftExplicitDependencyGeneratePcm arm64 /Users/rioallen/Documents/DropFly-OS-App-Builder/DropFly-PROJECTS/TradeFly-iOS/build/ModuleCache.noindex/_Builtin_intrinsics-1NYOR8Q334SO8JPEZB068P6BJ.pcm

SwiftExplicitDependencyGeneratePcm arm64 /Users/rioallen/Documents/DropFly-OS-App-Builder/DropFly-PROJECTS/TradeFly-iOS/build/ModuleCache.noindex/UIUtilities-DSRRW4EZDVTXPBXEFIETIJIH1.pcm

SwiftExplicitDependencyGeneratePcm arm64 /Users/rioallen/Documents/DropFly-OS-App-Builder/DropFly-PROJECTS/TradeFly-iOS/build/ModuleCache.noindex/OpenGLES-7NITNKXR1DBFOPPU6AEPNSU07.pcm

SwiftExplicitDependencyGeneratePcm arm64 /Users/rioallen/Documents/DropFly-OS-App-Builder/DropFly-PROJECTS/TradeFly-iOS/build/ModuleCache.noindex/DeveloperToolsSupport-44E6XB4R6GZVD13JDZK1UBUZA.pcm

SwiftExplicitDependencyGeneratePcm arm64 /Users/rioallen/Documents/DropFly-OS-App-Builder/DropFly-PROJECTS/TradeFly-iOS/build/ModuleCache.noindex/IOSurface-AXQX5J6ASM3ZE95YSFUPU1F18.pcm

SwiftExplicitDependencyGeneratePcm arm64 /Users/rioallen/Documents/DropFly-OS-App-Builder/DropFly-PROJECTS/TradeFly-iOS/build/ModuleCache.noindex/DataDetection-4VYVEKQXBKQNO1P6W17MFVUV2.pcm

SwiftExplicitDependencyGeneratePcm arm64 /Users/rioallen/Documents/DropFly-OS-App-Builder/DropFly-PROJECTS/TradeFly-iOS/build/ModuleCache.noindex/UserNotifications-LIXY7XYUSEZHDNL28JHYFQUK.pcm

SwiftExplicitDependencyGeneratePcm arm64 /Users/rioallen/Documents/DropFly-OS-App-Builder/DropFly-PROJECTS/TradeFly-iOS/build/ModuleCache.noindex/os-29JA5BFKTWUGTEDR8NWKNH5V9.pcm

SwiftExplicitDependencyGeneratePcm arm64 /Users/rioallen/Documents/DropFly-OS-App-Builder/DropFly-PROJECTS/TradeFly-iOS/build/ModuleCache.noindex/Metal-4MDMUD0DXX5QJI4I35U8VE6N6.pcm

SwiftExplicitDependencyGeneratePcm arm64 /Users/rioallen/Documents/DropFly-OS-App-Builder/DropFly-PROJECTS/TradeFly-iOS/build/ModuleCache.noindex/Accessibility-EN3LCS07IOS6CUXOBI38TL4QC.pcm

SwiftExplicitDependencyGeneratePcm arm64 /Users/rioallen/Documents/DropFly-OS-App-Builder/DropFly-PROJECTS/TradeFly-iOS/build/ModuleCache.noindex/ImageIO-CGZ5Y5GRAFLPPWI2TRVMGLAMW.pcm

SwiftExplicitDependencyGeneratePcm arm64 /Users/rioallen/Documents/DropFly-OS-App-Builder/DropFly-PROJECTS/TradeFly-iOS/build/ModuleCache.noindex/FileProvider-1MT0STG1GCUYY4VOVDP8B0P22.pcm

SwiftExplicitDependencyGeneratePcm arm64 /Users/rioallen/Documents/DropFly-OS-App-Builder/DropFly-PROJECTS/TradeFly-iOS/build/ModuleCache.noindex/CoreText-1XOF3XL0GN3GNS8IXDA5C56JT.pcm

SwiftExplicitDependencyGeneratePcm arm64 /Users/rioallen/Documents/DropFly-OS-App-Builder/DropFly-PROJECTS/TradeFly-iOS/build/ModuleCache.noindex/OSLog-8IIR62W1DQ4GDSONMQ8RV90SF.pcm

SwiftExplicitDependencyGeneratePcm arm64 /Users/rioallen/Documents/DropFly-OS-App-Builder/DropFly-PROJECTS/TradeFly-iOS/build/ModuleCache.noindex/simd-EGTBCZFE6YXQZ8C1MKIGIUQCQ.pcm

SwiftExplicitDependencyGeneratePcm arm64 /Users/rioallen/Documents/DropFly-OS-App-Builder/DropFly-PROJECTS/TradeFly-iOS/build/ModuleCache.noindex/CoreVideo-DL0EIYZ0NXY62D4INFR9ORZGS.pcm

SwiftExplicitDependencyGeneratePcm arm64 /Users/rioallen/Documents/DropFly-OS-App-Builder/DropFly-PROJECTS/TradeFly-iOS/build/ModuleCache.noindex/QuartzCore-ED2K9EHZCT3QZUX89U5CKJCM5.pcm

SwiftExplicitDependencyGeneratePcm arm64 /Users/rioallen/Documents/DropFly-OS-App-Builder/DropFly-PROJECTS/TradeFly-iOS/build/ModuleCache.noindex/CoreImage-P3F6PHBC1NJN812XJTPHT66Z.pcm

SwiftExplicitDependencyGeneratePcm arm64 /Users/rioallen/Documents/DropFly-OS-App-Builder/DropFly-PROJECTS/TradeFly-iOS/build/ModuleCache.noindex/SwiftUICore-7S8RJBATU65H96J8X9VK67NX4.pcm

SwiftExplicitDependencyGeneratePcm arm64 /Users/rioallen/Documents/DropFly-OS-App-Builder/DropFly-PROJECTS/TradeFly-iOS/build/ModuleCache.noindex/UIKit-CIOWG5BC46GD32R6H0HQ6TAT6.pcm

SwiftExplicitDependencyGeneratePcm arm64 /Users/rioallen/Documents/DropFly-OS-App-Builder/DropFly-PROJECTS/TradeFly-iOS/build/ModuleCache.noindex/Spatial-EXTL3OX7ADDAPU0INSMQWXWX1.pcm

SwiftExplicitDependencyGeneratePcm arm64 /Users/rioallen/Documents/DropFly-OS-App-Builder/DropFly-PROJECTS/TradeFly-iOS/build/ModuleCache.noindex/SwiftUI-AUSMP73BO9FJ645H9SS2DZIMG.pcm

SwiftEmitModule normal arm64 Emitting\ module\ for\ Helpers (in target 'Helpers' from project 'Supabase')

EmitSwiftModule normal arm64 (in target 'Helpers' from project 'Supabase')
    cd /Users/rioallen/Documents/DropFly-OS-App-Builder/DropFly-PROJECTS/TradeFly-iOS/TradeFly.xcodeproj
    

SwiftCompile normal arm64 Compiling\ _Clock.swift /Users/rioallen/Documents/DropFly-OS-App-Builder/DropFly-PROJECTS/TradeFly-iOS/build/SourcePackages/checkouts/supabase-swift/Sources/Helpers/_Clock.swift (in target 'Helpers' from project 'Supabase')

SwiftCompile normal arm64 /Users/rioallen/Documents/DropFly-OS-App-Builder/DropFly-PROJECTS/TradeFly-iOS/build/SourcePackages/checkouts/supabase-swift/Sources/Helpers/_Clock.swift (in target 'Helpers' from project 'Supabase')
    cd /Users/rioallen/Documents/DropFly-OS-App-Builder/DropFly-PROJECTS/TradeFly-iOS/TradeFly.xcodeproj
    

SwiftCompile normal arm64 Compiling\ LoggerInterceptor.swift,\ RetryRequestInterceptor.swift /Users/rioallen/Documents/DropFly-OS-App-Builder/DropFly-PROJECTS/TradeFly-iOS/build/SourcePackages/checkouts/supabase-swift/Sources/Helpers/HTTP/LoggerInterceptor.swift /Users/rioallen/Documents/DropFly-OS-App-Builder/DropFly-PROJECTS/TradeFly-iOS/build/SourcePackages/checkouts/supabase-swift/Sources/Helpers/HTTP/RetryRequestInterceptor.swift (in target 'Helpers' from project 'Supabase')

SwiftCompile normal arm64 /Users/rioallen/Documents/DropFly-OS-App-Builder/DropFly-PROJECTS/TradeFly-iOS/build/SourcePackages/checkouts/supabase-swift/Sources/Helpers/HTTP/LoggerInterceptor.swift (in target 'Helpers' from project 'Supabase')
    cd /Users/rioallen/Documents/DropFly-OS-App-Builder/DropFly-PROJECTS/TradeFly-iOS/TradeFly.xcodeproj
    

SwiftCompile normal arm64 /Users/rioallen/Documents/DropFly-OS-App-Builder/DropFly-PROJECTS/TradeFly-iOS/build/SourcePackages/checkouts/supabase-swift/Sources/Helpers/HTTP/RetryRequestInterceptor.swift (in target 'Helpers' from project 'Supabase')
    cd /Users/rioallen/Documents/DropFly-OS-App-Builder/DropFly-PROJECTS/TradeFly-iOS/TradeFly.xcodeproj
    

SwiftCompile normal arm64 Compiling\ Task+withTimeout.swift /Users/rioallen/Documents/DropFly-OS-App-Builder/DropFly-PROJECTS/TradeFly-iOS/build/SourcePackages/checkouts/supabase-swift/Sources/Helpers/Task+withTimeout.swift (in target 'Helpers' from project 'Supabase')

SwiftCompile normal arm64 /Users/rioallen/Documents/DropFly-OS-App-Builder/DropFly-PROJECTS/TradeFly-iOS/build/SourcePackages/checkouts/supabase-swift/Sources/Helpers/Task+withTimeout.swift (in target 'Helpers' from project 'Supabase')
    cd /Users/rioallen/Documents/DropFly-OS-App-Builder/DropFly-PROJECTS/TradeFly-iOS/TradeFly.xcodeproj
    

SwiftCompile normal arm64 Compiling\ SupabaseLogger.swift /Users/rioallen/Documents/DropFly-OS-App-Builder/DropFly-PROJECTS/TradeFly-iOS/build/SourcePackages/checkouts/supabase-swift/Sources/Helpers/Logger/SupabaseLogger.swift (in target 'Helpers' from project 'Supabase')

SwiftCompile normal arm64 /Users/rioallen/Documents/DropFly-OS-App-Builder/DropFly-PROJECTS/TradeFly-iOS/build/SourcePackages/checkouts/supabase-swift/Sources/Helpers/Logger/SupabaseLogger.swift (in target 'Helpers' from project 'Supabase')
    cd /Users/rioallen/Documents/DropFly-OS-App-Builder/DropFly-PROJECTS/TradeFly-iOS/TradeFly.xcodeproj
    

SwiftCompile normal arm64 Compiling\ HTTPClient.swift,\ HTTPFields.swift /Users/rioallen/Documents/DropFly-OS-App-Builder/DropFly-PROJECTS/TradeFly-iOS/build/SourcePackages/checkouts/supabase-swift/Sources/Helpers/HTTP/HTTPClient.swift /Users/rioallen/Documents/DropFly-OS-App-Builder/DropFly-PROJECTS/TradeFly-iOS/build/SourcePackages/checkouts/supabase-swift/Sources/Helpers/HTTP/HTTPFields.swift (in target 'Helpers' from project 'Supabase')

SwiftCompile normal arm64 /Users/rioallen/Documents/DropFly-OS-App-Builder/DropFly-PROJECTS/TradeFly-iOS/build/SourcePackages/checkouts/supabase-swift/Sources/Helpers/HTTP/HTTPClient.swift (in target 'Helpers' from project 'Supabase')
    cd /Users/rioallen/Documents/DropFly-OS-App-Builder/DropFly-PROJECTS/TradeFly-iOS/TradeFly.xcodeproj
    

SwiftCompile normal arm64 /Users/rioallen/Documents/DropFly-OS-App-Builder/DropFly-PROJECTS/TradeFly-iOS/build/SourcePackages/checkouts/supabase-swift/Sources/Helpers/HTTP/HTTPFields.swift (in target 'Helpers' from project 'Supabase')
    cd /Users/rioallen/Documents/DropFly-OS-App-Builder/DropFly-PROJECTS/TradeFly-iOS/TradeFly.xcodeproj
    

SwiftCompile normal arm64 Compiling\ Codable.swift,\ DateFormatter.swift /Users/rioallen/Documents/DropFly-OS-App-Builder/DropFly-PROJECTS/TradeFly-iOS/build/SourcePackages/checkouts/supabase-swift/Sources/Helpers/Codable.swift /Users/rioallen/Documents/DropFly-OS-App-Builder/DropFly-PROJECTS/TradeFly-iOS/build/SourcePackages/checkouts/supabase-swift/Sources/Helpers/DateFormatter.swift (in target 'Helpers' from project 'Supabase')

SwiftCompile normal arm64 /Users/rioallen/Documents/DropFly-OS-App-Builder/DropFly-PROJECTS/TradeFly-iOS/build/SourcePackages/checkouts/supabase-swift/Sources/Helpers/Codable.swift (in target 'Helpers' from project 'Supabase')
    cd /Users/rioallen/Documents/DropFly-OS-App-Builder/DropFly-PROJECTS/TradeFly-iOS/TradeFly.xcodeproj
    

SwiftCompile normal arm64 /Users/rioallen/Documents/DropFly-OS-App-Builder/DropFly-PROJECTS/TradeFly-iOS/build/SourcePackages/checkouts/supabase-swift/Sources/Helpers/DateFormatter.swift (in target 'Helpers' from project 'Supabase')
    cd /Users/rioallen/Documents/DropFly-OS-App-Builder/DropFly-PROJECTS/TradeFly-iOS/TradeFly.xcodeproj
    

SwiftCompile normal arm64 Compiling\ PostgrestError.swift /Users/rioallen/Documents/DropFly-OS-App-Builder/DropFly-PROJECTS/TradeFly-iOS/build/SourcePackages/checkouts/supabase-swift/Sources/Helpers/SharedModels/PostgrestError.swift (in target 'Helpers' from project 'Supabase')

SwiftCompile normal arm64 /Users/rioallen/Documents/DropFly-OS-App-Builder/DropFly-PROJECTS/TradeFly-iOS/build/SourcePackages/checkouts/supabase-swift/Sources/Helpers/SharedModels/PostgrestError.swift (in target 'Helpers' from project 'Supabase')
    cd /Users/rioallen/Documents/DropFly-OS-App-Builder/DropFly-PROJECTS/TradeFly-iOS/TradeFly.xcodeproj
    

SwiftCompile normal arm64 Compiling\ EventEmitter.swift,\ FoundationExtensions.swift /Users/rioallen/Documents/DropFly-OS-App-Builder/DropFly-PROJECTS/TradeFly-iOS/build/SourcePackages/checkouts/supabase-swift/Sources/Helpers/EventEmitter.swift /Users/rioallen/Documents/DropFly-OS-App-Builder/DropFly-PROJECTS/TradeFly-iOS/build/SourcePackages/checkouts/supabase-swift/Sources/Helpers/FoundationExtensions.swift (in target 'Helpers' from project 'Supabase')

SwiftCompile normal arm64 /Users/rioallen/Documents/DropFly-OS-App-Builder/DropFly-PROJECTS/TradeFly-iOS/build/SourcePackages/checkouts/supabase-swift/Sources/Helpers/EventEmitter.swift (in target 'Helpers' from project 'Supabase')
    cd /Users/rioallen/Documents/DropFly-OS-App-Builder/DropFly-PROJECTS/TradeFly-iOS/TradeFly.xcodeproj
    

SwiftCompile normal arm64 /Users/rioallen/Documents/DropFly-OS-App-Builder/DropFly-PROJECTS/TradeFly-iOS/build/SourcePackages/checkouts/supabase-swift/Sources/Helpers/FoundationExtensions.swift (in target 'Helpers' from project 'Supabase')
    cd /Users/rioallen/Documents/DropFly-OS-App-Builder/DropFly-PROJECTS/TradeFly-iOS/TradeFly.xcodeproj
    

SwiftCompile normal arm64 Compiling\ HTTPError.swift /Users/rioallen/Documents/DropFly-OS-App-Builder/DropFly-PROJECTS/TradeFly-iOS/build/SourcePackages/checkouts/supabase-swift/Sources/Helpers/SharedModels/HTTPError.swift (in target 'Helpers' from project 'Supabase')

SwiftCompile normal arm64 /Users/rioallen/Documents/DropFly-OS-App-Builder/DropFly-PROJECTS/TradeFly-iOS/build/SourcePackages/checkouts/supabase-swift/Sources/Helpers/SharedModels/HTTPError.swift (in target 'Helpers' from project 'Supabase')
    cd /Users/rioallen/Documents/DropFly-OS-App-Builder/DropFly-PROJECTS/TradeFly-iOS/TradeFly.xcodeproj
    

SwiftCompile normal arm64 Compiling\ TaskLocalHelpers.swift /Users/rioallen/Documents/DropFly-OS-App-Builder/DropFly-PROJECTS/TradeFly-iOS/build/SourcePackages/checkouts/supabase-swift/Sources/Helpers/TaskLocalHelpers.swift (in target 'Helpers' from project 'Supabase')

SwiftCompile normal arm64 /Users/rioallen/Documents/DropFly-OS-App-Builder/DropFly-PROJECTS/TradeFly-iOS/build/SourcePackages/checkouts/supabase-swift/Sources/Helpers/TaskLocalHelpers.swift (in target 'Helpers' from project 'Supabase')
    cd /Users/rioallen/Documents/DropFly-OS-App-Builder/DropFly-PROJECTS/TradeFly-iOS/TradeFly.xcodeproj
    

SwiftCompile normal arm64 Compiling\ Version.swift /Users/rioallen/Documents/DropFly-OS-App-Builder/DropFly-PROJECTS/TradeFly-iOS/build/SourcePackages/checkouts/supabase-swift/Sources/Helpers/Version.swift (in target 'Helpers' from project 'Supabase')

SwiftCompile normal arm64 /Users/rioallen/Documents/DropFly-OS-App-Builder/DropFly-PROJECTS/TradeFly-iOS/build/SourcePackages/checkouts/supabase-swift/Sources/Helpers/Version.swift (in target 'Helpers' from project 'Supabase')
    cd /Users/rioallen/Documents/DropFly-OS-App-Builder/DropFly-PROJECTS/TradeFly-iOS/TradeFly.xcodeproj
    

SwiftCompile normal arm64 Compiling\ HTTPRequest.swift,\ HTTPResponse.swift /Users/rioallen/Documents/DropFly-OS-App-Builder/DropFly-PROJECTS/TradeFly-iOS/build/SourcePackages/checkouts/supabase-swift/Sources/Helpers/HTTP/HTTPRequest.swift /Users/rioallen/Documents/DropFly-OS-App-Builder/DropFly-PROJECTS/TradeFly-iOS/build/SourcePackages/checkouts/supabase-swift/Sources/Helpers/HTTP/HTTPResponse.swift (in target 'Helpers' from project 'Supabase')

SwiftCompile normal arm64 /Users/rioallen/Documents/DropFly-OS-App-Builder/DropFly-PROJECTS/TradeFly-iOS/build/SourcePackages/checkouts/supabase-swift/Sources/Helpers/HTTP/HTTPRequest.swift (in target 'Helpers' from project 'Supabase')
    cd /Users/rioallen/Documents/DropFly-OS-App-Builder/DropFly-PROJECTS/TradeFly-iOS/TradeFly.xcodeproj
    

SwiftCompile normal arm64 /Users/rioallen/Documents/DropFly-OS-App-Builder/DropFly-PROJECTS/TradeFly-iOS/build/SourcePackages/checkouts/supabase-swift/Sources/Helpers/HTTP/HTTPResponse.swift (in target 'Helpers' from project 'Supabase')
    cd /Users/rioallen/Documents/DropFly-OS-App-Builder/DropFly-PROJECTS/TradeFly-iOS/TradeFly.xcodeproj
    

SwiftCompile normal arm64 Compiling\ JWT.swift,\ OSLogSupabaseLogger.swift /Users/rioallen/Documents/DropFly-OS-App-Builder/DropFly-PROJECTS/TradeFly-iOS/build/SourcePackages/checkouts/supabase-swift/Sources/Helpers/JWT.swift /Users/rioallen/Documents/DropFly-OS-App-Builder/DropFly-PROJECTS/TradeFly-iOS/build/SourcePackages/checkouts/supabase-swift/Sources/Helpers/Logger/OSLogSupabaseLogger.swift (in target 'Helpers' from project 'Supabase')

SwiftCompile normal arm64 /Users/rioallen/Documents/DropFly-OS-App-Builder/DropFly-PROJECTS/TradeFly-iOS/build/SourcePackages/checkouts/supabase-swift/Sources/Helpers/JWT.swift (in target 'Helpers' from project 'Supabase')
    cd /Users/rioallen/Documents/DropFly-OS-App-Builder/DropFly-PROJECTS/TradeFly-iOS/TradeFly.xcodeproj
    

SwiftCompile normal arm64 /Users/rioallen/Documents/DropFly-OS-App-Builder/DropFly-PROJECTS/TradeFly-iOS/build/SourcePackages/checkouts/supabase-swift/Sources/Helpers/Logger/OSLogSupabaseLogger.swift (in target 'Helpers' from project 'Supabase')
    cd /Users/rioallen/Documents/DropFly-OS-App-Builder/DropFly-PROJECTS/TradeFly-iOS/TradeFly.xcodeproj
    

SwiftCompile normal arm64 Compiling\ AsyncValueSubject.swift,\ Base64URL.swift /Users/rioallen/Documents/DropFly-OS-App-Builder/DropFly-PROJECTS/TradeFly-iOS/build/SourcePackages/checkouts/supabase-swift/Sources/Helpers/AsyncValueSubject.swift /Users/rioallen/Documents/DropFly-OS-App-Builder/DropFly-PROJECTS/TradeFly-iOS/build/SourcePackages/checkouts/supabase-swift/Sources/Helpers/Base64URL.swift (in target 'Helpers' from project 'Supabase')

SwiftCompile normal arm64 /Users/rioallen/Documents/DropFly-OS-App-Builder/DropFly-PROJECTS/TradeFly-iOS/build/SourcePackages/checkouts/supabase-swift/Sources/Helpers/AsyncValueSubject.swift (in target 'Helpers' from project 'Supabase')
    cd /Users/rioallen/Documents/DropFly-OS-App-Builder/DropFly-PROJECTS/TradeFly-iOS/TradeFly.xcodeproj
    

SwiftCompile normal arm64 /Users/rioallen/Documents/DropFly-OS-App-Builder/DropFly-PROJECTS/TradeFly-iOS/build/SourcePackages/checkouts/supabase-swift/Sources/Helpers/Base64URL.swift (in target 'Helpers' from project 'Supabase')
    cd /Users/rioallen/Documents/DropFly-OS-App-Builder/DropFly-PROJECTS/TradeFly-iOS/TradeFly.xcodeproj
    

SwiftCompile normal arm64 Compiling\ AnyJSON+Codable.swift,\ AnyJSON.swift /Users/rioallen/Documents/DropFly-OS-App-Builder/DropFly-PROJECTS/TradeFly-iOS/build/SourcePackages/checkouts/supabase-swift/Sources/Helpers/AnyJSON/AnyJSON+Codable.swift /Users/rioallen/Documents/DropFly-OS-App-Builder/DropFly-PROJECTS/TradeFly-iOS/build/SourcePackages/checkouts/supabase-swift/Sources/Helpers/AnyJSON/AnyJSON.swift (in target 'Helpers' from project 'Supabase')
SwiftCompile normal arm64 /Users/rioallen/Documents/DropFly-OS-App-Builder/DropFly-PROJECTS/TradeFly-iOS/build/SourcePackages/checkouts/supabase-swift/Sources/Helpers/AnyJSON/AnyJSON+Codable.swift (in target 'Helpers' from project 'Supabase')
    cd /Users/rioallen/Documents/DropFly-OS-App-Builder/DropFly-PROJECTS/TradeFly-iOS/TradeFly.xcodeproj
    

SwiftCompile normal arm64 /Users/rioallen/Documents/DropFly-OS-App-Builder/DropFly-PROJECTS/TradeFly-iOS/build/SourcePackages/checkouts/supabase-swift/Sources/Helpers/AnyJSON/AnyJSON.swift (in target 'Helpers' from project 'Supabase')
    cd /Users/rioallen/Documents/DropFly-OS-App-Builder/DropFly-PROJECTS/TradeFly-iOS/TradeFly.xcodeproj
    

SwiftDriverJobDiscovery normal arm64 Compiling Task+withTimeout.swift (in target 'Helpers' from project 'Supabase')

SwiftCompile normal arm64 Compiling\ URLSession+AsyncAwait.swift /Users/rioallen/Documents/DropFly-OS-App-Builder/DropFly-PROJECTS/TradeFly-iOS/build/SourcePackages/checkouts/supabase-swift/Sources/Helpers/URLSession+AsyncAwait.swift (in target 'Helpers' from project 'Supabase')

SwiftCompile normal arm64 /Users/rioallen/Documents/DropFly-OS-App-Builder/DropFly-PROJECTS/TradeFly-iOS/build/SourcePackages/checkouts/supabase-swift/Sources/Helpers/URLSession+AsyncAwait.swift (in target 'Helpers' from project 'Supabase')
    cd /Users/rioallen/Documents/DropFly-OS-App-Builder/DropFly-PROJECTS/TradeFly-iOS/TradeFly.xcodeproj
    

SwiftDriverJobDiscovery normal arm64 Compiling PostgrestError.swift (in target 'Helpers' from project 'Supabase')

SwiftDriverJobDiscovery normal arm64 Compiling TaskLocalHelpers.swift (in target 'Helpers' from project 'Supabase')

SwiftDriverJobDiscovery normal arm64 Compiling Codable.swift, DateFormatter.swift (in target 'Helpers' from project 'Supabase')

SwiftDriverJobDiscovery normal arm64 Compiling Version.swift (in target 'Helpers' from project 'Supabase')

SwiftDriverJobDiscovery normal arm64 Compiling HTTPError.swift (in target 'Helpers' from project 'Supabase')

SwiftDriverJobDiscovery normal arm64 Compiling _Clock.swift (in target 'Helpers' from project 'Supabase')

SwiftDriverJobDiscovery normal arm64 Compiling HTTPClient.swift, HTTPFields.swift (in target 'Helpers' from project 'Supabase')

SwiftDriverJobDiscovery normal arm64 Compiling SupabaseLogger.swift (in target 'Helpers' from project 'Supabase')

SwiftDriverJobDiscovery normal arm64 Compiling HTTPRequest.swift, HTTPResponse.swift (in target 'Helpers' from project 'Supabase')

SwiftDriverJobDiscovery normal arm64 Compiling AsyncValueSubject.swift, Base64URL.swift (in target 'Helpers' from project 'Supabase')

SwiftDriverJobDiscovery normal arm64 Compiling EventEmitter.swift, FoundationExtensions.swift (in target 'Helpers' from project 'Supabase')

SwiftDriverJobDiscovery normal arm64 Compiling JWT.swift, OSLogSupabaseLogger.swift (in target 'Helpers' from project 'Supabase')

SwiftDriverJobDiscovery normal arm64 Emitting module for Helpers (in target 'Helpers' from project 'Supabase')

SwiftDriver\ Compilation\ Requirements Helpers normal arm64 com.apple.xcode.tools.swift.compiler (in target 'Helpers' from project 'Supabase')
    cd /Users/rioallen/Documents/DropFly-OS-App-Builder/DropFly-PROJECTS/TradeFly-iOS/TradeFly.xcodeproj
    builtin-Swift-Compilation-Requirements -- /Applications/Xcode.app/Contents/Developer/Toolchains/XcodeDefault.xctoolchain/usr/bin/swiftc -module-name Helpers -Onone -enforce-exclusivity\=checked @/Users/rioallen/Documents/DropFly-OS-App-Builder/DropFly-PROJECTS/TradeFly-iOS/build/Build/Intermediates.noindex/Supabase.build/Debug-iphonesimulator/Helpers.build/Objects-normal/arm64/Helpers.SwiftFileList -DSWIFT_PACKAGE -DDEBUG -DSWIFT_MODULE_RESOURCE_BUNDLE_UNAVAILABLE -DXcode -enable-upcoming-feature ExistentialAny -enable-experimental-feature StrictConcurrency -plugin-path /Applications/Xcode.app/Contents/Developer/Toolchains/XcodeDefault.xctoolchain/usr/lib/swift/host/plugins/testing -enable-experimental-feature DebugDescriptionMacro -sdk /Applications/Xcode.app/Contents/Developer/Platforms/iPhoneSimulator.platform/Developer/SDKs/iPhoneSimulator26.1.sdk -target arm64-apple-ios13.0-simulator -g -module-cache-path /Users/rioallen/Documents/DropFly-OS-App-Builder/DropFly-PROJECTS/TradeFly-iOS/build/ModuleCache.noindex -Xfrontend -serialize-debugging-options -enable-testing -suppress-warnings -index-store-path /Users/rioallen/Documents/DropFly-OS-App-Builder/DropFly-PROJECTS/TradeFly-iOS/build/Index.noindex/DataStore -Xcc -D_LIBCPP_HARDENING_MODE\=_LIBCPP_HARDENING_MODE_DEBUG -swift-version 5 -I /Users/rioallen/Documents/DropFly-OS-App-Builder/DropFly-PROJECTS/TradeFly-iOS/build/Build/Products/Debug-iphonesimulator -Isystem /Applications/Xcode.app/Contents/Developer/Platforms/iPhoneSimulator.platform/Developer/usr/lib -F /Users/rioallen/Documents/DropFly-OS-App-Builder/DropFly-PROJECTS/TradeFly-iOS/build/Build/Products/Debug-iphonesimulator/PackageFrameworks -F /Users/rioallen/Documents/DropFly-OS-App-Builder/DropFly-PROJECTS/TradeFly-iOS/build/Build/Products/Debug-iphonesimulator/PackageFrameworks -F /Users/rioallen/Documents/DropFly-OS-App-Builder/DropFly-PROJECTS/TradeFly-iOS/build/Build/Products/Debug-iphonesimulator/PackageFrameworks -F /Users/rioallen/Documents/DropFly-OS-App-Builder/DropFly-PROJECTS/TradeFly-iOS/build/Build/Products/Debug-iphonesimulator/PackageFrameworks -F /Users/rioallen/Documents/DropFly-OS-App-Builder/DropFly-PROJECTS/TradeFly-iOS/build/Build/Products/Debug-iphonesimulator/PackageFrameworks -F /Users/rioallen/Documents/DropFly-OS-App-Builder/DropFly-PROJECTS/TradeFly-iOS/build/Build/Products/Debug-iphonesimulator/PackageFrameworks -F /Users/rioallen/Documents/DropFly-OS-App-Builder/DropFly-PROJECTS/TradeFly-iOS/build/Build/Products/Debug-iphonesimulator -F /Applications/Xcode.app/Contents/Developer/Platforms/iPhoneSimulator.platform/Developer/Library/Frameworks -F /Applications/Xcode.app/Contents/Developer/Platforms/iPhoneSimulator.platform/Developer/SDKs/iPhoneSimulator26.1.sdk/Developer/Library/Frameworks -c -j16 -enable-batch-mode -incremental -Xcc -ivfsstatcache -Xcc /Users/rioallen/Documents/DropFly-OS-App-Builder/DropFly-PROJECTS/TradeFly-iOS/build/SDKStatCaches.noindex/iphonesimulator26.1-23B77-90cf18a4295e390e64c810bc6bd7acbc.sdkstatcache -output-file-map /Users/rioallen/Documents/DropFly-OS-App-Builder/DropFly-PROJECTS/TradeFly-iOS/build/Build/Intermediates.noindex/Supabase.build/Debug-iphonesimulator/Helpers.build/Objects-normal/arm64/Helpers-OutputFileMap.json -use-frontend-parseable-output -save-temps -no-color-diagnostics -explicit-module-build -module-cache-path /Users/rioallen/Documents/DropFly-OS-App-Builder/DropFly-PROJECTS/TradeFly-iOS/build/Build/Intermediates.noindex/SwiftExplicitPrecompiledModules -clang-scanner-module-cache-path /Users/rioallen/Documents/DropFly-OS-App-Builder/DropFly-PROJECTS/TradeFly-iOS/build/ModuleCache.noindex -sdk-module-cache-path /Users/rioallen/Documents/DropFly-OS-App-Builder/DropFly-PROJECTS/TradeFly-iOS/build/ModuleCache.noindex -serialize-diagnostics -emit-dependencies -emit-module -emit-module-path /Users/rioallen/Documents/DropFly-OS-App-Builder/DropFly-PROJECTS/TradeFly-iOS/build/Build/Intermediates.noindex/Supabase.build/Debug-iphonesimulator/Helpers.build/Objects-normal/arm64/Helpers.swiftmodule -validate-clang-modules-once -clang-build-session-file /Users/rioallen/Documents/DropFly-OS-App-Builder/DropFly-PROJECTS/TradeFly-iOS/build/ModuleCache.noindex/Session.modulevalidation -package-name supabase_swift -Xcc -I/Users/rioallen/Documents/DropFly-OS-App-Builder/DropFly-PROJECTS/TradeFly-iOS/build/Build/Intermediates.noindex/Supabase.build/Debug-iphonesimulator/Helpers.build/swift-overrides.hmap -emit-const-values -Xfrontend -const-gather-protocols-file -Xfrontend /Users/rioallen/Documents/DropFly-OS-App-Builder/DropFly-PROJECTS/TradeFly-iOS/build/Build/Intermediates.noindex/Supabase.build/Debug-iphonesimulator/Helpers.build/Objects-normal/arm64/Helpers_const_extract_protocols.json -Xcc -I/Users/rioallen/Documents/DropFly-OS-App-Builder/DropFly-PROJECTS/TradeFly-iOS/build/Build/Products/Debug-iphonesimulator/include -Xcc -I/Users/rioallen/Documents/DropFly-OS-App-Builder/DropFly-PROJECTS/TradeFly-iOS/build/Build/Intermediates.noindex/Supabase.build/Debug-iphonesimulator/Helpers.build/DerivedSources-normal/arm64 -Xcc -I/Users/rioallen/Documents/DropFly-OS-App-Builder/DropFly-PROJECTS/TradeFly-iOS/build/Build/Intermediates.noindex/Supabase.build/Debug-iphonesimulator/Helpers.build/DerivedSources/arm64 -Xcc -I/Users/rioallen/Documents/DropFly-OS-App-Builder/DropFly-PROJECTS/TradeFly-iOS/build/Build/Intermediates.noindex/Supabase.build/Debug-iphonesimulator/Helpers.build/DerivedSources -Xcc -DSWIFT_PACKAGE -Xcc -DDEBUG\=1 -emit-objc-header -emit-objc-header-path /Users/rioallen/Documents/DropFly-OS-App-Builder/DropFly-PROJECTS/TradeFly-iOS/build/Build/Intermediates.noindex/Supabase.build/Debug-iphonesimulator/Helpers.build/Objects-normal/arm64/Helpers-Swift.h -working-directory /Users/rioallen/Documents/DropFly-OS-App-Builder/DropFly-PROJECTS/TradeFly-iOS/TradeFly.xcodeproj -experimental-emit-module-separately -disable-cmo

SwiftMergeGeneratedHeaders /Users/rioallen/Documents/DropFly-OS-App-Builder/DropFly-PROJECTS/TradeFly-iOS/build/Build/Intermediates.noindex/GeneratedModuleMaps-iphonesimulator/Helpers-Swift.h /Users/rioallen/Documents/DropFly-OS-App-Builder/DropFly-PROJECTS/TradeFly-iOS/build/Build/Intermediates.noindex/Supabase.build/Debug-iphonesimulator/Helpers.build/Objects-normal/arm64/Helpers-Swift.h (in target 'Helpers' from project 'Supabase')
    cd /Users/rioallen/Documents/DropFly-OS-App-Builder/DropFly-PROJECTS/TradeFly-iOS/build/SourcePackages/checkouts/supabase-swift
    builtin-swiftHeaderTool -arch arm64 /Users/rioallen/Documents/DropFly-OS-App-Builder/DropFly-PROJECTS/TradeFly-iOS/build/Build/Intermediates.noindex/Supabase.build/Debug-iphonesimulator/Helpers.build/Objects-normal/arm64/Helpers-Swift.h -o /Users/rioallen/Documents/DropFly-OS-App-Builder/DropFly-PROJECTS/TradeFly-iOS/build/Build/Intermediates.noindex/GeneratedModuleMaps-iphonesimulator/Helpers-Swift.h

Copy /Users/rioallen/Documents/DropFly-OS-App-Builder/DropFly-PROJECTS/TradeFly-iOS/build/Build/Products/Debug-iphonesimulator/Helpers.swiftmodule/Project/arm64-apple-ios-simulator.swiftsourceinfo /Users/rioallen/Documents/DropFly-OS-App-Builder/DropFly-PROJECTS/TradeFly-iOS/build/Build/Intermediates.noindex/Supabase.build/Debug-iphonesimulator/Helpers.build/Objects-normal/arm64/Helpers.swiftsourceinfo (in target 'Helpers' from project 'Supabase')
    cd /Users/rioallen/Documents/DropFly-OS-App-Builder/DropFly-PROJECTS/TradeFly-iOS/build/SourcePackages/checkouts/supabase-swift
    builtin-copy -exclude .DS_Store -exclude CVS -exclude .svn -exclude .git -exclude .hg -resolve-src-symlinks -rename /Users/rioallen/Documents/DropFly-OS-App-Builder/DropFly-PROJECTS/TradeFly-iOS/build/Build/Intermediates.noindex/Supabase.build/Debug-iphonesimulator/Helpers.build/Objects-normal/arm64/Helpers.swiftsourceinfo /Users/rioallen/Documents/DropFly-OS-App-Builder/DropFly-PROJECTS/TradeFly-iOS/build/Build/Products/Debug-iphonesimulator/Helpers.swiftmodule/Project/arm64-apple-ios-simulator.swiftsourceinfo

Copy /Users/rioallen/Documents/DropFly-OS-App-Builder/DropFly-PROJECTS/TradeFly-iOS/build/Build/Products/Debug-iphonesimulator/Helpers.swiftmodule/arm64-apple-ios-simulator.swiftdoc /Users/rioallen/Documents/DropFly-OS-App-Builder/DropFly-PROJECTS/TradeFly-iOS/build/Build/Intermediates.noindex/Supabase.build/Debug-iphonesimulator/Helpers.build/Objects-normal/arm64/Helpers.swiftdoc (in target 'Helpers' from project 'Supabase')
    cd /Users/rioallen/Documents/DropFly-OS-App-Builder/DropFly-PROJECTS/TradeFly-iOS/build/SourcePackages/checkouts/supabase-swift
    builtin-copy -exclude .DS_Store -exclude CVS -exclude .svn -exclude .git -exclude .hg -resolve-src-symlinks -rename /Users/rioallen/Documents/DropFly-OS-App-Builder/DropFly-PROJECTS/TradeFly-iOS/build/Build/Intermediates.noindex/Supabase.build/Debug-iphonesimulator/Helpers.build/Objects-normal/arm64/Helpers.swiftdoc /Users/rioallen/Documents/DropFly-OS-App-Builder/DropFly-PROJECTS/TradeFly-iOS/build/Build/Products/Debug-iphonesimulator/Helpers.swiftmodule/arm64-apple-ios-simulator.swiftdoc

Copy /Users/rioallen/Documents/DropFly-OS-App-Builder/DropFly-PROJECTS/TradeFly-iOS/build/Build/Products/Debug-iphonesimulator/Helpers.swiftmodule/arm64-apple-ios-simulator.swiftmodule /Users/rioallen/Documents/DropFly-OS-App-Builder/DropFly-PROJECTS/TradeFly-iOS/build/Build/Intermediates.noindex/Supabase.build/Debug-iphonesimulator/Helpers.build/Objects-normal/arm64/Helpers.swiftmodule (in target 'Helpers' from project 'Supabase')
    cd /Users/rioallen/Documents/DropFly-OS-App-Builder/DropFly-PROJECTS/TradeFly-iOS/build/SourcePackages/checkouts/supabase-swift
    builtin-copy -exclude .DS_Store -exclude CVS -exclude .svn -exclude .git -exclude .hg -resolve-src-symlinks -rename /Users/rioallen/Documents/DropFly-OS-App-Builder/DropFly-PROJECTS/TradeFly-iOS/build/Build/Intermediates.noindex/Supabase.build/Debug-iphonesimulator/Helpers.build/Objects-normal/arm64/Helpers.swiftmodule /Users/rioallen/Documents/DropFly-OS-App-Builder/DropFly-PROJECTS/TradeFly-iOS/build/Build/Products/Debug-iphonesimulator/Helpers.swiftmodule/arm64-apple-ios-simulator.swiftmodule

Copy /Users/rioallen/Documents/DropFly-OS-App-Builder/DropFly-PROJECTS/TradeFly-iOS/build/Build/Products/Debug-iphonesimulator/Helpers.swiftmodule/arm64-apple-ios-simulator.abi.json /Users/rioallen/Documents/DropFly-OS-App-Builder/DropFly-PROJECTS/TradeFly-iOS/build/Build/Intermediates.noindex/Supabase.build/Debug-iphonesimulator/Helpers.build/Objects-normal/arm64/Helpers.abi.json (in target 'Helpers' from project 'Supabase')
    cd /Users/rioallen/Documents/DropFly-OS-App-Builder/DropFly-PROJECTS/TradeFly-iOS/build/SourcePackages/checkouts/supabase-swift
    builtin-copy -exclude .DS_Store -exclude CVS -exclude .svn -exclude .git -exclude .hg -resolve-src-symlinks -rename /Users/rioallen/Documents/DropFly-OS-App-Builder/DropFly-PROJECTS/TradeFly-iOS/build/Build/Intermediates.noindex/Supabase.build/Debug-iphonesimulator/Helpers.build/Objects-normal/arm64/Helpers.abi.json /Users/rioallen/Documents/DropFly-OS-App-Builder/DropFly-PROJECTS/TradeFly-iOS/build/Build/Products/Debug-iphonesimulator/Helpers.swiftmodule/arm64-apple-ios-simulator.abi.json

SwiftDriver Storage normal arm64 com.apple.xcode.tools.swift.compiler (in target 'Storage' from project 'Supabase')
    cd /Users/rioallen/Documents/DropFly-OS-App-Builder/DropFly-PROJECTS/TradeFly-iOS/TradeFly.xcodeproj
    builtin-SwiftDriver -- /Applications/Xcode.app/Contents/Developer/Toolchains/XcodeDefault.xctoolchain/usr/bin/swiftc -module-name Storage -Onone -enforce-exclusivity\=checked @/Users/rioallen/Documents/DropFly-OS-App-Builder/DropFly-PROJECTS/TradeFly-iOS/build/Build/Intermediates.noindex/Supabase.build/Debug-iphonesimulator/Storage.build/Objects-normal/arm64/Storage.SwiftFileList -DSWIFT_PACKAGE -DDEBUG -DSWIFT_MODULE_RESOURCE_BUNDLE_UNAVAILABLE -DXcode -enable-upcoming-feature ExistentialAny -enable-experimental-feature StrictConcurrency -plugin-path /Applications/Xcode.app/Contents/Developer/Toolchains/XcodeDefault.xctoolchain/usr/lib/swift/host/plugins/testing -enable-experimental-feature DebugDescriptionMacro -sdk /Applications/Xcode.app/Contents/Developer/Platforms/iPhoneSimulator.platform/Developer/SDKs/iPhoneSimulator26.1.sdk -target arm64-apple-ios13.0-simulator -g -module-cache-path /Users/rioallen/Documents/DropFly-OS-App-Builder/DropFly-PROJECTS/TradeFly-iOS/build/ModuleCache.noindex -Xfrontend -serialize-debugging-options -enable-testing -suppress-warnings -index-store-path /Users/rioallen/Documents/DropFly-OS-App-Builder/DropFly-PROJECTS/TradeFly-iOS/build/Index.noindex/DataStore -Xcc -D_LIBCPP_HARDENING_MODE\=_LIBCPP_HARDENING_MODE_DEBUG -swift-version 5 -I /Users/rioallen/Documents/DropFly-OS-App-Builder/DropFly-PROJECTS/TradeFly-iOS/build/Build/Products/Debug-iphonesimulator -Isystem /Applications/Xcode.app/Contents/Developer/Platforms/iPhoneSimulator.platform/Developer/usr/lib -F /Users/rioallen/Documents/DropFly-OS-App-Builder/DropFly-PROJECTS/TradeFly-iOS/build/Build/Products/Debug-iphonesimulator/PackageFrameworks -F /Users/rioallen/Documents/DropFly-OS-App-Builder/DropFly-PROJECTS/TradeFly-iOS/build/Build/Products/Debug-iphonesimulator/PackageFrameworks -F /Users/rioallen/Documents/DropFly-OS-App-Builder/DropFly-PROJECTS/TradeFly-iOS/build/Build/Products/Debug-iphonesimulator/PackageFrameworks -F /Users/rioallen/Documents/DropFly-OS-App-Builder/DropFly-PROJECTS/TradeFly-iOS/build/Build/Products/Debug-iphonesimulator/PackageFrameworks -F /Users/rioallen/Documents/DropFly-OS-App-Builder/DropFly-PROJECTS/TradeFly-iOS/build/Build/Products/Debug-iphonesimulator/PackageFrameworks -F /Users/rioallen/Documents/DropFly-OS-App-Builder/DropFly-PROJECTS/TradeFly-iOS/build/Build/Products/Debug-iphonesimulator/PackageFrameworks -F /Users/rioallen/Documents/DropFly-OS-App-Builder/DropFly-PROJECTS/TradeFly-iOS/build/Build/Products/Debug-iphonesimulator/PackageFrameworks -F /Users/rioallen/Documents/DropFly-OS-App-Builder/DropFly-PROJECTS/TradeFly-iOS/build/Build/Products/Debug-iphonesimulator -F /Applications/Xcode.app/Contents/Developer/Platforms/iPhoneSimulator.platform/Developer/Library/Frameworks -F /Applications/Xcode.app/Contents/Developer/Platforms/iPhoneSimulator.platform/Developer/SDKs/iPhoneSimulator26.1.sdk/Developer/Library/Frameworks -c -j16 -enable-batch-mode -incremental -Xcc -ivfsstatcache -Xcc /Users/rioallen/Documents/DropFly-OS-App-Builder/DropFly-PROJECTS/TradeFly-iOS/build/SDKStatCaches.noindex/iphonesimulator26.1-23B77-90cf18a4295e390e64c810bc6bd7acbc.sdkstatcache -output-file-map /Users/rioallen/Documents/DropFly-OS-App-Builder/DropFly-PROJECTS/TradeFly-iOS/build/Build/Intermediates.noindex/Supabase.build/Debug-iphonesimulator/Storage.build/Objects-normal/arm64/Storage-OutputFileMap.json -use-frontend-parseable-output -save-temps -no-color-diagnostics -explicit-module-build -module-cache-path /Users/rioallen/Documents/DropFly-OS-App-Builder/DropFly-PROJECTS/TradeFly-iOS/build/Build/Intermediates.noindex/SwiftExplicitPrecompiledModules -clang-scanner-module-cache-path /Users/rioallen/Documents/DropFly-OS-App-Builder/DropFly-PROJECTS/TradeFly-iOS/build/ModuleCache.noindex -sdk-module-cache-path /Users/rioallen/Documents/DropFly-OS-App-Builder/DropFly-PROJECTS/TradeFly-iOS/build/ModuleCache.noindex -serialize-diagnostics -emit-dependencies -emit-module -emit-module-path /Users/rioallen/Documents/DropFly-OS-App-Builder/DropFly-PROJECTS/TradeFly-iOS/build/Build/Intermediates.noindex/Supabase.build/Debug-iphonesimulator/Storage.build/Objects-normal/arm64/Storage.swiftmodule -validate-clang-modules-once -clang-build-session-file /Users/rioallen/Documents/DropFly-OS-App-Builder/DropFly-PROJECTS/TradeFly-iOS/build/ModuleCache.noindex/Session.modulevalidation -package-name supabase_swift -Xcc -I/Users/rioallen/Documents/DropFly-OS-App-Builder/DropFly-PROJECTS/TradeFly-iOS/build/Build/Intermediates.noindex/Supabase.build/Debug-iphonesimulator/Storage.build/swift-overrides.hmap -emit-const-values -Xfrontend -const-gather-protocols-file -Xfrontend /Users/rioallen/Documents/DropFly-OS-App-Builder/DropFly-PROJECTS/TradeFly-iOS/build/Build/Intermediates.noindex/Supabase.build/Debug-iphonesimulator/Storage.build/Objects-normal/arm64/Storage_const_extract_protocols.json -Xcc -I/Users/rioallen/Documents/DropFly-OS-App-Builder/DropFly-PROJECTS/TradeFly-iOS/build/Build/Products/Debug-iphonesimulator/include -Xcc -I/Users/rioallen/Documents/DropFly-OS-App-Builder/DropFly-PROJECTS/TradeFly-iOS/build/Build/Intermediates.noindex/Supabase.build/Debug-iphonesimulator/Storage.build/DerivedSources-normal/arm64 -Xcc -I/Users/rioallen/Documents/DropFly-OS-App-Builder/DropFly-PROJECTS/TradeFly-iOS/build/Build/Intermediates.noindex/Supabase.build/Debug-iphonesimulator/Storage.build/DerivedSources/arm64 -Xcc -I/Users/rioallen/Documents/DropFly-OS-App-Builder/DropFly-PROJECTS/TradeFly-iOS/build/Build/Intermediates.noindex/Supabase.build/Debug-iphonesimulator/Storage.build/DerivedSources -Xcc -DSWIFT_PACKAGE -Xcc -DDEBUG\=1 -emit-objc-header -emit-objc-header-path /Users/rioallen/Documents/DropFly-OS-App-Builder/DropFly-PROJECTS/TradeFly-iOS/build/Build/Intermediates.noindex/Supabase.build/Debug-iphonesimulator/Storage.build/Objects-normal/arm64/Storage-Swift.h -working-directory /Users/rioallen/Documents/DropFly-OS-App-Builder/DropFly-PROJECTS/TradeFly-iOS/TradeFly.xcodeproj -experimental-emit-module-separately -disable-cmo

SwiftDriver Realtime normal arm64 com.apple.xcode.tools.swift.compiler (in target 'Realtime' from project 'Supabase')
    cd /Users/rioallen/Documents/DropFly-OS-App-Builder/DropFly-PROJECTS/TradeFly-iOS/TradeFly.xcodeproj
    builtin-SwiftDriver -- /Applications/Xcode.app/Contents/Developer/Toolchains/XcodeDefault.xctoolchain/usr/bin/swiftc -module-name Realtime -Onone -enforce-exclusivity\=checked @/Users/rioallen/Documents/DropFly-OS-App-Builder/DropFly-PROJECTS/TradeFly-iOS/build/Build/Intermediates.noindex/Supabase.build/Debug-iphonesimulator/Realtime.build/Objects-normal/arm64/Realtime.SwiftFileList -DSWIFT_PACKAGE -DDEBUG -DSWIFT_MODULE_RESOURCE_BUNDLE_UNAVAILABLE -DXcode -enable-upcoming-feature ExistentialAny -enable-experimental-feature StrictConcurrency -plugin-path /Applications/Xcode.app/Contents/Developer/Toolchains/XcodeDefault.xctoolchain/usr/lib/swift/host/plugins/testing -enable-experimental-feature DebugDescriptionMacro -sdk /Applications/Xcode.app/Contents/Developer/Platforms/iPhoneSimulator.platform/Developer/SDKs/iPhoneSimulator26.1.sdk -target arm64-apple-ios13.0-simulator -g -module-cache-path /Users/rioallen/Documents/DropFly-OS-App-Builder/DropFly-PROJECTS/TradeFly-iOS/build/ModuleCache.noindex -Xfrontend -serialize-debugging-options -enable-testing -suppress-warnings -index-store-path /Users/rioallen/Documents/DropFly-OS-App-Builder/DropFly-PROJECTS/TradeFly-iOS/build/Index.noindex/DataStore -Xcc -D_LIBCPP_HARDENING_MODE\=_LIBCPP_HARDENING_MODE_DEBUG -swift-version 5 -I /Users/rioallen/Documents/DropFly-OS-App-Builder/DropFly-PROJECTS/TradeFly-iOS/build/Build/Products/Debug-iphonesimulator -Isystem /Applications/Xcode.app/Contents/Developer/Platforms/iPhoneSimulator.platform/Developer/usr/lib -F /Users/rioallen/Documents/DropFly-OS-App-Builder/DropFly-PROJECTS/TradeFly-iOS/build/Build/Products/Debug-iphonesimulator/PackageFrameworks -F /Users/rioallen/Documents/DropFly-OS-App-Builder/DropFly-PROJECTS/TradeFly-iOS/build/Build/Products/Debug-iphonesimulator/PackageFrameworks -F /Users/rioallen/Documents/DropFly-OS-App-Builder/DropFly-PROJECTS/TradeFly-iOS/build/Build/Products/Debug-iphonesimulator/PackageFrameworks -F /Users/rioallen/Documents/DropFly-OS-App-Builder/DropFly-PROJECTS/TradeFly-iOS/build/Build/Products/Debug-iphonesimulator/PackageFrameworks -F /Users/rioallen/Documents/DropFly-OS-App-Builder/DropFly-PROJECTS/TradeFly-iOS/build/Build/Products/Debug-iphonesimulator/PackageFrameworks -F /Users/rioallen/Documents/DropFly-OS-App-Builder/DropFly-PROJECTS/TradeFly-iOS/build/Build/Products/Debug-iphonesimulator/PackageFrameworks -F /Users/rioallen/Documents/DropFly-OS-App-Builder/DropFly-PROJECTS/TradeFly-iOS/build/Build/Products/Debug-iphonesimulator/PackageFrameworks -F /Users/rioallen/Documents/DropFly-OS-App-Builder/DropFly-PROJECTS/TradeFly-iOS/build/Build/Products/Debug-iphonesimulator -F /Applications/Xcode.app/Contents/Developer/Platforms/iPhoneSimulator.platform/Developer/Library/Frameworks -F /Applications/Xcode.app/Contents/Developer/Platforms/iPhoneSimulator.platform/Developer/SDKs/iPhoneSimulator26.1.sdk/Developer/Library/Frameworks -c -j16 -enable-batch-mode -incremental -Xcc -ivfsstatcache -Xcc /Users/rioallen/Documents/DropFly-OS-App-Builder/DropFly-PROJECTS/TradeFly-iOS/build/SDKStatCaches.noindex/iphonesimulator26.1-23B77-90cf18a4295e390e64c810bc6bd7acbc.sdkstatcache -output-file-map /Users/rioallen/Documents/DropFly-OS-App-Builder/DropFly-PROJECTS/TradeFly-iOS/build/Build/Intermediates.noindex/Supabase.build/Debug-iphonesimulator/Realtime.build/Objects-normal/arm64/Realtime-OutputFileMap.json -use-frontend-parseable-output -save-temps -no-color-diagnostics -explicit-module-build -module-cache-path /Users/rioallen/Documents/DropFly-OS-App-Builder/DropFly-PROJECTS/TradeFly-iOS/build/Build/Intermediates.noindex/SwiftExplicitPrecompiledModules -clang-scanner-module-cache-path /Users/rioallen/Documents/DropFly-OS-App-Builder/DropFly-PROJECTS/TradeFly-iOS/build/ModuleCache.noindex -sdk-module-cache-path /Users/rioallen/Documents/DropFly-OS-App-Builder/DropFly-PROJECTS/TradeFly-iOS/build/ModuleCache.noindex -serialize-diagnostics -emit-dependencies -emit-module -emit-module-path /Users/rioallen/Documents/DropFly-OS-App-Builder/DropFly-PROJECTS/TradeFly-iOS/build/Build/Intermediates.noindex/Supabase.build/Debug-iphonesimulator/Realtime.build/Objects-normal/arm64/Realtime.swiftmodule -validate-clang-modules-once -clang-build-session-file /Users/rioallen/Documents/DropFly-OS-App-Builder/DropFly-PROJECTS/TradeFly-iOS/build/ModuleCache.noindex/Session.modulevalidation -package-name supabase_swift -Xcc -I/Users/rioallen/Documents/DropFly-OS-App-Builder/DropFly-PROJECTS/TradeFly-iOS/build/Build/Intermediates.noindex/Supabase.build/Debug-iphonesimulator/Realtime.build/swift-overrides.hmap -emit-const-values -Xfrontend -const-gather-protocols-file -Xfrontend /Users/rioallen/Documents/DropFly-OS-App-Builder/DropFly-PROJECTS/TradeFly-iOS/build/Build/Intermediates.noindex/Supabase.build/Debug-iphonesimulator/Realtime.build/Objects-normal/arm64/Realtime_const_extract_protocols.json -Xcc -I/Users/rioallen/Documents/DropFly-OS-App-Builder/DropFly-PROJECTS/TradeFly-iOS/build/Build/Products/Debug-iphonesimulator/include -Xcc -I/Users/rioallen/Documents/DropFly-OS-App-Builder/DropFly-PROJECTS/TradeFly-iOS/build/Build/Intermediates.noindex/Supabase.build/Debug-iphonesimulator/Realtime.build/DerivedSources-normal/arm64 -Xcc -I/Users/rioallen/Documents/DropFly-OS-App-Builder/DropFly-PROJECTS/TradeFly-iOS/build/Build/Intermediates.noindex/Supabase.build/Debug-iphonesimulator/Realtime.build/DerivedSources/arm64 -Xcc -I/Users/rioallen/Documents/DropFly-OS-App-Builder/DropFly-PROJECTS/TradeFly-iOS/build/Build/Intermediates.noindex/Supabase.build/Debug-iphonesimulator/Realtime.build/DerivedSources -Xcc -DSWIFT_PACKAGE -Xcc -DDEBUG\=1 -emit-objc-header -emit-objc-header-path /Users/rioallen/Documents/DropFly-OS-App-Builder/DropFly-PROJECTS/TradeFly-iOS/build/Build/Intermediates.noindex/Supabase.build/Debug-iphonesimulator/Realtime.build/Objects-normal/arm64/Realtime-Swift.h -working-directory /Users/rioallen/Documents/DropFly-OS-App-Builder/DropFly-PROJECTS/TradeFly-iOS/TradeFly.xcodeproj -experimental-emit-module-separately -disable-cmo

SwiftDriver PostgREST normal arm64 com.apple.xcode.tools.swift.compiler (in target 'PostgREST' from project 'Supabase')
    cd /Users/rioallen/Documents/DropFly-OS-App-Builder/DropFly-PROJECTS/TradeFly-iOS/TradeFly.xcodeproj
    builtin-SwiftDriver -- /Applications/Xcode.app/Contents/Developer/Toolchains/XcodeDefault.xctoolchain/usr/bin/swiftc -module-name PostgREST -Onone -enforce-exclusivity\=checked @/Users/rioallen/Documents/DropFly-OS-App-Builder/DropFly-PROJECTS/TradeFly-iOS/build/Build/Intermediates.noindex/Supabase.build/Debug-iphonesimulator/PostgREST.build/Objects-normal/arm64/PostgREST.SwiftFileList -DSWIFT_PACKAGE -DDEBUG -DSWIFT_MODULE_RESOURCE_BUNDLE_UNAVAILABLE -DXcode -enable-upcoming-feature ExistentialAny -enable-experimental-feature StrictConcurrency -plugin-path /Applications/Xcode.app/Contents/Developer/Toolchains/XcodeDefault.xctoolchain/usr/lib/swift/host/plugins/testing -enable-experimental-feature DebugDescriptionMacro -sdk /Applications/Xcode.app/Contents/Developer/Platforms/iPhoneSimulator.platform/Developer/SDKs/iPhoneSimulator26.1.sdk -target arm64-apple-ios13.0-simulator -g -module-cache-path /Users/rioallen/Documents/DropFly-OS-App-Builder/DropFly-PROJECTS/TradeFly-iOS/build/ModuleCache.noindex -Xfrontend -serialize-debugging-options -enable-testing -suppress-warnings -index-store-path /Users/rioallen/Documents/DropFly-OS-App-Builder/DropFly-PROJECTS/TradeFly-iOS/build/Index.noindex/DataStore -Xcc -D_LIBCPP_HARDENING_MODE\=_LIBCPP_HARDENING_MODE_DEBUG -swift-version 5 -I /Users/rioallen/Documents/DropFly-OS-App-Builder/DropFly-PROJECTS/TradeFly-iOS/build/Build/Products/Debug-iphonesimulator -Isystem /Applications/Xcode.app/Contents/Developer/Platforms/iPhoneSimulator.platform/Developer/usr/lib -F /Users/rioallen/Documents/DropFly-OS-App-Builder/DropFly-PROJECTS/TradeFly-iOS/build/Build/Products/Debug-iphonesimulator/PackageFrameworks -F /Users/rioallen/Documents/DropFly-OS-App-Builder/DropFly-PROJECTS/TradeFly-iOS/build/Build/Products/Debug-iphonesimulator/PackageFrameworks -F /Users/rioallen/Documents/DropFly-OS-App-Builder/DropFly-PROJECTS/TradeFly-iOS/build/Build/Products/Debug-iphonesimulator/PackageFrameworks -F /Users/rioallen/Documents/DropFly-OS-App-Builder/DropFly-PROJECTS/TradeFly-iOS/build/Build/Products/Debug-iphonesimulator/PackageFrameworks -F /Users/rioallen/Documents/DropFly-OS-App-Builder/DropFly-PROJECTS/TradeFly-iOS/build/Build/Products/Debug-iphonesimulator/PackageFrameworks -F /Users/rioallen/Documents/DropFly-OS-App-Builder/DropFly-PROJECTS/TradeFly-iOS/build/Build/Products/Debug-iphonesimulator/PackageFrameworks -F /Users/rioallen/Documents/DropFly-OS-App-Builder/DropFly-PROJECTS/TradeFly-iOS/build/Build/Products/Debug-iphonesimulator/PackageFrameworks -F /Users/rioallen/Documents/DropFly-OS-App-Builder/DropFly-PROJECTS/TradeFly-iOS/build/Build/Products/Debug-iphonesimulator -F /Applications/Xcode.app/Contents/Developer/Platforms/iPhoneSimulator.platform/Developer/Library/Frameworks -F /Applications/Xcode.app/Contents/Developer/Platforms/iPhoneSimulator.platform/Developer/SDKs/iPhoneSimulator26.1.sdk/Developer/Library/Frameworks -c -j16 -enable-batch-mode -incremental -Xcc -ivfsstatcache -Xcc /Users/rioallen/Documents/DropFly-OS-App-Builder/DropFly-PROJECTS/TradeFly-iOS/build/SDKStatCaches.noindex/iphonesimulator26.1-23B77-90cf18a4295e390e64c810bc6bd7acbc.sdkstatcache -output-file-map /Users/rioallen/Documents/DropFly-OS-App-Builder/DropFly-PROJECTS/TradeFly-iOS/build/Build/Intermediates.noindex/Supabase.build/Debug-iphonesimulator/PostgREST.build/Objects-normal/arm64/PostgREST-OutputFileMap.json -use-frontend-parseable-output -save-temps -no-color-diagnostics -explicit-module-build -module-cache-path /Users/rioallen/Documents/DropFly-OS-App-Builder/DropFly-PROJECTS/TradeFly-iOS/build/Build/Intermediates.noindex/SwiftExplicitPrecompiledModules -clang-scanner-module-cache-path /Users/rioallen/Documents/DropFly-OS-App-Builder/DropFly-PROJECTS/TradeFly-iOS/build/ModuleCache.noindex -sdk-module-cache-path /Users/rioallen/Documents/DropFly-OS-App-Builder/DropFly-PROJECTS/TradeFly-iOS/build/ModuleCache.noindex -serialize-diagnostics -emit-dependencies -emit-module -emit-module-path /Users/rioallen/Documents/DropFly-OS-App-Builder/DropFly-PROJECTS/TradeFly-iOS/build/Build/Intermediates.noindex/Supabase.build/Debug-iphonesimulator/PostgREST.build/Objects-normal/arm64/PostgREST.swiftmodule -validate-clang-modules-once -clang-build-session-file /Users/rioallen/Documents/DropFly-OS-App-Builder/DropFly-PROJECTS/TradeFly-iOS/build/ModuleCache.noindex/Session.modulevalidation -package-name supabase_swift -Xcc -I/Users/rioallen/Documents/DropFly-OS-App-Builder/DropFly-PROJECTS/TradeFly-iOS/build/Build/Intermediates.noindex/Supabase.build/Debug-iphonesimulator/PostgREST.build/swift-overrides.hmap -emit-const-values -Xfrontend -const-gather-protocols-file -Xfrontend /Users/rioallen/Documents/DropFly-OS-App-Builder/DropFly-PROJECTS/TradeFly-iOS/build/Build/Intermediates.noindex/Supabase.build/Debug-iphonesimulator/PostgREST.build/Objects-normal/arm64/PostgREST_const_extract_protocols.json -Xcc -I/Users/rioallen/Documents/DropFly-OS-App-Builder/DropFly-PROJECTS/TradeFly-iOS/build/Build/Products/Debug-iphonesimulator/include -Xcc -I/Users/rioallen/Documents/DropFly-OS-App-Builder/DropFly-PROJECTS/TradeFly-iOS/build/Build/Intermediates.noindex/Supabase.build/Debug-iphonesimulator/PostgREST.build/DerivedSources-normal/arm64 -Xcc -I/Users/rioallen/Documents/DropFly-OS-App-Builder/DropFly-PROJECTS/TradeFly-iOS/build/Build/Intermediates.noindex/Supabase.build/Debug-iphonesimulator/PostgREST.build/DerivedSources/arm64 -Xcc -I/Users/rioallen/Documents/DropFly-OS-App-Builder/DropFly-PROJECTS/TradeFly-iOS/build/Build/Intermediates.noindex/Supabase.build/Debug-iphonesimulator/PostgREST.build/DerivedSources -Xcc -DSWIFT_PACKAGE -Xcc -DDEBUG\=1 -emit-objc-header -emit-objc-header-path /Users/rioallen/Documents/DropFly-OS-App-Builder/DropFly-PROJECTS/TradeFly-iOS/build/Build/Intermediates.noindex/Supabase.build/Debug-iphonesimulator/PostgREST.build/Objects-normal/arm64/PostgREST-Swift.h -working-directory /Users/rioallen/Documents/DropFly-OS-App-Builder/DropFly-PROJECTS/TradeFly-iOS/TradeFly.xcodeproj -experimental-emit-module-separately -disable-cmo

SwiftDriver Functions normal arm64 com.apple.xcode.tools.swift.compiler (in target 'Functions' from project 'Supabase')
    cd /Users/rioallen/Documents/DropFly-OS-App-Builder/DropFly-PROJECTS/TradeFly-iOS/TradeFly.xcodeproj
    builtin-SwiftDriver -- /Applications/Xcode.app/Contents/Developer/Toolchains/XcodeDefault.xctoolchain/usr/bin/swiftc -module-name Functions -Onone -enforce-exclusivity\=checked @/Users/rioallen/Documents/DropFly-OS-App-Builder/DropFly-PROJECTS/TradeFly-iOS/build/Build/Intermediates.noindex/Supabase.build/Debug-iphonesimulator/Functions.build/Objects-normal/arm64/Functions.SwiftFileList -DSWIFT_PACKAGE -DDEBUG -DSWIFT_MODULE_RESOURCE_BUNDLE_UNAVAILABLE -DXcode -enable-upcoming-feature ExistentialAny -enable-experimental-feature StrictConcurrency -plugin-path /Applications/Xcode.app/Contents/Developer/Toolchains/XcodeDefault.xctoolchain/usr/lib/swift/host/plugins/testing -enable-experimental-feature DebugDescriptionMacro -sdk /Applications/Xcode.app/Contents/Developer/Platforms/iPhoneSimulator.platform/Developer/SDKs/iPhoneSimulator26.1.sdk -target arm64-apple-ios13.0-simulator -g -module-cache-path /Users/rioallen/Documents/DropFly-OS-App-Builder/DropFly-PROJECTS/TradeFly-iOS/build/ModuleCache.noindex -Xfrontend -serialize-debugging-options -enable-testing -suppress-warnings -index-store-path /Users/rioallen/Documents/DropFly-OS-App-Builder/DropFly-PROJECTS/TradeFly-iOS/build/Index.noindex/DataStore -Xcc -D_LIBCPP_HARDENING_MODE\=_LIBCPP_HARDENING_MODE_DEBUG -swift-version 5 -I /Users/rioallen/Documents/DropFly-OS-App-Builder/DropFly-PROJECTS/TradeFly-iOS/build/Build/Products/Debug-iphonesimulator -Isystem /Applications/Xcode.app/Contents/Developer/Platforms/iPhoneSimulator.platform/Developer/usr/lib -F /Users/rioallen/Documents/DropFly-OS-App-Builder/DropFly-PROJECTS/TradeFly-iOS/build/Build/Products/Debug-iphonesimulator/PackageFrameworks -F /Users/rioallen/Documents/DropFly-OS-App-Builder/DropFly-PROJECTS/TradeFly-iOS/build/Build/Products/Debug-iphonesimulator/PackageFrameworks -F /Users/rioallen/Documents/DropFly-OS-App-Builder/DropFly-PROJECTS/TradeFly-iOS/build/Build/Products/Debug-iphonesimulator/PackageFrameworks -F /Users/rioallen/Documents/DropFly-OS-App-Builder/DropFly-PROJECTS/TradeFly-iOS/build/Build/Products/Debug-iphonesimulator/PackageFrameworks -F /Users/rioallen/Documents/DropFly-OS-App-Builder/DropFly-PROJECTS/TradeFly-iOS/build/Build/Products/Debug-iphonesimulator/PackageFrameworks -F /Users/rioallen/Documents/DropFly-OS-App-Builder/DropFly-PROJECTS/TradeFly-iOS/build/Build/Products/Debug-iphonesimulator/PackageFrameworks -F /Users/rioallen/Documents/DropFly-OS-App-Builder/DropFly-PROJECTS/TradeFly-iOS/build/Build/Products/Debug-iphonesimulator/PackageFrameworks -F /Users/rioallen/Documents/DropFly-OS-App-Builder/DropFly-PROJECTS/TradeFly-iOS/build/Build/Products/Debug-iphonesimulator -F /Applications/Xcode.app/Contents/Developer/Platforms/iPhoneSimulator.platform/Developer/Library/Frameworks -F /Applications/Xcode.app/Contents/Developer/Platforms/iPhoneSimulator.platform/Developer/SDKs/iPhoneSimulator26.1.sdk/Developer/Library/Frameworks -c -j16 -enable-batch-mode -incremental -Xcc -ivfsstatcache -Xcc /Users/rioallen/Documents/DropFly-OS-App-Builder/DropFly-PROJECTS/TradeFly-iOS/build/SDKStatCaches.noindex/iphonesimulator26.1-23B77-90cf18a4295e390e64c810bc6bd7acbc.sdkstatcache -output-file-map /Users/rioallen/Documents/DropFly-OS-App-Builder/DropFly-PROJECTS/TradeFly-iOS/build/Build/Intermediates.noindex/Supabase.build/Debug-iphonesimulator/Functions.build/Objects-normal/arm64/Functions-OutputFileMap.json -use-frontend-parseable-output -save-temps -no-color-diagnostics -explicit-module-build -module-cache-path /Users/rioallen/Documents/DropFly-OS-App-Builder/DropFly-PROJECTS/TradeFly-iOS/build/Build/Intermediates.noindex/SwiftExplicitPrecompiledModules -clang-scanner-module-cache-path /Users/rioallen/Documents/DropFly-OS-App-Builder/DropFly-PROJECTS/TradeFly-iOS/build/ModuleCache.noindex -sdk-module-cache-path /Users/rioallen/Documents/DropFly-OS-App-Builder/DropFly-PROJECTS/TradeFly-iOS/build/ModuleCache.noindex -serialize-diagnostics -emit-dependencies -emit-module -emit-module-path /Users/rioallen/Documents/DropFly-OS-App-Builder/DropFly-PROJECTS/TradeFly-iOS/build/Build/Intermediates.noindex/Supabase.build/Debug-iphonesimulator/Functions.build/Objects-normal/arm64/Functions.swiftmodule -validate-clang-modules-once -clang-build-session-file /Users/rioallen/Documents/DropFly-OS-App-Builder/DropFly-PROJECTS/TradeFly-iOS/build/ModuleCache.noindex/Session.modulevalidation -package-name supabase_swift -Xcc -I/Users/rioallen/Documents/DropFly-OS-App-Builder/DropFly-PROJECTS/TradeFly-iOS/build/Build/Intermediates.noindex/Supabase.build/Debug-iphonesimulator/Functions.build/swift-overrides.hmap -emit-const-values -Xfrontend -const-gather-protocols-file -Xfrontend /Users/rioallen/Documents/DropFly-OS-App-Builder/DropFly-PROJECTS/TradeFly-iOS/build/Build/Intermediates.noindex/Supabase.build/Debug-iphonesimulator/Functions.build/Objects-normal/arm64/Functions_const_extract_protocols.json -Xcc -I/Users/rioallen/Documents/DropFly-OS-App-Builder/DropFly-PROJECTS/TradeFly-iOS/build/Build/Products/Debug-iphonesimulator/include -Xcc -I/Users/rioallen/Documents/DropFly-OS-App-Builder/DropFly-PROJECTS/TradeFly-iOS/build/Build/Intermediates.noindex/Supabase.build/Debug-iphonesimulator/Functions.build/DerivedSources-normal/arm64 -Xcc -I/Users/rioallen/Documents/DropFly-OS-App-Builder/DropFly-PROJECTS/TradeFly-iOS/build/Build/Intermediates.noindex/Supabase.build/Debug-iphonesimulator/Functions.build/DerivedSources/arm64 -Xcc -I/Users/rioallen/Documents/DropFly-OS-App-Builder/DropFly-PROJECTS/TradeFly-iOS/build/Build/Intermediates.noindex/Supabase.build/Debug-iphonesimulator/Functions.build/DerivedSources -Xcc -DSWIFT_PACKAGE -Xcc -DDEBUG\=1 -emit-objc-header -emit-objc-header-path /Users/rioallen/Documents/DropFly-OS-App-Builder/DropFly-PROJECTS/TradeFly-iOS/build/Build/Intermediates.noindex/Supabase.build/Debug-iphonesimulator/Functions.build/Objects-normal/arm64/Functions-Swift.h -working-directory /Users/rioallen/Documents/DropFly-OS-App-Builder/DropFly-PROJECTS/TradeFly-iOS/TradeFly.xcodeproj -experimental-emit-module-separately -disable-cmo

SwiftDriverJobDiscovery normal arm64 Compiling URLSession+AsyncAwait.swift (in target 'Helpers' from project 'Supabase')

SwiftDriverJobDiscovery normal arm64 Compiling LoggerInterceptor.swift, RetryRequestInterceptor.swift (in target 'Helpers' from project 'Supabase')

SwiftDriver Auth normal arm64 com.apple.xcode.tools.swift.compiler (in target 'Auth' from project 'Supabase')
    cd /Users/rioallen/Documents/DropFly-OS-App-Builder/DropFly-PROJECTS/TradeFly-iOS/TradeFly.xcodeproj
    builtin-SwiftDriver -- /Applications/Xcode.app/Contents/Developer/Toolchains/XcodeDefault.xctoolchain/usr/bin/swiftc -module-name Auth -Onone -enforce-exclusivity\=checked @/Users/rioallen/Documents/DropFly-OS-App-Builder/DropFly-PROJECTS/TradeFly-iOS/build/Build/Intermediates.noindex/Supabase.build/Debug-iphonesimulator/Auth.build/Objects-normal/arm64/Auth.SwiftFileList -DSWIFT_PACKAGE -DDEBUG -DSWIFT_MODULE_RESOURCE_BUNDLE_UNAVAILABLE -DXcode -enable-upcoming-feature ExistentialAny -enable-experimental-feature StrictConcurrency -plugin-path /Applications/Xcode.app/Contents/Developer/Toolchains/XcodeDefault.xctoolchain/usr/lib/swift/host/plugins/testing -enable-experimental-feature DebugDescriptionMacro -sdk /Applications/Xcode.app/Contents/Developer/Platforms/iPhoneSimulator.platform/Developer/SDKs/iPhoneSimulator26.1.sdk -target arm64-apple-ios13.0-simulator -g -module-cache-path /Users/rioallen/Documents/DropFly-OS-App-Builder/DropFly-PROJECTS/TradeFly-iOS/build/ModuleCache.noindex -Xfrontend -serialize-debugging-options -enable-testing -suppress-warnings -index-store-path /Users/rioallen/Documents/DropFly-OS-App-Builder/DropFly-PROJECTS/TradeFly-iOS/build/Index.noindex/DataStore -Xcc -D_LIBCPP_HARDENING_MODE\=_LIBCPP_HARDENING_MODE_DEBUG -swift-version 5 -I /Users/rioallen/Documents/DropFly-OS-App-Builder/DropFly-PROJECTS/TradeFly-iOS/build/Build/Products/Debug-iphonesimulator -Isystem /Applications/Xcode.app/Contents/Developer/Platforms/iPhoneSimulator.platform/Developer/usr/lib -F /Users/rioallen/Documents/DropFly-OS-App-Builder/DropFly-PROJECTS/TradeFly-iOS/build/Build/Products/Debug-iphonesimulator/PackageFrameworks -F /Users/rioallen/Documents/DropFly-OS-App-Builder/DropFly-PROJECTS/TradeFly-iOS/build/Build/Products/Debug-iphonesimulator/PackageFrameworks -F /Users/rioallen/Documents/DropFly-OS-App-Builder/DropFly-PROJECTS/TradeFly-iOS/build/Build/Products/Debug-iphonesimulator/PackageFrameworks -F /Users/rioallen/Documents/DropFly-OS-App-Builder/DropFly-PROJECTS/TradeFly-iOS/build/Build/Products/Debug-iphonesimulator/PackageFrameworks -F /Users/rioallen/Documents/DropFly-OS-App-Builder/DropFly-PROJECTS/TradeFly-iOS/build/Build/Products/Debug-iphonesimulator/PackageFrameworks -F /Users/rioallen/Documents/DropFly-OS-App-Builder/DropFly-PROJECTS/TradeFly-iOS/build/Build/Products/Debug-iphonesimulator/PackageFrameworks -F /Users/rioallen/Documents/DropFly-OS-App-Builder/DropFly-PROJECTS/TradeFly-iOS/build/Build/Products/Debug-iphonesimulator/PackageFrameworks -F /Users/rioallen/Documents/DropFly-OS-App-Builder/DropFly-PROJECTS/TradeFly-iOS/build/Build/Products/Debug-iphonesimulator/PackageFrameworks -F /Users/rioallen/Documents/DropFly-OS-App-Builder/DropFly-PROJECTS/TradeFly-iOS/build/Build/Products/Debug-iphonesimulator -F /Applications/Xcode.app/Contents/Developer/Platforms/iPhoneSimulator.platform/Developer/Library/Frameworks -F /Applications/Xcode.app/Contents/Developer/Platforms/iPhoneSimulator.platform/Developer/SDKs/iPhoneSimulator26.1.sdk/Developer/Library/Frameworks -c -j16 -enable-batch-mode -incremental -Xcc -ivfsstatcache -Xcc /Users/rioallen/Documents/DropFly-OS-App-Builder/DropFly-PROJECTS/TradeFly-iOS/build/SDKStatCaches.noindex/iphonesimulator26.1-23B77-90cf18a4295e390e64c810bc6bd7acbc.sdkstatcache -output-file-map /Users/rioallen/Documents/DropFly-OS-App-Builder/DropFly-PROJECTS/TradeFly-iOS/build/Build/Intermediates.noindex/Supabase.build/Debug-iphonesimulator/Auth.build/Objects-normal/arm64/Auth-OutputFileMap.json -use-frontend-parseable-output -save-temps -no-color-diagnostics -explicit-module-build -module-cache-path /Users/rioallen/Documents/DropFly-OS-App-Builder/DropFly-PROJECTS/TradeFly-iOS/build/Build/Intermediates.noindex/SwiftExplicitPrecompiledModules -clang-scanner-module-cache-path /Users/rioallen/Documents/DropFly-OS-App-Builder/DropFly-PROJECTS/TradeFly-iOS/build/ModuleCache.noindex -sdk-module-cache-path /Users/rioallen/Documents/DropFly-OS-App-Builder/DropFly-PROJECTS/TradeFly-iOS/build/ModuleCache.noindex -serialize-diagnostics -emit-dependencies -emit-module -emit-module-path /Users/rioallen/Documents/DropFly-OS-App-Builder/DropFly-PROJECTS/TradeFly-iOS/build/Build/Intermediates.noindex/Supabase.build/Debug-iphonesimulator/Auth.build/Objects-normal/arm64/Auth.swiftmodule -validate-clang-modules-once -clang-build-session-file /Users/rioallen/Documents/DropFly-OS-App-Builder/DropFly-PROJECTS/TradeFly-iOS/build/ModuleCache.noindex/Session.modulevalidation -package-name supabase_swift -Xcc -I/Users/rioallen/Documents/DropFly-OS-App-Builder/DropFly-PROJECTS/TradeFly-iOS/build/Build/Intermediates.noindex/Supabase.build/Debug-iphonesimulator/Auth.build/swift-overrides.hmap -emit-const-values -Xfrontend -const-gather-protocols-file -Xfrontend /Users/rioallen/Documents/DropFly-OS-App-Builder/DropFly-PROJECTS/TradeFly-iOS/build/Build/Intermediates.noindex/Supabase.build/Debug-iphonesimulator/Auth.build/Objects-normal/arm64/Auth_const_extract_protocols.json -Xcc -I/Users/rioallen/Documents/DropFly-OS-App-Builder/DropFly-PROJECTS/TradeFly-iOS/build/Build/Products/Debug-iphonesimulator/include -Xcc -I/Users/rioallen/Documents/DropFly-OS-App-Builder/DropFly-PROJECTS/TradeFly-iOS/build/Build/Intermediates.noindex/Supabase.build/Debug-iphonesimulator/Auth.build/DerivedSources-normal/arm64 -Xcc -I/Users/rioallen/Documents/DropFly-OS-App-Builder/DropFly-PROJECTS/TradeFly-iOS/build/Build/Intermediates.noindex/Supabase.build/Debug-iphonesimulator/Auth.build/DerivedSources/arm64 -Xcc -I/Users/rioallen/Documents/DropFly-OS-App-Builder/DropFly-PROJECTS/TradeFly-iOS/build/Build/Intermediates.noindex/Supabase.build/Debug-iphonesimulator/Auth.build/DerivedSources -Xcc -DSWIFT_PACKAGE -Xcc -DDEBUG\=1 -emit-objc-header -emit-objc-header-path /Users/rioallen/Documents/DropFly-OS-App-Builder/DropFly-PROJECTS/TradeFly-iOS/build/Build/Intermediates.noindex/Supabase.build/Debug-iphonesimulator/Auth.build/Objects-normal/arm64/Auth-Swift.h -working-directory /Users/rioallen/Documents/DropFly-OS-App-Builder/DropFly-PROJECTS/TradeFly-iOS/TradeFly.xcodeproj -experimental-emit-module-separately -disable-cmo

SwiftDriverJobDiscovery normal arm64 Compiling SwiftUI.swift (in target 'Clocks' from project 'swift-clocks')

SwiftDriver\ Compilation Clocks normal arm64 com.apple.xcode.tools.swift.compiler (in target 'Clocks' from project 'swift-clocks')
    cd /Users/rioallen/Documents/DropFly-OS-App-Builder/DropFly-PROJECTS/TradeFly-iOS/TradeFly.xcodeproj
    builtin-Swift-Compilation -- /Applications/Xcode.app/Contents/Developer/Toolchains/XcodeDefault.xctoolchain/usr/bin/swiftc -module-name Clocks -Onone -enforce-exclusivity\=checked @/Users/rioallen/Documents/DropFly-OS-App-Builder/DropFly-PROJECTS/TradeFly-iOS/build/Build/Intermediates.noindex/swift-clocks.build/Debug-iphonesimulator/Clocks.build/Objects-normal/arm64/Clocks.SwiftFileList -DSWIFT_PACKAGE -DDEBUG -DSWIFT_MODULE_RESOURCE_BUNDLE_UNAVAILABLE -DXcode -plugin-path /Applications/Xcode.app/Contents/Developer/Toolchains/XcodeDefault.xctoolchain/usr/lib/swift/host/plugins/testing -enable-experimental-feature DebugDescriptionMacro -sdk /Applications/Xcode.app/Contents/Developer/Platforms/iPhoneSimulator.platform/Developer/SDKs/iPhoneSimulator26.1.sdk -target arm64-apple-ios13.0-simulator -g -module-cache-path /Users/rioallen/Documents/DropFly-OS-App-Builder/DropFly-PROJECTS/TradeFly-iOS/build/ModuleCache.noindex -Xfrontend -serialize-debugging-options -enable-testing -suppress-warnings -index-store-path /Users/rioallen/Documents/DropFly-OS-App-Builder/DropFly-PROJECTS/TradeFly-iOS/build/Index.noindex/DataStore -Xcc -D_LIBCPP_HARDENING_MODE\=_LIBCPP_HARDENING_MODE_DEBUG -swift-version 6 -I /Users/rioallen/Documents/DropFly-OS-App-Builder/DropFly-PROJECTS/TradeFly-iOS/build/Build/Products/Debug-iphonesimulator -Isystem /Applications/Xcode.app/Contents/Developer/Platforms/iPhoneSimulator.platform/Developer/usr/lib -F /Users/rioallen/Documents/DropFly-OS-App-Builder/DropFly-PROJECTS/TradeFly-iOS/build/Build/Products/Debug-iphonesimulator/PackageFrameworks -F /Users/rioallen/Documents/DropFly-OS-App-Builder/DropFly-PROJECTS/TradeFly-iOS/build/Build/Products/Debug-iphonesimulator/PackageFrameworks -F /Users/rioallen/Documents/DropFly-OS-App-Builder/DropFly-PROJECTS/TradeFly-iOS/build/Build/Products/Debug-iphonesimulator/PackageFrameworks -F /Users/rioallen/Documents/DropFly-OS-App-Builder/DropFly-PROJECTS/TradeFly-iOS/build/Build/Products/Debug-iphonesimulator -F /Applications/Xcode.app/Contents/Developer/Platforms/iPhoneSimulator.platform/Developer/Library/Frameworks -F /Applications/Xcode.app/Contents/Developer/Platforms/iPhoneSimulator.platform/Developer/SDKs/iPhoneSimulator26.1.sdk/Developer/Library/Frameworks -c -j16 -enable-batch-mode -incremental -Xcc -ivfsstatcache -Xcc /Users/rioallen/Documents/DropFly-OS-App-Builder/DropFly-PROJECTS/TradeFly-iOS/build/SDKStatCaches.noindex/iphonesimulator26.1-23B77-90cf18a4295e390e64c810bc6bd7acbc.sdkstatcache -output-file-map /Users/rioallen/Documents/DropFly-OS-App-Builder/DropFly-PROJECTS/TradeFly-iOS/build/Build/Intermediates.noindex/swift-clocks.build/Debug-iphonesimulator/Clocks.build/Objects-normal/arm64/Clocks-OutputFileMap.json -use-frontend-parseable-output -save-temps -no-color-diagnostics -explicit-module-build -module-cache-path /Users/rioallen/Documents/DropFly-OS-App-Builder/DropFly-PROJECTS/TradeFly-iOS/build/Build/Intermediates.noindex/SwiftExplicitPrecompiledModules -clang-scanner-module-cache-path /Users/rioallen/Documents/DropFly-OS-App-Builder/DropFly-PROJECTS/TradeFly-iOS/build/ModuleCache.noindex -sdk-module-cache-path /Users/rioallen/Documents/DropFly-OS-App-Builder/DropFly-PROJECTS/TradeFly-iOS/build/ModuleCache.noindex -serialize-diagnostics -emit-dependencies -emit-module -emit-module-path /Users/rioallen/Documents/DropFly-OS-App-Builder/DropFly-PROJECTS/TradeFly-iOS/build/Build/Intermediates.noindex/swift-clocks.build/Debug-iphonesimulator/Clocks.build/Objects-normal/arm64/Clocks.swiftmodule -user-module-version 1.0.6 -validate-clang-modules-once -clang-build-session-file /Users/rioallen/Documents/DropFly-OS-App-Builder/DropFly-PROJECTS/TradeFly-iOS/build/ModuleCache.noindex/Session.modulevalidation -package-name swift_clocks -Xcc -I/Users/rioallen/Documents/DropFly-OS-App-Builder/DropFly-PROJECTS/TradeFly-iOS/build/Build/Intermediates.noindex/swift-clocks.build/Debug-iphonesimulator/Clocks.build/swift-overrides.hmap -emit-const-values -Xfrontend -const-gather-protocols-file -Xfrontend /Users/rioallen/Documents/DropFly-OS-App-Builder/DropFly-PROJECTS/TradeFly-iOS/build/Build/Intermediates.noindex/swift-clocks.build/Debug-iphonesimulator/Clocks.build/Objects-normal/arm64/Clocks_const_extract_protocols.json -Xcc -I/Users/rioallen/Documents/DropFly-OS-App-Builder/DropFly-PROJECTS/TradeFly-iOS/build/Build/Products/Debug-iphonesimulator/include -Xcc -I/Users/rioallen/Documents/DropFly-OS-App-Builder/DropFly-PROJECTS/TradeFly-iOS/build/Build/Intermediates.noindex/swift-clocks.build/Debug-iphonesimulator/Clocks.build/DerivedSources-normal/arm64 -Xcc -I/Users/rioallen/Documents/DropFly-OS-App-Builder/DropFly-PROJECTS/TradeFly-iOS/build/Build/Intermediates.noindex/swift-clocks.build/Debug-iphonesimulator/Clocks.build/DerivedSources/arm64 -Xcc -I/Users/rioallen/Documents/DropFly-OS-App-Builder/DropFly-PROJECTS/TradeFly-iOS/build/Build/Intermediates.noindex/swift-clocks.build/Debug-iphonesimulator/Clocks.build/DerivedSources -Xcc -DSWIFT_PACKAGE -Xcc -DDEBUG\=1 -emit-objc-header -emit-objc-header-path /Users/rioallen/Documents/DropFly-OS-App-Builder/DropFly-PROJECTS/TradeFly-iOS/build/Build/Intermediates.noindex/swift-clocks.build/Debug-iphonesimulator/Clocks.build/Objects-normal/arm64/Clocks-Swift.h -working-directory /Users/rioallen/Documents/DropFly-OS-App-Builder/DropFly-PROJECTS/TradeFly-iOS/TradeFly.xcodeproj -experimental-emit-module-separately -disable-cmo

Ld /Users/rioallen/Documents/DropFly-OS-App-Builder/DropFly-PROJECTS/TradeFly-iOS/build/Build/Products/Debug-iphonesimulator/Clocks.o normal (in target 'Clocks' from project 'swift-clocks')
    cd /Users/rioallen/Documents/DropFly-OS-App-Builder/DropFly-PROJECTS/TradeFly-iOS/build/SourcePackages/checkouts/swift-clocks
    /Applications/Xcode.app/Contents/Developer/Toolchains/XcodeDefault.xctoolchain/usr/bin/clang -Xlinker -reproducible -target arm64-apple-ios13.0-simulator -r -isysroot /Applications/Xcode.app/Contents/Developer/Platforms/iPhoneSimulator.platform/Developer/SDKs/iPhoneSimulator26.1.sdk -O0 -w -L/Users/rioallen/Documents/DropFly-OS-App-Builder/DropFly-PROJECTS/TradeFly-iOS/build/Build/Intermediates.noindex/EagerLinkingTBDs/Debug-iphonesimulator -L/Users/rioallen/Documents/DropFly-OS-App-Builder/DropFly-PROJECTS/TradeFly-iOS/build/Build/Products/Debug-iphonesimulator -L/Applications/Xcode.app/Contents/Developer/Platforms/iPhoneSimulator.platform/Developer/usr/lib -F/Users/rioallen/Documents/DropFly-OS-App-Builder/DropFly-PROJECTS/TradeFly-iOS/build/Build/Intermediates.noindex/EagerLinkingTBDs/Debug-iphonesimulator -F/Users/rioallen/Documents/DropFly-OS-App-Builder/DropFly-PROJECTS/TradeFly-iOS/build/Build/Products/Debug-iphonesimulator/PackageFrameworks -F/Users/rioallen/Documents/DropFly-OS-App-Builder/DropFly-PROJECTS/TradeFly-iOS/build/Build/Products/Debug-iphonesimulator/PackageFrameworks -F/Users/rioallen/Documents/DropFly-OS-App-Builder/DropFly-PROJECTS/TradeFly-iOS/build/Build/Products/Debug-iphonesimulator/PackageFrameworks -F/Users/rioallen/Documents/DropFly-OS-App-Builder/DropFly-PROJECTS/TradeFly-iOS/build/Build/Products/Debug-iphonesimulator -iframework /Applications/Xcode.app/Contents/Developer/Platforms/iPhoneSimulator.platform/Developer/Library/Frameworks -iframework /Applications/Xcode.app/Contents/Developer/Platforms/iPhoneSimulator.platform/Developer/SDKs/iPhoneSimulator26.1.sdk/Developer/Library/Frameworks -filelist /Users/rioallen/Documents/DropFly-OS-App-Builder/DropFly-PROJECTS/TradeFly-iOS/build/Build/Intermediates.noindex/swift-clocks.build/Debug-iphonesimulator/Clocks.build/Objects-normal/arm64/Clocks.LinkFileList -nostdlib -Xlinker -object_path_lto -Xlinker /Users/rioallen/Documents/DropFly-OS-App-Builder/DropFly-PROJECTS/TradeFly-iOS/build/Build/Intermediates.noindex/swift-clocks.build/Debug-iphonesimulator/Clocks.build/Objects-normal/arm64/Clocks_lto.o -rdynamic -Xlinker -no_deduplicate -Xlinker -objc_abi_version -Xlinker 2 -Xlinker -dependency_info -Xlinker /Users/rioallen/Documents/DropFly-OS-App-Builder/DropFly-PROJECTS/TradeFly-iOS/build/Build/Intermediates.noindex/swift-clocks.build/Debug-iphonesimulator/Clocks.build/Objects-normal/arm64/Clocks_dependency_info.dat -fobjc-link-runtime -L/Applications/Xcode.app/Contents/Developer/Toolchains/XcodeDefault.xctoolchain/usr/lib/swift/iphonesimulator -L/usr/lib/swift -Xlinker -add_ast_path -Xlinker /Users/rioallen/Documents/DropFly-OS-App-Builder/DropFly-PROJECTS/TradeFly-iOS/build/Build/Intermediates.noindex/swift-clocks.build/Debug-iphonesimulator/Clocks.build/Objects-normal/arm64/Clocks.swiftmodule @/Users/rioallen/Documents/DropFly-OS-App-Builder/DropFly-PROJECTS/TradeFly-iOS/build/Build/Intermediates.noindex/swift-clocks.build/Debug-iphonesimulator/Clocks.build/Objects-normal/arm64/Clocks-linker-args.resp -o /Users/rioallen/Documents/DropFly-OS-App-Builder/DropFly-PROJECTS/TradeFly-iOS/build/Build/Products/Debug-iphonesimulator/Clocks.o

SwiftDriverJobDiscovery normal arm64 Compiling AnyJSON+Codable.swift, AnyJSON.swift (in target 'Helpers' from project 'Supabase')

SwiftDriver\ Compilation Helpers normal arm64 com.apple.xcode.tools.swift.compiler (in target 'Helpers' from project 'Supabase')
    cd /Users/rioallen/Documents/DropFly-OS-App-Builder/DropFly-PROJECTS/TradeFly-iOS/TradeFly.xcodeproj
    builtin-Swift-Compilation -- /Applications/Xcode.app/Contents/Developer/Toolchains/XcodeDefault.xctoolchain/usr/bin/swiftc -module-name Helpers -Onone -enforce-exclusivity\=checked @/Users/rioallen/Documents/DropFly-OS-App-Builder/DropFly-PROJECTS/TradeFly-iOS/build/Build/Intermediates.noindex/Supabase.build/Debug-iphonesimulator/Helpers.build/Objects-normal/arm64/Helpers.SwiftFileList -DSWIFT_PACKAGE -DDEBUG -DSWIFT_MODULE_RESOURCE_BUNDLE_UNAVAILABLE -DXcode -enable-upcoming-feature ExistentialAny -enable-experimental-feature StrictConcurrency -plugin-path /Applications/Xcode.app/Contents/Developer/Toolchains/XcodeDefault.xctoolchain/usr/lib/swift/host/plugins/testing -enable-experimental-feature DebugDescriptionMacro -sdk /Applications/Xcode.app/Contents/Developer/Platforms/iPhoneSimulator.platform/Developer/SDKs/iPhoneSimulator26.1.sdk -target arm64-apple-ios13.0-simulator -g -module-cache-path /Users/rioallen/Documents/DropFly-OS-App-Builder/DropFly-PROJECTS/TradeFly-iOS/build/ModuleCache.noindex -Xfrontend -serialize-debugging-options -enable-testing -suppress-warnings -index-store-path /Users/rioallen/Documents/DropFly-OS-App-Builder/DropFly-PROJECTS/TradeFly-iOS/build/Index.noindex/DataStore -Xcc -D_LIBCPP_HARDENING_MODE\=_LIBCPP_HARDENING_MODE_DEBUG -swift-version 5 -I /Users/rioallen/Documents/DropFly-OS-App-Builder/DropFly-PROJECTS/TradeFly-iOS/build/Build/Products/Debug-iphonesimulator -Isystem /Applications/Xcode.app/Contents/Developer/Platforms/iPhoneSimulator.platform/Developer/usr/lib -F /Users/rioallen/Documents/DropFly-OS-App-Builder/DropFly-PROJECTS/TradeFly-iOS/build/Build/Products/Debug-iphonesimulator/PackageFrameworks -F /Users/rioallen/Documents/DropFly-OS-App-Builder/DropFly-PROJECTS/TradeFly-iOS/build/Build/Products/Debug-iphonesimulator/PackageFrameworks -F /Users/rioallen/Documents/DropFly-OS-App-Builder/DropFly-PROJECTS/TradeFly-iOS/build/Build/Products/Debug-iphonesimulator/PackageFrameworks -F /Users/rioallen/Documents/DropFly-OS-App-Builder/DropFly-PROJECTS/TradeFly-iOS/build/Build/Products/Debug-iphonesimulator/PackageFrameworks -F /Users/rioallen/Documents/DropFly-OS-App-Builder/DropFly-PROJECTS/TradeFly-iOS/build/Build/Products/Debug-iphonesimulator/PackageFrameworks -F /Users/rioallen/Documents/DropFly-OS-App-Builder/DropFly-PROJECTS/TradeFly-iOS/build/Build/Products/Debug-iphonesimulator/PackageFrameworks -F /Users/rioallen/Documents/DropFly-OS-App-Builder/DropFly-PROJECTS/TradeFly-iOS/build/Build/Products/Debug-iphonesimulator -F /Applications/Xcode.app/Contents/Developer/Platforms/iPhoneSimulator.platform/Developer/Library/Frameworks -F /Applications/Xcode.app/Contents/Developer/Platforms/iPhoneSimulator.platform/Developer/SDKs/iPhoneSimulator26.1.sdk/Developer/Library/Frameworks -c -j16 -enable-batch-mode -incremental -Xcc -ivfsstatcache -Xcc /Users/rioallen/Documents/DropFly-OS-App-Builder/DropFly-PROJECTS/TradeFly-iOS/build/SDKStatCaches.noindex/iphonesimulator26.1-23B77-90cf18a4295e390e64c810bc6bd7acbc.sdkstatcache -output-file-map /Users/rioallen/Documents/DropFly-OS-App-Builder/DropFly-PROJECTS/TradeFly-iOS/build/Build/Intermediates.noindex/Supabase.build/Debug-iphonesimulator/Helpers.build/Objects-normal/arm64/Helpers-OutputFileMap.json -use-frontend-parseable-output -save-temps -no-color-diagnostics -explicit-module-build -module-cache-path /Users/rioallen/Documents/DropFly-OS-App-Builder/DropFly-PROJECTS/TradeFly-iOS/build/Build/Intermediates.noindex/SwiftExplicitPrecompiledModules -clang-scanner-module-cache-path /Users/rioallen/Documents/DropFly-OS-App-Builder/DropFly-PROJECTS/TradeFly-iOS/build/ModuleCache.noindex -sdk-module-cache-path /Users/rioallen/Documents/DropFly-OS-App-Builder/DropFly-PROJECTS/TradeFly-iOS/build/ModuleCache.noindex -serialize-diagnostics -emit-dependencies -emit-module -emit-module-path /Users/rioallen/Documents/DropFly-OS-App-Builder/DropFly-PROJECTS/TradeFly-iOS/build/Build/Intermediates.noindex/Supabase.build/Debug-iphonesimulator/Helpers.build/Objects-normal/arm64/Helpers.swiftmodule -validate-clang-modules-once -clang-build-session-file /Users/rioallen/Documents/DropFly-OS-App-Builder/DropFly-PROJECTS/TradeFly-iOS/build/ModuleCache.noindex/Session.modulevalidation -package-name supabase_swift -Xcc -I/Users/rioallen/Documents/DropFly-OS-App-Builder/DropFly-PROJECTS/TradeFly-iOS/build/Build/Intermediates.noindex/Supabase.build/Debug-iphonesimulator/Helpers.build/swift-overrides.hmap -emit-const-values -Xfrontend -const-gather-protocols-file -Xfrontend /Users/rioallen/Documents/DropFly-OS-App-Builder/DropFly-PROJECTS/TradeFly-iOS/build/Build/Intermediates.noindex/Supabase.build/Debug-iphonesimulator/Helpers.build/Objects-normal/arm64/Helpers_const_extract_protocols.json -Xcc -I/Users/rioallen/Documents/DropFly-OS-App-Builder/DropFly-PROJECTS/TradeFly-iOS/build/Build/Products/Debug-iphonesimulator/include -Xcc -I/Users/rioallen/Documents/DropFly-OS-App-Builder/DropFly-PROJECTS/TradeFly-iOS/build/Build/Intermediates.noindex/Supabase.build/Debug-iphonesimulator/Helpers.build/DerivedSources-normal/arm64 -Xcc -I/Users/rioallen/Documents/DropFly-OS-App-Builder/DropFly-PROJECTS/TradeFly-iOS/build/Build/Intermediates.noindex/Supabase.build/Debug-iphonesimulator/Helpers.build/DerivedSources/arm64 -Xcc -I/Users/rioallen/Documents/DropFly-OS-App-Builder/DropFly-PROJECTS/TradeFly-iOS/build/Build/Intermediates.noindex/Supabase.build/Debug-iphonesimulator/Helpers.build/DerivedSources -Xcc -DSWIFT_PACKAGE -Xcc -DDEBUG\=1 -emit-objc-header -emit-objc-header-path /Users/rioallen/Documents/DropFly-OS-App-Builder/DropFly-PROJECTS/TradeFly-iOS/build/Build/Intermediates.noindex/Supabase.build/Debug-iphonesimulator/Helpers.build/Objects-normal/arm64/Helpers-Swift.h -working-directory /Users/rioallen/Documents/DropFly-OS-App-Builder/DropFly-PROJECTS/TradeFly-iOS/TradeFly.xcodeproj -experimental-emit-module-separately -disable-cmo

ExtractAppIntentsMetadata (in target 'Clocks' from project 'swift-clocks')
    cd /Users/rioallen/Documents/DropFly-OS-App-Builder/DropFly-PROJECTS/TradeFly-iOS/build/SourcePackages/checkouts/swift-clocks
    /Applications/Xcode.app/Contents/Developer/Toolchains/XcodeDefault.xctoolchain/usr/bin/appintentsmetadataprocessor --toolchain-dir /Applications/Xcode.app/Contents/Developer/Toolchains/XcodeDefault.xctoolchain --module-name Clocks --sdk-root /Applications/Xcode.app/Contents/Developer/Platforms/iPhoneSimulator.platform/Developer/SDKs/iPhoneSimulator26.1.sdk --xcode-version 17B100 --platform-family iOS --deployment-target 13.0 --bundle-identifier swift-clocks.Clocks --output /Users/rioallen/Documents/DropFly-OS-App-Builder/DropFly-PROJECTS/TradeFly-iOS/build/Build/Products/Debug-iphonesimulator/Clocks.appintents --target-triple arm64-apple-ios13.0-simulator --binary-file /Users/rioallen/Documents/DropFly-OS-App-Builder/DropFly-PROJECTS/TradeFly-iOS/build/Build/Products/Debug-iphonesimulator/Clocks.o --dependency-file /Users/rioallen/Documents/DropFly-OS-App-Builder/DropFly-PROJECTS/TradeFly-iOS/build/Build/Intermediates.noindex/swift-clocks.build/Debug-iphonesimulator/Clocks.build/Objects-normal/arm64/Clocks_dependency_info.dat --stringsdata-file /Users/rioallen/Documents/DropFly-OS-App-Builder/DropFly-PROJECTS/TradeFly-iOS/build/Build/Intermediates.noindex/swift-clocks.build/Debug-iphonesimulator/Clocks.build/Objects-normal/arm64/ExtractedAppShortcutsMetadata.stringsdata --source-file-list /Users/rioallen/Documents/DropFly-OS-App-Builder/DropFly-PROJECTS/TradeFly-iOS/build/Build/Intermediates.noindex/swift-clocks.build/Debug-iphonesimulator/Clocks.build/Objects-normal/arm64/Clocks.SwiftFileList --metadata-file-list /Users/rioallen/Documents/DropFly-OS-App-Builder/DropFly-PROJECTS/TradeFly-iOS/build/Build/Intermediates.noindex/swift-clocks.build/Debug-iphonesimulator/Clocks.build/Clocks.DependencyMetadataFileList --static-metadata-file-list /Users/rioallen/Documents/DropFly-OS-App-Builder/DropFly-PROJECTS/TradeFly-iOS/build/Build/Intermediates.noindex/swift-clocks.build/Debug-iphonesimulator/Clocks.build/Clocks.DependencyStaticMetadataFileList --swift-const-vals-list /Users/rioallen/Documents/DropFly-OS-App-Builder/DropFly-PROJECTS/TradeFly-iOS/build/Build/Intermediates.noindex/swift-clocks.build/Debug-iphonesimulator/Clocks.build/Objects-normal/arm64/Clocks.SwiftConstValuesFileList --force --compile-time-extraction --deployment-aware-processing --validate-assistant-intents --no-app-shortcuts-localization
2025-11-26 19:16:08.435 appintentsmetadataprocessor[32713:5264360] Starting appintentsmetadataprocessor export
2025-11-26 19:16:08.600 appintentsmetadataprocessor[32713:5264360] Extracted no relevant App Intents symbols, skipping writing output

RegisterExecutionPolicyException /Users/rioallen/Documents/DropFly-OS-App-Builder/DropFly-PROJECTS/TradeFly-iOS/build/Build/Products/Debug-iphonesimulator/Clocks.o (in target 'Clocks' from project 'swift-clocks')
    cd /Users/rioallen/Documents/DropFly-OS-App-Builder/DropFly-PROJECTS/TradeFly-iOS/build/SourcePackages/checkouts/swift-clocks
    builtin-RegisterExecutionPolicyException /Users/rioallen/Documents/DropFly-OS-App-Builder/DropFly-PROJECTS/TradeFly-iOS/build/Build/Products/Debug-iphonesimulator/Clocks.o

Ld /Users/rioallen/Documents/DropFly-OS-App-Builder/DropFly-PROJECTS/TradeFly-iOS/build/Build/Products/Debug-iphonesimulator/Helpers.o normal (in target 'Helpers' from project 'Supabase')
    cd /Users/rioallen/Documents/DropFly-OS-App-Builder/DropFly-PROJECTS/TradeFly-iOS/build/SourcePackages/checkouts/supabase-swift
    /Applications/Xcode.app/Contents/Developer/Toolchains/XcodeDefault.xctoolchain/usr/bin/clang -Xlinker -reproducible -target arm64-apple-ios13.0-simulator -r -isysroot /Applications/Xcode.app/Contents/Developer/Platforms/iPhoneSimulator.platform/Developer/SDKs/iPhoneSimulator26.1.sdk -O0 -w -L/Users/rioallen/Documents/DropFly-OS-App-Builder/DropFly-PROJECTS/TradeFly-iOS/build/Build/Intermediates.noindex/EagerLinkingTBDs/Debug-iphonesimulator -L/Users/rioallen/Documents/DropFly-OS-App-Builder/DropFly-PROJECTS/TradeFly-iOS/build/Build/Products/Debug-iphonesimulator -L/Applications/Xcode.app/Contents/Developer/Platforms/iPhoneSimulator.platform/Developer/usr/lib -F/Users/rioallen/Documents/DropFly-OS-App-Builder/DropFly-PROJECTS/TradeFly-iOS/build/Build/Intermediates.noindex/EagerLinkingTBDs/Debug-iphonesimulator -F/Users/rioallen/Documents/DropFly-OS-App-Builder/DropFly-PROJECTS/TradeFly-iOS/build/Build/Products/Debug-iphonesimulator/PackageFrameworks -F/Users/rioallen/Documents/DropFly-OS-App-Builder/DropFly-PROJECTS/TradeFly-iOS/build/Build/Products/Debug-iphonesimulator/PackageFrameworks -F/Users/rioallen/Documents/DropFly-OS-App-Builder/DropFly-PROJECTS/TradeFly-iOS/build/Build/Products/Debug-iphonesimulator/PackageFrameworks -F/Users/rioallen/Documents/DropFly-OS-App-Builder/DropFly-PROJECTS/TradeFly-iOS/build/Build/Products/Debug-iphonesimulator/PackageFrameworks -F/Users/rioallen/Documents/DropFly-OS-App-Builder/DropFly-PROJECTS/TradeFly-iOS/build/Build/Products/Debug-iphonesimulator/PackageFrameworks -F/Users/rioallen/Documents/DropFly-OS-App-Builder/DropFly-PROJECTS/TradeFly-iOS/build/Build/Products/Debug-iphonesimulator/PackageFrameworks -F/Users/rioallen/Documents/DropFly-OS-App-Builder/DropFly-PROJECTS/TradeFly-iOS/build/Build/Products/Debug-iphonesimulator -iframework /Applications/Xcode.app/Contents/Developer/Platforms/iPhoneSimulator.platform/Developer/Library/Frameworks -iframework /Applications/Xcode.app/Contents/Developer/Platforms/iPhoneSimulator.platform/Developer/SDKs/iPhoneSimulator26.1.sdk/Developer/Library/Frameworks -filelist /Users/rioallen/Documents/DropFly-OS-App-Builder/DropFly-PROJECTS/TradeFly-iOS/build/Build/Intermediates.noindex/Supabase.build/Debug-iphonesimulator/Helpers.build/Objects-normal/arm64/Helpers.LinkFileList -nostdlib -Xlinker -object_path_lto -Xlinker /Users/rioallen/Documents/DropFly-OS-App-Builder/DropFly-PROJECTS/TradeFly-iOS/build/Build/Intermediates.noindex/Supabase.build/Debug-iphonesimulator/Helpers.build/Objects-normal/arm64/Helpers_lto.o -rdynamic -Xlinker -no_deduplicate -Xlinker -objc_abi_version -Xlinker 2 -Xlinker -dependency_info -Xlinker /Users/rioallen/Documents/DropFly-OS-App-Builder/DropFly-PROJECTS/TradeFly-iOS/build/Build/Intermediates.noindex/Supabase.build/Debug-iphonesimulator/Helpers.build/Objects-normal/arm64/Helpers_dependency_info.dat -fobjc-link-runtime -L/Applications/Xcode.app/Contents/Developer/Toolchains/XcodeDefault.xctoolchain/usr/lib/swift/iphonesimulator -L/usr/lib/swift -Xlinker -add_ast_path -Xlinker /Users/rioallen/Documents/DropFly-OS-App-Builder/DropFly-PROJECTS/TradeFly-iOS/build/Build/Intermediates.noindex/Supabase.build/Debug-iphonesimulator/Helpers.build/Objects-normal/arm64/Helpers.swiftmodule @/Users/rioallen/Documents/DropFly-OS-App-Builder/DropFly-PROJECTS/TradeFly-iOS/build/Build/Intermediates.noindex/Supabase.build/Debug-iphonesimulator/Helpers.build/Objects-normal/arm64/Helpers-linker-args.resp -o /Users/rioallen/Documents/DropFly-OS-App-Builder/DropFly-PROJECTS/TradeFly-iOS/build/Build/Products/Debug-iphonesimulator/Helpers.o

ExtractAppIntentsMetadata (in target 'Helpers' from project 'Supabase')
    cd /Users/rioallen/Documents/DropFly-OS-App-Builder/DropFly-PROJECTS/TradeFly-iOS/build/SourcePackages/checkouts/supabase-swift
    /Applications/Xcode.app/Contents/Developer/Toolchains/XcodeDefault.xctoolchain/usr/bin/appintentsmetadataprocessor --toolchain-dir /Applications/Xcode.app/Contents/Developer/Toolchains/XcodeDefault.xctoolchain --module-name Helpers --sdk-root /Applications/Xcode.app/Contents/Developer/Platforms/iPhoneSimulator.platform/Developer/SDKs/iPhoneSimulator26.1.sdk --xcode-version 17B100 --platform-family iOS --deployment-target 13.0 --bundle-identifier supabase-swift.Helpers --output /Users/rioallen/Documents/DropFly-OS-App-Builder/DropFly-PROJECTS/TradeFly-iOS/build/Build/Products/Debug-iphonesimulator/Helpers.appintents --target-triple arm64-apple-ios13.0-simulator --binary-file /Users/rioallen/Documents/DropFly-OS-App-Builder/DropFly-PROJECTS/TradeFly-iOS/build/Build/Products/Debug-iphonesimulator/Helpers.o --dependency-file /Users/rioallen/Documents/DropFly-OS-App-Builder/DropFly-PROJECTS/TradeFly-iOS/build/Build/Intermediates.noindex/Supabase.build/Debug-iphonesimulator/Helpers.build/Objects-normal/arm64/Helpers_dependency_info.dat --stringsdata-file /Users/rioallen/Documents/DropFly-OS-App-Builder/DropFly-PROJECTS/TradeFly-iOS/build/Build/Intermediates.noindex/Supabase.build/Debug-iphonesimulator/Helpers.build/Objects-normal/arm64/ExtractedAppShortcutsMetadata.stringsdata --source-file-list /Users/rioallen/Documents/DropFly-OS-App-Builder/DropFly-PROJECTS/TradeFly-iOS/build/Build/Intermediates.noindex/Supabase.build/Debug-iphonesimulator/Helpers.build/Objects-normal/arm64/Helpers.SwiftFileList --metadata-file-list /Users/rioallen/Documents/DropFly-OS-App-Builder/DropFly-PROJECTS/TradeFly-iOS/build/Build/Intermediates.noindex/Supabase.build/Debug-iphonesimulator/Helpers.build/Helpers.DependencyMetadataFileList --static-metadata-file-list /Users/rioallen/Documents/DropFly-OS-App-Builder/DropFly-PROJECTS/TradeFly-iOS/build/Build/Intermediates.noindex/Supabase.build/Debug-iphonesimulator/Helpers.build/Helpers.DependencyStaticMetadataFileList --swift-const-vals-list /Users/rioallen/Documents/DropFly-OS-App-Builder/DropFly-PROJECTS/TradeFly-iOS/build/Build/Intermediates.noindex/Supabase.build/Debug-iphonesimulator/Helpers.build/Objects-normal/arm64/Helpers.SwiftConstValuesFileList --force --compile-time-extraction --deployment-aware-processing --validate-assistant-intents --no-app-shortcuts-localization
2025-11-26 19:16:08.895 appintentsmetadataprocessor[32726:5264692] Starting appintentsmetadataprocessor export
2025-11-26 19:16:09.043 appintentsmetadataprocessor[32726:5264692] Extracted no relevant App Intents symbols, skipping writing output

RegisterExecutionPolicyException /Users/rioallen/Documents/DropFly-OS-App-Builder/DropFly-PROJECTS/TradeFly-iOS/build/Build/Products/Debug-iphonesimulator/Helpers.o (in target 'Helpers' from project 'Supabase')
    cd /Users/rioallen/Documents/DropFly-OS-App-Builder/DropFly-PROJECTS/TradeFly-iOS/build/SourcePackages/checkouts/supabase-swift
    builtin-RegisterExecutionPolicyException /Users/rioallen/Documents/DropFly-OS-App-Builder/DropFly-PROJECTS/TradeFly-iOS/build/Build/Products/Debug-iphonesimulator/Helpers.o

SwiftExplicitDependencyGeneratePcm arm64 /Users/rioallen/Documents/DropFly-OS-App-Builder/DropFly-PROJECTS/TradeFly-iOS/build/ModuleCache.noindex/CoreServices-976O0N7AH0B63UG7MXQ784SEW.pcm

SwiftCompile normal arm64 Compiling\ Exports.swift /Users/rioallen/Documents/DropFly-OS-App-Builder/DropFly-PROJECTS/TradeFly-iOS/build/SourcePackages/checkouts/supabase-swift/Sources/Functions/Exports.swift (in target 'Functions' from project 'Supabase')

SwiftCompile normal arm64 /Users/rioallen/Documents/DropFly-OS-App-Builder/DropFly-PROJECTS/TradeFly-iOS/build/SourcePackages/checkouts/supabase-swift/Sources/Functions/Exports.swift (in target 'Functions' from project 'Supabase')
    cd /Users/rioallen/Documents/DropFly-OS-App-Builder/DropFly-PROJECTS/TradeFly-iOS/TradeFly.xcodeproj
    

SwiftEmitModule normal arm64 Emitting\ module\ for\ Functions (in target 'Functions' from project 'Supabase')
EmitSwiftModule normal arm64 (in target 'Functions' from project 'Supabase')
    cd /Users/rioallen/Documents/DropFly-OS-App-Builder/DropFly-PROJECTS/TradeFly-iOS/TradeFly.xcodeproj
    

SwiftCompile normal arm64 Compiling\ FunctionsClient.swift /Users/rioallen/Documents/DropFly-OS-App-Builder/DropFly-PROJECTS/TradeFly-iOS/build/SourcePackages/checkouts/supabase-swift/Sources/Functions/FunctionsClient.swift (in target 'Functions' from project 'Supabase')
SwiftCompile normal arm64 /Users/rioallen/Documents/DropFly-OS-App-Builder/DropFly-PROJECTS/TradeFly-iOS/build/SourcePackages/checkouts/supabase-swift/Sources/Functions/FunctionsClient.swift (in target 'Functions' from project 'Supabase')
    cd /Users/rioallen/Documents/DropFly-OS-App-Builder/DropFly-PROJECTS/TradeFly-iOS/TradeFly.xcodeproj
    

SwiftCompile normal arm64 Compiling\ Types.swift /Users/rioallen/Documents/DropFly-OS-App-Builder/DropFly-PROJECTS/TradeFly-iOS/build/SourcePackages/checkouts/supabase-swift/Sources/Functions/Types.swift (in target 'Functions' from project 'Supabase')

SwiftCompile normal arm64 /Users/rioallen/Documents/DropFly-OS-App-Builder/DropFly-PROJECTS/TradeFly-iOS/build/SourcePackages/checkouts/supabase-swift/Sources/Functions/Types.swift (in target 'Functions' from project 'Supabase')
    cd /Users/rioallen/Documents/DropFly-OS-App-Builder/DropFly-PROJECTS/TradeFly-iOS/TradeFly.xcodeproj
    

SwiftEmitModule normal arm64 Emitting\ module\ for\ PostgREST (in target 'PostgREST' from project 'Supabase')

EmitSwiftModule normal arm64 (in target 'PostgREST' from project 'Supabase')
    cd /Users/rioallen/Documents/DropFly-OS-App-Builder/DropFly-PROJECTS/TradeFly-iOS/TradeFly.xcodeproj
    

SwiftCompile normal arm64 Compiling\ PostgrestBuilder.swift /Users/rioallen/Documents/DropFly-OS-App-Builder/DropFly-PROJECTS/TradeFly-iOS/build/SourcePackages/checkouts/supabase-swift/Sources/PostgREST/PostgrestBuilder.swift (in target 'PostgREST' from project 'Supabase')

SwiftCompile normal arm64 /Users/rioallen/Documents/DropFly-OS-App-Builder/DropFly-PROJECTS/TradeFly-iOS/build/SourcePackages/checkouts/supabase-swift/Sources/PostgREST/PostgrestBuilder.swift (in target 'PostgREST' from project 'Supabase')
    cd /Users/rioallen/Documents/DropFly-OS-App-Builder/DropFly-PROJECTS/TradeFly-iOS/TradeFly.xcodeproj
    

SwiftCompile normal arm64 Compiling\ PostgrestClient.swift /Users/rioallen/Documents/DropFly-OS-App-Builder/DropFly-PROJECTS/TradeFly-iOS/build/SourcePackages/checkouts/supabase-swift/Sources/PostgREST/PostgrestClient.swift (in target 'PostgREST' from project 'Supabase')

SwiftCompile normal arm64 /Users/rioallen/Documents/DropFly-OS-App-Builder/DropFly-PROJECTS/TradeFly-iOS/build/SourcePackages/checkouts/supabase-swift/Sources/PostgREST/PostgrestClient.swift (in target 'PostgREST' from project 'Supabase')
    cd /Users/rioallen/Documents/DropFly-OS-App-Builder/DropFly-PROJECTS/TradeFly-iOS/TradeFly.xcodeproj
    

SwiftCompile normal arm64 Compiling\ Exports.swift /Users/rioallen/Documents/DropFly-OS-App-Builder/DropFly-PROJECTS/TradeFly-iOS/build/SourcePackages/checkouts/supabase-swift/Sources/PostgREST/Exports.swift (in target 'PostgREST' from project 'Supabase')

SwiftCompile normal arm64 /Users/rioallen/Documents/DropFly-OS-App-Builder/DropFly-PROJECTS/TradeFly-iOS/build/SourcePackages/checkouts/supabase-swift/Sources/PostgREST/Exports.swift (in target 'PostgREST' from project 'Supabase')
    cd /Users/rioallen/Documents/DropFly-OS-App-Builder/DropFly-PROJECTS/TradeFly-iOS/TradeFly.xcodeproj
    

SwiftCompile normal arm64 Compiling\ PostgrestQueryBuilder.swift /Users/rioallen/Documents/DropFly-OS-App-Builder/DropFly-PROJECTS/TradeFly-iOS/build/SourcePackages/checkouts/supabase-swift/Sources/PostgREST/PostgrestQueryBuilder.swift (in target 'PostgREST' from project 'Supabase')

SwiftCompile normal arm64 /Users/rioallen/Documents/DropFly-OS-App-Builder/DropFly-PROJECTS/TradeFly-iOS/build/SourcePackages/checkouts/supabase-swift/Sources/PostgREST/PostgrestQueryBuilder.swift (in target 'PostgREST' from project 'Supabase')
    cd /Users/rioallen/Documents/DropFly-OS-App-Builder/DropFly-PROJECTS/TradeFly-iOS/TradeFly.xcodeproj
    

SwiftCompile normal arm64 Compiling\ Defaults.swift /Users/rioallen/Documents/DropFly-OS-App-Builder/DropFly-PROJECTS/TradeFly-iOS/build/SourcePackages/checkouts/supabase-swift/Sources/PostgREST/Defaults.swift (in target 'PostgREST' from project 'Supabase')

SwiftCompile normal arm64 /Users/rioallen/Documents/DropFly-OS-App-Builder/DropFly-PROJECTS/TradeFly-iOS/build/SourcePackages/checkouts/supabase-swift/Sources/PostgREST/Defaults.swift (in target 'PostgREST' from project 'Supabase')
    cd /Users/rioallen/Documents/DropFly-OS-App-Builder/DropFly-PROJECTS/TradeFly-iOS/TradeFly.xcodeproj
    

SwiftCompile normal arm64 Compiling\ PostgrestFilterBuilder.swift /Users/rioallen/Documents/DropFly-OS-App-Builder/DropFly-PROJECTS/TradeFly-iOS/build/SourcePackages/checkouts/supabase-swift/Sources/PostgREST/PostgrestFilterBuilder.swift (in target 'PostgREST' from project 'Supabase')
SwiftCompile normal arm64 /Users/rioallen/Documents/DropFly-OS-App-Builder/DropFly-PROJECTS/TradeFly-iOS/build/SourcePackages/checkouts/supabase-swift/Sources/PostgREST/PostgrestFilterBuilder.swift (in target 'PostgREST' from project 'Supabase')
    cd /Users/rioallen/Documents/DropFly-OS-App-Builder/DropFly-PROJECTS/TradeFly-iOS/TradeFly.xcodeproj
    

SwiftCompile normal arm64 Compiling\ Deprecated.swift /Users/rioallen/Documents/DropFly-OS-App-Builder/DropFly-PROJECTS/TradeFly-iOS/build/SourcePackages/checkouts/supabase-swift/Sources/PostgREST/Deprecated.swift (in target 'PostgREST' from project 'Supabase')

SwiftCompile normal arm64 /Users/rioallen/Documents/DropFly-OS-App-Builder/DropFly-PROJECTS/TradeFly-iOS/build/SourcePackages/checkouts/supabase-swift/Sources/PostgREST/Deprecated.swift (in target 'PostgREST' from project 'Supabase')
    cd /Users/rioallen/Documents/DropFly-OS-App-Builder/DropFly-PROJECTS/TradeFly-iOS/TradeFly.xcodeproj
    

SwiftCompile normal arm64 Compiling\ PostgrestFilterValue.swift /Users/rioallen/Documents/DropFly-OS-App-Builder/DropFly-PROJECTS/TradeFly-iOS/build/SourcePackages/checkouts/supabase-swift/Sources/PostgREST/PostgrestFilterValue.swift (in target 'PostgREST' from project 'Supabase')

SwiftCompile normal arm64 /Users/rioallen/Documents/DropFly-OS-App-Builder/DropFly-PROJECTS/TradeFly-iOS/build/SourcePackages/checkouts/supabase-swift/Sources/PostgREST/PostgrestFilterValue.swift (in target 'PostgREST' from project 'Supabase')
    cd /Users/rioallen/Documents/DropFly-OS-App-Builder/DropFly-PROJECTS/TradeFly-iOS/TradeFly.xcodeproj
    

SwiftCompile normal arm64 Compiling\ PostgrestTransformBuilder.swift /Users/rioallen/Documents/DropFly-OS-App-Builder/DropFly-PROJECTS/TradeFly-iOS/build/SourcePackages/checkouts/supabase-swift/Sources/PostgREST/PostgrestTransformBuilder.swift (in target 'PostgREST' from project 'Supabase')

SwiftCompile normal arm64 /Users/rioallen/Documents/DropFly-OS-App-Builder/DropFly-PROJECTS/TradeFly-iOS/build/SourcePackages/checkouts/supabase-swift/Sources/PostgREST/PostgrestTransformBuilder.swift (in target 'PostgREST' from project 'Supabase')
    cd /Users/rioallen/Documents/DropFly-OS-App-Builder/DropFly-PROJECTS/TradeFly-iOS/TradeFly.xcodeproj
    

SwiftEmitModule normal arm64 Emitting\ module\ for\ Realtime (in target 'Realtime' from project 'Supabase')
EmitSwiftModule normal arm64 (in target 'Realtime' from project 'Supabase')
    cd /Users/rioallen/Documents/DropFly-OS-App-Builder/DropFly-PROJECTS/TradeFly-iOS/TradeFly.xcodeproj
    

SwiftExplicitDependencyGeneratePcm arm64 /Users/rioallen/Documents/DropFly-OS-App-Builder/DropFly-PROJECTS/TradeFly-iOS/build/ModuleCache.noindex/MobileCoreServices-3BFBN09BBE1TIVDSPN7C6L29F.pcm

SwiftDriverJobDiscovery normal arm64 Compiling Exports.swift (in target 'Functions' from project 'Supabase')

SwiftCompile normal arm64 Compiling\ RealtimeChannel.swift,\ RealtimeClient.swift /Users/rioallen/Documents/DropFly-OS-App-Builder/DropFly-PROJECTS/TradeFly-iOS/build/SourcePackages/checkouts/supabase-swift/Sources/Realtime/Deprecated/RealtimeChannel.swift /Users/rioallen/Documents/DropFly-OS-App-Builder/DropFly-PROJECTS/TradeFly-iOS/build/SourcePackages/checkouts/supabase-swift/Sources/Realtime/Deprecated/RealtimeClient.swift (in target 'Realtime' from project 'Supabase')
SwiftCompile normal arm64 /Users/rioallen/Documents/DropFly-OS-App-Builder/DropFly-PROJECTS/TradeFly-iOS/build/SourcePackages/checkouts/supabase-swift/Sources/Realtime/Deprecated/RealtimeChannel.swift (in target 'Realtime' from project 'Supabase')
    cd /Users/rioallen/Documents/DropFly-OS-App-Builder/DropFly-PROJECTS/TradeFly-iOS/TradeFly.xcodeproj
    

SwiftCompile normal arm64 /Users/rioallen/Documents/DropFly-OS-App-Builder/DropFly-PROJECTS/TradeFly-iOS/build/SourcePackages/checkouts/supabase-swift/Sources/Realtime/Deprecated/RealtimeClient.swift (in target 'Realtime' from project 'Supabase')
    cd /Users/rioallen/Documents/DropFly-OS-App-Builder/DropFly-PROJECTS/TradeFly-iOS/TradeFly.xcodeproj
    

SwiftDriverJobDiscovery normal arm64 Compiling Exports.swift (in target 'PostgREST' from project 'Supabase')

SwiftCompile normal arm64 Compiling\ HeartbeatTimer.swift,\ PhoenixTransport.swift /Users/rioallen/Documents/DropFly-OS-App-Builder/DropFly-PROJECTS/TradeFly-iOS/build/SourcePackages/checkouts/supabase-swift/Sources/Realtime/Deprecated/HeartbeatTimer.swift /Users/rioallen/Documents/DropFly-OS-App-Builder/DropFly-PROJECTS/TradeFly-iOS/build/SourcePackages/checkouts/supabase-swift/Sources/Realtime/Deprecated/PhoenixTransport.swift (in target 'Realtime' from project 'Supabase')

SwiftCompile normal arm64 /Users/rioallen/Documents/DropFly-OS-App-Builder/DropFly-PROJECTS/TradeFly-iOS/build/SourcePackages/checkouts/supabase-swift/Sources/Realtime/Deprecated/HeartbeatTimer.swift (in target 'Realtime' from project 'Supabase')
    cd /Users/rioallen/Documents/DropFly-OS-App-Builder/DropFly-PROJECTS/TradeFly-iOS/TradeFly.xcodeproj
    

SwiftCompile normal arm64 /Users/rioallen/Documents/DropFly-OS-App-Builder/DropFly-PROJECTS/TradeFly-iOS/build/SourcePackages/checkouts/supabase-swift/Sources/Realtime/Deprecated/PhoenixTransport.swift (in target 'Realtime' from project 'Supabase')
    cd /Users/rioallen/Documents/DropFly-OS-App-Builder/DropFly-PROJECTS/TradeFly-iOS/TradeFly.xcodeproj
    

SwiftEmitModule normal arm64 Emitting\ module\ for\ Storage (in target 'Storage' from project 'Supabase')

EmitSwiftModule normal arm64 (in target 'Storage' from project 'Supabase')
    cd /Users/rioallen/Documents/DropFly-OS-App-Builder/DropFly-PROJECTS/TradeFly-iOS/TradeFly.xcodeproj
    

SwiftDriverJobDiscovery normal arm64 Compiling Defaults.swift (in target 'PostgREST' from project 'Supabase')

SwiftCompile normal arm64 Compiling\ TransformOptions.swift /Users/rioallen/Documents/DropFly-OS-App-Builder/DropFly-PROJECTS/TradeFly-iOS/build/SourcePackages/checkouts/supabase-swift/Sources/Storage/TransformOptions.swift (in target 'Storage' from project 'Supabase')

SwiftCompile normal arm64 /Users/rioallen/Documents/DropFly-OS-App-Builder/DropFly-PROJECTS/TradeFly-iOS/build/SourcePackages/checkouts/supabase-swift/Sources/Storage/TransformOptions.swift (in target 'Storage' from project 'Supabase')
    cd /Users/rioallen/Documents/DropFly-OS-App-Builder/DropFly-PROJECTS/TradeFly-iOS/TradeFly.xcodeproj
    

SwiftExplicitDependencyGeneratePcm arm64 /Users/rioallen/Documents/DropFly-OS-App-Builder/DropFly-PROJECTS/TradeFly-iOS/build/ModuleCache.noindex/LocalAuthentication-CF8BR91IGIY49NMRGRS6O6M7.pcm

SwiftDriverJobDiscovery normal arm64 Emitting module for Functions (in target 'Functions' from project 'Supabase')

SwiftDriverJobDiscovery normal arm64 Compiling Deprecated.swift (in target 'PostgREST' from project 'Supabase')

SwiftDriver\ Compilation\ Requirements Functions normal arm64 com.apple.xcode.tools.swift.compiler (in target 'Functions' from project 'Supabase')
    cd /Users/rioallen/Documents/DropFly-OS-App-Builder/DropFly-PROJECTS/TradeFly-iOS/TradeFly.xcodeproj
    builtin-Swift-Compilation-Requirements -- /Applications/Xcode.app/Contents/Developer/Toolchains/XcodeDefault.xctoolchain/usr/bin/swiftc -module-name Functions -Onone -enforce-exclusivity\=checked @/Users/rioallen/Documents/DropFly-OS-App-Builder/DropFly-PROJECTS/TradeFly-iOS/build/Build/Intermediates.noindex/Supabase.build/Debug-iphonesimulator/Functions.build/Objects-normal/arm64/Functions.SwiftFileList -DSWIFT_PACKAGE -DDEBUG -DSWIFT_MODULE_RESOURCE_BUNDLE_UNAVAILABLE -DXcode -enable-upcoming-feature ExistentialAny -enable-experimental-feature StrictConcurrency -plugin-path /Applications/Xcode.app/Contents/Developer/Toolchains/XcodeDefault.xctoolchain/usr/lib/swift/host/plugins/testing -enable-experimental-feature DebugDescriptionMacro -sdk /Applications/Xcode.app/Contents/Developer/Platforms/iPhoneSimulator.platform/Developer/SDKs/iPhoneSimulator26.1.sdk -target arm64-apple-ios13.0-simulator -g -module-cache-path /Users/rioallen/Documents/DropFly-OS-App-Builder/DropFly-PROJECTS/TradeFly-iOS/build/ModuleCache.noindex -Xfrontend -serialize-debugging-options -enable-testing -suppress-warnings -index-store-path /Users/rioallen/Documents/DropFly-OS-App-Builder/DropFly-PROJECTS/TradeFly-iOS/build/Index.noindex/DataStore -Xcc -D_LIBCPP_HARDENING_MODE\=_LIBCPP_HARDENING_MODE_DEBUG -swift-version 5 -I /Users/rioallen/Documents/DropFly-OS-App-Builder/DropFly-PROJECTS/TradeFly-iOS/build/Build/Products/Debug-iphonesimulator -Isystem /Applications/Xcode.app/Contents/Developer/Platforms/iPhoneSimulator.platform/Developer/usr/lib -F /Users/rioallen/Documents/DropFly-OS-App-Builder/DropFly-PROJECTS/TradeFly-iOS/build/Build/Products/Debug-iphonesimulator/PackageFrameworks -F /Users/rioallen/Documents/DropFly-OS-App-Builder/DropFly-PROJECTS/TradeFly-iOS/build/Build/Products/Debug-iphonesimulator/PackageFrameworks -F /Users/rioallen/Documents/DropFly-OS-App-Builder/DropFly-PROJECTS/TradeFly-iOS/build/Build/Products/Debug-iphonesimulator/PackageFrameworks -F /Users/rioallen/Documents/DropFly-OS-App-Builder/DropFly-PROJECTS/TradeFly-iOS/build/Build/Products/Debug-iphonesimulator/PackageFrameworks -F /Users/rioallen/Documents/DropFly-OS-App-Builder/DropFly-PROJECTS/TradeFly-iOS/build/Build/Products/Debug-iphonesimulator/PackageFrameworks -F /Users/rioallen/Documents/DropFly-OS-App-Builder/DropFly-PROJECTS/TradeFly-iOS/build/Build/Products/Debug-iphonesimulator/PackageFrameworks -F /Users/rioallen/Documents/DropFly-OS-App-Builder/DropFly-PROJECTS/TradeFly-iOS/build/Build/Products/Debug-iphonesimulator/PackageFrameworks -F /Users/rioallen/Documents/DropFly-OS-App-Builder/DropFly-PROJECTS/TradeFly-iOS/build/Build/Products/Debug-iphonesimulator -F /Applications/Xcode.app/Contents/Developer/Platforms/iPhoneSimulator.platform/Developer/Library/Frameworks -F /Applications/Xcode.app/Contents/Developer/Platforms/iPhoneSimulator.platform/Developer/SDKs/iPhoneSimulator26.1.sdk/Developer/Library/Frameworks -c -j16 -enable-batch-mode -incremental -Xcc -ivfsstatcache -Xcc /Users/rioallen/Documents/DropFly-OS-App-Builder/DropFly-PROJECTS/TradeFly-iOS/build/SDKStatCaches.noindex/iphonesimulator26.1-23B77-90cf18a4295e390e64c810bc6bd7acbc.sdkstatcache -output-file-map /Users/rioallen/Documents/DropFly-OS-App-Builder/DropFly-PROJECTS/TradeFly-iOS/build/Build/Intermediates.noindex/Supabase.build/Debug-iphonesimulator/Functions.build/Objects-normal/arm64/Functions-OutputFileMap.json -use-frontend-parseable-output -save-temps -no-color-diagnostics -explicit-module-build -module-cache-path /Users/rioallen/Documents/DropFly-OS-App-Builder/DropFly-PROJECTS/TradeFly-iOS/build/Build/Intermediates.noindex/SwiftExplicitPrecompiledModules -clang-scanner-module-cache-path /Users/rioallen/Documents/DropFly-OS-App-Builder/DropFly-PROJECTS/TradeFly-iOS/build/ModuleCache.noindex -sdk-module-cache-path /Users/rioallen/Documents/DropFly-OS-App-Builder/DropFly-PROJECTS/TradeFly-iOS/build/ModuleCache.noindex -serialize-diagnostics -emit-dependencies -emit-module -emit-module-path /Users/rioallen/Documents/DropFly-OS-App-Builder/DropFly-PROJECTS/TradeFly-iOS/build/Build/Intermediates.noindex/Supabase.build/Debug-iphonesimulator/Functions.build/Objects-normal/arm64/Functions.swiftmodule -validate-clang-modules-once -clang-build-session-file /Users/rioallen/Documents/DropFly-OS-App-Builder/DropFly-PROJECTS/TradeFly-iOS/build/ModuleCache.noindex/Session.modulevalidation -package-name supabase_swift -Xcc -I/Users/rioallen/Documents/DropFly-OS-App-Builder/DropFly-PROJECTS/TradeFly-iOS/build/Build/Intermediates.noindex/Supabase.build/Debug-iphonesimulator/Functions.build/swift-overrides.hmap -emit-const-values -Xfrontend -const-gather-protocols-file -Xfrontend /Users/rioallen/Documents/DropFly-OS-App-Builder/DropFly-PROJECTS/TradeFly-iOS/build/Build/Intermediates.noindex/Supabase.build/Debug-iphonesimulator/Functions.build/Objects-normal/arm64/Functions_const_extract_protocols.json -Xcc -I/Users/rioallen/Documents/DropFly-OS-App-Builder/DropFly-PROJECTS/TradeFly-iOS/build/Build/Products/Debug-iphonesimulator/include -Xcc -I/Users/rioallen/Documents/DropFly-OS-App-Builder/DropFly-PROJECTS/TradeFly-iOS/build/Build/Intermediates.noindex/Supabase.build/Debug-iphonesimulator/Functions.build/DerivedSources-normal/arm64 -Xcc -I/Users/rioallen/Documents/DropFly-OS-App-Builder/DropFly-PROJECTS/TradeFly-iOS/build/Build/Intermediates.noindex/Supabase.build/Debug-iphonesimulator/Functions.build/DerivedSources/arm64 -Xcc -I/Users/rioallen/Documents/DropFly-OS-App-Builder/DropFly-PROJECTS/TradeFly-iOS/build/Build/Intermediates.noindex/Supabase.build/Debug-iphonesimulator/Functions.build/DerivedSources -Xcc -DSWIFT_PACKAGE -Xcc -DDEBUG\=1 -emit-objc-header -emit-objc-header-path /Users/rioallen/Documents/DropFly-OS-App-Builder/DropFly-PROJECTS/TradeFly-iOS/build/Build/Intermediates.noindex/Supabase.build/Debug-iphonesimulator/Functions.build/Objects-normal/arm64/Functions-Swift.h -working-directory /Users/rioallen/Documents/DropFly-OS-App-Builder/DropFly-PROJECTS/TradeFly-iOS/TradeFly.xcodeproj -experimental-emit-module-separately -disable-cmo

SwiftExplicitDependencyGeneratePcm arm64 /Users/rioallen/Documents/DropFly-OS-App-Builder/DropFly-PROJECTS/TradeFly-iOS/build/ModuleCache.noindex/AuthenticationServices-DZ533ROZT97GU6NN664LMG7GB.pcm

SwiftMergeGeneratedHeaders /Users/rioallen/Documents/DropFly-OS-App-Builder/DropFly-PROJECTS/TradeFly-iOS/build/Build/Intermediates.noindex/GeneratedModuleMaps-iphonesimulator/Functions-Swift.h /Users/rioallen/Documents/DropFly-OS-App-Builder/DropFly-PROJECTS/TradeFly-iOS/build/Build/Intermediates.noindex/Supabase.build/Debug-iphonesimulator/Functions.build/Objects-normal/arm64/Functions-Swift.h (in target 'Functions' from project 'Supabase')
    cd /Users/rioallen/Documents/DropFly-OS-App-Builder/DropFly-PROJECTS/TradeFly-iOS/build/SourcePackages/checkouts/supabase-swift
    builtin-swiftHeaderTool -arch arm64 /Users/rioallen/Documents/DropFly-OS-App-Builder/DropFly-PROJECTS/TradeFly-iOS/build/Build/Intermediates.noindex/Supabase.build/Debug-iphonesimulator/Functions.build/Objects-normal/arm64/Functions-Swift.h -o /Users/rioallen/Documents/DropFly-OS-App-Builder/DropFly-PROJECTS/TradeFly-iOS/build/Build/Intermediates.noindex/GeneratedModuleMaps-iphonesimulator/Functions-Swift.h

Copy /Users/rioallen/Documents/DropFly-OS-App-Builder/DropFly-PROJECTS/TradeFly-iOS/build/Build/Products/Debug-iphonesimulator/Functions.swiftmodule/arm64-apple-ios-simulator.swiftmodule /Users/rioallen/Documents/DropFly-OS-App-Builder/DropFly-PROJECTS/TradeFly-iOS/build/Build/Intermediates.noindex/Supabase.build/Debug-iphonesimulator/Functions.build/Objects-normal/arm64/Functions.swiftmodule (in target 'Functions' from project 'Supabase')
    cd /Users/rioallen/Documents/DropFly-OS-App-Builder/DropFly-PROJECTS/TradeFly-iOS/build/SourcePackages/checkouts/supabase-swift
    builtin-copy -exclude .DS_Store -exclude CVS -exclude .svn -exclude .git -exclude .hg -resolve-src-symlinks -rename /Users/rioallen/Documents/DropFly-OS-App-Builder/DropFly-PROJECTS/TradeFly-iOS/build/Build/Intermediates.noindex/Supabase.build/Debug-iphonesimulator/Functions.build/Objects-normal/arm64/Functions.swiftmodule /Users/rioallen/Documents/DropFly-OS-App-Builder/DropFly-PROJECTS/TradeFly-iOS/build/Build/Products/Debug-iphonesimulator/Functions.swiftmodule/arm64-apple-ios-simulator.swiftmodule

Copy /Users/rioallen/Documents/DropFly-OS-App-Builder/DropFly-PROJECTS/TradeFly-iOS/build/Build/Products/Debug-iphonesimulator/Functions.swiftmodule/arm64-apple-ios-simulator.swiftdoc /Users/rioallen/Documents/DropFly-OS-App-Builder/DropFly-PROJECTS/TradeFly-iOS/build/Build/Intermediates.noindex/Supabase.build/Debug-iphonesimulator/Functions.build/Objects-normal/arm64/Functions.swiftdoc (in target 'Functions' from project 'Supabase')
    cd /Users/rioallen/Documents/DropFly-OS-App-Builder/DropFly-PROJECTS/TradeFly-iOS/build/SourcePackages/checkouts/supabase-swift
    builtin-copy -exclude .DS_Store -exclude CVS -exclude .svn -exclude .git -exclude .hg -resolve-src-symlinks -rename /Users/rioallen/Documents/DropFly-OS-App-Builder/DropFly-PROJECTS/TradeFly-iOS/build/Build/Intermediates.noindex/Supabase.build/Debug-iphonesimulator/Functions.build/Objects-normal/arm64/Functions.swiftdoc /Users/rioallen/Documents/DropFly-OS-App-Builder/DropFly-PROJECTS/TradeFly-iOS/build/Build/Products/Debug-iphonesimulator/Functions.swiftmodule/arm64-apple-ios-simulator.swiftdoc

Copy /Users/rioallen/Documents/DropFly-OS-App-Builder/DropFly-PROJECTS/TradeFly-iOS/build/Build/Products/Debug-iphonesimulator/Functions.swiftmodule/arm64-apple-ios-simulator.abi.json /Users/rioallen/Documents/DropFly-OS-App-Builder/DropFly-PROJECTS/TradeFly-iOS/build/Build/Intermediates.noindex/Supabase.build/Debug-iphonesimulator/Functions.build/Objects-normal/arm64/Functions.abi.json (in target 'Functions' from project 'Supabase')
    cd /Users/rioallen/Documents/DropFly-OS-App-Builder/DropFly-PROJECTS/TradeFly-iOS/build/SourcePackages/checkouts/supabase-swift
    builtin-copy -exclude .DS_Store -exclude CVS -exclude .svn -exclude .git -exclude .hg -resolve-src-symlinks -rename /Users/rioallen/Documents/DropFly-OS-App-Builder/DropFly-PROJECTS/TradeFly-iOS/build/Build/Intermediates.noindex/Supabase.build/Debug-iphonesimulator/Functions.build/Objects-normal/arm64/Functions.abi.json /Users/rioallen/Documents/DropFly-OS-App-Builder/DropFly-PROJECTS/TradeFly-iOS/build/Build/Products/Debug-iphonesimulator/Functions.swiftmodule/arm64-apple-ios-simulator.abi.json

Copy /Users/rioallen/Documents/DropFly-OS-App-Builder/DropFly-PROJECTS/TradeFly-iOS/build/Build/Products/Debug-iphonesimulator/Functions.swiftmodule/Project/arm64-apple-ios-simulator.swiftsourceinfo /Users/rioallen/Documents/DropFly-OS-App-Builder/DropFly-PROJECTS/TradeFly-iOS/build/Build/Intermediates.noindex/Supabase.build/Debug-iphonesimulator/Functions.build/Objects-normal/arm64/Functions.swiftsourceinfo (in target 'Functions' from project 'Supabase')
    cd /Users/rioallen/Documents/DropFly-OS-App-Builder/DropFly-PROJECTS/TradeFly-iOS/build/SourcePackages/checkouts/supabase-swift
    builtin-copy -exclude .DS_Store -exclude CVS -exclude .svn -exclude .git -exclude .hg -resolve-src-symlinks -rename /Users/rioallen/Documents/DropFly-OS-App-Builder/DropFly-PROJECTS/TradeFly-iOS/build/Build/Intermediates.noindex/Supabase.build/Debug-iphonesimulator/Functions.build/Objects-normal/arm64/Functions.swiftsourceinfo /Users/rioallen/Documents/DropFly-OS-App-Builder/DropFly-PROJECTS/TradeFly-iOS/build/Build/Products/Debug-iphonesimulator/Functions.swiftmodule/Project/arm64-apple-ios-simulator.swiftsourceinfo

SwiftCompile normal arm64 Compiling\ StorageFileApi.swift /Users/rioallen/Documents/DropFly-OS-App-Builder/DropFly-PROJECTS/TradeFly-iOS/build/SourcePackages/checkouts/supabase-swift/Sources/Storage/StorageFileApi.swift (in target 'Storage' from project 'Supabase')

SwiftCompile normal arm64 /Users/rioallen/Documents/DropFly-OS-App-Builder/DropFly-PROJECTS/TradeFly-iOS/build/SourcePackages/checkouts/supabase-swift/Sources/Storage/StorageFileApi.swift (in target 'Storage' from project 'Supabase')
    cd /Users/rioallen/Documents/DropFly-OS-App-Builder/DropFly-PROJECTS/TradeFly-iOS/TradeFly.xcodeproj
    

SwiftCompile normal arm64 Compiling\ Deprecated.swift /Users/rioallen/Documents/DropFly-OS-App-Builder/DropFly-PROJECTS/TradeFly-iOS/build/SourcePackages/checkouts/supabase-swift/Sources/Storage/Deprecated.swift (in target 'Storage' from project 'Supabase')

SwiftCompile normal arm64 /Users/rioallen/Documents/DropFly-OS-App-Builder/DropFly-PROJECTS/TradeFly-iOS/build/SourcePackages/checkouts/supabase-swift/Sources/Storage/Deprecated.swift (in target 'Storage' from project 'Supabase')
    cd /Users/rioallen/Documents/DropFly-OS-App-Builder/DropFly-PROJECTS/TradeFly-iOS/TradeFly.xcodeproj
    

SwiftDriverJobDiscovery normal arm64 Compiling PostgrestQueryBuilder.swift (in target 'PostgREST' from project 'Supabase')

SwiftCompile normal arm64 Compiling\ SupabaseStorage.swift /Users/rioallen/Documents/DropFly-OS-App-Builder/DropFly-PROJECTS/TradeFly-iOS/build/SourcePackages/checkouts/supabase-swift/Sources/Storage/SupabaseStorage.swift (in target 'Storage' from project 'Supabase')

SwiftCompile normal arm64 /Users/rioallen/Documents/DropFly-OS-App-Builder/DropFly-PROJECTS/TradeFly-iOS/build/SourcePackages/checkouts/supabase-swift/Sources/Storage/SupabaseStorage.swift (in target 'Storage' from project 'Supabase')
    cd /Users/rioallen/Documents/DropFly-OS-App-Builder/DropFly-PROJECTS/TradeFly-iOS/TradeFly.xcodeproj
    

SwiftDriverJobDiscovery normal arm64 Emitting module for PostgREST (in target 'PostgREST' from project 'Supabase')

SwiftDriver\ Compilation\ Requirements PostgREST normal arm64 com.apple.xcode.tools.swift.compiler (in target 'PostgREST' from project 'Supabase')
    cd /Users/rioallen/Documents/DropFly-OS-App-Builder/DropFly-PROJECTS/TradeFly-iOS/TradeFly.xcodeproj
    builtin-Swift-Compilation-Requirements -- /Applications/Xcode.app/Contents/Developer/Toolchains/XcodeDefault.xctoolchain/usr/bin/swiftc -module-name PostgREST -Onone -enforce-exclusivity\=checked @/Users/rioallen/Documents/DropFly-OS-App-Builder/DropFly-PROJECTS/TradeFly-iOS/build/Build/Intermediates.noindex/Supabase.build/Debug-iphonesimulator/PostgREST.build/Objects-normal/arm64/PostgREST.SwiftFileList -DSWIFT_PACKAGE -DDEBUG -DSWIFT_MODULE_RESOURCE_BUNDLE_UNAVAILABLE -DXcode -enable-upcoming-feature ExistentialAny -enable-experimental-feature StrictConcurrency -plugin-path /Applications/Xcode.app/Contents/Developer/Toolchains/XcodeDefault.xctoolchain/usr/lib/swift/host/plugins/testing -enable-experimental-feature DebugDescriptionMacro -sdk /Applications/Xcode.app/Contents/Developer/Platforms/iPhoneSimulator.platform/Developer/SDKs/iPhoneSimulator26.1.sdk -target arm64-apple-ios13.0-simulator -g -module-cache-path /Users/rioallen/Documents/DropFly-OS-App-Builder/DropFly-PROJECTS/TradeFly-iOS/build/ModuleCache.noindex -Xfrontend -serialize-debugging-options -enable-testing -suppress-warnings -index-store-path /Users/rioallen/Documents/DropFly-OS-App-Builder/DropFly-PROJECTS/TradeFly-iOS/build/Index.noindex/DataStore -Xcc -D_LIBCPP_HARDENING_MODE\=_LIBCPP_HARDENING_MODE_DEBUG -swift-version 5 -I /Users/rioallen/Documents/DropFly-OS-App-Builder/DropFly-PROJECTS/TradeFly-iOS/build/Build/Products/Debug-iphonesimulator -Isystem /Applications/Xcode.app/Contents/Developer/Platforms/iPhoneSimulator.platform/Developer/usr/lib -F /Users/rioallen/Documents/DropFly-OS-App-Builder/DropFly-PROJECTS/TradeFly-iOS/build/Build/Products/Debug-iphonesimulator/PackageFrameworks -F /Users/rioallen/Documents/DropFly-OS-App-Builder/DropFly-PROJECTS/TradeFly-iOS/build/Build/Products/Debug-iphonesimulator/PackageFrameworks -F /Users/rioallen/Documents/DropFly-OS-App-Builder/DropFly-PROJECTS/TradeFly-iOS/build/Build/Products/Debug-iphonesimulator/PackageFrameworks -F /Users/rioallen/Documents/DropFly-OS-App-Builder/DropFly-PROJECTS/TradeFly-iOS/build/Build/Products/Debug-iphonesimulator/PackageFrameworks -F /Users/rioallen/Documents/DropFly-OS-App-Builder/DropFly-PROJECTS/TradeFly-iOS/build/Build/Products/Debug-iphonesimulator/PackageFrameworks -F /Users/rioallen/Documents/DropFly-OS-App-Builder/DropFly-PROJECTS/TradeFly-iOS/build/Build/Products/Debug-iphonesimulator/PackageFrameworks -F /Users/rioallen/Documents/DropFly-OS-App-Builder/DropFly-PROJECTS/TradeFly-iOS/build/Build/Products/Debug-iphonesimulator/PackageFrameworks -F /Users/rioallen/Documents/DropFly-OS-App-Builder/DropFly-PROJECTS/TradeFly-iOS/build/Build/Products/Debug-iphonesimulator -F /Applications/Xcode.app/Contents/Developer/Platforms/iPhoneSimulator.platform/Developer/Library/Frameworks -F /Applications/Xcode.app/Contents/Developer/Platforms/iPhoneSimulator.platform/Developer/SDKs/iPhoneSimulator26.1.sdk/Developer/Library/Frameworks -c -j16 -enable-batch-mode -incremental -Xcc -ivfsstatcache -Xcc /Users/rioallen/Documents/DropFly-OS-App-Builder/DropFly-PROJECTS/TradeFly-iOS/build/SDKStatCaches.noindex/iphonesimulator26.1-23B77-90cf18a4295e390e64c810bc6bd7acbc.sdkstatcache -output-file-map /Users/rioallen/Documents/DropFly-OS-App-Builder/DropFly-PROJECTS/TradeFly-iOS/build/Build/Intermediates.noindex/Supabase.build/Debug-iphonesimulator/PostgREST.build/Objects-normal/arm64/PostgREST-OutputFileMap.json -use-frontend-parseable-output -save-temps -no-color-diagnostics -explicit-module-build -module-cache-path /Users/rioallen/Documents/DropFly-OS-App-Builder/DropFly-PROJECTS/TradeFly-iOS/build/Build/Intermediates.noindex/SwiftExplicitPrecompiledModules -clang-scanner-module-cache-path /Users/rioallen/Documents/DropFly-OS-App-Builder/DropFly-PROJECTS/TradeFly-iOS/build/ModuleCache.noindex -sdk-module-cache-path /Users/rioallen/Documents/DropFly-OS-App-Builder/DropFly-PROJECTS/TradeFly-iOS/build/ModuleCache.noindex -serialize-diagnostics -emit-dependencies -emit-module -emit-module-path /Users/rioallen/Documents/DropFly-OS-App-Builder/DropFly-PROJECTS/TradeFly-iOS/build/Build/Intermediates.noindex/Supabase.build/Debug-iphonesimulator/PostgREST.build/Objects-normal/arm64/PostgREST.swiftmodule -validate-clang-modules-once -clang-build-session-file /Users/rioallen/Documents/DropFly-OS-App-Builder/DropFly-PROJECTS/TradeFly-iOS/build/ModuleCache.noindex/Session.modulevalidation -package-name supabase_swift -Xcc -I/Users/rioallen/Documents/DropFly-OS-App-Builder/DropFly-PROJECTS/TradeFly-iOS/build/Build/Intermediates.noindex/Supabase.build/Debug-iphonesimulator/PostgREST.build/swift-overrides.hmap -emit-const-values -Xfrontend -const-gather-protocols-file -Xfrontend /Users/rioallen/Documents/DropFly-OS-App-Builder/DropFly-PROJECTS/TradeFly-iOS/build/Build/Intermediates.noindex/Supabase.build/Debug-iphonesimulator/PostgREST.build/Objects-normal/arm64/PostgREST_const_extract_protocols.json -Xcc -I/Users/rioallen/Documents/DropFly-OS-App-Builder/DropFly-PROJECTS/TradeFly-iOS/build/Build/Products/Debug-iphonesimulator/include -Xcc -I/Users/rioallen/Documents/DropFly-OS-App-Builder/DropFly-PROJECTS/TradeFly-iOS/build/Build/Intermediates.noindex/Supabase.build/Debug-iphonesimulator/PostgREST.build/DerivedSources-normal/arm64 -Xcc -I/Users/rioallen/Documents/DropFly-OS-App-Builder/DropFly-PROJECTS/TradeFly-iOS/build/Build/Intermediates.noindex/Supabase.build/Debug-iphonesimulator/PostgREST.build/DerivedSources/arm64 -Xcc -I/Users/rioallen/Documents/DropFly-OS-App-Builder/DropFly-PROJECTS/TradeFly-iOS/build/Build/Intermediates.noindex/Supabase.build/Debug-iphonesimulator/PostgREST.build/DerivedSources -Xcc -DSWIFT_PACKAGE -Xcc -DDEBUG\=1 -emit-objc-header -emit-objc-header-path /Users/rioallen/Documents/DropFly-OS-App-Builder/DropFly-PROJECTS/TradeFly-iOS/build/Build/Intermediates.noindex/Supabase.build/Debug-iphonesimulator/PostgREST.build/Objects-normal/arm64/PostgREST-Swift.h -working-directory /Users/rioallen/Documents/DropFly-OS-App-Builder/DropFly-PROJECTS/TradeFly-iOS/TradeFly.xcodeproj -experimental-emit-module-separately -disable-cmo

SwiftDriverJobDiscovery normal arm64 Compiling PostgrestBuilder.swift (in target 'PostgREST' from project 'Supabase')

SwiftCompile normal arm64 Compiling\ StorageApi.swift /Users/rioallen/Documents/DropFly-OS-App-Builder/DropFly-PROJECTS/TradeFly-iOS/build/SourcePackages/checkouts/supabase-swift/Sources/Storage/StorageApi.swift (in target 'Storage' from project 'Supabase')

SwiftCompile normal arm64 /Users/rioallen/Documents/DropFly-OS-App-Builder/DropFly-PROJECTS/TradeFly-iOS/build/SourcePackages/checkouts/supabase-swift/Sources/Storage/StorageApi.swift (in target 'Storage' from project 'Supabase')
    cd /Users/rioallen/Documents/DropFly-OS-App-Builder/DropFly-PROJECTS/TradeFly-iOS/TradeFly.xcodeproj
    

SwiftCompile normal arm64 Compiling\ MultipartFormData.swift /Users/rioallen/Documents/DropFly-OS-App-Builder/DropFly-PROJECTS/TradeFly-iOS/build/SourcePackages/checkouts/supabase-swift/Sources/Storage/MultipartFormData.swift (in target 'Storage' from project 'Supabase')

SwiftCompile normal arm64 /Users/rioallen/Documents/DropFly-OS-App-Builder/DropFly-PROJECTS/TradeFly-iOS/build/SourcePackages/checkouts/supabase-swift/Sources/Storage/MultipartFormData.swift (in target 'Storage' from project 'Supabase')
    cd /Users/rioallen/Documents/DropFly-OS-App-Builder/DropFly-PROJECTS/TradeFly-iOS/TradeFly.xcodeproj
    

SwiftDriverJobDiscovery normal arm64 Compiling Types.swift (in target 'Functions' from project 'Supabase')

SwiftMergeGeneratedHeaders /Users/rioallen/Documents/DropFly-OS-App-Builder/DropFly-PROJECTS/TradeFly-iOS/build/Build/Intermediates.noindex/GeneratedModuleMaps-iphonesimulator/PostgREST-Swift.h /Users/rioallen/Documents/DropFly-OS-App-Builder/DropFly-PROJECTS/TradeFly-iOS/build/Build/Intermediates.noindex/Supabase.build/Debug-iphonesimulator/PostgREST.build/Objects-normal/arm64/PostgREST-Swift.h (in target 'PostgREST' from project 'Supabase')
    cd /Users/rioallen/Documents/DropFly-OS-App-Builder/DropFly-PROJECTS/TradeFly-iOS/build/SourcePackages/checkouts/supabase-swift
    builtin-swiftHeaderTool -arch arm64 /Users/rioallen/Documents/DropFly-OS-App-Builder/DropFly-PROJECTS/TradeFly-iOS/build/Build/Intermediates.noindex/Supabase.build/Debug-iphonesimulator/PostgREST.build/Objects-normal/arm64/PostgREST-Swift.h -o /Users/rioallen/Documents/DropFly-OS-App-Builder/DropFly-PROJECTS/TradeFly-iOS/build/Build/Intermediates.noindex/GeneratedModuleMaps-iphonesimulator/PostgREST-Swift.h

SwiftDriverJobDiscovery normal arm64 Compiling TransformOptions.swift (in target 'Storage' from project 'Supabase')

Copy /Users/rioallen/Documents/DropFly-OS-App-Builder/DropFly-PROJECTS/TradeFly-iOS/build/Build/Products/Debug-iphonesimulator/PostgREST.swiftmodule/arm64-apple-ios-simulator.swiftmodule /Users/rioallen/Documents/DropFly-OS-App-Builder/DropFly-PROJECTS/TradeFly-iOS/build/Build/Intermediates.noindex/Supabase.build/Debug-iphonesimulator/PostgREST.build/Objects-normal/arm64/PostgREST.swiftmodule (in target 'PostgREST' from project 'Supabase')
    cd /Users/rioallen/Documents/DropFly-OS-App-Builder/DropFly-PROJECTS/TradeFly-iOS/build/SourcePackages/checkouts/supabase-swift
    builtin-copy -exclude .DS_Store -exclude CVS -exclude .svn -exclude .git -exclude .hg -resolve-src-symlinks -rename /Users/rioallen/Documents/DropFly-OS-App-Builder/DropFly-PROJECTS/TradeFly-iOS/build/Build/Intermediates.noindex/Supabase.build/Debug-iphonesimulator/PostgREST.build/Objects-normal/arm64/PostgREST.swiftmodule /Users/rioallen/Documents/DropFly-OS-App-Builder/DropFly-PROJECTS/TradeFly-iOS/build/Build/Products/Debug-iphonesimulator/PostgREST.swiftmodule/arm64-apple-ios-simulator.swiftmodule

Copy /Users/rioallen/Documents/DropFly-OS-App-Builder/DropFly-PROJECTS/TradeFly-iOS/build/Build/Products/Debug-iphonesimulator/PostgREST.swiftmodule/arm64-apple-ios-simulator.swiftdoc /Users/rioallen/Documents/DropFly-OS-App-Builder/DropFly-PROJECTS/TradeFly-iOS/build/Build/Intermediates.noindex/Supabase.build/Debug-iphonesimulator/PostgREST.build/Objects-normal/arm64/PostgREST.swiftdoc (in target 'PostgREST' from project 'Supabase')
    cd /Users/rioallen/Documents/DropFly-OS-App-Builder/DropFly-PROJECTS/TradeFly-iOS/build/SourcePackages/checkouts/supabase-swift
    builtin-copy -exclude .DS_Store -exclude CVS -exclude .svn -exclude .git -exclude .hg -resolve-src-symlinks -rename /Users/rioallen/Documents/DropFly-OS-App-Builder/DropFly-PROJECTS/TradeFly-iOS/build/Build/Intermediates.noindex/Supabase.build/Debug-iphonesimulator/PostgREST.build/Objects-normal/arm64/PostgREST.swiftdoc /Users/rioallen/Documents/DropFly-OS-App-Builder/DropFly-PROJECTS/TradeFly-iOS/build/Build/Products/Debug-iphonesimulator/PostgREST.swiftmodule/arm64-apple-ios-simulator.swiftdoc

Copy /Users/rioallen/Documents/DropFly-OS-App-Builder/DropFly-PROJECTS/TradeFly-iOS/build/Build/Products/Debug-iphonesimulator/PostgREST.swiftmodule/arm64-apple-ios-simulator.abi.json /Users/rioallen/Documents/DropFly-OS-App-Builder/DropFly-PROJECTS/TradeFly-iOS/build/Build/Intermediates.noindex/Supabase.build/Debug-iphonesimulator/PostgREST.build/Objects-normal/arm64/PostgREST.abi.json (in target 'PostgREST' from project 'Supabase')
    cd /Users/rioallen/Documents/DropFly-OS-App-Builder/DropFly-PROJECTS/TradeFly-iOS/build/SourcePackages/checkouts/supabase-swift
    builtin-copy -exclude .DS_Store -exclude CVS -exclude .svn -exclude .git -exclude .hg -resolve-src-symlinks -rename /Users/rioallen/Documents/DropFly-OS-App-Builder/DropFly-PROJECTS/TradeFly-iOS/build/Build/Intermediates.noindex/Supabase.build/Debug-iphonesimulator/PostgREST.build/Objects-normal/arm64/PostgREST.abi.json /Users/rioallen/Documents/DropFly-OS-App-Builder/DropFly-PROJECTS/TradeFly-iOS/build/Build/Products/Debug-iphonesimulator/PostgREST.swiftmodule/arm64-apple-ios-simulator.abi.json

SwiftDriverJobDiscovery normal arm64 Compiling PostgrestTransformBuilder.swift (in target 'PostgREST' from project 'Supabase')

Copy /Users/rioallen/Documents/DropFly-OS-App-Builder/DropFly-PROJECTS/TradeFly-iOS/build/Build/Products/Debug-iphonesimulator/PostgREST.swiftmodule/Project/arm64-apple-ios-simulator.swiftsourceinfo /Users/rioallen/Documents/DropFly-OS-App-Builder/DropFly-PROJECTS/TradeFly-iOS/build/Build/Intermediates.noindex/Supabase.build/Debug-iphonesimulator/PostgREST.build/Objects-normal/arm64/PostgREST.swiftsourceinfo (in target 'PostgREST' from project 'Supabase')
    cd /Users/rioallen/Documents/DropFly-OS-App-Builder/DropFly-PROJECTS/TradeFly-iOS/build/SourcePackages/checkouts/supabase-swift
    builtin-copy -exclude .DS_Store -exclude CVS -exclude .svn -exclude .git -exclude .hg -resolve-src-symlinks -rename /Users/rioallen/Documents/DropFly-OS-App-Builder/DropFly-PROJECTS/TradeFly-iOS/build/Build/Intermediates.noindex/Supabase.build/Debug-iphonesimulator/PostgREST.build/Objects-normal/arm64/PostgREST.swiftsourceinfo /Users/rioallen/Documents/DropFly-OS-App-Builder/DropFly-PROJECTS/TradeFly-iOS/build/Build/Products/Debug-iphonesimulator/PostgREST.swiftmodule/Project/arm64-apple-ios-simulator.swiftsourceinfo

SwiftCompile normal arm64 Compiling\ Exports.swift /Users/rioallen/Documents/DropFly-OS-App-Builder/DropFly-PROJECTS/TradeFly-iOS/build/SourcePackages/checkouts/supabase-swift/Sources/Storage/Exports.swift (in target 'Storage' from project 'Supabase')

SwiftCompile normal arm64 /Users/rioallen/Documents/DropFly-OS-App-Builder/DropFly-PROJECTS/TradeFly-iOS/build/SourcePackages/checkouts/supabase-swift/Sources/Storage/Exports.swift (in target 'Storage' from project 'Supabase')
    cd /Users/rioallen/Documents/DropFly-OS-App-Builder/DropFly-PROJECTS/TradeFly-iOS/TradeFly.xcodeproj
    

SwiftCompile normal arm64 Compiling\ BucketOptions.swift /Users/rioallen/Documents/DropFly-OS-App-Builder/DropFly-PROJECTS/TradeFly-iOS/build/SourcePackages/checkouts/supabase-swift/Sources/Storage/BucketOptions.swift (in target 'Storage' from project 'Supabase')

SwiftCompile normal arm64 /Users/rioallen/Documents/DropFly-OS-App-Builder/DropFly-PROJECTS/TradeFly-iOS/build/SourcePackages/checkouts/supabase-swift/Sources/Storage/BucketOptions.swift (in target 'Storage' from project 'Supabase')
    cd /Users/rioallen/Documents/DropFly-OS-App-Builder/DropFly-PROJECTS/TradeFly-iOS/TradeFly.xcodeproj
    

SwiftCompile normal arm64 Compiling\ StorageHTTPClient.swift /Users/rioallen/Documents/DropFly-OS-App-Builder/DropFly-PROJECTS/TradeFly-iOS/build/SourcePackages/checkouts/supabase-swift/Sources/Storage/StorageHTTPClient.swift (in target 'Storage' from project 'Supabase')

SwiftCompile normal arm64 /Users/rioallen/Documents/DropFly-OS-App-Builder/DropFly-PROJECTS/TradeFly-iOS/build/SourcePackages/checkouts/supabase-swift/Sources/Storage/StorageHTTPClient.swift (in target 'Storage' from project 'Supabase')
    cd /Users/rioallen/Documents/DropFly-OS-App-Builder/DropFly-PROJECTS/TradeFly-iOS/TradeFly.xcodeproj
    

SwiftDriverJobDiscovery normal arm64 Compiling PostgrestFilterValue.swift (in target 'PostgREST' from project 'Supabase')

SwiftCompile normal arm64 Compiling\ StorageError.swift /Users/rioallen/Documents/DropFly-OS-App-Builder/DropFly-PROJECTS/TradeFly-iOS/build/SourcePackages/checkouts/supabase-swift/Sources/Storage/StorageError.swift (in target 'Storage' from project 'Supabase')

SwiftCompile normal arm64 /Users/rioallen/Documents/DropFly-OS-App-Builder/DropFly-PROJECTS/TradeFly-iOS/build/SourcePackages/checkouts/supabase-swift/Sources/Storage/StorageError.swift (in target 'Storage' from project 'Supabase')
    cd /Users/rioallen/Documents/DropFly-OS-App-Builder/DropFly-PROJECTS/TradeFly-iOS/TradeFly.xcodeproj
    

SwiftEmitModule normal arm64 Emitting\ module\ for\ Auth (in target 'Auth' from project 'Supabase')

EmitSwiftModule normal arm64 (in target 'Auth' from project 'Supabase')
    cd /Users/rioallen/Documents/DropFly-OS-App-Builder/DropFly-PROJECTS/TradeFly-iOS/TradeFly.xcodeproj
    

SwiftDriverJobDiscovery normal arm64 Compiling Exports.swift (in target 'Storage' from project 'Supabase')

SwiftCompile normal arm64 Compiling\ Types.swift /Users/rioallen/Documents/DropFly-OS-App-Builder/DropFly-PROJECTS/TradeFly-iOS/build/SourcePackages/checkouts/supabase-swift/Sources/Storage/Types.swift (in target 'Storage' from project 'Supabase')

SwiftCompile normal arm64 /Users/rioallen/Documents/DropFly-OS-App-Builder/DropFly-PROJECTS/TradeFly-iOS/build/SourcePackages/checkouts/supabase-swift/Sources/Storage/Types.swift (in target 'Storage' from project 'Supabase')
    cd /Users/rioallen/Documents/DropFly-OS-App-Builder/DropFly-PROJECTS/TradeFly-iOS/TradeFly.xcodeproj
    

SwiftDriverJobDiscovery normal arm64 Compiling PostgrestClient.swift (in target 'PostgREST' from project 'Supabase')

SwiftCompile normal arm64 Compiling\ StorageBucketApi.swift /Users/rioallen/Documents/DropFly-OS-App-Builder/DropFly-PROJECTS/TradeFly-iOS/build/SourcePackages/checkouts/supabase-swift/Sources/Storage/StorageBucketApi.swift (in target 'Storage' from project 'Supabase')

SwiftCompile normal arm64 /Users/rioallen/Documents/DropFly-OS-App-Builder/DropFly-PROJECTS/TradeFly-iOS/build/SourcePackages/checkouts/supabase-swift/Sources/Storage/StorageBucketApi.swift (in target 'Storage' from project 'Supabase')
    cd /Users/rioallen/Documents/DropFly-OS-App-Builder/DropFly-PROJECTS/TradeFly-iOS/TradeFly.xcodeproj
    

SwiftDriverJobDiscovery normal arm64 Compiling SupabaseStorage.swift (in target 'Storage' from project 'Supabase')

SwiftCompile normal arm64 Compiling\ Helpers.swift /Users/rioallen/Documents/DropFly-OS-App-Builder/DropFly-PROJECTS/TradeFly-iOS/build/SourcePackages/checkouts/supabase-swift/Sources/Storage/Helpers.swift (in target 'Storage' from project 'Supabase')

SwiftCompile normal arm64 /Users/rioallen/Documents/DropFly-OS-App-Builder/DropFly-PROJECTS/TradeFly-iOS/build/SourcePackages/checkouts/supabase-swift/Sources/Storage/Helpers.swift (in target 'Storage' from project 'Supabase')
    cd /Users/rioallen/Documents/DropFly-OS-App-Builder/DropFly-PROJECTS/TradeFly-iOS/TradeFly.xcodeproj
    

SwiftDriverJobDiscovery normal arm64 Compiling BucketOptions.swift (in target 'Storage' from project 'Supabase')

SwiftCompile normal arm64 Compiling\ Codable.swift /Users/rioallen/Documents/DropFly-OS-App-Builder/DropFly-PROJECTS/TradeFly-iOS/build/SourcePackages/checkouts/supabase-swift/Sources/Storage/Codable.swift (in target 'Storage' from project 'Supabase')

SwiftCompile normal arm64 /Users/rioallen/Documents/DropFly-OS-App-Builder/DropFly-PROJECTS/TradeFly-iOS/build/SourcePackages/checkouts/supabase-swift/Sources/Storage/Codable.swift (in target 'Storage' from project 'Supabase')
    cd /Users/rioallen/Documents/DropFly-OS-App-Builder/DropFly-PROJECTS/TradeFly-iOS/TradeFly.xcodeproj
    

SwiftDriverJobDiscovery normal arm64 Compiling StorageError.swift (in target 'Storage' from project 'Supabase')

SwiftCompile normal arm64 Compiling\ CallbackManager.swift,\ Defaults.swift /Users/rioallen/Documents/DropFly-OS-App-Builder/DropFly-PROJECTS/TradeFly-iOS/build/SourcePackages/checkouts/supabase-swift/Sources/Realtime/CallbackManager.swift /Users/rioallen/Documents/DropFly-OS-App-Builder/DropFly-PROJECTS/TradeFly-iOS/build/SourcePackages/checkouts/supabase-swift/Sources/Realtime/Deprecated/Defaults.swift (in target 'Realtime' from project 'Supabase')

SwiftCompile normal arm64 /Users/rioallen/Documents/DropFly-OS-App-Builder/DropFly-PROJECTS/TradeFly-iOS/build/SourcePackages/checkouts/supabase-swift/Sources/Realtime/CallbackManager.swift (in target 'Realtime' from project 'Supabase')
    cd /Users/rioallen/Documents/DropFly-OS-App-Builder/DropFly-PROJECTS/TradeFly-iOS/TradeFly.xcodeproj
    

SwiftCompile normal arm64 /Users/rioallen/Documents/DropFly-OS-App-Builder/DropFly-PROJECTS/TradeFly-iOS/build/SourcePackages/checkouts/supabase-swift/Sources/Realtime/Deprecated/Defaults.swift (in target 'Realtime' from project 'Supabase')
    cd /Users/rioallen/Documents/DropFly-OS-App-Builder/DropFly-PROJECTS/TradeFly-iOS/TradeFly.xcodeproj
    

SwiftDriverJobDiscovery normal arm64 Compiling FunctionsClient.swift (in target 'Functions' from project 'Supabase')

SwiftCompile normal arm64 Compiling\ RealtimeMessageV2.swift,\ RealtimePostgresFilter.swift /Users/rioallen/Documents/DropFly-OS-App-Builder/DropFly-PROJECTS/TradeFly-iOS/build/SourcePackages/checkouts/supabase-swift/Sources/Realtime/RealtimeMessageV2.swift /Users/rioallen/Documents/DropFly-OS-App-Builder/DropFly-PROJECTS/TradeFly-iOS/build/SourcePackages/checkouts/supabase-swift/Sources/Realtime/RealtimePostgresFilter.swift (in target 'Realtime' from project 'Supabase')

SwiftCompile normal arm64 /Users/rioallen/Documents/DropFly-OS-App-Builder/DropFly-PROJECTS/TradeFly-iOS/build/SourcePackages/checkouts/supabase-swift/Sources/Realtime/RealtimeMessageV2.swift (in target 'Realtime' from project 'Supabase')
    cd /Users/rioallen/Documents/DropFly-OS-App-Builder/DropFly-PROJECTS/TradeFly-iOS/TradeFly.xcodeproj
    

SwiftCompile normal arm64 /Users/rioallen/Documents/DropFly-OS-App-Builder/DropFly-PROJECTS/TradeFly-iOS/build/SourcePackages/checkouts/supabase-swift/Sources/Realtime/RealtimePostgresFilter.swift (in target 'Realtime' from project 'Supabase')
    cd /Users/rioallen/Documents/DropFly-OS-App-Builder/DropFly-PROJECTS/TradeFly-iOS/TradeFly.xcodeproj
    

SwiftDriverJobDiscovery normal arm64 Emitting module for Storage (in target 'Storage' from project 'Supabase')

SwiftDriver\ Compilation\ Requirements Storage normal arm64 com.apple.xcode.tools.swift.compiler (in target 'Storage' from project 'Supabase')
    cd /Users/rioallen/Documents/DropFly-OS-App-Builder/DropFly-PROJECTS/TradeFly-iOS/TradeFly.xcodeproj
    builtin-Swift-Compilation-Requirements -- /Applications/Xcode.app/Contents/Developer/Toolchains/XcodeDefault.xctoolchain/usr/bin/swiftc -module-name Storage -Onone -enforce-exclusivity\=checked @/Users/rioallen/Documents/DropFly-OS-App-Builder/DropFly-PROJECTS/TradeFly-iOS/build/Build/Intermediates.noindex/Supabase.build/Debug-iphonesimulator/Storage.build/Objects-normal/arm64/Storage.SwiftFileList -DSWIFT_PACKAGE -DDEBUG -DSWIFT_MODULE_RESOURCE_BUNDLE_UNAVAILABLE -DXcode -enable-upcoming-feature ExistentialAny -enable-experimental-feature StrictConcurrency -plugin-path /Applications/Xcode.app/Contents/Developer/Toolchains/XcodeDefault.xctoolchain/usr/lib/swift/host/plugins/testing -enable-experimental-feature DebugDescriptionMacro -sdk /Applications/Xcode.app/Contents/Developer/Platforms/iPhoneSimulator.platform/Developer/SDKs/iPhoneSimulator26.1.sdk -target arm64-apple-ios13.0-simulator -g -module-cache-path /Users/rioallen/Documents/DropFly-OS-App-Builder/DropFly-PROJECTS/TradeFly-iOS/build/ModuleCache.noindex -Xfrontend -serialize-debugging-options -enable-testing -suppress-warnings -index-store-path /Users/rioallen/Documents/DropFly-OS-App-Builder/DropFly-PROJECTS/TradeFly-iOS/build/Index.noindex/DataStore -Xcc -D_LIBCPP_HARDENING_MODE\=_LIBCPP_HARDENING_MODE_DEBUG -swift-version 5 -I /Users/rioallen/Documents/DropFly-OS-App-Builder/DropFly-PROJECTS/TradeFly-iOS/build/Build/Products/Debug-iphonesimulator -Isystem /Applications/Xcode.app/Contents/Developer/Platforms/iPhoneSimulator.platform/Developer/usr/lib -F /Users/rioallen/Documents/DropFly-OS-App-Builder/DropFly-PROJECTS/TradeFly-iOS/build/Build/Products/Debug-iphonesimulator/PackageFrameworks -F /Users/rioallen/Documents/DropFly-OS-App-Builder/DropFly-PROJECTS/TradeFly-iOS/build/Build/Products/Debug-iphonesimulator/PackageFrameworks -F /Users/rioallen/Documents/DropFly-OS-App-Builder/DropFly-PROJECTS/TradeFly-iOS/build/Build/Products/Debug-iphonesimulator/PackageFrameworks -F /Users/rioallen/Documents/DropFly-OS-App-Builder/DropFly-PROJECTS/TradeFly-iOS/build/Build/Products/Debug-iphonesimulator/PackageFrameworks -F /Users/rioallen/Documents/DropFly-OS-App-Builder/DropFly-PROJECTS/TradeFly-iOS/build/Build/Products/Debug-iphonesimulator/PackageFrameworks -F /Users/rioallen/Documents/DropFly-OS-App-Builder/DropFly-PROJECTS/TradeFly-iOS/build/Build/Products/Debug-iphonesimulator/PackageFrameworks -F /Users/rioallen/Documents/DropFly-OS-App-Builder/DropFly-PROJECTS/TradeFly-iOS/build/Build/Products/Debug-iphonesimulator/PackageFrameworks -F /Users/rioallen/Documents/DropFly-OS-App-Builder/DropFly-PROJECTS/TradeFly-iOS/build/Build/Products/Debug-iphonesimulator -F /Applications/Xcode.app/Contents/Developer/Platforms/iPhoneSimulator.platform/Developer/Library/Frameworks -F /Applications/Xcode.app/Contents/Developer/Platforms/iPhoneSimulator.platform/Developer/SDKs/iPhoneSimulator26.1.sdk/Developer/Library/Frameworks -c -j16 -enable-batch-mode -incremental -Xcc -ivfsstatcache -Xcc /Users/rioallen/Documents/DropFly-OS-App-Builder/DropFly-PROJECTS/TradeFly-iOS/build/SDKStatCaches.noindex/iphonesimulator26.1-23B77-90cf18a4295e390e64c810bc6bd7acbc.sdkstatcache -output-file-map /Users/rioallen/Documents/DropFly-OS-App-Builder/DropFly-PROJECTS/TradeFly-iOS/build/Build/Intermediates.noindex/Supabase.build/Debug-iphonesimulator/Storage.build/Objects-normal/arm64/Storage-OutputFileMap.json -use-frontend-parseable-output -save-temps -no-color-diagnostics -explicit-module-build -module-cache-path /Users/rioallen/Documents/DropFly-OS-App-Builder/DropFly-PROJECTS/TradeFly-iOS/build/Build/Intermediates.noindex/SwiftExplicitPrecompiledModules -clang-scanner-module-cache-path /Users/rioallen/Documents/DropFly-OS-App-Builder/DropFly-PROJECTS/TradeFly-iOS/build/ModuleCache.noindex -sdk-module-cache-path /Users/rioallen/Documents/DropFly-OS-App-Builder/DropFly-PROJECTS/TradeFly-iOS/build/ModuleCache.noindex -serialize-diagnostics -emit-dependencies -emit-module -emit-module-path /Users/rioallen/Documents/DropFly-OS-App-Builder/DropFly-PROJECTS/TradeFly-iOS/build/Build/Intermediates.noindex/Supabase.build/Debug-iphonesimulator/Storage.build/Objects-normal/arm64/Storage.swiftmodule -validate-clang-modules-once -clang-build-session-file /Users/rioallen/Documents/DropFly-OS-App-Builder/DropFly-PROJECTS/TradeFly-iOS/build/ModuleCache.noindex/Session.modulevalidation -package-name supabase_swift -Xcc -I/Users/rioallen/Documents/DropFly-OS-App-Builder/DropFly-PROJECTS/TradeFly-iOS/build/Build/Intermediates.noindex/Supabase.build/Debug-iphonesimulator/Storage.build/swift-overrides.hmap -emit-const-values -Xfrontend -const-gather-protocols-file -Xfrontend /Users/rioallen/Documents/DropFly-OS-App-Builder/DropFly-PROJECTS/TradeFly-iOS/build/Build/Intermediates.noindex/Supabase.build/Debug-iphonesimulator/Storage.build/Objects-normal/arm64/Storage_const_extract_protocols.json -Xcc -I/Users/rioallen/Documents/DropFly-OS-App-Builder/DropFly-PROJECTS/TradeFly-iOS/build/Build/Products/Debug-iphonesimulator/include -Xcc -I/Users/rioallen/Documents/DropFly-OS-App-Builder/DropFly-PROJECTS/TradeFly-iOS/build/Build/Intermediates.noindex/Supabase.build/Debug-iphonesimulator/Storage.build/DerivedSources-normal/arm64 -Xcc -I/Users/rioallen/Documents/DropFly-OS-App-Builder/DropFly-PROJECTS/TradeFly-iOS/build/Build/Intermediates.noindex/Supabase.build/Debug-iphonesimulator/Storage.build/DerivedSources/arm64 -Xcc -I/Users/rioallen/Documents/DropFly-OS-App-Builder/DropFly-PROJECTS/TradeFly-iOS/build/Build/Intermediates.noindex/Supabase.build/Debug-iphonesimulator/Storage.build/DerivedSources -Xcc -DSWIFT_PACKAGE -Xcc -DDEBUG\=1 -emit-objc-header -emit-objc-header-path /Users/rioallen/Documents/DropFly-OS-App-Builder/DropFly-PROJECTS/TradeFly-iOS/build/Build/Intermediates.noindex/Supabase.build/Debug-iphonesimulator/Storage.build/Objects-normal/arm64/Storage-Swift.h -working-directory /Users/rioallen/Documents/DropFly-OS-App-Builder/DropFly-PROJECTS/TradeFly-iOS/TradeFly.xcodeproj -experimental-emit-module-separately -disable-cmo

SwiftDriverJobDiscovery normal arm64 Compiling PostgrestFilterBuilder.swift (in target 'PostgREST' from project 'Supabase')

SwiftCompile normal arm64 Compiling\ Delegated.swift,\ Deprecated.swift /Users/rioallen/Documents/DropFly-OS-App-Builder/DropFly-PROJECTS/TradeFly-iOS/build/SourcePackages/checkouts/supabase-swift/Sources/Realtime/Deprecated/Delegated.swift /Users/rioallen/Documents/DropFly-OS-App-Builder/DropFly-PROJECTS/TradeFly-iOS/build/SourcePackages/checkouts/supabase-swift/Sources/Realtime/Deprecated/Deprecated.swift (in target 'Realtime' from project 'Supabase')

SwiftCompile normal arm64 /Users/rioallen/Documents/DropFly-OS-App-Builder/DropFly-PROJECTS/TradeFly-iOS/build/SourcePackages/checkouts/supabase-swift/Sources/Realtime/Deprecated/Delegated.swift (in target 'Realtime' from project 'Supabase')
    cd /Users/rioallen/Documents/DropFly-OS-App-Builder/DropFly-PROJECTS/TradeFly-iOS/TradeFly.xcodeproj
    

SwiftCompile normal arm64 /Users/rioallen/Documents/DropFly-OS-App-Builder/DropFly-PROJECTS/TradeFly-iOS/build/SourcePackages/checkouts/supabase-swift/Sources/Realtime/Deprecated/Deprecated.swift (in target 'Realtime' from project 'Supabase')
    cd /Users/rioallen/Documents/DropFly-OS-App-Builder/DropFly-PROJECTS/TradeFly-iOS/TradeFly.xcodeproj
    

SwiftMergeGeneratedHeaders /Users/rioallen/Documents/DropFly-OS-App-Builder/DropFly-PROJECTS/TradeFly-iOS/build/Build/Intermediates.noindex/GeneratedModuleMaps-iphonesimulator/Storage-Swift.h /Users/rioallen/Documents/DropFly-OS-App-Builder/DropFly-PROJECTS/TradeFly-iOS/build/Build/Intermediates.noindex/Supabase.build/Debug-iphonesimulator/Storage.build/Objects-normal/arm64/Storage-Swift.h (in target 'Storage' from project 'Supabase')
    cd /Users/rioallen/Documents/DropFly-OS-App-Builder/DropFly-PROJECTS/TradeFly-iOS/build/SourcePackages/checkouts/supabase-swift
    builtin-swiftHeaderTool -arch arm64 /Users/rioallen/Documents/DropFly-OS-App-Builder/DropFly-PROJECTS/TradeFly-iOS/build/Build/Intermediates.noindex/Supabase.build/Debug-iphonesimulator/Storage.build/Objects-normal/arm64/Storage-Swift.h -o /Users/rioallen/Documents/DropFly-OS-App-Builder/DropFly-PROJECTS/TradeFly-iOS/build/Build/Intermediates.noindex/GeneratedModuleMaps-iphonesimulator/Storage-Swift.h

SwiftDriverJobDiscovery normal arm64 Compiling StorageHTTPClient.swift (in target 'Storage' from project 'Supabase')

Copy /Users/rioallen/Documents/DropFly-OS-App-Builder/DropFly-PROJECTS/TradeFly-iOS/build/Build/Products/Debug-iphonesimulator/Storage.swiftmodule/arm64-apple-ios-simulator.swiftmodule /Users/rioallen/Documents/DropFly-OS-App-Builder/DropFly-PROJECTS/TradeFly-iOS/build/Build/Intermediates.noindex/Supabase.build/Debug-iphonesimulator/Storage.build/Objects-normal/arm64/Storage.swiftmodule (in target 'Storage' from project 'Supabase')
    cd /Users/rioallen/Documents/DropFly-OS-App-Builder/DropFly-PROJECTS/TradeFly-iOS/build/SourcePackages/checkouts/supabase-swift
    builtin-copy -exclude .DS_Store -exclude CVS -exclude .svn -exclude .git -exclude .hg -resolve-src-symlinks -rename /Users/rioallen/Documents/DropFly-OS-App-Builder/DropFly-PROJECTS/TradeFly-iOS/build/Build/Intermediates.noindex/Supabase.build/Debug-iphonesimulator/Storage.build/Objects-normal/arm64/Storage.swiftmodule /Users/rioallen/Documents/DropFly-OS-App-Builder/DropFly-PROJECTS/TradeFly-iOS/build/Build/Products/Debug-iphonesimulator/Storage.swiftmodule/arm64-apple-ios-simulator.swiftmodule

Copy /Users/rioallen/Documents/DropFly-OS-App-Builder/DropFly-PROJECTS/TradeFly-iOS/build/Build/Products/Debug-iphonesimulator/Storage.swiftmodule/arm64-apple-ios-simulator.swiftdoc /Users/rioallen/Documents/DropFly-OS-App-Builder/DropFly-PROJECTS/TradeFly-iOS/build/Build/Intermediates.noindex/Supabase.build/Debug-iphonesimulator/Storage.build/Objects-normal/arm64/Storage.swiftdoc (in target 'Storage' from project 'Supabase')
    cd /Users/rioallen/Documents/DropFly-OS-App-Builder/DropFly-PROJECTS/TradeFly-iOS/build/SourcePackages/checkouts/supabase-swift
    builtin-copy -exclude .DS_Store -exclude CVS -exclude .svn -exclude .git -exclude .hg -resolve-src-symlinks -rename /Users/rioallen/Documents/DropFly-OS-App-Builder/DropFly-PROJECTS/TradeFly-iOS/build/Build/Intermediates.noindex/Supabase.build/Debug-iphonesimulator/Storage.build/Objects-normal/arm64/Storage.swiftdoc /Users/rioallen/Documents/DropFly-OS-App-Builder/DropFly-PROJECTS/TradeFly-iOS/build/Build/Products/Debug-iphonesimulator/Storage.swiftmodule/arm64-apple-ios-simulator.swiftdoc

Copy /Users/rioallen/Documents/DropFly-OS-App-Builder/DropFly-PROJECTS/TradeFly-iOS/build/Build/Products/Debug-iphonesimulator/Storage.swiftmodule/arm64-apple-ios-simulator.abi.json /Users/rioallen/Documents/DropFly-OS-App-Builder/DropFly-PROJECTS/TradeFly-iOS/build/Build/Intermediates.noindex/Supabase.build/Debug-iphonesimulator/Storage.build/Objects-normal/arm64/Storage.abi.json (in target 'Storage' from project 'Supabase')
    cd /Users/rioallen/Documents/DropFly-OS-App-Builder/DropFly-PROJECTS/TradeFly-iOS/build/SourcePackages/checkouts/supabase-swift
    builtin-copy -exclude .DS_Store -exclude CVS -exclude .svn -exclude .git -exclude .hg -resolve-src-symlinks -rename /Users/rioallen/Documents/DropFly-OS-App-Builder/DropFly-PROJECTS/TradeFly-iOS/build/Build/Intermediates.noindex/Supabase.build/Debug-iphonesimulator/Storage.build/Objects-normal/arm64/Storage.abi.json /Users/rioallen/Documents/DropFly-OS-App-Builder/DropFly-PROJECTS/TradeFly-iOS/build/Build/Products/Debug-iphonesimulator/Storage.swiftmodule/arm64-apple-ios-simulator.abi.json

Copy /Users/rioallen/Documents/DropFly-OS-App-Builder/DropFly-PROJECTS/TradeFly-iOS/build/Build/Products/Debug-iphonesimulator/Storage.swiftmodule/Project/arm64-apple-ios-simulator.swiftsourceinfo /Users/rioallen/Documents/DropFly-OS-App-Builder/DropFly-PROJECTS/TradeFly-iOS/build/Build/Intermediates.noindex/Supabase.build/Debug-iphonesimulator/Storage.build/Objects-normal/arm64/Storage.swiftsourceinfo (in target 'Storage' from project 'Supabase')
    cd /Users/rioallen/Documents/DropFly-OS-App-Builder/DropFly-PROJECTS/TradeFly-iOS/build/SourcePackages/checkouts/supabase-swift
    builtin-copy -exclude .DS_Store -exclude CVS -exclude .svn -exclude .git -exclude .hg -resolve-src-symlinks -rename /Users/rioallen/Documents/DropFly-OS-App-Builder/DropFly-PROJECTS/TradeFly-iOS/build/Build/Intermediates.noindex/Supabase.build/Debug-iphonesimulator/Storage.build/Objects-normal/arm64/Storage.swiftsourceinfo /Users/rioallen/Documents/DropFly-OS-App-Builder/DropFly-PROJECTS/TradeFly-iOS/build/Build/Products/Debug-iphonesimulator/Storage.swiftmodule/Project/arm64-apple-ios-simulator.swiftsourceinfo

SwiftCompile normal arm64 Compiling\ RealtimeError.swift,\ RealtimeJoinConfig.swift /Users/rioallen/Documents/DropFly-OS-App-Builder/DropFly-PROJECTS/TradeFly-iOS/build/SourcePackages/checkouts/supabase-swift/Sources/Realtime/RealtimeError.swift /Users/rioallen/Documents/DropFly-OS-App-Builder/DropFly-PROJECTS/TradeFly-iOS/build/SourcePackages/checkouts/supabase-swift/Sources/Realtime/RealtimeJoinConfig.swift (in target 'Realtime' from project 'Supabase')

SwiftCompile normal arm64 /Users/rioallen/Documents/DropFly-OS-App-Builder/DropFly-PROJECTS/TradeFly-iOS/build/SourcePackages/checkouts/supabase-swift/Sources/Realtime/RealtimeError.swift (in target 'Realtime' from project 'Supabase')
    cd /Users/rioallen/Documents/DropFly-OS-App-Builder/DropFly-PROJECTS/TradeFly-iOS/TradeFly.xcodeproj
    

SwiftCompile normal arm64 /Users/rioallen/Documents/DropFly-OS-App-Builder/DropFly-PROJECTS/TradeFly-iOS/build/SourcePackages/checkouts/supabase-swift/Sources/Realtime/RealtimeJoinConfig.swift (in target 'Realtime' from project 'Supabase')
    cd /Users/rioallen/Documents/DropFly-OS-App-Builder/DropFly-PROJECTS/TradeFly-iOS/TradeFly.xcodeproj
    

SwiftCompile normal arm64 Compiling\ RealtimeMessage.swift,\ TimeoutTimer.swift /Users/rioallen/Documents/DropFly-OS-App-Builder/DropFly-PROJECTS/TradeFly-iOS/build/SourcePackages/checkouts/supabase-swift/Sources/Realtime/Deprecated/RealtimeMessage.swift /Users/rioallen/Documents/DropFly-OS-App-Builder/DropFly-PROJECTS/TradeFly-iOS/build/SourcePackages/checkouts/supabase-swift/Sources/Realtime/Deprecated/TimeoutTimer.swift (in target 'Realtime' from project 'Supabase')

SwiftCompile normal arm64 /Users/rioallen/Documents/DropFly-OS-App-Builder/DropFly-PROJECTS/TradeFly-iOS/build/SourcePackages/checkouts/supabase-swift/Sources/Realtime/Deprecated/RealtimeMessage.swift (in target 'Realtime' from project 'Supabase')
    cd /Users/rioallen/Documents/DropFly-OS-App-Builder/DropFly-PROJECTS/TradeFly-iOS/TradeFly.xcodeproj
    

SwiftCompile normal arm64 /Users/rioallen/Documents/DropFly-OS-App-Builder/DropFly-PROJECTS/TradeFly-iOS/build/SourcePackages/checkouts/supabase-swift/Sources/Realtime/Deprecated/TimeoutTimer.swift (in target 'Realtime' from project 'Supabase')
    cd /Users/rioallen/Documents/DropFly-OS-App-Builder/DropFly-PROJECTS/TradeFly-iOS/TradeFly.xcodeproj
    

SwiftDriverJobDiscovery normal arm64 Compiling Codable.swift (in target 'Storage' from project 'Supabase')

SwiftCompile normal arm64 Compiling\ RealtimeChannelV2.swift,\ RealtimeClientV2.swift /Users/rioallen/Documents/DropFly-OS-App-Builder/DropFly-PROJECTS/TradeFly-iOS/build/SourcePackages/checkouts/supabase-swift/Sources/Realtime/RealtimeChannelV2.swift /Users/rioallen/Documents/DropFly-OS-App-Builder/DropFly-PROJECTS/TradeFly-iOS/build/SourcePackages/checkouts/supabase-swift/Sources/Realtime/RealtimeClientV2.swift (in target 'Realtime' from project 'Supabase')
SwiftCompile normal arm64 /Users/rioallen/Documents/DropFly-OS-App-Builder/DropFly-PROJECTS/TradeFly-iOS/build/SourcePackages/checkouts/supabase-swift/Sources/Realtime/RealtimeChannelV2.swift (in target 'Realtime' from project 'Supabase')
    cd /Users/rioallen/Documents/DropFly-OS-App-Builder/DropFly-PROJECTS/TradeFly-iOS/TradeFly.xcodeproj
    

SwiftCompile normal arm64 /Users/rioallen/Documents/DropFly-OS-App-Builder/DropFly-PROJECTS/TradeFly-iOS/build/SourcePackages/checkouts/supabase-swift/Sources/Realtime/RealtimeClientV2.swift (in target 'Realtime' from project 'Supabase')
    cd /Users/rioallen/Documents/DropFly-OS-App-Builder/DropFly-PROJECTS/TradeFly-iOS/TradeFly.xcodeproj
    

SwiftDriverJobDiscovery normal arm64 Compiling Deprecated.swift (in target 'Storage' from project 'Supabase')

SwiftCompile normal arm64 Compiling\ PushV2.swift,\ RealtimeChannel+AsyncAwait.swift /Users/rioallen/Documents/DropFly-OS-App-Builder/DropFly-PROJECTS/TradeFly-iOS/build/SourcePackages/checkouts/supabase-swift/Sources/Realtime/PushV2.swift /Users/rioallen/Documents/DropFly-OS-App-Builder/DropFly-PROJECTS/TradeFly-iOS/build/SourcePackages/checkouts/supabase-swift/Sources/Realtime/RealtimeChannel+AsyncAwait.swift (in target 'Realtime' from project 'Supabase')

SwiftCompile normal arm64 /Users/rioallen/Documents/DropFly-OS-App-Builder/DropFly-PROJECTS/TradeFly-iOS/build/SourcePackages/checkouts/supabase-swift/Sources/Realtime/PushV2.swift (in target 'Realtime' from project 'Supabase')
    cd /Users/rioallen/Documents/DropFly-OS-App-Builder/DropFly-PROJECTS/TradeFly-iOS/TradeFly.xcodeproj
    

SwiftCompile normal arm64 /Users/rioallen/Documents/DropFly-OS-App-Builder/DropFly-PROJECTS/TradeFly-iOS/build/SourcePackages/checkouts/supabase-swift/Sources/Realtime/RealtimeChannel+AsyncAwait.swift (in target 'Realtime' from project 'Supabase')
    cd /Users/rioallen/Documents/DropFly-OS-App-Builder/DropFly-PROJECTS/TradeFly-iOS/TradeFly.xcodeproj
    

SwiftDriverJobDiscovery normal arm64 Compiling HeartbeatTimer.swift, PhoenixTransport.swift (in target 'Realtime' from project 'Supabase')

SwiftCompile normal arm64 Compiling\ WebSocket.swift /Users/rioallen/Documents/DropFly-OS-App-Builder/DropFly-PROJECTS/TradeFly-iOS/build/SourcePackages/checkouts/supabase-swift/Sources/Realtime/WebSocket/WebSocket.swift (in target 'Realtime' from project 'Supabase')

SwiftCompile normal arm64 /Users/rioallen/Documents/DropFly-OS-App-Builder/DropFly-PROJECTS/TradeFly-iOS/build/SourcePackages/checkouts/supabase-swift/Sources/Realtime/WebSocket/WebSocket.swift (in target 'Realtime' from project 'Supabase')
    cd /Users/rioallen/Documents/DropFly-OS-App-Builder/DropFly-PROJECTS/TradeFly-iOS/TradeFly.xcodeproj
    

SwiftDriverJobDiscovery normal arm64 Compiling StorageApi.swift (in target 'Storage' from project 'Supabase')

SwiftCompile normal arm64 Compiling\ Types.swift /Users/rioallen/Documents/DropFly-OS-App-Builder/DropFly-PROJECTS/TradeFly-iOS/build/SourcePackages/checkouts/supabase-swift/Sources/Realtime/Types.swift (in target 'Realtime' from project 'Supabase')

SwiftCompile normal arm64 /Users/rioallen/Documents/DropFly-OS-App-Builder/DropFly-PROJECTS/TradeFly-iOS/build/SourcePackages/checkouts/supabase-swift/Sources/Realtime/Types.swift (in target 'Realtime' from project 'Supabase')
    cd /Users/rioallen/Documents/DropFly-OS-App-Builder/DropFly-PROJECTS/TradeFly-iOS/TradeFly.xcodeproj
    

SwiftDriverJobDiscovery normal arm64 Compiling Delegated.swift, Deprecated.swift (in target 'Realtime' from project 'Supabase')

SwiftCompile normal arm64 Compiling\ Exports.swift,\ PostgresAction.swift /Users/rioallen/Documents/DropFly-OS-App-Builder/DropFly-PROJECTS/TradeFly-iOS/build/SourcePackages/checkouts/supabase-swift/Sources/Realtime/Exports.swift /Users/rioallen/Documents/DropFly-OS-App-Builder/DropFly-PROJECTS/TradeFly-iOS/build/SourcePackages/checkouts/supabase-swift/Sources/Realtime/PostgresAction.swift (in target 'Realtime' from project 'Supabase')

SwiftCompile normal arm64 /Users/rioallen/Documents/DropFly-OS-App-Builder/DropFly-PROJECTS/TradeFly-iOS/build/SourcePackages/checkouts/supabase-swift/Sources/Realtime/Exports.swift (in target 'Realtime' from project 'Supabase')
    cd /Users/rioallen/Documents/DropFly-OS-App-Builder/DropFly-PROJECTS/TradeFly-iOS/TradeFly.xcodeproj
    

SwiftCompile normal arm64 /Users/rioallen/Documents/DropFly-OS-App-Builder/DropFly-PROJECTS/TradeFly-iOS/build/SourcePackages/checkouts/supabase-swift/Sources/Realtime/PostgresAction.swift (in target 'Realtime' from project 'Supabase')
    cd /Users/rioallen/Documents/DropFly-OS-App-Builder/DropFly-PROJECTS/TradeFly-iOS/TradeFly.xcodeproj
    

SwiftDriverJobDiscovery normal arm64 Compiling StorageBucketApi.swift (in target 'Storage' from project 'Supabase')

SwiftCompile normal arm64 Compiling\ PostgresActionData.swift,\ PresenceAction.swift /Users/rioallen/Documents/DropFly-OS-App-Builder/DropFly-PROJECTS/TradeFly-iOS/build/SourcePackages/checkouts/supabase-swift/Sources/Realtime/PostgresActionData.swift /Users/rioallen/Documents/DropFly-OS-App-Builder/DropFly-PROJECTS/TradeFly-iOS/build/SourcePackages/checkouts/supabase-swift/Sources/Realtime/PresenceAction.swift (in target 'Realtime' from project 'Supabase')

SwiftCompile normal arm64 /Users/rioallen/Documents/DropFly-OS-App-Builder/DropFly-PROJECTS/TradeFly-iOS/build/SourcePackages/checkouts/supabase-swift/Sources/Realtime/PostgresActionData.swift (in target 'Realtime' from project 'Supabase')
    cd /Users/rioallen/Documents/DropFly-OS-App-Builder/DropFly-PROJECTS/TradeFly-iOS/TradeFly.xcodeproj
    

SwiftCompile normal arm64 /Users/rioallen/Documents/DropFly-OS-App-Builder/DropFly-PROJECTS/TradeFly-iOS/build/SourcePackages/checkouts/supabase-swift/Sources/Realtime/PresenceAction.swift (in target 'Realtime' from project 'Supabase')
    cd /Users/rioallen/Documents/DropFly-OS-App-Builder/DropFly-PROJECTS/TradeFly-iOS/TradeFly.xcodeproj
    

SwiftDriverJobDiscovery normal arm64 Emitting module for Realtime (in target 'Realtime' from project 'Supabase')

SwiftDriver\ Compilation\ Requirements Realtime normal arm64 com.apple.xcode.tools.swift.compiler (in target 'Realtime' from project 'Supabase')
    cd /Users/rioallen/Documents/DropFly-OS-App-Builder/DropFly-PROJECTS/TradeFly-iOS/TradeFly.xcodeproj
    builtin-Swift-Compilation-Requirements -- /Applications/Xcode.app/Contents/Developer/Toolchains/XcodeDefault.xctoolchain/usr/bin/swiftc -module-name Realtime -Onone -enforce-exclusivity\=checked @/Users/rioallen/Documents/DropFly-OS-App-Builder/DropFly-PROJECTS/TradeFly-iOS/build/Build/Intermediates.noindex/Supabase.build/Debug-iphonesimulator/Realtime.build/Objects-normal/arm64/Realtime.SwiftFileList -DSWIFT_PACKAGE -DDEBUG -DSWIFT_MODULE_RESOURCE_BUNDLE_UNAVAILABLE -DXcode -enable-upcoming-feature ExistentialAny -enable-experimental-feature StrictConcurrency -plugin-path /Applications/Xcode.app/Contents/Developer/Toolchains/XcodeDefault.xctoolchain/usr/lib/swift/host/plugins/testing -enable-experimental-feature DebugDescriptionMacro -sdk /Applications/Xcode.app/Contents/Developer/Platforms/iPhoneSimulator.platform/Developer/SDKs/iPhoneSimulator26.1.sdk -target arm64-apple-ios13.0-simulator -g -module-cache-path /Users/rioallen/Documents/DropFly-OS-App-Builder/DropFly-PROJECTS/TradeFly-iOS/build/ModuleCache.noindex -Xfrontend -serialize-debugging-options -enable-testing -suppress-warnings -index-store-path /Users/rioallen/Documents/DropFly-OS-App-Builder/DropFly-PROJECTS/TradeFly-iOS/build/Index.noindex/DataStore -Xcc -D_LIBCPP_HARDENING_MODE\=_LIBCPP_HARDENING_MODE_DEBUG -swift-version 5 -I /Users/rioallen/Documents/DropFly-OS-App-Builder/DropFly-PROJECTS/TradeFly-iOS/build/Build/Products/Debug-iphonesimulator -Isystem /Applications/Xcode.app/Contents/Developer/Platforms/iPhoneSimulator.platform/Developer/usr/lib -F /Users/rioallen/Documents/DropFly-OS-App-Builder/DropFly-PROJECTS/TradeFly-iOS/build/Build/Products/Debug-iphonesimulator/PackageFrameworks -F /Users/rioallen/Documents/DropFly-OS-App-Builder/DropFly-PROJECTS/TradeFly-iOS/build/Build/Products/Debug-iphonesimulator/PackageFrameworks -F /Users/rioallen/Documents/DropFly-OS-App-Builder/DropFly-PROJECTS/TradeFly-iOS/build/Build/Products/Debug-iphonesimulator/PackageFrameworks -F /Users/rioallen/Documents/DropFly-OS-App-Builder/DropFly-PROJECTS/TradeFly-iOS/build/Build/Products/Debug-iphonesimulator/PackageFrameworks -F /Users/rioallen/Documents/DropFly-OS-App-Builder/DropFly-PROJECTS/TradeFly-iOS/build/Build/Products/Debug-iphonesimulator/PackageFrameworks -F /Users/rioallen/Documents/DropFly-OS-App-Builder/DropFly-PROJECTS/TradeFly-iOS/build/Build/Products/Debug-iphonesimulator/PackageFrameworks -F /Users/rioallen/Documents/DropFly-OS-App-Builder/DropFly-PROJECTS/TradeFly-iOS/build/Build/Products/Debug-iphonesimulator/PackageFrameworks -F /Users/rioallen/Documents/DropFly-OS-App-Builder/DropFly-PROJECTS/TradeFly-iOS/build/Build/Products/Debug-iphonesimulator -F /Applications/Xcode.app/Contents/Developer/Platforms/iPhoneSimulator.platform/Developer/Library/Frameworks -F /Applications/Xcode.app/Contents/Developer/Platforms/iPhoneSimulator.platform/Developer/SDKs/iPhoneSimulator26.1.sdk/Developer/Library/Frameworks -c -j16 -enable-batch-mode -incremental -Xcc -ivfsstatcache -Xcc /Users/rioallen/Documents/DropFly-OS-App-Builder/DropFly-PROJECTS/TradeFly-iOS/build/SDKStatCaches.noindex/iphonesimulator26.1-23B77-90cf18a4295e390e64c810bc6bd7acbc.sdkstatcache -output-file-map /Users/rioallen/Documents/DropFly-OS-App-Builder/DropFly-PROJECTS/TradeFly-iOS/build/Build/Intermediates.noindex/Supabase.build/Debug-iphonesimulator/Realtime.build/Objects-normal/arm64/Realtime-OutputFileMap.json -use-frontend-parseable-output -save-temps -no-color-diagnostics -explicit-module-build -module-cache-path /Users/rioallen/Documents/DropFly-OS-App-Builder/DropFly-PROJECTS/TradeFly-iOS/build/Build/Intermediates.noindex/SwiftExplicitPrecompiledModules -clang-scanner-module-cache-path /Users/rioallen/Documents/DropFly-OS-App-Builder/DropFly-PROJECTS/TradeFly-iOS/build/ModuleCache.noindex -sdk-module-cache-path /Users/rioallen/Documents/DropFly-OS-App-Builder/DropFly-PROJECTS/TradeFly-iOS/build/ModuleCache.noindex -serialize-diagnostics -emit-dependencies -emit-module -emit-module-path /Users/rioallen/Documents/DropFly-OS-App-Builder/DropFly-PROJECTS/TradeFly-iOS/build/Build/Intermediates.noindex/Supabase.build/Debug-iphonesimulator/Realtime.build/Objects-normal/arm64/Realtime.swiftmodule -validate-clang-modules-once -clang-build-session-file /Users/rioallen/Documents/DropFly-OS-App-Builder/DropFly-PROJECTS/TradeFly-iOS/build/ModuleCache.noindex/Session.modulevalidation -package-name supabase_swift -Xcc -I/Users/rioallen/Documents/DropFly-OS-App-Builder/DropFly-PROJECTS/TradeFly-iOS/build/Build/Intermediates.noindex/Supabase.build/Debug-iphonesimulator/Realtime.build/swift-overrides.hmap -emit-const-values -Xfrontend -const-gather-protocols-file -Xfrontend /Users/rioallen/Documents/DropFly-OS-App-Builder/DropFly-PROJECTS/TradeFly-iOS/build/Build/Intermediates.noindex/Supabase.build/Debug-iphonesimulator/Realtime.build/Objects-normal/arm64/Realtime_const_extract_protocols.json -Xcc -I/Users/rioallen/Documents/DropFly-OS-App-Builder/DropFly-PROJECTS/TradeFly-iOS/build/Build/Products/Debug-iphonesimulator/include -Xcc -I/Users/rioallen/Documents/DropFly-OS-App-Builder/DropFly-PROJECTS/TradeFly-iOS/build/Build/Intermediates.noindex/Supabase.build/Debug-iphonesimulator/Realtime.build/DerivedSources-normal/arm64 -Xcc -I/Users/rioallen/Documents/DropFly-OS-App-Builder/DropFly-PROJECTS/TradeFly-iOS/build/Build/Intermediates.noindex/Supabase.build/Debug-iphonesimulator/Realtime.build/DerivedSources/arm64 -Xcc -I/Users/rioallen/Documents/DropFly-OS-App-Builder/DropFly-PROJECTS/TradeFly-iOS/build/Build/Intermediates.noindex/Supabase.build/Debug-iphonesimulator/Realtime.build/DerivedSources -Xcc -DSWIFT_PACKAGE -Xcc -DDEBUG\=1 -emit-objc-header -emit-objc-header-path /Users/rioallen/Documents/DropFly-OS-App-Builder/DropFly-PROJECTS/TradeFly-iOS/build/Build/Intermediates.noindex/Supabase.build/Debug-iphonesimulator/Realtime.build/Objects-normal/arm64/Realtime-Swift.h -working-directory /Users/rioallen/Documents/DropFly-OS-App-Builder/DropFly-PROJECTS/TradeFly-iOS/TradeFly.xcodeproj -experimental-emit-module-separately -disable-cmo

SwiftDriverJobDiscovery normal arm64 Compiling Helpers.swift (in target 'Storage' from project 'Supabase')

SwiftCompile normal arm64 Compiling\ Presence.swift,\ Push.swift /Users/rioallen/Documents/DropFly-OS-App-Builder/DropFly-PROJECTS/TradeFly-iOS/build/SourcePackages/checkouts/supabase-swift/Sources/Realtime/Deprecated/Presence.swift /Users/rioallen/Documents/DropFly-OS-App-Builder/DropFly-PROJECTS/TradeFly-iOS/build/SourcePackages/checkouts/supabase-swift/Sources/Realtime/Deprecated/Push.swift (in target 'Realtime' from project 'Supabase')

SwiftCompile normal arm64 /Users/rioallen/Documents/DropFly-OS-App-Builder/DropFly-PROJECTS/TradeFly-iOS/build/SourcePackages/checkouts/supabase-swift/Sources/Realtime/Deprecated/Presence.swift (in target 'Realtime' from project 'Supabase')
    cd /Users/rioallen/Documents/DropFly-OS-App-Builder/DropFly-PROJECTS/TradeFly-iOS/TradeFly.xcodeproj
    

SwiftCompile normal arm64 /Users/rioallen/Documents/DropFly-OS-App-Builder/DropFly-PROJECTS/TradeFly-iOS/build/SourcePackages/checkouts/supabase-swift/Sources/Realtime/Deprecated/Push.swift (in target 'Realtime' from project 'Supabase')
    cd /Users/rioallen/Documents/DropFly-OS-App-Builder/DropFly-PROJECTS/TradeFly-iOS/TradeFly.xcodeproj
    

SwiftMergeGeneratedHeaders /Users/rioallen/Documents/DropFly-OS-App-Builder/DropFly-PROJECTS/TradeFly-iOS/build/Build/Intermediates.noindex/GeneratedModuleMaps-iphonesimulator/Realtime-Swift.h /Users/rioallen/Documents/DropFly-OS-App-Builder/DropFly-PROJECTS/TradeFly-iOS/build/Build/Intermediates.noindex/Supabase.build/Debug-iphonesimulator/Realtime.build/Objects-normal/arm64/Realtime-Swift.h (in target 'Realtime' from project 'Supabase')
    cd /Users/rioallen/Documents/DropFly-OS-App-Builder/DropFly-PROJECTS/TradeFly-iOS/build/SourcePackages/checkouts/supabase-swift
    builtin-swiftHeaderTool -arch arm64 /Users/rioallen/Documents/DropFly-OS-App-Builder/DropFly-PROJECTS/TradeFly-iOS/build/Build/Intermediates.noindex/Supabase.build/Debug-iphonesimulator/Realtime.build/Objects-normal/arm64/Realtime-Swift.h -o /Users/rioallen/Documents/DropFly-OS-App-Builder/DropFly-PROJECTS/TradeFly-iOS/build/Build/Intermediates.noindex/GeneratedModuleMaps-iphonesimulator/Realtime-Swift.h

SwiftDriverJobDiscovery normal arm64 Compiling RealtimeMessage.swift, TimeoutTimer.swift (in target 'Realtime' from project 'Supabase')

Copy /Users/rioallen/Documents/DropFly-OS-App-Builder/DropFly-PROJECTS/TradeFly-iOS/build/Build/Products/Debug-iphonesimulator/Realtime.swiftmodule/arm64-apple-ios-simulator.swiftmodule /Users/rioallen/Documents/DropFly-OS-App-Builder/DropFly-PROJECTS/TradeFly-iOS/build/Build/Intermediates.noindex/Supabase.build/Debug-iphonesimulator/Realtime.build/Objects-normal/arm64/Realtime.swiftmodule (in target 'Realtime' from project 'Supabase')
    cd /Users/rioallen/Documents/DropFly-OS-App-Builder/DropFly-PROJECTS/TradeFly-iOS/build/SourcePackages/checkouts/supabase-swift
    builtin-copy -exclude .DS_Store -exclude CVS -exclude .svn -exclude .git -exclude .hg -resolve-src-symlinks -rename /Users/rioallen/Documents/DropFly-OS-App-Builder/DropFly-PROJECTS/TradeFly-iOS/build/Build/Intermediates.noindex/Supabase.build/Debug-iphonesimulator/Realtime.build/Objects-normal/arm64/Realtime.swiftmodule /Users/rioallen/Documents/DropFly-OS-App-Builder/DropFly-PROJECTS/TradeFly-iOS/build/Build/Products/Debug-iphonesimulator/Realtime.swiftmodule/arm64-apple-ios-simulator.swiftmodule

Copy /Users/rioallen/Documents/DropFly-OS-App-Builder/DropFly-PROJECTS/TradeFly-iOS/build/Build/Products/Debug-iphonesimulator/Realtime.swiftmodule/arm64-apple-ios-simulator.swiftdoc /Users/rioallen/Documents/DropFly-OS-App-Builder/DropFly-PROJECTS/TradeFly-iOS/build/Build/Intermediates.noindex/Supabase.build/Debug-iphonesimulator/Realtime.build/Objects-normal/arm64/Realtime.swiftdoc (in target 'Realtime' from project 'Supabase')
    cd /Users/rioallen/Documents/DropFly-OS-App-Builder/DropFly-PROJECTS/TradeFly-iOS/build/SourcePackages/checkouts/supabase-swift
    builtin-copy -exclude .DS_Store -exclude CVS -exclude .svn -exclude .git -exclude .hg -resolve-src-symlinks -rename /Users/rioallen/Documents/DropFly-OS-App-Builder/DropFly-PROJECTS/TradeFly-iOS/build/Build/Intermediates.noindex/Supabase.build/Debug-iphonesimulator/Realtime.build/Objects-normal/arm64/Realtime.swiftdoc /Users/rioallen/Documents/DropFly-OS-App-Builder/DropFly-PROJECTS/TradeFly-iOS/build/Build/Products/Debug-iphonesimulator/Realtime.swiftmodule/arm64-apple-ios-simulator.swiftdoc

Copy /Users/rioallen/Documents/DropFly-OS-App-Builder/DropFly-PROJECTS/TradeFly-iOS/build/Build/Products/Debug-iphonesimulator/Realtime.swiftmodule/arm64-apple-ios-simulator.abi.json /Users/rioallen/Documents/DropFly-OS-App-Builder/DropFly-PROJECTS/TradeFly-iOS/build/Build/Intermediates.noindex/Supabase.build/Debug-iphonesimulator/Realtime.build/Objects-normal/arm64/Realtime.abi.json (in target 'Realtime' from project 'Supabase')
    cd /Users/rioallen/Documents/DropFly-OS-App-Builder/DropFly-PROJECTS/TradeFly-iOS/build/SourcePackages/checkouts/supabase-swift
    builtin-copy -exclude .DS_Store -exclude CVS -exclude .svn -exclude .git -exclude .hg -resolve-src-symlinks -rename /Users/rioallen/Documents/DropFly-OS-App-Builder/DropFly-PROJECTS/TradeFly-iOS/build/Build/Intermediates.noindex/Supabase.build/Debug-iphonesimulator/Realtime.build/Objects-normal/arm64/Realtime.abi.json /Users/rioallen/Documents/DropFly-OS-App-Builder/DropFly-PROJECTS/TradeFly-iOS/build/Build/Products/Debug-iphonesimulator/Realtime.swiftmodule/arm64-apple-ios-simulator.abi.json

Copy /Users/rioallen/Documents/DropFly-OS-App-Builder/DropFly-PROJECTS/TradeFly-iOS/build/Build/Products/Debug-iphonesimulator/Realtime.swiftmodule/Project/arm64-apple-ios-simulator.swiftsourceinfo /Users/rioallen/Documents/DropFly-OS-App-Builder/DropFly-PROJECTS/TradeFly-iOS/build/Build/Intermediates.noindex/Supabase.build/Debug-iphonesimulator/Realtime.build/Objects-normal/arm64/Realtime.swiftsourceinfo (in target 'Realtime' from project 'Supabase')
    cd /Users/rioallen/Documents/DropFly-OS-App-Builder/DropFly-PROJECTS/TradeFly-iOS/build/SourcePackages/checkouts/supabase-swift
    builtin-copy -exclude .DS_Store -exclude CVS -exclude .svn -exclude .git -exclude .hg -resolve-src-symlinks -rename /Users/rioallen/Documents/DropFly-OS-App-Builder/DropFly-PROJECTS/TradeFly-iOS/build/Build/Intermediates.noindex/Supabase.build/Debug-iphonesimulator/Realtime.build/Objects-normal/arm64/Realtime.swiftsourceinfo /Users/rioallen/Documents/DropFly-OS-App-Builder/DropFly-PROJECTS/TradeFly-iOS/build/Build/Products/Debug-iphonesimulator/Realtime.swiftmodule/Project/arm64-apple-ios-simulator.swiftsourceinfo

SwiftCompile normal arm64 Compiling\ URLSessionWebSocket.swift /Users/rioallen/Documents/DropFly-OS-App-Builder/DropFly-PROJECTS/TradeFly-iOS/build/SourcePackages/checkouts/supabase-swift/Sources/Realtime/WebSocket/URLSessionWebSocket.swift (in target 'Realtime' from project 'Supabase')

SwiftCompile normal arm64 /Users/rioallen/Documents/DropFly-OS-App-Builder/DropFly-PROJECTS/TradeFly-iOS/build/SourcePackages/checkouts/supabase-swift/Sources/Realtime/WebSocket/URLSessionWebSocket.swift (in target 'Realtime' from project 'Supabase')
    cd /Users/rioallen/Documents/DropFly-OS-App-Builder/DropFly-PROJECTS/TradeFly-iOS/TradeFly.xcodeproj
    

SwiftCompile normal arm64 Compiling\ RealtimePostgresFilterValue.swift /Users/rioallen/Documents/DropFly-OS-App-Builder/DropFly-PROJECTS/TradeFly-iOS/build/SourcePackages/checkouts/supabase-swift/Sources/Realtime/RealtimePostgresFilterValue.swift (in target 'Realtime' from project 'Supabase')

SwiftCompile normal arm64 /Users/rioallen/Documents/DropFly-OS-App-Builder/DropFly-PROJECTS/TradeFly-iOS/build/SourcePackages/checkouts/supabase-swift/Sources/Realtime/RealtimePostgresFilterValue.swift (in target 'Realtime' from project 'Supabase')
    cd /Users/rioallen/Documents/DropFly-OS-App-Builder/DropFly-PROJECTS/TradeFly-iOS/TradeFly.xcodeproj
    

SwiftDriverJobDiscovery normal arm64 Compiling WebSocket.swift (in target 'Realtime' from project 'Supabase')

SwiftCompile normal arm64 Compiling\ Types.swift /Users/rioallen/Documents/DropFly-OS-App-Builder/DropFly-PROJECTS/TradeFly-iOS/build/SourcePackages/checkouts/supabase-swift/Sources/PostgREST/Types.swift (in target 'PostgREST' from project 'Supabase')

SwiftCompile normal arm64 /Users/rioallen/Documents/DropFly-OS-App-Builder/DropFly-PROJECTS/TradeFly-iOS/build/SourcePackages/checkouts/supabase-swift/Sources/PostgREST/Types.swift (in target 'PostgREST' from project 'Supabase')
    cd /Users/rioallen/Documents/DropFly-OS-App-Builder/DropFly-PROJECTS/TradeFly-iOS/TradeFly.xcodeproj
    

SwiftDriverJobDiscovery normal arm64 Compiling RealtimeMessageV2.swift, RealtimePostgresFilter.swift (in target 'Realtime' from project 'Supabase')

SwiftDriverJobDiscovery normal arm64 Compiling PushV2.swift, RealtimeChannel+AsyncAwait.swift (in target 'Realtime' from project 'Supabase')

SwiftDriver\ Compilation Functions normal arm64 com.apple.xcode.tools.swift.compiler (in target 'Functions' from project 'Supabase')
    cd /Users/rioallen/Documents/DropFly-OS-App-Builder/DropFly-PROJECTS/TradeFly-iOS/TradeFly.xcodeproj
    builtin-Swift-Compilation -- /Applications/Xcode.app/Contents/Developer/Toolchains/XcodeDefault.xctoolchain/usr/bin/swiftc -module-name Functions -Onone -enforce-exclusivity\=checked @/Users/rioallen/Documents/DropFly-OS-App-Builder/DropFly-PROJECTS/TradeFly-iOS/build/Build/Intermediates.noindex/Supabase.build/Debug-iphonesimulator/Functions.build/Objects-normal/arm64/Functions.SwiftFileList -DSWIFT_PACKAGE -DDEBUG -DSWIFT_MODULE_RESOURCE_BUNDLE_UNAVAILABLE -DXcode -enable-upcoming-feature ExistentialAny -enable-experimental-feature StrictConcurrency -plugin-path /Applications/Xcode.app/Contents/Developer/Toolchains/XcodeDefault.xctoolchain/usr/lib/swift/host/plugins/testing -enable-experimental-feature DebugDescriptionMacro -sdk /Applications/Xcode.app/Contents/Developer/Platforms/iPhoneSimulator.platform/Developer/SDKs/iPhoneSimulator26.1.sdk -target arm64-apple-ios13.0-simulator -g -module-cache-path /Users/rioallen/Documents/DropFly-OS-App-Builder/DropFly-PROJECTS/TradeFly-iOS/build/ModuleCache.noindex -Xfrontend -serialize-debugging-options -enable-testing -suppress-warnings -index-store-path /Users/rioallen/Documents/DropFly-OS-App-Builder/DropFly-PROJECTS/TradeFly-iOS/build/Index.noindex/DataStore -Xcc -D_LIBCPP_HARDENING_MODE\=_LIBCPP_HARDENING_MODE_DEBUG -swift-version 5 -I /Users/rioallen/Documents/DropFly-OS-App-Builder/DropFly-PROJECTS/TradeFly-iOS/build/Build/Products/Debug-iphonesimulator -Isystem /Applications/Xcode.app/Contents/Developer/Platforms/iPhoneSimulator.platform/Developer/usr/lib -F /Users/rioallen/Documents/DropFly-OS-App-Builder/DropFly-PROJECTS/TradeFly-iOS/build/Build/Products/Debug-iphonesimulator/PackageFrameworks -F /Users/rioallen/Documents/DropFly-OS-App-Builder/DropFly-PROJECTS/TradeFly-iOS/build/Build/Products/Debug-iphonesimulator/PackageFrameworks -F /Users/rioallen/Documents/DropFly-OS-App-Builder/DropFly-PROJECTS/TradeFly-iOS/build/Build/Products/Debug-iphonesimulator/PackageFrameworks -F /Users/rioallen/Documents/DropFly-OS-App-Builder/DropFly-PROJECTS/TradeFly-iOS/build/Build/Products/Debug-iphonesimulator/PackageFrameworks -F /Users/rioallen/Documents/DropFly-OS-App-Builder/DropFly-PROJECTS/TradeFly-iOS/build/Build/Products/Debug-iphonesimulator/PackageFrameworks -F /Users/rioallen/Documents/DropFly-OS-App-Builder/DropFly-PROJECTS/TradeFly-iOS/build/Build/Products/Debug-iphonesimulator/PackageFrameworks -F /Users/rioallen/Documents/DropFly-OS-App-Builder/DropFly-PROJECTS/TradeFly-iOS/build/Build/Products/Debug-iphonesimulator/PackageFrameworks -F /Users/rioallen/Documents/DropFly-OS-App-Builder/DropFly-PROJECTS/TradeFly-iOS/build/Build/Products/Debug-iphonesimulator -F /Applications/Xcode.app/Contents/Developer/Platforms/iPhoneSimulator.platform/Developer/Library/Frameworks -F /Applications/Xcode.app/Contents/Developer/Platforms/iPhoneSimulator.platform/Developer/SDKs/iPhoneSimulator26.1.sdk/Developer/Library/Frameworks -c -j16 -enable-batch-mode -incremental -Xcc -ivfsstatcache -Xcc /Users/rioallen/Documents/DropFly-OS-App-Builder/DropFly-PROJECTS/TradeFly-iOS/build/SDKStatCaches.noindex/iphonesimulator26.1-23B77-90cf18a4295e390e64c810bc6bd7acbc.sdkstatcache -output-file-map /Users/rioallen/Documents/DropFly-OS-App-Builder/DropFly-PROJECTS/TradeFly-iOS/build/Build/Intermediates.noindex/Supabase.build/Debug-iphonesimulator/Functions.build/Objects-normal/arm64/Functions-OutputFileMap.json -use-frontend-parseable-output -save-temps -no-color-diagnostics -explicit-module-build -module-cache-path /Users/rioallen/Documents/DropFly-OS-App-Builder/DropFly-PROJECTS/TradeFly-iOS/build/Build/Intermediates.noindex/SwiftExplicitPrecompiledModules -clang-scanner-module-cache-path /Users/rioallen/Documents/DropFly-OS-App-Builder/DropFly-PROJECTS/TradeFly-iOS/build/ModuleCache.noindex -sdk-module-cache-path /Users/rioallen/Documents/DropFly-OS-App-Builder/DropFly-PROJECTS/TradeFly-iOS/build/ModuleCache.noindex -serialize-diagnostics -emit-dependencies -emit-module -emit-module-path /Users/rioallen/Documents/DropFly-OS-App-Builder/DropFly-PROJECTS/TradeFly-iOS/build/Build/Intermediates.noindex/Supabase.build/Debug-iphonesimulator/Functions.build/Objects-normal/arm64/Functions.swiftmodule -validate-clang-modules-once -clang-build-session-file /Users/rioallen/Documents/DropFly-OS-App-Builder/DropFly-PROJECTS/TradeFly-iOS/build/ModuleCache.noindex/Session.modulevalidation -package-name supabase_swift -Xcc -I/Users/rioallen/Documents/DropFly-OS-App-Builder/DropFly-PROJECTS/TradeFly-iOS/build/Build/Intermediates.noindex/Supabase.build/Debug-iphonesimulator/Functions.build/swift-overrides.hmap -emit-const-values -Xfrontend -const-gather-protocols-file -Xfrontend /Users/rioallen/Documents/DropFly-OS-App-Builder/DropFly-PROJECTS/TradeFly-iOS/build/Build/Intermediates.noindex/Supabase.build/Debug-iphonesimulator/Functions.build/Objects-normal/arm64/Functions_const_extract_protocols.json -Xcc -I/Users/rioallen/Documents/DropFly-OS-App-Builder/DropFly-PROJECTS/TradeFly-iOS/build/Build/Products/Debug-iphonesimulator/include -Xcc -I/Users/rioallen/Documents/DropFly-OS-App-Builder/DropFly-PROJECTS/TradeFly-iOS/build/Build/Intermediates.noindex/Supabase.build/Debug-iphonesimulator/Functions.build/DerivedSources-normal/arm64 -Xcc -I/Users/rioallen/Documents/DropFly-OS-App-Builder/DropFly-PROJECTS/TradeFly-iOS/build/Build/Intermediates.noindex/Supabase.build/Debug-iphonesimulator/Functions.build/DerivedSources/arm64 -Xcc -I/Users/rioallen/Documents/DropFly-OS-App-Builder/DropFly-PROJECTS/TradeFly-iOS/build/Build/Intermediates.noindex/Supabase.build/Debug-iphonesimulator/Functions.build/DerivedSources -Xcc -DSWIFT_PACKAGE -Xcc -DDEBUG\=1 -emit-objc-header -emit-objc-header-path /Users/rioallen/Documents/DropFly-OS-App-Builder/DropFly-PROJECTS/TradeFly-iOS/build/Build/Intermediates.noindex/Supabase.build/Debug-iphonesimulator/Functions.build/Objects-normal/arm64/Functions-Swift.h -working-directory /Users/rioallen/Documents/DropFly-OS-App-Builder/DropFly-PROJECTS/TradeFly-iOS/TradeFly.xcodeproj -experimental-emit-module-separately -disable-cmo

SwiftCompile normal arm64 Compiling\ KeychainLocalStorage.swift /Users/rioallen/Documents/DropFly-OS-App-Builder/DropFly-PROJECTS/TradeFly-iOS/build/SourcePackages/checkouts/supabase-swift/Sources/Auth/Storage/KeychainLocalStorage.swift (in target 'Auth' from project 'Supabase')

SwiftCompile normal arm64 /Users/rioallen/Documents/DropFly-OS-App-Builder/DropFly-PROJECTS/TradeFly-iOS/build/SourcePackages/checkouts/supabase-swift/Sources/Auth/Storage/KeychainLocalStorage.swift (in target 'Auth' from project 'Supabase')
    cd /Users/rioallen/Documents/DropFly-OS-App-Builder/DropFly-PROJECTS/TradeFly-iOS/TradeFly.xcodeproj
    

SwiftCompile normal arm64 Compiling\ APIClient.swift,\ CodeVerifierStorage.swift /Users/rioallen/Documents/DropFly-OS-App-Builder/DropFly-PROJECTS/TradeFly-iOS/build/SourcePackages/checkouts/supabase-swift/Sources/Auth/Internal/APIClient.swift /Users/rioallen/Documents/DropFly-OS-App-Builder/DropFly-PROJECTS/TradeFly-iOS/build/SourcePackages/checkouts/supabase-swift/Sources/Auth/Internal/CodeVerifierStorage.swift (in target 'Auth' from project 'Supabase')

SwiftCompile normal arm64 /Users/rioallen/Documents/DropFly-OS-App-Builder/DropFly-PROJECTS/TradeFly-iOS/build/SourcePackages/checkouts/supabase-swift/Sources/Auth/Internal/APIClient.swift (in target 'Auth' from project 'Supabase')
    cd /Users/rioallen/Documents/DropFly-OS-App-Builder/DropFly-PROJECTS/TradeFly-iOS/TradeFly.xcodeproj
    

SwiftCompile normal arm64 /Users/rioallen/Documents/DropFly-OS-App-Builder/DropFly-PROJECTS/TradeFly-iOS/build/SourcePackages/checkouts/supabase-swift/Sources/Auth/Internal/CodeVerifierStorage.swift (in target 'Auth' from project 'Supabase')
    cd /Users/rioallen/Documents/DropFly-OS-App-Builder/DropFly-PROJECTS/TradeFly-iOS/TradeFly.xcodeproj
    

SwiftCompile normal arm64 Compiling\ WinCredLocalStorage.swift /Users/rioallen/Documents/DropFly-OS-App-Builder/DropFly-PROJECTS/TradeFly-iOS/build/SourcePackages/checkouts/supabase-swift/Sources/Auth/Storage/WinCredLocalStorage.swift (in target 'Auth' from project 'Supabase')

SwiftCompile normal arm64 /Users/rioallen/Documents/DropFly-OS-App-Builder/DropFly-PROJECTS/TradeFly-iOS/build/SourcePackages/checkouts/supabase-swift/Sources/Auth/Storage/WinCredLocalStorage.swift (in target 'Auth' from project 'Supabase')
    cd /Users/rioallen/Documents/DropFly-OS-App-Builder/DropFly-PROJECTS/TradeFly-iOS/TradeFly.xcodeproj
    

SwiftDriverJobDiscovery normal arm64 Compiling CallbackManager.swift, Defaults.swift (in target 'Realtime' from project 'Supabase')

SwiftDriverJobDiscovery normal arm64 Compiling MultipartFormData.swift (in target 'Storage' from project 'Supabase')

SwiftCompile normal arm64 Compiling\ AuthClient.swift,\ AuthClientConfiguration.swift /Users/rioallen/Documents/DropFly-OS-App-Builder/DropFly-PROJECTS/TradeFly-iOS/build/SourcePackages/checkouts/supabase-swift/Sources/Auth/AuthClient.swift /Users/rioallen/Documents/DropFly-OS-App-Builder/DropFly-PROJECTS/TradeFly-iOS/build/SourcePackages/checkouts/supabase-swift/Sources/Auth/AuthClientConfiguration.swift (in target 'Auth' from project 'Supabase')
SwiftCompile normal arm64 /Users/rioallen/Documents/DropFly-OS-App-Builder/DropFly-PROJECTS/TradeFly-iOS/build/SourcePackages/checkouts/supabase-swift/Sources/Auth/AuthClient.swift (in target 'Auth' from project 'Supabase')
    cd /Users/rioallen/Documents/DropFly-OS-App-Builder/DropFly-PROJECTS/TradeFly-iOS/TradeFly.xcodeproj
    

SwiftCompile normal arm64 /Users/rioallen/Documents/DropFly-OS-App-Builder/DropFly-PROJECTS/TradeFly-iOS/build/SourcePackages/checkouts/supabase-swift/Sources/Auth/AuthClientConfiguration.swift (in target 'Auth' from project 'Supabase')
    cd /Users/rioallen/Documents/DropFly-OS-App-Builder/DropFly-PROJECTS/TradeFly-iOS/TradeFly.xcodeproj
    

SwiftDriverJobDiscovery normal arm64 Compiling RealtimePostgresFilterValue.swift (in target 'Realtime' from project 'Supabase')

SwiftCompile normal arm64 Compiling\ AuthError.swift,\ AuthMFA.swift /Users/rioallen/Documents/DropFly-OS-App-Builder/DropFly-PROJECTS/TradeFly-iOS/build/SourcePackages/checkouts/supabase-swift/Sources/Auth/AuthError.swift /Users/rioallen/Documents/DropFly-OS-App-Builder/DropFly-PROJECTS/TradeFly-iOS/build/SourcePackages/checkouts/supabase-swift/Sources/Auth/AuthMFA.swift (in target 'Auth' from project 'Supabase')

SwiftCompile normal arm64 /Users/rioallen/Documents/DropFly-OS-App-Builder/DropFly-PROJECTS/TradeFly-iOS/build/SourcePackages/checkouts/supabase-swift/Sources/Auth/AuthError.swift (in target 'Auth' from project 'Supabase')
    cd /Users/rioallen/Documents/DropFly-OS-App-Builder/DropFly-PROJECTS/TradeFly-iOS/TradeFly.xcodeproj
    

SwiftCompile normal arm64 /Users/rioallen/Documents/DropFly-OS-App-Builder/DropFly-PROJECTS/TradeFly-iOS/build/SourcePackages/checkouts/supabase-swift/Sources/Auth/AuthMFA.swift (in target 'Auth' from project 'Supabase')
    cd /Users/rioallen/Documents/DropFly-OS-App-Builder/DropFly-PROJECTS/TradeFly-iOS/TradeFly.xcodeproj
    

SwiftDriverJobDiscovery normal arm64 Compiling Types.swift (in target 'Realtime' from project 'Supabase')

SwiftCompile normal arm64 Compiling\ AuthAdmin.swift,\ AuthAdminOAuth.swift /Users/rioallen/Documents/DropFly-OS-App-Builder/DropFly-PROJECTS/TradeFly-iOS/build/SourcePackages/checkouts/supabase-swift/Sources/Auth/AuthAdmin.swift /Users/rioallen/Documents/DropFly-OS-App-Builder/DropFly-PROJECTS/TradeFly-iOS/build/SourcePackages/checkouts/supabase-swift/Sources/Auth/AuthAdminOAuth.swift (in target 'Auth' from project 'Supabase')

SwiftCompile normal arm64 /Users/rioallen/Documents/DropFly-OS-App-Builder/DropFly-PROJECTS/TradeFly-iOS/build/SourcePackages/checkouts/supabase-swift/Sources/Auth/AuthAdmin.swift (in target 'Auth' from project 'Supabase')
    cd /Users/rioallen/Documents/DropFly-OS-App-Builder/DropFly-PROJECTS/TradeFly-iOS/TradeFly.xcodeproj
    

SwiftCompile normal arm64 /Users/rioallen/Documents/DropFly-OS-App-Builder/DropFly-PROJECTS/TradeFly-iOS/build/SourcePackages/checkouts/supabase-swift/Sources/Auth/AuthAdminOAuth.swift (in target 'Auth' from project 'Supabase')
    cd /Users/rioallen/Documents/DropFly-OS-App-Builder/DropFly-PROJECTS/TradeFly-iOS/TradeFly.xcodeproj
    

SwiftDriverJobDiscovery normal arm64 Compiling KeychainLocalStorage.swift (in target 'Auth' from project 'Supabase')

SwiftCompile normal arm64 Compiling\ SessionStorage.swift,\ URLOpener.swift /Users/rioallen/Documents/DropFly-OS-App-Builder/DropFly-PROJECTS/TradeFly-iOS/build/SourcePackages/checkouts/supabase-swift/Sources/Auth/Internal/SessionStorage.swift /Users/rioallen/Documents/DropFly-OS-App-Builder/DropFly-PROJECTS/TradeFly-iOS/build/SourcePackages/checkouts/supabase-swift/Sources/Auth/Internal/URLOpener.swift (in target 'Auth' from project 'Supabase')

SwiftCompile normal arm64 /Users/rioallen/Documents/DropFly-OS-App-Builder/DropFly-PROJECTS/TradeFly-iOS/build/SourcePackages/checkouts/supabase-swift/Sources/Auth/Internal/SessionStorage.swift (in target 'Auth' from project 'Supabase')
    cd /Users/rioallen/Documents/DropFly-OS-App-Builder/DropFly-PROJECTS/TradeFly-iOS/TradeFly.xcodeproj
    

SwiftCompile normal arm64 /Users/rioallen/Documents/DropFly-OS-App-Builder/DropFly-PROJECTS/TradeFly-iOS/build/SourcePackages/checkouts/supabase-swift/Sources/Auth/Internal/URLOpener.swift (in target 'Auth' from project 'Supabase')
    cd /Users/rioallen/Documents/DropFly-OS-App-Builder/DropFly-PROJECTS/TradeFly-iOS/TradeFly.xcodeproj
    

SwiftCompile normal arm64 Compiling\ EventEmitter.swift,\ FixedWidthInteger+Random.swift /Users/rioallen/Documents/DropFly-OS-App-Builder/DropFly-PROJECTS/TradeFly-iOS/build/SourcePackages/checkouts/supabase-swift/Sources/Auth/Internal/EventEmitter.swift /Users/rioallen/Documents/DropFly-OS-App-Builder/DropFly-PROJECTS/TradeFly-iOS/build/SourcePackages/checkouts/supabase-swift/Sources/Auth/Internal/FixedWidthInteger+Random.swift (in target 'Auth' from project 'Supabase')

SwiftCompile normal arm64 /Users/rioallen/Documents/DropFly-OS-App-Builder/DropFly-PROJECTS/TradeFly-iOS/build/SourcePackages/checkouts/supabase-swift/Sources/Auth/Internal/EventEmitter.swift (in target 'Auth' from project 'Supabase')
    cd /Users/rioallen/Documents/DropFly-OS-App-Builder/DropFly-PROJECTS/TradeFly-iOS/TradeFly.xcodeproj
    

SwiftCompile normal arm64 /Users/rioallen/Documents/DropFly-OS-App-Builder/DropFly-PROJECTS/TradeFly-iOS/build/SourcePackages/checkouts/supabase-swift/Sources/Auth/Internal/FixedWidthInteger+Random.swift (in target 'Auth' from project 'Supabase')
    cd /Users/rioallen/Documents/DropFly-OS-App-Builder/DropFly-PROJECTS/TradeFly-iOS/TradeFly.xcodeproj
    

SwiftDriverJobDiscovery normal arm64 Compiling WinCredLocalStorage.swift (in target 'Auth' from project 'Supabase')

SwiftDriverJobDiscovery normal arm64 Compiling Exports.swift, PostgresAction.swift (in target 'Realtime' from project 'Supabase')

SwiftCompile normal arm64 Compiling\ Constants.swift,\ Dependencies.swift /Users/rioallen/Documents/DropFly-OS-App-Builder/DropFly-PROJECTS/TradeFly-iOS/build/SourcePackages/checkouts/supabase-swift/Sources/Auth/Internal/Constants.swift /Users/rioallen/Documents/DropFly-OS-App-Builder/DropFly-PROJECTS/TradeFly-iOS/build/SourcePackages/checkouts/supabase-swift/Sources/Auth/Internal/Dependencies.swift (in target 'Auth' from project 'Supabase')

SwiftCompile normal arm64 /Users/rioallen/Documents/DropFly-OS-App-Builder/DropFly-PROJECTS/TradeFly-iOS/build/SourcePackages/checkouts/supabase-swift/Sources/Auth/Internal/Constants.swift (in target 'Auth' from project 'Supabase')
    cd /Users/rioallen/Documents/DropFly-OS-App-Builder/DropFly-PROJECTS/TradeFly-iOS/TradeFly.xcodeproj
    

SwiftCompile normal arm64 /Users/rioallen/Documents/DropFly-OS-App-Builder/DropFly-PROJECTS/TradeFly-iOS/build/SourcePackages/checkouts/supabase-swift/Sources/Auth/Internal/Dependencies.swift (in target 'Auth' from project 'Supabase')
    cd /Users/rioallen/Documents/DropFly-OS-App-Builder/DropFly-PROJECTS/TradeFly-iOS/TradeFly.xcodeproj
    

SwiftDriverJobDiscovery normal arm64 Compiling PostgresActionData.swift, PresenceAction.swift (in target 'Realtime' from project 'Supabase')

SwiftCompile normal arm64 Compiling\ AuthLocalStorage.swift /Users/rioallen/Documents/DropFly-OS-App-Builder/DropFly-PROJECTS/TradeFly-iOS/build/SourcePackages/checkouts/supabase-swift/Sources/Auth/Storage/AuthLocalStorage.swift (in target 'Auth' from project 'Supabase')

SwiftCompile normal arm64 /Users/rioallen/Documents/DropFly-OS-App-Builder/DropFly-PROJECTS/TradeFly-iOS/build/SourcePackages/checkouts/supabase-swift/Sources/Auth/Storage/AuthLocalStorage.swift (in target 'Auth' from project 'Supabase')
    cd /Users/rioallen/Documents/DropFly-OS-App-Builder/DropFly-PROJECTS/TradeFly-iOS/TradeFly.xcodeproj
    

SwiftDriverJobDiscovery normal arm64 Compiling RealtimeError.swift, RealtimeJoinConfig.swift (in target 'Realtime' from project 'Supabase')

SwiftCompile normal arm64 Compiling\ JWTAlgorithm.swift,\ Keychain.swift /Users/rioallen/Documents/DropFly-OS-App-Builder/DropFly-PROJECTS/TradeFly-iOS/build/SourcePackages/checkouts/supabase-swift/Sources/Auth/Internal/JWTAlgorithm.swift /Users/rioallen/Documents/DropFly-OS-App-Builder/DropFly-PROJECTS/TradeFly-iOS/build/SourcePackages/checkouts/supabase-swift/Sources/Auth/Internal/Keychain.swift (in target 'Auth' from project 'Supabase')

SwiftCompile normal arm64 /Users/rioallen/Documents/DropFly-OS-App-Builder/DropFly-PROJECTS/TradeFly-iOS/build/SourcePackages/checkouts/supabase-swift/Sources/Auth/Internal/JWTAlgorithm.swift (in target 'Auth' from project 'Supabase')
    cd /Users/rioallen/Documents/DropFly-OS-App-Builder/DropFly-PROJECTS/TradeFly-iOS/TradeFly.xcodeproj
    

SwiftCompile normal arm64 /Users/rioallen/Documents/DropFly-OS-App-Builder/DropFly-PROJECTS/TradeFly-iOS/build/SourcePackages/checkouts/supabase-swift/Sources/Auth/Internal/Keychain.swift (in target 'Auth' from project 'Supabase')
    cd /Users/rioallen/Documents/DropFly-OS-App-Builder/DropFly-PROJECTS/TradeFly-iOS/TradeFly.xcodeproj
    

SwiftDriverJobDiscovery normal arm64 Compiling Types.swift (in target 'PostgREST' from project 'Supabase')

SwiftDriverJobDiscovery normal arm64 Compiling AuthLocalStorage.swift (in target 'Auth' from project 'Supabase')

SwiftDriver\ Compilation PostgREST normal arm64 com.apple.xcode.tools.swift.compiler (in target 'PostgREST' from project 'Supabase')
    cd /Users/rioallen/Documents/DropFly-OS-App-Builder/DropFly-PROJECTS/TradeFly-iOS/TradeFly.xcodeproj
    builtin-Swift-Compilation -- /Applications/Xcode.app/Contents/Developer/Toolchains/XcodeDefault.xctoolchain/usr/bin/swiftc -module-name PostgREST -Onone -enforce-exclusivity\=checked @/Users/rioallen/Documents/DropFly-OS-App-Builder/DropFly-PROJECTS/TradeFly-iOS/build/Build/Intermediates.noindex/Supabase.build/Debug-iphonesimulator/PostgREST.build/Objects-normal/arm64/PostgREST.SwiftFileList -DSWIFT_PACKAGE -DDEBUG -DSWIFT_MODULE_RESOURCE_BUNDLE_UNAVAILABLE -DXcode -enable-upcoming-feature ExistentialAny -enable-experimental-feature StrictConcurrency -plugin-path /Applications/Xcode.app/Contents/Developer/Toolchains/XcodeDefault.xctoolchain/usr/lib/swift/host/plugins/testing -enable-experimental-feature DebugDescriptionMacro -sdk /Applications/Xcode.app/Contents/Developer/Platforms/iPhoneSimulator.platform/Developer/SDKs/iPhoneSimulator26.1.sdk -target arm64-apple-ios13.0-simulator -g -module-cache-path /Users/rioallen/Documents/DropFly-OS-App-Builder/DropFly-PROJECTS/TradeFly-iOS/build/ModuleCache.noindex -Xfrontend -serialize-debugging-options -enable-testing -suppress-warnings -index-store-path /Users/rioallen/Documents/DropFly-OS-App-Builder/DropFly-PROJECTS/TradeFly-iOS/build/Index.noindex/DataStore -Xcc -D_LIBCPP_HARDENING_MODE\=_LIBCPP_HARDENING_MODE_DEBUG -swift-version 5 -I /Users/rioallen/Documents/DropFly-OS-App-Builder/DropFly-PROJECTS/TradeFly-iOS/build/Build/Products/Debug-iphonesimulator -Isystem /Applications/Xcode.app/Contents/Developer/Platforms/iPhoneSimulator.platform/Developer/usr/lib -F /Users/rioallen/Documents/DropFly-OS-App-Builder/DropFly-PROJECTS/TradeFly-iOS/build/Build/Products/Debug-iphonesimulator/PackageFrameworks -F /Users/rioallen/Documents/DropFly-OS-App-Builder/DropFly-PROJECTS/TradeFly-iOS/build/Build/Products/Debug-iphonesimulator/PackageFrameworks -F /Users/rioallen/Documents/DropFly-OS-App-Builder/DropFly-PROJECTS/TradeFly-iOS/build/Build/Products/Debug-iphonesimulator/PackageFrameworks -F /Users/rioallen/Documents/DropFly-OS-App-Builder/DropFly-PROJECTS/TradeFly-iOS/build/Build/Products/Debug-iphonesimulator/PackageFrameworks -F /Users/rioallen/Documents/DropFly-OS-App-Builder/DropFly-PROJECTS/TradeFly-iOS/build/Build/Products/Debug-iphonesimulator/PackageFrameworks -F /Users/rioallen/Documents/DropFly-OS-App-Builder/DropFly-PROJECTS/TradeFly-iOS/build/Build/Products/Debug-iphonesimulator/PackageFrameworks -F /Users/rioallen/Documents/DropFly-OS-App-Builder/DropFly-PROJECTS/TradeFly-iOS/build/Build/Products/Debug-iphonesimulator/PackageFrameworks -F /Users/rioallen/Documents/DropFly-OS-App-Builder/DropFly-PROJECTS/TradeFly-iOS/build/Build/Products/Debug-iphonesimulator -F /Applications/Xcode.app/Contents/Developer/Platforms/iPhoneSimulator.platform/Developer/Library/Frameworks -F /Applications/Xcode.app/Contents/Developer/Platforms/iPhoneSimulator.platform/Developer/SDKs/iPhoneSimulator26.1.sdk/Developer/Library/Frameworks -c -j16 -enable-batch-mode -incremental -Xcc -ivfsstatcache -Xcc /Users/rioallen/Documents/DropFly-OS-App-Builder/DropFly-PROJECTS/TradeFly-iOS/build/SDKStatCaches.noindex/iphonesimulator26.1-23B77-90cf18a4295e390e64c810bc6bd7acbc.sdkstatcache -output-file-map /Users/rioallen/Documents/DropFly-OS-App-Builder/DropFly-PROJECTS/TradeFly-iOS/build/Build/Intermediates.noindex/Supabase.build/Debug-iphonesimulator/PostgREST.build/Objects-normal/arm64/PostgREST-OutputFileMap.json -use-frontend-parseable-output -save-temps -no-color-diagnostics -explicit-module-build -module-cache-path /Users/rioallen/Documents/DropFly-OS-App-Builder/DropFly-PROJECTS/TradeFly-iOS/build/Build/Intermediates.noindex/SwiftExplicitPrecompiledModules -clang-scanner-module-cache-path /Users/rioallen/Documents/DropFly-OS-App-Builder/DropFly-PROJECTS/TradeFly-iOS/build/ModuleCache.noindex -sdk-module-cache-path /Users/rioallen/Documents/DropFly-OS-App-Builder/DropFly-PROJECTS/TradeFly-iOS/build/ModuleCache.noindex -serialize-diagnostics -emit-dependencies -emit-module -emit-module-path /Users/rioallen/Documents/DropFly-OS-App-Builder/DropFly-PROJECTS/TradeFly-iOS/build/Build/Intermediates.noindex/Supabase.build/Debug-iphonesimulator/PostgREST.build/Objects-normal/arm64/PostgREST.swiftmodule -validate-clang-modules-once -clang-build-session-file /Users/rioallen/Documents/DropFly-OS-App-Builder/DropFly-PROJECTS/TradeFly-iOS/build/ModuleCache.noindex/Session.modulevalidation -package-name supabase_swift -Xcc -I/Users/rioallen/Documents/DropFly-OS-App-Builder/DropFly-PROJECTS/TradeFly-iOS/build/Build/Intermediates.noindex/Supabase.build/Debug-iphonesimulator/PostgREST.build/swift-overrides.hmap -emit-const-values -Xfrontend -const-gather-protocols-file -Xfrontend /Users/rioallen/Documents/DropFly-OS-App-Builder/DropFly-PROJECTS/TradeFly-iOS/build/Build/Intermediates.noindex/Supabase.build/Debug-iphonesimulator/PostgREST.build/Objects-normal/arm64/PostgREST_const_extract_protocols.json -Xcc -I/Users/rioallen/Documents/DropFly-OS-App-Builder/DropFly-PROJECTS/TradeFly-iOS/build/Build/Products/Debug-iphonesimulator/include -Xcc -I/Users/rioallen/Documents/DropFly-OS-App-Builder/DropFly-PROJECTS/TradeFly-iOS/build/Build/Intermediates.noindex/Supabase.build/Debug-iphonesimulator/PostgREST.build/DerivedSources-normal/arm64 -Xcc -I/Users/rioallen/Documents/DropFly-OS-App-Builder/DropFly-PROJECTS/TradeFly-iOS/build/Build/Intermediates.noindex/Supabase.build/Debug-iphonesimulator/PostgREST.build/DerivedSources/arm64 -Xcc -I/Users/rioallen/Documents/DropFly-OS-App-Builder/DropFly-PROJECTS/TradeFly-iOS/build/Build/Intermediates.noindex/Supabase.build/Debug-iphonesimulator/PostgREST.build/DerivedSources -Xcc -DSWIFT_PACKAGE -Xcc -DDEBUG\=1 -emit-objc-header -emit-objc-header-path /Users/rioallen/Documents/DropFly-OS-App-Builder/DropFly-PROJECTS/TradeFly-iOS/build/Build/Intermediates.noindex/Supabase.build/Debug-iphonesimulator/PostgREST.build/Objects-normal/arm64/PostgREST-Swift.h -working-directory /Users/rioallen/Documents/DropFly-OS-App-Builder/DropFly-PROJECTS/TradeFly-iOS/TradeFly.xcodeproj -experimental-emit-module-separately -disable-cmo

SwiftCompile normal arm64 Compiling\ Helpers.swift,\ JWK+RSA.swift /Users/rioallen/Documents/DropFly-OS-App-Builder/DropFly-PROJECTS/TradeFly-iOS/build/SourcePackages/checkouts/supabase-swift/Sources/Auth/Internal/Helpers.swift /Users/rioallen/Documents/DropFly-OS-App-Builder/DropFly-PROJECTS/TradeFly-iOS/build/SourcePackages/checkouts/supabase-swift/Sources/Auth/Internal/JWK+RSA.swift (in target 'Auth' from project 'Supabase')

SwiftCompile normal arm64 /Users/rioallen/Documents/DropFly-OS-App-Builder/DropFly-PROJECTS/TradeFly-iOS/build/SourcePackages/checkouts/supabase-swift/Sources/Auth/Internal/Helpers.swift (in target 'Auth' from project 'Supabase')
    cd /Users/rioallen/Documents/DropFly-OS-App-Builder/DropFly-PROJECTS/TradeFly-iOS/TradeFly.xcodeproj
    

SwiftCompile normal arm64 /Users/rioallen/Documents/DropFly-OS-App-Builder/DropFly-PROJECTS/TradeFly-iOS/build/SourcePackages/checkouts/supabase-swift/Sources/Auth/Internal/JWK+RSA.swift (in target 'Auth' from project 'Supabase')
    cd /Users/rioallen/Documents/DropFly-OS-App-Builder/DropFly-PROJECTS/TradeFly-iOS/TradeFly.xcodeproj
    

SwiftCompile normal arm64 Compiling\ PKCE.swift,\ SessionManager.swift /Users/rioallen/Documents/DropFly-OS-App-Builder/DropFly-PROJECTS/TradeFly-iOS/build/SourcePackages/checkouts/supabase-swift/Sources/Auth/Internal/PKCE.swift /Users/rioallen/Documents/DropFly-OS-App-Builder/DropFly-PROJECTS/TradeFly-iOS/build/SourcePackages/checkouts/supabase-swift/Sources/Auth/Internal/SessionManager.swift (in target 'Auth' from project 'Supabase')

SwiftCompile normal arm64 /Users/rioallen/Documents/DropFly-OS-App-Builder/DropFly-PROJECTS/TradeFly-iOS/build/SourcePackages/checkouts/supabase-swift/Sources/Auth/Internal/PKCE.swift (in target 'Auth' from project 'Supabase')
    cd /Users/rioallen/Documents/DropFly-OS-App-Builder/DropFly-PROJECTS/TradeFly-iOS/TradeFly.xcodeproj
    

SwiftCompile normal arm64 /Users/rioallen/Documents/DropFly-OS-App-Builder/DropFly-PROJECTS/TradeFly-iOS/build/SourcePackages/checkouts/supabase-swift/Sources/Auth/Internal/SessionManager.swift (in target 'Auth' from project 'Supabase')
    cd /Users/rioallen/Documents/DropFly-OS-App-Builder/DropFly-PROJECTS/TradeFly-iOS/TradeFly.xcodeproj
    

SwiftDriverJobDiscovery normal arm64 Compiling Types.swift (in target 'Storage' from project 'Supabase')

SwiftCompile normal arm64 Compiling\ Deprecated.swift,\ Exports.swift /Users/rioallen/Documents/DropFly-OS-App-Builder/DropFly-PROJECTS/TradeFly-iOS/build/SourcePackages/checkouts/supabase-swift/Sources/Auth/Deprecated.swift /Users/rioallen/Documents/DropFly-OS-App-Builder/DropFly-PROJECTS/TradeFly-iOS/build/SourcePackages/checkouts/supabase-swift/Sources/Auth/Exports.swift (in target 'Auth' from project 'Supabase')

SwiftCompile normal arm64 /Users/rioallen/Documents/DropFly-OS-App-Builder/DropFly-PROJECTS/TradeFly-iOS/build/SourcePackages/checkouts/supabase-swift/Sources/Auth/Deprecated.swift (in target 'Auth' from project 'Supabase')
    cd /Users/rioallen/Documents/DropFly-OS-App-Builder/DropFly-PROJECTS/TradeFly-iOS/TradeFly.xcodeproj
    

SwiftCompile normal arm64 /Users/rioallen/Documents/DropFly-OS-App-Builder/DropFly-PROJECTS/TradeFly-iOS/build/SourcePackages/checkouts/supabase-swift/Sources/Auth/Exports.swift (in target 'Auth' from project 'Supabase')
    cd /Users/rioallen/Documents/DropFly-OS-App-Builder/DropFly-PROJECTS/TradeFly-iOS/TradeFly.xcodeproj
    

SwiftDriverJobDiscovery normal arm64 Compiling StorageFileApi.swift (in target 'Storage' from project 'Supabase')

SwiftDriver\ Compilation Storage normal arm64 com.apple.xcode.tools.swift.compiler (in target 'Storage' from project 'Supabase')
    cd /Users/rioallen/Documents/DropFly-OS-App-Builder/DropFly-PROJECTS/TradeFly-iOS/TradeFly.xcodeproj
    builtin-Swift-Compilation -- /Applications/Xcode.app/Contents/Developer/Toolchains/XcodeDefault.xctoolchain/usr/bin/swiftc -module-name Storage -Onone -enforce-exclusivity\=checked @/Users/rioallen/Documents/DropFly-OS-App-Builder/DropFly-PROJECTS/TradeFly-iOS/build/Build/Intermediates.noindex/Supabase.build/Debug-iphonesimulator/Storage.build/Objects-normal/arm64/Storage.SwiftFileList -DSWIFT_PACKAGE -DDEBUG -DSWIFT_MODULE_RESOURCE_BUNDLE_UNAVAILABLE -DXcode -enable-upcoming-feature ExistentialAny -enable-experimental-feature StrictConcurrency -plugin-path /Applications/Xcode.app/Contents/Developer/Toolchains/XcodeDefault.xctoolchain/usr/lib/swift/host/plugins/testing -enable-experimental-feature DebugDescriptionMacro -sdk /Applications/Xcode.app/Contents/Developer/Platforms/iPhoneSimulator.platform/Developer/SDKs/iPhoneSimulator26.1.sdk -target arm64-apple-ios13.0-simulator -g -module-cache-path /Users/rioallen/Documents/DropFly-OS-App-Builder/DropFly-PROJECTS/TradeFly-iOS/build/ModuleCache.noindex -Xfrontend -serialize-debugging-options -enable-testing -suppress-warnings -index-store-path /Users/rioallen/Documents/DropFly-OS-App-Builder/DropFly-PROJECTS/TradeFly-iOS/build/Index.noindex/DataStore -Xcc -D_LIBCPP_HARDENING_MODE\=_LIBCPP_HARDENING_MODE_DEBUG -swift-version 5 -I /Users/rioallen/Documents/DropFly-OS-App-Builder/DropFly-PROJECTS/TradeFly-iOS/build/Build/Products/Debug-iphonesimulator -Isystem /Applications/Xcode.app/Contents/Developer/Platforms/iPhoneSimulator.platform/Developer/usr/lib -F /Users/rioallen/Documents/DropFly-OS-App-Builder/DropFly-PROJECTS/TradeFly-iOS/build/Build/Products/Debug-iphonesimulator/PackageFrameworks -F /Users/rioallen/Documents/DropFly-OS-App-Builder/DropFly-PROJECTS/TradeFly-iOS/build/Build/Products/Debug-iphonesimulator/PackageFrameworks -F /Users/rioallen/Documents/DropFly-OS-App-Builder/DropFly-PROJECTS/TradeFly-iOS/build/Build/Products/Debug-iphonesimulator/PackageFrameworks -F /Users/rioallen/Documents/DropFly-OS-App-Builder/DropFly-PROJECTS/TradeFly-iOS/build/Build/Products/Debug-iphonesimulator/PackageFrameworks -F /Users/rioallen/Documents/DropFly-OS-App-Builder/DropFly-PROJECTS/TradeFly-iOS/build/Build/Products/Debug-iphonesimulator/PackageFrameworks -F /Users/rioallen/Documents/DropFly-OS-App-Builder/DropFly-PROJECTS/TradeFly-iOS/build/Build/Products/Debug-iphonesimulator/PackageFrameworks -F /Users/rioallen/Documents/DropFly-OS-App-Builder/DropFly-PROJECTS/TradeFly-iOS/build/Build/Products/Debug-iphonesimulator/PackageFrameworks -F /Users/rioallen/Documents/DropFly-OS-App-Builder/DropFly-PROJECTS/TradeFly-iOS/build/Build/Products/Debug-iphonesimulator -F /Applications/Xcode.app/Contents/Developer/Platforms/iPhoneSimulator.platform/Developer/Library/Frameworks -F /Applications/Xcode.app/Contents/Developer/Platforms/iPhoneSimulator.platform/Developer/SDKs/iPhoneSimulator26.1.sdk/Developer/Library/Frameworks -c -j16 -enable-batch-mode -incremental -Xcc -ivfsstatcache -Xcc /Users/rioallen/Documents/DropFly-OS-App-Builder/DropFly-PROJECTS/TradeFly-iOS/build/SDKStatCaches.noindex/iphonesimulator26.1-23B77-90cf18a4295e390e64c810bc6bd7acbc.sdkstatcache -output-file-map /Users/rioallen/Documents/DropFly-OS-App-Builder/DropFly-PROJECTS/TradeFly-iOS/build/Build/Intermediates.noindex/Supabase.build/Debug-iphonesimulator/Storage.build/Objects-normal/arm64/Storage-OutputFileMap.json -use-frontend-parseable-output -save-temps -no-color-diagnostics -explicit-module-build -module-cache-path /Users/rioallen/Documents/DropFly-OS-App-Builder/DropFly-PROJECTS/TradeFly-iOS/build/Build/Intermediates.noindex/SwiftExplicitPrecompiledModules -clang-scanner-module-cache-path /Users/rioallen/Documents/DropFly-OS-App-Builder/DropFly-PROJECTS/TradeFly-iOS/build/ModuleCache.noindex -sdk-module-cache-path /Users/rioallen/Documents/DropFly-OS-App-Builder/DropFly-PROJECTS/TradeFly-iOS/build/ModuleCache.noindex -serialize-diagnostics -emit-dependencies -emit-module -emit-module-path /Users/rioallen/Documents/DropFly-OS-App-Builder/DropFly-PROJECTS/TradeFly-iOS/build/Build/Intermediates.noindex/Supabase.build/Debug-iphonesimulator/Storage.build/Objects-normal/arm64/Storage.swiftmodule -validate-clang-modules-once -clang-build-session-file /Users/rioallen/Documents/DropFly-OS-App-Builder/DropFly-PROJECTS/TradeFly-iOS/build/ModuleCache.noindex/Session.modulevalidation -package-name supabase_swift -Xcc -I/Users/rioallen/Documents/DropFly-OS-App-Builder/DropFly-PROJECTS/TradeFly-iOS/build/Build/Intermediates.noindex/Supabase.build/Debug-iphonesimulator/Storage.build/swift-overrides.hmap -emit-const-values -Xfrontend -const-gather-protocols-file -Xfrontend /Users/rioallen/Documents/DropFly-OS-App-Builder/DropFly-PROJECTS/TradeFly-iOS/build/Build/Intermediates.noindex/Supabase.build/Debug-iphonesimulator/Storage.build/Objects-normal/arm64/Storage_const_extract_protocols.json -Xcc -I/Users/rioallen/Documents/DropFly-OS-App-Builder/DropFly-PROJECTS/TradeFly-iOS/build/Build/Products/Debug-iphonesimulator/include -Xcc -I/Users/rioallen/Documents/DropFly-OS-App-Builder/DropFly-PROJECTS/TradeFly-iOS/build/Build/Intermediates.noindex/Supabase.build/Debug-iphonesimulator/Storage.build/DerivedSources-normal/arm64 -Xcc -I/Users/rioallen/Documents/DropFly-OS-App-Builder/DropFly-PROJECTS/TradeFly-iOS/build/Build/Intermediates.noindex/Supabase.build/Debug-iphonesimulator/Storage.build/DerivedSources/arm64 -Xcc -I/Users/rioallen/Documents/DropFly-OS-App-Builder/DropFly-PROJECTS/TradeFly-iOS/build/Build/Intermediates.noindex/Supabase.build/Debug-iphonesimulator/Storage.build/DerivedSources -Xcc -DSWIFT_PACKAGE -Xcc -DDEBUG\=1 -emit-objc-header -emit-objc-header-path /Users/rioallen/Documents/DropFly-OS-App-Builder/DropFly-PROJECTS/TradeFly-iOS/build/Build/Intermediates.noindex/Supabase.build/Debug-iphonesimulator/Storage.build/Objects-normal/arm64/Storage-Swift.h -working-directory /Users/rioallen/Documents/DropFly-OS-App-Builder/DropFly-PROJECTS/TradeFly-iOS/TradeFly.xcodeproj -experimental-emit-module-separately -disable-cmo

SwiftDriverJobDiscovery normal arm64 Compiling EventEmitter.swift, FixedWidthInteger+Random.swift (in target 'Auth' from project 'Supabase')

SwiftCompile normal arm64 Compiling\ Types.swift /Users/rioallen/Documents/DropFly-OS-App-Builder/DropFly-PROJECTS/TradeFly-iOS/build/SourcePackages/checkouts/supabase-swift/Sources/Auth/Types.swift (in target 'Auth' from project 'Supabase')
SwiftCompile normal arm64 /Users/rioallen/Documents/DropFly-OS-App-Builder/DropFly-PROJECTS/TradeFly-iOS/build/SourcePackages/checkouts/supabase-swift/Sources/Auth/Types.swift (in target 'Auth' from project 'Supabase')
    cd /Users/rioallen/Documents/DropFly-OS-App-Builder/DropFly-PROJECTS/TradeFly-iOS/TradeFly.xcodeproj
    

SwiftCompile normal arm64 Compiling\ AuthStateChangeListener.swift,\ Defaults.swift /Users/rioallen/Documents/DropFly-OS-App-Builder/DropFly-PROJECTS/TradeFly-iOS/build/SourcePackages/checkouts/supabase-swift/Sources/Auth/AuthStateChangeListener.swift /Users/rioallen/Documents/DropFly-OS-App-Builder/DropFly-PROJECTS/TradeFly-iOS/build/SourcePackages/checkouts/supabase-swift/Sources/Auth/Defaults.swift (in target 'Auth' from project 'Supabase')

SwiftCompile normal arm64 /Users/rioallen/Documents/DropFly-OS-App-Builder/DropFly-PROJECTS/TradeFly-iOS/build/SourcePackages/checkouts/supabase-swift/Sources/Auth/AuthStateChangeListener.swift (in target 'Auth' from project 'Supabase')
    cd /Users/rioallen/Documents/DropFly-OS-App-Builder/DropFly-PROJECTS/TradeFly-iOS/TradeFly.xcodeproj
    

SwiftCompile normal arm64 /Users/rioallen/Documents/DropFly-OS-App-Builder/DropFly-PROJECTS/TradeFly-iOS/build/SourcePackages/checkouts/supabase-swift/Sources/Auth/Defaults.swift (in target 'Auth' from project 'Supabase')
    cd /Users/rioallen/Documents/DropFly-OS-App-Builder/DropFly-PROJECTS/TradeFly-iOS/TradeFly.xcodeproj
    

SwiftDriverJobDiscovery normal arm64 Compiling URLSessionWebSocket.swift (in target 'Realtime' from project 'Supabase')

SwiftDriverJobDiscovery normal arm64 Emitting module for Auth (in target 'Auth' from project 'Supabase')

SwiftDriver\ Compilation\ Requirements Auth normal arm64 com.apple.xcode.tools.swift.compiler (in target 'Auth' from project 'Supabase')
    cd /Users/rioallen/Documents/DropFly-OS-App-Builder/DropFly-PROJECTS/TradeFly-iOS/TradeFly.xcodeproj
    builtin-Swift-Compilation-Requirements -- /Applications/Xcode.app/Contents/Developer/Toolchains/XcodeDefault.xctoolchain/usr/bin/swiftc -module-name Auth -Onone -enforce-exclusivity\=checked @/Users/rioallen/Documents/DropFly-OS-App-Builder/DropFly-PROJECTS/TradeFly-iOS/build/Build/Intermediates.noindex/Supabase.build/Debug-iphonesimulator/Auth.build/Objects-normal/arm64/Auth.SwiftFileList -DSWIFT_PACKAGE -DDEBUG -DSWIFT_MODULE_RESOURCE_BUNDLE_UNAVAILABLE -DXcode -enable-upcoming-feature ExistentialAny -enable-experimental-feature StrictConcurrency -plugin-path /Applications/Xcode.app/Contents/Developer/Toolchains/XcodeDefault.xctoolchain/usr/lib/swift/host/plugins/testing -enable-experimental-feature DebugDescriptionMacro -sdk /Applications/Xcode.app/Contents/Developer/Platforms/iPhoneSimulator.platform/Developer/SDKs/iPhoneSimulator26.1.sdk -target arm64-apple-ios13.0-simulator -g -module-cache-path /Users/rioallen/Documents/DropFly-OS-App-Builder/DropFly-PROJECTS/TradeFly-iOS/build/ModuleCache.noindex -Xfrontend -serialize-debugging-options -enable-testing -suppress-warnings -index-store-path /Users/rioallen/Documents/DropFly-OS-App-Builder/DropFly-PROJECTS/TradeFly-iOS/build/Index.noindex/DataStore -Xcc -D_LIBCPP_HARDENING_MODE\=_LIBCPP_HARDENING_MODE_DEBUG -swift-version 5 -I /Users/rioallen/Documents/DropFly-OS-App-Builder/DropFly-PROJECTS/TradeFly-iOS/build/Build/Products/Debug-iphonesimulator -Isystem /Applications/Xcode.app/Contents/Developer/Platforms/iPhoneSimulator.platform/Developer/usr/lib -F /Users/rioallen/Documents/DropFly-OS-App-Builder/DropFly-PROJECTS/TradeFly-iOS/build/Build/Products/Debug-iphonesimulator/PackageFrameworks -F /Users/rioallen/Documents/DropFly-OS-App-Builder/DropFly-PROJECTS/TradeFly-iOS/build/Build/Products/Debug-iphonesimulator/PackageFrameworks -F /Users/rioallen/Documents/DropFly-OS-App-Builder/DropFly-PROJECTS/TradeFly-iOS/build/Build/Products/Debug-iphonesimulator/PackageFrameworks -F /Users/rioallen/Documents/DropFly-OS-App-Builder/DropFly-PROJECTS/TradeFly-iOS/build/Build/Products/Debug-iphonesimulator/PackageFrameworks -F /Users/rioallen/Documents/DropFly-OS-App-Builder/DropFly-PROJECTS/TradeFly-iOS/build/Build/Products/Debug-iphonesimulator/PackageFrameworks -F /Users/rioallen/Documents/DropFly-OS-App-Builder/DropFly-PROJECTS/TradeFly-iOS/build/Build/Products/Debug-iphonesimulator/PackageFrameworks -F /Users/rioallen/Documents/DropFly-OS-App-Builder/DropFly-PROJECTS/TradeFly-iOS/build/Build/Products/Debug-iphonesimulator/PackageFrameworks -F /Users/rioallen/Documents/DropFly-OS-App-Builder/DropFly-PROJECTS/TradeFly-iOS/build/Build/Products/Debug-iphonesimulator/PackageFrameworks -F /Users/rioallen/Documents/DropFly-OS-App-Builder/DropFly-PROJECTS/TradeFly-iOS/build/Build/Products/Debug-iphonesimulator -F /Applications/Xcode.app/Contents/Developer/Platforms/iPhoneSimulator.platform/Developer/Library/Frameworks -F /Applications/Xcode.app/Contents/Developer/Platforms/iPhoneSimulator.platform/Developer/SDKs/iPhoneSimulator26.1.sdk/Developer/Library/Frameworks -c -j16 -enable-batch-mode -incremental -Xcc -ivfsstatcache -Xcc /Users/rioallen/Documents/DropFly-OS-App-Builder/DropFly-PROJECTS/TradeFly-iOS/build/SDKStatCaches.noindex/iphonesimulator26.1-23B77-90cf18a4295e390e64c810bc6bd7acbc.sdkstatcache -output-file-map /Users/rioallen/Documents/DropFly-OS-App-Builder/DropFly-PROJECTS/TradeFly-iOS/build/Build/Intermediates.noindex/Supabase.build/Debug-iphonesimulator/Auth.build/Objects-normal/arm64/Auth-OutputFileMap.json -use-frontend-parseable-output -save-temps -no-color-diagnostics -explicit-module-build -module-cache-path /Users/rioallen/Documents/DropFly-OS-App-Builder/DropFly-PROJECTS/TradeFly-iOS/build/Build/Intermediates.noindex/SwiftExplicitPrecompiledModules -clang-scanner-module-cache-path /Users/rioallen/Documents/DropFly-OS-App-Builder/DropFly-PROJECTS/TradeFly-iOS/build/ModuleCache.noindex -sdk-module-cache-path /Users/rioallen/Documents/DropFly-OS-App-Builder/DropFly-PROJECTS/TradeFly-iOS/build/ModuleCache.noindex -serialize-diagnostics -emit-dependencies -emit-module -emit-module-path /Users/rioallen/Documents/DropFly-OS-App-Builder/DropFly-PROJECTS/TradeFly-iOS/build/Build/Intermediates.noindex/Supabase.build/Debug-iphonesimulator/Auth.build/Objects-normal/arm64/Auth.swiftmodule -validate-clang-modules-once -clang-build-session-file /Users/rioallen/Documents/DropFly-OS-App-Builder/DropFly-PROJECTS/TradeFly-iOS/build/ModuleCache.noindex/Session.modulevalidation -package-name supabase_swift -Xcc -I/Users/rioallen/Documents/DropFly-OS-App-Builder/DropFly-PROJECTS/TradeFly-iOS/build/Build/Intermediates.noindex/Supabase.build/Debug-iphonesimulator/Auth.build/swift-overrides.hmap -emit-const-values -Xfrontend -const-gather-protocols-file -Xfrontend /Users/rioallen/Documents/DropFly-OS-App-Builder/DropFly-PROJECTS/TradeFly-iOS/build/Build/Intermediates.noindex/Supabase.build/Debug-iphonesimulator/Auth.build/Objects-normal/arm64/Auth_const_extract_protocols.json -Xcc -I/Users/rioallen/Documents/DropFly-OS-App-Builder/DropFly-PROJECTS/TradeFly-iOS/build/Build/Products/Debug-iphonesimulator/include -Xcc -I/Users/rioallen/Documents/DropFly-OS-App-Builder/DropFly-PROJECTS/TradeFly-iOS/build/Build/Intermediates.noindex/Supabase.build/Debug-iphonesimulator/Auth.build/DerivedSources-normal/arm64 -Xcc -I/Users/rioallen/Documents/DropFly-OS-App-Builder/DropFly-PROJECTS/TradeFly-iOS/build/Build/Intermediates.noindex/Supabase.build/Debug-iphonesimulator/Auth.build/DerivedSources/arm64 -Xcc -I/Users/rioallen/Documents/DropFly-OS-App-Builder/DropFly-PROJECTS/TradeFly-iOS/build/Build/Intermediates.noindex/Supabase.build/Debug-iphonesimulator/Auth.build/DerivedSources -Xcc -DSWIFT_PACKAGE -Xcc -DDEBUG\=1 -emit-objc-header -emit-objc-header-path /Users/rioallen/Documents/DropFly-OS-App-Builder/DropFly-PROJECTS/TradeFly-iOS/build/Build/Intermediates.noindex/Supabase.build/Debug-iphonesimulator/Auth.build/Objects-normal/arm64/Auth-Swift.h -working-directory /Users/rioallen/Documents/DropFly-OS-App-Builder/DropFly-PROJECTS/TradeFly-iOS/TradeFly.xcodeproj -experimental-emit-module-separately -disable-cmo

Ld /Users/rioallen/Documents/DropFly-OS-App-Builder/DropFly-PROJECTS/TradeFly-iOS/build/Build/Products/Debug-iphonesimulator/Storage.o normal (in target 'Storage' from project 'Supabase')
    cd /Users/rioallen/Documents/DropFly-OS-App-Builder/DropFly-PROJECTS/TradeFly-iOS/build/SourcePackages/checkouts/supabase-swift
    /Applications/Xcode.app/Contents/Developer/Toolchains/XcodeDefault.xctoolchain/usr/bin/clang -Xlinker -reproducible -target arm64-apple-ios13.0-simulator -r -isysroot /Applications/Xcode.app/Contents/Developer/Platforms/iPhoneSimulator.platform/Developer/SDKs/iPhoneSimulator26.1.sdk -O0 -w -L/Users/rioallen/Documents/DropFly-OS-App-Builder/DropFly-PROJECTS/TradeFly-iOS/build/Build/Intermediates.noindex/EagerLinkingTBDs/Debug-iphonesimulator -L/Users/rioallen/Documents/DropFly-OS-App-Builder/DropFly-PROJECTS/TradeFly-iOS/build/Build/Products/Debug-iphonesimulator -L/Applications/Xcode.app/Contents/Developer/Platforms/iPhoneSimulator.platform/Developer/usr/lib -F/Users/rioallen/Documents/DropFly-OS-App-Builder/DropFly-PROJECTS/TradeFly-iOS/build/Build/Intermediates.noindex/EagerLinkingTBDs/Debug-iphonesimulator -F/Users/rioallen/Documents/DropFly-OS-App-Builder/DropFly-PROJECTS/TradeFly-iOS/build/Build/Products/Debug-iphonesimulator/PackageFrameworks -F/Users/rioallen/Documents/DropFly-OS-App-Builder/DropFly-PROJECTS/TradeFly-iOS/build/Build/Products/Debug-iphonesimulator/PackageFrameworks -F/Users/rioallen/Documents/DropFly-OS-App-Builder/DropFly-PROJECTS/TradeFly-iOS/build/Build/Products/Debug-iphonesimulator/PackageFrameworks -F/Users/rioallen/Documents/DropFly-OS-App-Builder/DropFly-PROJECTS/TradeFly-iOS/build/Build/Products/Debug-iphonesimulator/PackageFrameworks -F/Users/rioallen/Documents/DropFly-OS-App-Builder/DropFly-PROJECTS/TradeFly-iOS/build/Build/Products/Debug-iphonesimulator/PackageFrameworks -F/Users/rioallen/Documents/DropFly-OS-App-Builder/DropFly-PROJECTS/TradeFly-iOS/build/Build/Products/Debug-iphonesimulator/PackageFrameworks -F/Users/rioallen/Documents/DropFly-OS-App-Builder/DropFly-PROJECTS/TradeFly-iOS/build/Build/Products/Debug-iphonesimulator/PackageFrameworks -F/Users/rioallen/Documents/DropFly-OS-App-Builder/DropFly-PROJECTS/TradeFly-iOS/build/Build/Products/Debug-iphonesimulator -iframework /Applications/Xcode.app/Contents/Developer/Platforms/iPhoneSimulator.platform/Developer/Library/Frameworks -iframework /Applications/Xcode.app/Contents/Developer/Platforms/iPhoneSimulator.platform/Developer/SDKs/iPhoneSimulator26.1.sdk/Developer/Library/Frameworks -filelist /Users/rioallen/Documents/DropFly-OS-App-Builder/DropFly-PROJECTS/TradeFly-iOS/build/Build/Intermediates.noindex/Supabase.build/Debug-iphonesimulator/Storage.build/Objects-normal/arm64/Storage.LinkFileList -nostdlib -Xlinker -object_path_lto -Xlinker /Users/rioallen/Documents/DropFly-OS-App-Builder/DropFly-PROJECTS/TradeFly-iOS/build/Build/Intermediates.noindex/Supabase.build/Debug-iphonesimulator/Storage.build/Objects-normal/arm64/Storage_lto.o -rdynamic -Xlinker -no_deduplicate -Xlinker -objc_abi_version -Xlinker 2 -Xlinker -dependency_info -Xlinker /Users/rioallen/Documents/DropFly-OS-App-Builder/DropFly-PROJECTS/TradeFly-iOS/build/Build/Intermediates.noindex/Supabase.build/Debug-iphonesimulator/Storage.build/Objects-normal/arm64/Storage_dependency_info.dat -fobjc-link-runtime -L/Applications/Xcode.app/Contents/Developer/Toolchains/XcodeDefault.xctoolchain/usr/lib/swift/iphonesimulator -L/usr/lib/swift -Xlinker -add_ast_path -Xlinker /Users/rioallen/Documents/DropFly-OS-App-Builder/DropFly-PROJECTS/TradeFly-iOS/build/Build/Intermediates.noindex/Supabase.build/Debug-iphonesimulator/Storage.build/Objects-normal/arm64/Storage.swiftmodule @/Users/rioallen/Documents/DropFly-OS-App-Builder/DropFly-PROJECTS/TradeFly-iOS/build/Build/Intermediates.noindex/Supabase.build/Debug-iphonesimulator/Storage.build/Objects-normal/arm64/Storage-linker-args.resp -o /Users/rioallen/Documents/DropFly-OS-App-Builder/DropFly-PROJECTS/TradeFly-iOS/build/Build/Products/Debug-iphonesimulator/Storage.o

Ld /Users/rioallen/Documents/DropFly-OS-App-Builder/DropFly-PROJECTS/TradeFly-iOS/build/Build/Products/Debug-iphonesimulator/PostgREST.o normal (in target 'PostgREST' from project 'Supabase')
    cd /Users/rioallen/Documents/DropFly-OS-App-Builder/DropFly-PROJECTS/TradeFly-iOS/build/SourcePackages/checkouts/supabase-swift
    /Applications/Xcode.app/Contents/Developer/Toolchains/XcodeDefault.xctoolchain/usr/bin/clang -Xlinker -reproducible -target arm64-apple-ios13.0-simulator -r -isysroot /Applications/Xcode.app/Contents/Developer/Platforms/iPhoneSimulator.platform/Developer/SDKs/iPhoneSimulator26.1.sdk -O0 -w -L/Users/rioallen/Documents/DropFly-OS-App-Builder/DropFly-PROJECTS/TradeFly-iOS/build/Build/Intermediates.noindex/EagerLinkingTBDs/Debug-iphonesimulator -L/Users/rioallen/Documents/DropFly-OS-App-Builder/DropFly-PROJECTS/TradeFly-iOS/build/Build/Products/Debug-iphonesimulator -L/Applications/Xcode.app/Contents/Developer/Platforms/iPhoneSimulator.platform/Developer/usr/lib -F/Users/rioallen/Documents/DropFly-OS-App-Builder/DropFly-PROJECTS/TradeFly-iOS/build/Build/Intermediates.noindex/EagerLinkingTBDs/Debug-iphonesimulator -F/Users/rioallen/Documents/DropFly-OS-App-Builder/DropFly-PROJECTS/TradeFly-iOS/build/Build/Products/Debug-iphonesimulator/PackageFrameworks -F/Users/rioallen/Documents/DropFly-OS-App-Builder/DropFly-PROJECTS/TradeFly-iOS/build/Build/Products/Debug-iphonesimulator/PackageFrameworks -F/Users/rioallen/Documents/DropFly-OS-App-Builder/DropFly-PROJECTS/TradeFly-iOS/build/Build/Products/Debug-iphonesimulator/PackageFrameworks -F/Users/rioallen/Documents/DropFly-OS-App-Builder/DropFly-PROJECTS/TradeFly-iOS/build/Build/Products/Debug-iphonesimulator/PackageFrameworks -F/Users/rioallen/Documents/DropFly-OS-App-Builder/DropFly-PROJECTS/TradeFly-iOS/build/Build/Products/Debug-iphonesimulator/PackageFrameworks -F/Users/rioallen/Documents/DropFly-OS-App-Builder/DropFly-PROJECTS/TradeFly-iOS/build/Build/Products/Debug-iphonesimulator/PackageFrameworks -F/Users/rioallen/Documents/DropFly-OS-App-Builder/DropFly-PROJECTS/TradeFly-iOS/build/Build/Products/Debug-iphonesimulator/PackageFrameworks -F/Users/rioallen/Documents/DropFly-OS-App-Builder/DropFly-PROJECTS/TradeFly-iOS/build/Build/Products/Debug-iphonesimulator -iframework /Applications/Xcode.app/Contents/Developer/Platforms/iPhoneSimulator.platform/Developer/Library/Frameworks -iframework /Applications/Xcode.app/Contents/Developer/Platforms/iPhoneSimulator.platform/Developer/SDKs/iPhoneSimulator26.1.sdk/Developer/Library/Frameworks -filelist /Users/rioallen/Documents/DropFly-OS-App-Builder/DropFly-PROJECTS/TradeFly-iOS/build/Build/Intermediates.noindex/Supabase.build/Debug-iphonesimulator/PostgREST.build/Objects-normal/arm64/PostgREST.LinkFileList -nostdlib -Xlinker -object_path_lto -Xlinker /Users/rioallen/Documents/DropFly-OS-App-Builder/DropFly-PROJECTS/TradeFly-iOS/build/Build/Intermediates.noindex/Supabase.build/Debug-iphonesimulator/PostgREST.build/Objects-normal/arm64/PostgREST_lto.o -rdynamic -Xlinker -no_deduplicate -Xlinker -objc_abi_version -Xlinker 2 -Xlinker -dependency_info -Xlinker /Users/rioallen/Documents/DropFly-OS-App-Builder/DropFly-PROJECTS/TradeFly-iOS/build/Build/Intermediates.noindex/Supabase.build/Debug-iphonesimulator/PostgREST.build/Objects-normal/arm64/PostgREST_dependency_info.dat -fobjc-link-runtime -L/Applications/Xcode.app/Contents/Developer/Toolchains/XcodeDefault.xctoolchain/usr/lib/swift/iphonesimulator -L/usr/lib/swift -Xlinker -add_ast_path -Xlinker /Users/rioallen/Documents/DropFly-OS-App-Builder/DropFly-PROJECTS/TradeFly-iOS/build/Build/Intermediates.noindex/Supabase.build/Debug-iphonesimulator/PostgREST.build/Objects-normal/arm64/PostgREST.swiftmodule @/Users/rioallen/Documents/DropFly-OS-App-Builder/DropFly-PROJECTS/TradeFly-iOS/build/Build/Intermediates.noindex/Supabase.build/Debug-iphonesimulator/PostgREST.build/Objects-normal/arm64/PostgREST-linker-args.resp -o /Users/rioallen/Documents/DropFly-OS-App-Builder/DropFly-PROJECTS/TradeFly-iOS/build/Build/Products/Debug-iphonesimulator/PostgREST.o

SwiftDriverJobDiscovery normal arm64 Compiling Constants.swift, Dependencies.swift (in target 'Auth' from project 'Supabase')

SwiftMergeGeneratedHeaders /Users/rioallen/Documents/DropFly-OS-App-Builder/DropFly-PROJECTS/TradeFly-iOS/build/Build/Intermediates.noindex/GeneratedModuleMaps-iphonesimulator/Auth-Swift.h /Users/rioallen/Documents/DropFly-OS-App-Builder/DropFly-PROJECTS/TradeFly-iOS/build/Build/Intermediates.noindex/Supabase.build/Debug-iphonesimulator/Auth.build/Objects-normal/arm64/Auth-Swift.h (in target 'Auth' from project 'Supabase')
    cd /Users/rioallen/Documents/DropFly-OS-App-Builder/DropFly-PROJECTS/TradeFly-iOS/build/SourcePackages/checkouts/supabase-swift
    builtin-swiftHeaderTool -arch arm64 /Users/rioallen/Documents/DropFly-OS-App-Builder/DropFly-PROJECTS/TradeFly-iOS/build/Build/Intermediates.noindex/Supabase.build/Debug-iphonesimulator/Auth.build/Objects-normal/arm64/Auth-Swift.h -o /Users/rioallen/Documents/DropFly-OS-App-Builder/DropFly-PROJECTS/TradeFly-iOS/build/Build/Intermediates.noindex/GeneratedModuleMaps-iphonesimulator/Auth-Swift.h

Copy /Users/rioallen/Documents/DropFly-OS-App-Builder/DropFly-PROJECTS/TradeFly-iOS/build/Build/Products/Debug-iphonesimulator/Auth.swiftmodule/arm64-apple-ios-simulator.swiftmodule /Users/rioallen/Documents/DropFly-OS-App-Builder/DropFly-PROJECTS/TradeFly-iOS/build/Build/Intermediates.noindex/Supabase.build/Debug-iphonesimulator/Auth.build/Objects-normal/arm64/Auth.swiftmodule (in target 'Auth' from project 'Supabase')
    cd /Users/rioallen/Documents/DropFly-OS-App-Builder/DropFly-PROJECTS/TradeFly-iOS/build/SourcePackages/checkouts/supabase-swift
    builtin-copy -exclude .DS_Store -exclude CVS -exclude .svn -exclude .git -exclude .hg -resolve-src-symlinks -rename /Users/rioallen/Documents/DropFly-OS-App-Builder/DropFly-PROJECTS/TradeFly-iOS/build/Build/Intermediates.noindex/Supabase.build/Debug-iphonesimulator/Auth.build/Objects-normal/arm64/Auth.swiftmodule /Users/rioallen/Documents/DropFly-OS-App-Builder/DropFly-PROJECTS/TradeFly-iOS/build/Build/Products/Debug-iphonesimulator/Auth.swiftmodule/arm64-apple-ios-simulator.swiftmodule

Copy /Users/rioallen/Documents/DropFly-OS-App-Builder/DropFly-PROJECTS/TradeFly-iOS/build/Build/Products/Debug-iphonesimulator/Auth.swiftmodule/arm64-apple-ios-simulator.swiftdoc /Users/rioallen/Documents/DropFly-OS-App-Builder/DropFly-PROJECTS/TradeFly-iOS/build/Build/Intermediates.noindex/Supabase.build/Debug-iphonesimulator/Auth.build/Objects-normal/arm64/Auth.swiftdoc (in target 'Auth' from project 'Supabase')
    cd /Users/rioallen/Documents/DropFly-OS-App-Builder/DropFly-PROJECTS/TradeFly-iOS/build/SourcePackages/checkouts/supabase-swift
    builtin-copy -exclude .DS_Store -exclude CVS -exclude .svn -exclude .git -exclude .hg -resolve-src-symlinks -rename /Users/rioallen/Documents/DropFly-OS-App-Builder/DropFly-PROJECTS/TradeFly-iOS/build/Build/Intermediates.noindex/Supabase.build/Debug-iphonesimulator/Auth.build/Objects-normal/arm64/Auth.swiftdoc /Users/rioallen/Documents/DropFly-OS-App-Builder/DropFly-PROJECTS/TradeFly-iOS/build/Build/Products/Debug-iphonesimulator/Auth.swiftmodule/arm64-apple-ios-simulator.swiftdoc

SwiftDriverJobDiscovery normal arm64 Compiling Presence.swift, Push.swift (in target 'Realtime' from project 'Supabase')

Copy /Users/rioallen/Documents/DropFly-OS-App-Builder/DropFly-PROJECTS/TradeFly-iOS/build/Build/Products/Debug-iphonesimulator/Auth.swiftmodule/arm64-apple-ios-simulator.abi.json /Users/rioallen/Documents/DropFly-OS-App-Builder/DropFly-PROJECTS/TradeFly-iOS/build/Build/Intermediates.noindex/Supabase.build/Debug-iphonesimulator/Auth.build/Objects-normal/arm64/Auth.abi.json (in target 'Auth' from project 'Supabase')
    cd /Users/rioallen/Documents/DropFly-OS-App-Builder/DropFly-PROJECTS/TradeFly-iOS/build/SourcePackages/checkouts/supabase-swift
    builtin-copy -exclude .DS_Store -exclude CVS -exclude .svn -exclude .git -exclude .hg -resolve-src-symlinks -rename /Users/rioallen/Documents/DropFly-OS-App-Builder/DropFly-PROJECTS/TradeFly-iOS/build/Build/Intermediates.noindex/Supabase.build/Debug-iphonesimulator/Auth.build/Objects-normal/arm64/Auth.abi.json /Users/rioallen/Documents/DropFly-OS-App-Builder/DropFly-PROJECTS/TradeFly-iOS/build/Build/Products/Debug-iphonesimulator/Auth.swiftmodule/arm64-apple-ios-simulator.abi.json

Copy /Users/rioallen/Documents/DropFly-OS-App-Builder/DropFly-PROJECTS/TradeFly-iOS/build/Build/Products/Debug-iphonesimulator/Auth.swiftmodule/Project/arm64-apple-ios-simulator.swiftsourceinfo /Users/rioallen/Documents/DropFly-OS-App-Builder/DropFly-PROJECTS/TradeFly-iOS/build/Build/Intermediates.noindex/Supabase.build/Debug-iphonesimulator/Auth.build/Objects-normal/arm64/Auth.swiftsourceinfo (in target 'Auth' from project 'Supabase')
    cd /Users/rioallen/Documents/DropFly-OS-App-Builder/DropFly-PROJECTS/TradeFly-iOS/build/SourcePackages/checkouts/supabase-swift
    builtin-copy -exclude .DS_Store -exclude CVS -exclude .svn -exclude .git -exclude .hg -resolve-src-symlinks -rename /Users/rioallen/Documents/DropFly-OS-App-Builder/DropFly-PROJECTS/TradeFly-iOS/build/Build/Intermediates.noindex/Supabase.build/Debug-iphonesimulator/Auth.build/Objects-normal/arm64/Auth.swiftsourceinfo /Users/rioallen/Documents/DropFly-OS-App-Builder/DropFly-PROJECTS/TradeFly-iOS/build/Build/Products/Debug-iphonesimulator/Auth.swiftmodule/Project/arm64-apple-ios-simulator.swiftsourceinfo

SwiftDriverJobDiscovery normal arm64 Compiling SessionStorage.swift, URLOpener.swift (in target 'Auth' from project 'Supabase')

ExtractAppIntentsMetadata (in target 'Storage' from project 'Supabase')
    cd /Users/rioallen/Documents/DropFly-OS-App-Builder/DropFly-PROJECTS/TradeFly-iOS/build/SourcePackages/checkouts/supabase-swift
    /Applications/Xcode.app/Contents/Developer/Toolchains/XcodeDefault.xctoolchain/usr/bin/appintentsmetadataprocessor --toolchain-dir /Applications/Xcode.app/Contents/Developer/Toolchains/XcodeDefault.xctoolchain --module-name Storage --sdk-root /Applications/Xcode.app/Contents/Developer/Platforms/iPhoneSimulator.platform/Developer/SDKs/iPhoneSimulator26.1.sdk --xcode-version 17B100 --platform-family iOS --deployment-target 13.0 --bundle-identifier supabase-swift.Storage --output /Users/rioallen/Documents/DropFly-OS-App-Builder/DropFly-PROJECTS/TradeFly-iOS/build/Build/Products/Debug-iphonesimulator/Storage.appintents --target-triple arm64-apple-ios13.0-simulator --binary-file /Users/rioallen/Documents/DropFly-OS-App-Builder/DropFly-PROJECTS/TradeFly-iOS/build/Build/Products/Debug-iphonesimulator/Storage.o --dependency-file /Users/rioallen/Documents/DropFly-OS-App-Builder/DropFly-PROJECTS/TradeFly-iOS/build/Build/Intermediates.noindex/Supabase.build/Debug-iphonesimulator/Storage.build/Objects-normal/arm64/Storage_dependency_info.dat --stringsdata-file /Users/rioallen/Documents/DropFly-OS-App-Builder/DropFly-PROJECTS/TradeFly-iOS/build/Build/Intermediates.noindex/Supabase.build/Debug-iphonesimulator/Storage.build/Objects-normal/arm64/ExtractedAppShortcutsMetadata.stringsdata --source-file-list /Users/rioallen/Documents/DropFly-OS-App-Builder/DropFly-PROJECTS/TradeFly-iOS/build/Build/Intermediates.noindex/Supabase.build/Debug-iphonesimulator/Storage.build/Objects-normal/arm64/Storage.SwiftFileList --metadata-file-list /Users/rioallen/Documents/DropFly-OS-App-Builder/DropFly-PROJECTS/TradeFly-iOS/build/Build/Intermediates.noindex/Supabase.build/Debug-iphonesimulator/Storage.build/Storage.DependencyMetadataFileList --static-metadata-file-list /Users/rioallen/Documents/DropFly-OS-App-Builder/DropFly-PROJECTS/TradeFly-iOS/build/Build/Intermediates.noindex/Supabase.build/Debug-iphonesimulator/Storage.build/Storage.DependencyStaticMetadataFileList --swift-const-vals-list /Users/rioallen/Documents/DropFly-OS-App-Builder/DropFly-PROJECTS/TradeFly-iOS/build/Build/Intermediates.noindex/Supabase.build/Debug-iphonesimulator/Storage.build/Objects-normal/arm64/Storage.SwiftConstValuesFileList --force --compile-time-extraction --deployment-aware-processing --validate-assistant-intents --no-app-shortcuts-localization
2025-11-26 19:16:10.858 appintentsmetadataprocessor[32903:5265370] Starting appintentsmetadataprocessor export
2025-11-26 19:16:11.011 appintentsmetadataprocessor[32903:5265370] Extracted no relevant App Intents symbols, skipping writing output

Ld /Users/rioallen/Documents/DropFly-OS-App-Builder/DropFly-PROJECTS/TradeFly-iOS/build/Build/Products/Debug-iphonesimulator/Functions.o normal (in target 'Functions' from project 'Supabase')
    cd /Users/rioallen/Documents/DropFly-OS-App-Builder/DropFly-PROJECTS/TradeFly-iOS/build/SourcePackages/checkouts/supabase-swift
    /Applications/Xcode.app/Contents/Developer/Toolchains/XcodeDefault.xctoolchain/usr/bin/clang -Xlinker -reproducible -target arm64-apple-ios13.0-simulator -r -isysroot /Applications/Xcode.app/Contents/Developer/Platforms/iPhoneSimulator.platform/Developer/SDKs/iPhoneSimulator26.1.sdk -O0 -w -L/Users/rioallen/Documents/DropFly-OS-App-Builder/DropFly-PROJECTS/TradeFly-iOS/build/Build/Intermediates.noindex/EagerLinkingTBDs/Debug-iphonesimulator -L/Users/rioallen/Documents/DropFly-OS-App-Builder/DropFly-PROJECTS/TradeFly-iOS/build/Build/Products/Debug-iphonesimulator -L/Applications/Xcode.app/Contents/Developer/Platforms/iPhoneSimulator.platform/Developer/usr/lib -F/Users/rioallen/Documents/DropFly-OS-App-Builder/DropFly-PROJECTS/TradeFly-iOS/build/Build/Intermediates.noindex/EagerLinkingTBDs/Debug-iphonesimulator -F/Users/rioallen/Documents/DropFly-OS-App-Builder/DropFly-PROJECTS/TradeFly-iOS/build/Build/Products/Debug-iphonesimulator/PackageFrameworks -F/Users/rioallen/Documents/DropFly-OS-App-Builder/DropFly-PROJECTS/TradeFly-iOS/build/Build/Products/Debug-iphonesimulator/PackageFrameworks -F/Users/rioallen/Documents/DropFly-OS-App-Builder/DropFly-PROJECTS/TradeFly-iOS/build/Build/Products/Debug-iphonesimulator/PackageFrameworks -F/Users/rioallen/Documents/DropFly-OS-App-Builder/DropFly-PROJECTS/TradeFly-iOS/build/Build/Products/Debug-iphonesimulator/PackageFrameworks -F/Users/rioallen/Documents/DropFly-OS-App-Builder/DropFly-PROJECTS/TradeFly-iOS/build/Build/Products/Debug-iphonesimulator/PackageFrameworks -F/Users/rioallen/Documents/DropFly-OS-App-Builder/DropFly-PROJECTS/TradeFly-iOS/build/Build/Products/Debug-iphonesimulator/PackageFrameworks -F/Users/rioallen/Documents/DropFly-OS-App-Builder/DropFly-PROJECTS/TradeFly-iOS/build/Build/Products/Debug-iphonesimulator/PackageFrameworks -F/Users/rioallen/Documents/DropFly-OS-App-Builder/DropFly-PROJECTS/TradeFly-iOS/build/Build/Products/Debug-iphonesimulator -iframework /Applications/Xcode.app/Contents/Developer/Platforms/iPhoneSimulator.platform/Developer/Library/Frameworks -iframework /Applications/Xcode.app/Contents/Developer/Platforms/iPhoneSimulator.platform/Developer/SDKs/iPhoneSimulator26.1.sdk/Developer/Library/Frameworks -filelist /Users/rioallen/Documents/DropFly-OS-App-Builder/DropFly-PROJECTS/TradeFly-iOS/build/Build/Intermediates.noindex/Supabase.build/Debug-iphonesimulator/Functions.build/Objects-normal/arm64/Functions.LinkFileList -nostdlib -Xlinker -object_path_lto -Xlinker /Users/rioallen/Documents/DropFly-OS-App-Builder/DropFly-PROJECTS/TradeFly-iOS/build/Build/Intermediates.noindex/Supabase.build/Debug-iphonesimulator/Functions.build/Objects-normal/arm64/Functions_lto.o -rdynamic -Xlinker -no_deduplicate -Xlinker -objc_abi_version -Xlinker 2 -Xlinker -dependency_info -Xlinker /Users/rioallen/Documents/DropFly-OS-App-Builder/DropFly-PROJECTS/TradeFly-iOS/build/Build/Intermediates.noindex/Supabase.build/Debug-iphonesimulator/Functions.build/Objects-normal/arm64/Functions_dependency_info.dat -fobjc-link-runtime -L/Applications/Xcode.app/Contents/Developer/Toolchains/XcodeDefault.xctoolchain/usr/lib/swift/iphonesimulator -L/usr/lib/swift -Xlinker -add_ast_path -Xlinker /Users/rioallen/Documents/DropFly-OS-App-Builder/DropFly-PROJECTS/TradeFly-iOS/build/Build/Intermediates.noindex/Supabase.build/Debug-iphonesimulator/Functions.build/Objects-normal/arm64/Functions.swiftmodule @/Users/rioallen/Documents/DropFly-OS-App-Builder/DropFly-PROJECTS/TradeFly-iOS/build/Build/Intermediates.noindex/Supabase.build/Debug-iphonesimulator/Functions.build/Objects-normal/arm64/Functions-linker-args.resp -o /Users/rioallen/Documents/DropFly-OS-App-Builder/DropFly-PROJECTS/TradeFly-iOS/build/Build/Products/Debug-iphonesimulator/Functions.o

ExtractAppIntentsMetadata (in target 'PostgREST' from project 'Supabase')
    cd /Users/rioallen/Documents/DropFly-OS-App-Builder/DropFly-PROJECTS/TradeFly-iOS/build/SourcePackages/checkouts/supabase-swift
    /Applications/Xcode.app/Contents/Developer/Toolchains/XcodeDefault.xctoolchain/usr/bin/appintentsmetadataprocessor --toolchain-dir /Applications/Xcode.app/Contents/Developer/Toolchains/XcodeDefault.xctoolchain --module-name PostgREST --sdk-root /Applications/Xcode.app/Contents/Developer/Platforms/iPhoneSimulator.platform/Developer/SDKs/iPhoneSimulator26.1.sdk --xcode-version 17B100 --platform-family iOS --deployment-target 13.0 --bundle-identifier supabase-swift.PostgREST --output /Users/rioallen/Documents/DropFly-OS-App-Builder/DropFly-PROJECTS/TradeFly-iOS/build/Build/Products/Debug-iphonesimulator/PostgREST.appintents --target-triple arm64-apple-ios13.0-simulator --binary-file /Users/rioallen/Documents/DropFly-OS-App-Builder/DropFly-PROJECTS/TradeFly-iOS/build/Build/Products/Debug-iphonesimulator/PostgREST.o --dependency-file /Users/rioallen/Documents/DropFly-OS-App-Builder/DropFly-PROJECTS/TradeFly-iOS/build/Build/Intermediates.noindex/Supabase.build/Debug-iphonesimulator/PostgREST.build/Objects-normal/arm64/PostgREST_dependency_info.dat --stringsdata-file /Users/rioallen/Documents/DropFly-OS-App-Builder/DropFly-PROJECTS/TradeFly-iOS/build/Build/Intermediates.noindex/Supabase.build/Debug-iphonesimulator/PostgREST.build/Objects-normal/arm64/ExtractedAppShortcutsMetadata.stringsdata --source-file-list /Users/rioallen/Documents/DropFly-OS-App-Builder/DropFly-PROJECTS/TradeFly-iOS/build/Build/Intermediates.noindex/Supabase.build/Debug-iphonesimulator/PostgREST.build/Objects-normal/arm64/PostgREST.SwiftFileList --metadata-file-list /Users/rioallen/Documents/DropFly-OS-App-Builder/DropFly-PROJECTS/TradeFly-iOS/build/Build/Intermediates.noindex/Supabase.build/Debug-iphonesimulator/PostgREST.build/PostgREST.DependencyMetadataFileList --static-metadata-file-list /Users/rioallen/Documents/DropFly-OS-App-Builder/DropFly-PROJECTS/TradeFly-iOS/build/Build/Intermediates.noindex/Supabase.build/Debug-iphonesimulator/PostgREST.build/PostgREST.DependencyStaticMetadataFileList --swift-const-vals-list /Users/rioallen/Documents/DropFly-OS-App-Builder/DropFly-PROJECTS/TradeFly-iOS/build/Build/Intermediates.noindex/Supabase.build/Debug-iphonesimulator/PostgREST.build/Objects-normal/arm64/PostgREST.SwiftConstValuesFileList --force --compile-time-extraction --deployment-aware-processing --validate-assistant-intents --no-app-shortcuts-localization
2025-11-26 19:16:10.860 appintentsmetadataprocessor[32905:5265372] Starting appintentsmetadataprocessor export
2025-11-26 19:16:11.022 appintentsmetadataprocessor[32905:5265372] Extracted no relevant App Intents symbols, skipping writing output

SwiftDriver Supabase normal arm64 com.apple.xcode.tools.swift.compiler (in target 'Supabase' from project 'Supabase')
    cd /Users/rioallen/Documents/DropFly-OS-App-Builder/DropFly-PROJECTS/TradeFly-iOS/TradeFly.xcodeproj
    builtin-SwiftDriver -- /Applications/Xcode.app/Contents/Developer/Toolchains/XcodeDefault.xctoolchain/usr/bin/swiftc -module-name Supabase -Onone -enforce-exclusivity\=checked @/Users/rioallen/Documents/DropFly-OS-App-Builder/DropFly-PROJECTS/TradeFly-iOS/build/Build/Intermediates.noindex/Supabase.build/Debug-iphonesimulator/Supabase.build/Objects-normal/arm64/Supabase.SwiftFileList -DSWIFT_PACKAGE -DDEBUG -DSWIFT_MODULE_RESOURCE_BUNDLE_UNAVAILABLE -DXcode -enable-upcoming-feature ExistentialAny -enable-experimental-feature StrictConcurrency -plugin-path /Applications/Xcode.app/Contents/Developer/Toolchains/XcodeDefault.xctoolchain/usr/lib/swift/host/plugins/testing -enable-experimental-feature DebugDescriptionMacro -sdk /Applications/Xcode.app/Contents/Developer/Platforms/iPhoneSimulator.platform/Developer/SDKs/iPhoneSimulator26.1.sdk -target arm64-apple-ios13.0-simulator -g -module-cache-path /Users/rioallen/Documents/DropFly-OS-App-Builder/DropFly-PROJECTS/TradeFly-iOS/build/ModuleCache.noindex -Xfrontend -serialize-debugging-options -enable-testing -suppress-warnings -index-store-path /Users/rioallen/Documents/DropFly-OS-App-Builder/DropFly-PROJECTS/TradeFly-iOS/build/Index.noindex/DataStore -Xcc -D_LIBCPP_HARDENING_MODE\=_LIBCPP_HARDENING_MODE_DEBUG -swift-version 5 -I /Users/rioallen/Documents/DropFly-OS-App-Builder/DropFly-PROJECTS/TradeFly-iOS/build/Build/Products/Debug-iphonesimulator -Isystem /Applications/Xcode.app/Contents/Developer/Platforms/iPhoneSimulator.platform/Developer/usr/lib -F /Users/rioallen/Documents/DropFly-OS-App-Builder/DropFly-PROJECTS/TradeFly-iOS/build/Build/Products/Debug-iphonesimulator/PackageFrameworks -F /Users/rioallen/Documents/DropFly-OS-App-Builder/DropFly-PROJECTS/TradeFly-iOS/build/Build/Products/Debug-iphonesimulator/PackageFrameworks -F /Users/rioallen/Documents/DropFly-OS-App-Builder/DropFly-PROJECTS/TradeFly-iOS/build/Build/Products/Debug-iphonesimulator/PackageFrameworks -F /Users/rioallen/Documents/DropFly-OS-App-Builder/DropFly-PROJECTS/TradeFly-iOS/build/Build/Products/Debug-iphonesimulator/PackageFrameworks -F /Users/rioallen/Documents/DropFly-OS-App-Builder/DropFly-PROJECTS/TradeFly-iOS/build/Build/Products/Debug-iphonesimulator/PackageFrameworks -F /Users/rioallen/Documents/DropFly-OS-App-Builder/DropFly-PROJECTS/TradeFly-iOS/build/Build/Products/Debug-iphonesimulator/PackageFrameworks -F /Users/rioallen/Documents/DropFly-OS-App-Builder/DropFly-PROJECTS/TradeFly-iOS/build/Build/Products/Debug-iphonesimulator/PackageFrameworks -F /Users/rioallen/Documents/DropFly-OS-App-Builder/DropFly-PROJECTS/TradeFly-iOS/build/Build/Products/Debug-iphonesimulator/PackageFrameworks -F /Users/rioallen/Documents/DropFly-OS-App-Builder/DropFly-PROJECTS/TradeFly-iOS/build/Build/Products/Debug-iphonesimulator/PackageFrameworks -F /Users/rioallen/Documents/DropFly-OS-App-Builder/DropFly-PROJECTS/TradeFly-iOS/build/Build/Products/Debug-iphonesimulator/PackageFrameworks -F /Users/rioallen/Documents/DropFly-OS-App-Builder/DropFly-PROJECTS/TradeFly-iOS/build/Build/Products/Debug-iphonesimulator/PackageFrameworks -F /Users/rioallen/Documents/DropFly-OS-App-Builder/DropFly-PROJECTS/TradeFly-iOS/build/Build/Products/Debug-iphonesimulator/PackageFrameworks -F /Users/rioallen/Documents/DropFly-OS-App-Builder/DropFly-PROJECTS/TradeFly-iOS/build/Build/Products/Debug-iphonesimulator/PackageFrameworks -F /Users/rioallen/Documents/DropFly-OS-App-Builder/DropFly-PROJECTS/TradeFly-iOS/build/Build/Products/Debug-iphonesimulator -F /Applications/Xcode.app/Contents/Developer/Platforms/iPhoneSimulator.platform/Developer/Library/Frameworks -F /Applications/Xcode.app/Contents/Developer/Platforms/iPhoneSimulator.platform/Developer/SDKs/iPhoneSimulator26.1.sdk/Developer/Library/Frameworks -c -j16 -enable-batch-mode -incremental -Xcc -ivfsstatcache -Xcc /Users/rioallen/Documents/DropFly-OS-App-Builder/DropFly-PROJECTS/TradeFly-iOS/build/SDKStatCaches.noindex/iphonesimulator26.1-23B77-90cf18a4295e390e64c810bc6bd7acbc.sdkstatcache -output-file-map /Users/rioallen/Documents/DropFly-OS-App-Builder/DropFly-PROJECTS/TradeFly-iOS/build/Build/Intermediates.noindex/Supabase.build/Debug-iphonesimulator/Supabase.build/Objects-normal/arm64/Supabase-OutputFileMap.json -use-frontend-parseable-output -save-temps -no-color-diagnostics -explicit-module-build -module-cache-path /Users/rioallen/Documents/DropFly-OS-App-Builder/DropFly-PROJECTS/TradeFly-iOS/build/Build/Intermediates.noindex/SwiftExplicitPrecompiledModules -clang-scanner-module-cache-path /Users/rioallen/Documents/DropFly-OS-App-Builder/DropFly-PROJECTS/TradeFly-iOS/build/ModuleCache.noindex -sdk-module-cache-path /Users/rioallen/Documents/DropFly-OS-App-Builder/DropFly-PROJECTS/TradeFly-iOS/build/ModuleCache.noindex -serialize-diagnostics -emit-dependencies -emit-module -emit-module-path /Users/rioallen/Documents/DropFly-OS-App-Builder/DropFly-PROJECTS/TradeFly-iOS/build/Build/Intermediates.noindex/Supabase.build/Debug-iphonesimulator/Supabase.build/Objects-normal/arm64/Supabase.swiftmodule -validate-clang-modules-once -clang-build-session-file /Users/rioallen/Documents/DropFly-OS-App-Builder/DropFly-PROJECTS/TradeFly-iOS/build/ModuleCache.noindex/Session.modulevalidation -package-name supabase_swift -Xcc -I/Users/rioallen/Documents/DropFly-OS-App-Builder/DropFly-PROJECTS/TradeFly-iOS/build/Build/Intermediates.noindex/Supabase.build/Debug-iphonesimulator/Supabase.build/swift-overrides.hmap -emit-const-values -Xfrontend -const-gather-protocols-file -Xfrontend /Users/rioallen/Documents/DropFly-OS-App-Builder/DropFly-PROJECTS/TradeFly-iOS/build/Build/Intermediates.noindex/Supabase.build/Debug-iphonesimulator/Supabase.build/Objects-normal/arm64/Supabase_const_extract_protocols.json -Xcc -I/Users/rioallen/Documents/DropFly-OS-App-Builder/DropFly-PROJECTS/TradeFly-iOS/build/Build/Products/Debug-iphonesimulator/include -Xcc -I/Users/rioallen/Documents/DropFly-OS-App-Builder/DropFly-PROJECTS/TradeFly-iOS/build/Build/Intermediates.noindex/Supabase.build/Debug-iphonesimulator/Supabase.build/DerivedSources-normal/arm64 -Xcc -I/Users/rioallen/Documents/DropFly-OS-App-Builder/DropFly-PROJECTS/TradeFly-iOS/build/Build/Intermediates.noindex/Supabase.build/Debug-iphonesimulator/Supabase.build/DerivedSources/arm64 -Xcc -I/Users/rioallen/Documents/DropFly-OS-App-Builder/DropFly-PROJECTS/TradeFly-iOS/build/Build/Intermediates.noindex/Supabase.build/Debug-iphonesimulator/Supabase.build/DerivedSources -Xcc -DSWIFT_PACKAGE -Xcc -DDEBUG\=1 -emit-objc-header -emit-objc-header-path /Users/rioallen/Documents/DropFly-OS-App-Builder/DropFly-PROJECTS/TradeFly-iOS/build/Build/Intermediates.noindex/Supabase.build/Debug-iphonesimulator/Supabase.build/Objects-normal/arm64/Supabase-Swift.h -working-directory /Users/rioallen/Documents/DropFly-OS-App-Builder/DropFly-PROJECTS/TradeFly-iOS/TradeFly.xcodeproj -experimental-emit-module-separately -disable-cmo

SwiftDriverJobDiscovery normal arm64 Compiling JWTAlgorithm.swift, Keychain.swift (in target 'Auth' from project 'Supabase')

ExtractAppIntentsMetadata (in target 'Functions' from project 'Supabase')
    cd /Users/rioallen/Documents/DropFly-OS-App-Builder/DropFly-PROJECTS/TradeFly-iOS/build/SourcePackages/checkouts/supabase-swift
    /Applications/Xcode.app/Contents/Developer/Toolchains/XcodeDefault.xctoolchain/usr/bin/appintentsmetadataprocessor --toolchain-dir /Applications/Xcode.app/Contents/Developer/Toolchains/XcodeDefault.xctoolchain --module-name Functions --sdk-root /Applications/Xcode.app/Contents/Developer/Platforms/iPhoneSimulator.platform/Developer/SDKs/iPhoneSimulator26.1.sdk --xcode-version 17B100 --platform-family iOS --deployment-target 13.0 --bundle-identifier supabase-swift.Functions --output /Users/rioallen/Documents/DropFly-OS-App-Builder/DropFly-PROJECTS/TradeFly-iOS/build/Build/Products/Debug-iphonesimulator/Functions.appintents --target-triple arm64-apple-ios13.0-simulator --binary-file /Users/rioallen/Documents/DropFly-OS-App-Builder/DropFly-PROJECTS/TradeFly-iOS/build/Build/Products/Debug-iphonesimulator/Functions.o --dependency-file /Users/rioallen/Documents/DropFly-OS-App-Builder/DropFly-PROJECTS/TradeFly-iOS/build/Build/Intermediates.noindex/Supabase.build/Debug-iphonesimulator/Functions.build/Objects-normal/arm64/Functions_dependency_info.dat --stringsdata-file /Users/rioallen/Documents/DropFly-OS-App-Builder/DropFly-PROJECTS/TradeFly-iOS/build/Build/Intermediates.noindex/Supabase.build/Debug-iphonesimulator/Functions.build/Objects-normal/arm64/ExtractedAppShortcutsMetadata.stringsdata --source-file-list /Users/rioallen/Documents/DropFly-OS-App-Builder/DropFly-PROJECTS/TradeFly-iOS/build/Build/Intermediates.noindex/Supabase.build/Debug-iphonesimulator/Functions.build/Objects-normal/arm64/Functions.SwiftFileList --metadata-file-list /Users/rioallen/Documents/DropFly-OS-App-Builder/DropFly-PROJECTS/TradeFly-iOS/build/Build/Intermediates.noindex/Supabase.build/Debug-iphonesimulator/Functions.build/Functions.DependencyMetadataFileList --static-metadata-file-list /Users/rioallen/Documents/DropFly-OS-App-Builder/DropFly-PROJECTS/TradeFly-iOS/build/Build/Intermediates.noindex/Supabase.build/Debug-iphonesimulator/Functions.build/Functions.DependencyStaticMetadataFileList --swift-const-vals-list /Users/rioallen/Documents/DropFly-OS-App-Builder/DropFly-PROJECTS/TradeFly-iOS/build/Build/Intermediates.noindex/Supabase.build/Debug-iphonesimulator/Functions.build/Objects-normal/arm64/Functions.SwiftConstValuesFileList --force --compile-time-extraction --deployment-aware-processing --validate-assistant-intents --no-app-shortcuts-localization
2025-11-26 19:16:10.896 appintentsmetadataprocessor[32907:5265395] Starting appintentsmetadataprocessor export
2025-11-26 19:16:11.092 appintentsmetadataprocessor[32907:5265395] Extracted no relevant App Intents symbols, skipping writing output

SwiftDriverJobDiscovery normal arm64 Compiling AuthStateChangeListener.swift, Defaults.swift (in target 'Auth' from project 'Supabase')

SwiftDriverJobDiscovery normal arm64 Compiling APIClient.swift, CodeVerifierStorage.swift (in target 'Auth' from project 'Supabase')

SwiftDriverJobDiscovery normal arm64 Compiling Deprecated.swift, Exports.swift (in target 'Auth' from project 'Supabase')

RegisterExecutionPolicyException /Users/rioallen/Documents/DropFly-OS-App-Builder/DropFly-PROJECTS/TradeFly-iOS/build/Build/Products/Debug-iphonesimulator/Storage.o (in target 'Storage' from project 'Supabase')
    cd /Users/rioallen/Documents/DropFly-OS-App-Builder/DropFly-PROJECTS/TradeFly-iOS/build/SourcePackages/checkouts/supabase-swift
    builtin-RegisterExecutionPolicyException /Users/rioallen/Documents/DropFly-OS-App-Builder/DropFly-PROJECTS/TradeFly-iOS/build/Build/Products/Debug-iphonesimulator/Storage.o

SwiftDriverJobDiscovery normal arm64 Compiling PKCE.swift, SessionManager.swift (in target 'Auth' from project 'Supabase')

SwiftDriverJobDiscovery normal arm64 Compiling Helpers.swift, JWK+RSA.swift (in target 'Auth' from project 'Supabase')

SwiftDriverJobDiscovery normal arm64 Compiling AuthAdmin.swift, AuthAdminOAuth.swift (in target 'Auth' from project 'Supabase')

RegisterExecutionPolicyException /Users/rioallen/Documents/DropFly-OS-App-Builder/DropFly-PROJECTS/TradeFly-iOS/build/Build/Products/Debug-iphonesimulator/PostgREST.o (in target 'PostgREST' from project 'Supabase')
    cd /Users/rioallen/Documents/DropFly-OS-App-Builder/DropFly-PROJECTS/TradeFly-iOS/build/SourcePackages/checkouts/supabase-swift
    builtin-RegisterExecutionPolicyException /Users/rioallen/Documents/DropFly-OS-App-Builder/DropFly-PROJECTS/TradeFly-iOS/build/Build/Products/Debug-iphonesimulator/PostgREST.o

SwiftDriverJobDiscovery normal arm64 Compiling AuthError.swift, AuthMFA.swift (in target 'Auth' from project 'Supabase')

RegisterExecutionPolicyException /Users/rioallen/Documents/DropFly-OS-App-Builder/DropFly-PROJECTS/TradeFly-iOS/build/Build/Products/Debug-iphonesimulator/Functions.o (in target 'Functions' from project 'Supabase')
    cd /Users/rioallen/Documents/DropFly-OS-App-Builder/DropFly-PROJECTS/TradeFly-iOS/build/SourcePackages/checkouts/supabase-swift
    builtin-RegisterExecutionPolicyException /Users/rioallen/Documents/DropFly-OS-App-Builder/DropFly-PROJECTS/TradeFly-iOS/build/Build/Products/Debug-iphonesimulator/Functions.o

SwiftDriverJobDiscovery normal arm64 Compiling RealtimeChannel.swift, RealtimeClient.swift (in target 'Realtime' from project 'Supabase')

SwiftCompile normal arm64 Compiling\ Constants.swift /Users/rioallen/Documents/DropFly-OS-App-Builder/DropFly-PROJECTS/TradeFly-iOS/build/SourcePackages/checkouts/supabase-swift/Sources/Supabase/Constants.swift (in target 'Supabase' from project 'Supabase')

SwiftCompile normal arm64 /Users/rioallen/Documents/DropFly-OS-App-Builder/DropFly-PROJECTS/TradeFly-iOS/build/SourcePackages/checkouts/supabase-swift/Sources/Supabase/Constants.swift (in target 'Supabase' from project 'Supabase')
    cd /Users/rioallen/Documents/DropFly-OS-App-Builder/DropFly-PROJECTS/TradeFly-iOS/TradeFly.xcodeproj
    

SwiftCompile normal arm64 Compiling\ SupabaseClient.swift /Users/rioallen/Documents/DropFly-OS-App-Builder/DropFly-PROJECTS/TradeFly-iOS/build/SourcePackages/checkouts/supabase-swift/Sources/Supabase/SupabaseClient.swift (in target 'Supabase' from project 'Supabase')

SwiftCompile normal arm64 /Users/rioallen/Documents/DropFly-OS-App-Builder/DropFly-PROJECTS/TradeFly-iOS/build/SourcePackages/checkouts/supabase-swift/Sources/Supabase/SupabaseClient.swift (in target 'Supabase' from project 'Supabase')
    cd /Users/rioallen/Documents/DropFly-OS-App-Builder/DropFly-PROJECTS/TradeFly-iOS/TradeFly.xcodeproj
    

SwiftCompile normal arm64 Compiling\ Deprecated.swift /Users/rioallen/Documents/DropFly-OS-App-Builder/DropFly-PROJECTS/TradeFly-iOS/build/SourcePackages/checkouts/supabase-swift/Sources/Supabase/Deprecated.swift (in target 'Supabase' from project 'Supabase')

SwiftCompile normal arm64 /Users/rioallen/Documents/DropFly-OS-App-Builder/DropFly-PROJECTS/TradeFly-iOS/build/SourcePackages/checkouts/supabase-swift/Sources/Supabase/Deprecated.swift (in target 'Supabase' from project 'Supabase')
    cd /Users/rioallen/Documents/DropFly-OS-App-Builder/DropFly-PROJECTS/TradeFly-iOS/TradeFly.xcodeproj
    

SwiftEmitModule normal arm64 Emitting\ module\ for\ Supabase (in target 'Supabase' from project 'Supabase')

EmitSwiftModule normal arm64 (in target 'Supabase' from project 'Supabase')
    cd /Users/rioallen/Documents/DropFly-OS-App-Builder/DropFly-PROJECTS/TradeFly-iOS/TradeFly.xcodeproj
    

SwiftCompile normal arm64 Compiling\ Types.swift /Users/rioallen/Documents/DropFly-OS-App-Builder/DropFly-PROJECTS/TradeFly-iOS/build/SourcePackages/checkouts/supabase-swift/Sources/Supabase/Types.swift (in target 'Supabase' from project 'Supabase')

SwiftCompile normal arm64 /Users/rioallen/Documents/DropFly-OS-App-Builder/DropFly-PROJECTS/TradeFly-iOS/build/SourcePackages/checkouts/supabase-swift/Sources/Supabase/Types.swift (in target 'Supabase' from project 'Supabase')
    cd /Users/rioallen/Documents/DropFly-OS-App-Builder/DropFly-PROJECTS/TradeFly-iOS/TradeFly.xcodeproj
    

SwiftCompile normal arm64 Compiling\ Exports.swift /Users/rioallen/Documents/DropFly-OS-App-Builder/DropFly-PROJECTS/TradeFly-iOS/build/SourcePackages/checkouts/supabase-swift/Sources/Supabase/Exports.swift (in target 'Supabase' from project 'Supabase')

SwiftCompile normal arm64 /Users/rioallen/Documents/DropFly-OS-App-Builder/DropFly-PROJECTS/TradeFly-iOS/build/SourcePackages/checkouts/supabase-swift/Sources/Supabase/Exports.swift (in target 'Supabase' from project 'Supabase')
    cd /Users/rioallen/Documents/DropFly-OS-App-Builder/DropFly-PROJECTS/TradeFly-iOS/TradeFly.xcodeproj
    

SwiftDriverJobDiscovery normal arm64 Compiling RealtimeChannelV2.swift, RealtimeClientV2.swift (in target 'Realtime' from project 'Supabase')

SwiftDriver\ Compilation Realtime normal arm64 com.apple.xcode.tools.swift.compiler (in target 'Realtime' from project 'Supabase')
    cd /Users/rioallen/Documents/DropFly-OS-App-Builder/DropFly-PROJECTS/TradeFly-iOS/TradeFly.xcodeproj
    builtin-Swift-Compilation -- /Applications/Xcode.app/Contents/Developer/Toolchains/XcodeDefault.xctoolchain/usr/bin/swiftc -module-name Realtime -Onone -enforce-exclusivity\=checked @/Users/rioallen/Documents/DropFly-OS-App-Builder/DropFly-PROJECTS/TradeFly-iOS/build/Build/Intermediates.noindex/Supabase.build/Debug-iphonesimulator/Realtime.build/Objects-normal/arm64/Realtime.SwiftFileList -DSWIFT_PACKAGE -DDEBUG -DSWIFT_MODULE_RESOURCE_BUNDLE_UNAVAILABLE -DXcode -enable-upcoming-feature ExistentialAny -enable-experimental-feature StrictConcurrency -plugin-path /Applications/Xcode.app/Contents/Developer/Toolchains/XcodeDefault.xctoolchain/usr/lib/swift/host/plugins/testing -enable-experimental-feature DebugDescriptionMacro -sdk /Applications/Xcode.app/Contents/Developer/Platforms/iPhoneSimulator.platform/Developer/SDKs/iPhoneSimulator26.1.sdk -target arm64-apple-ios13.0-simulator -g -module-cache-path /Users/rioallen/Documents/DropFly-OS-App-Builder/DropFly-PROJECTS/TradeFly-iOS/build/ModuleCache.noindex -Xfrontend -serialize-debugging-options -enable-testing -suppress-warnings -index-store-path /Users/rioallen/Documents/DropFly-OS-App-Builder/DropFly-PROJECTS/TradeFly-iOS/build/Index.noindex/DataStore -Xcc -D_LIBCPP_HARDENING_MODE\=_LIBCPP_HARDENING_MODE_DEBUG -swift-version 5 -I /Users/rioallen/Documents/DropFly-OS-App-Builder/DropFly-PROJECTS/TradeFly-iOS/build/Build/Products/Debug-iphonesimulator -Isystem /Applications/Xcode.app/Contents/Developer/Platforms/iPhoneSimulator.platform/Developer/usr/lib -F /Users/rioallen/Documents/DropFly-OS-App-Builder/DropFly-PROJECTS/TradeFly-iOS/build/Build/Products/Debug-iphonesimulator/PackageFrameworks -F /Users/rioallen/Documents/DropFly-OS-App-Builder/DropFly-PROJECTS/TradeFly-iOS/build/Build/Products/Debug-iphonesimulator/PackageFrameworks -F /Users/rioallen/Documents/DropFly-OS-App-Builder/DropFly-PROJECTS/TradeFly-iOS/build/Build/Products/Debug-iphonesimulator/PackageFrameworks -F /Users/rioallen/Documents/DropFly-OS-App-Builder/DropFly-PROJECTS/TradeFly-iOS/build/Build/Products/Debug-iphonesimulator/PackageFrameworks -F /Users/rioallen/Documents/DropFly-OS-App-Builder/DropFly-PROJECTS/TradeFly-iOS/build/Build/Products/Debug-iphonesimulator/PackageFrameworks -F /Users/rioallen/Documents/DropFly-OS-App-Builder/DropFly-PROJECTS/TradeFly-iOS/build/Build/Products/Debug-iphonesimulator/PackageFrameworks -F /Users/rioallen/Documents/DropFly-OS-App-Builder/DropFly-PROJECTS/TradeFly-iOS/build/Build/Products/Debug-iphonesimulator/PackageFrameworks -F /Users/rioallen/Documents/DropFly-OS-App-Builder/DropFly-PROJECTS/TradeFly-iOS/build/Build/Products/Debug-iphonesimulator -F /Applications/Xcode.app/Contents/Developer/Platforms/iPhoneSimulator.platform/Developer/Library/Frameworks -F /Applications/Xcode.app/Contents/Developer/Platforms/iPhoneSimulator.platform/Developer/SDKs/iPhoneSimulator26.1.sdk/Developer/Library/Frameworks -c -j16 -enable-batch-mode -incremental -Xcc -ivfsstatcache -Xcc /Users/rioallen/Documents/DropFly-OS-App-Builder/DropFly-PROJECTS/TradeFly-iOS/build/SDKStatCaches.noindex/iphonesimulator26.1-23B77-90cf18a4295e390e64c810bc6bd7acbc.sdkstatcache -output-file-map /Users/rioallen/Documents/DropFly-OS-App-Builder/DropFly-PROJECTS/TradeFly-iOS/build/Build/Intermediates.noindex/Supabase.build/Debug-iphonesimulator/Realtime.build/Objects-normal/arm64/Realtime-OutputFileMap.json -use-frontend-parseable-output -save-temps -no-color-diagnostics -explicit-module-build -module-cache-path /Users/rioallen/Documents/DropFly-OS-App-Builder/DropFly-PROJECTS/TradeFly-iOS/build/Build/Intermediates.noindex/SwiftExplicitPrecompiledModules -clang-scanner-module-cache-path /Users/rioallen/Documents/DropFly-OS-App-Builder/DropFly-PROJECTS/TradeFly-iOS/build/ModuleCache.noindex -sdk-module-cache-path /Users/rioallen/Documents/DropFly-OS-App-Builder/DropFly-PROJECTS/TradeFly-iOS/build/ModuleCache.noindex -serialize-diagnostics -emit-dependencies -emit-module -emit-module-path /Users/rioallen/Documents/DropFly-OS-App-Builder/DropFly-PROJECTS/TradeFly-iOS/build/Build/Intermediates.noindex/Supabase.build/Debug-iphonesimulator/Realtime.build/Objects-normal/arm64/Realtime.swiftmodule -validate-clang-modules-once -clang-build-session-file /Users/rioallen/Documents/DropFly-OS-App-Builder/DropFly-PROJECTS/TradeFly-iOS/build/ModuleCache.noindex/Session.modulevalidation -package-name supabase_swift -Xcc -I/Users/rioallen/Documents/DropFly-OS-App-Builder/DropFly-PROJECTS/TradeFly-iOS/build/Build/Intermediates.noindex/Supabase.build/Debug-iphonesimulator/Realtime.build/swift-overrides.hmap -emit-const-values -Xfrontend -const-gather-protocols-file -Xfrontend /Users/rioallen/Documents/DropFly-OS-App-Builder/DropFly-PROJECTS/TradeFly-iOS/build/Build/Intermediates.noindex/Supabase.build/Debug-iphonesimulator/Realtime.build/Objects-normal/arm64/Realtime_const_extract_protocols.json -Xcc -I/Users/rioallen/Documents/DropFly-OS-App-Builder/DropFly-PROJECTS/TradeFly-iOS/build/Build/Products/Debug-iphonesimulator/include -Xcc -I/Users/rioallen/Documents/DropFly-OS-App-Builder/DropFly-PROJECTS/TradeFly-iOS/build/Build/Intermediates.noindex/Supabase.build/Debug-iphonesimulator/Realtime.build/DerivedSources-normal/arm64 -Xcc -I/Users/rioallen/Documents/DropFly-OS-App-Builder/DropFly-PROJECTS/TradeFly-iOS/build/Build/Intermediates.noindex/Supabase.build/Debug-iphonesimulator/Realtime.build/DerivedSources/arm64 -Xcc -I/Users/rioallen/Documents/DropFly-OS-App-Builder/DropFly-PROJECTS/TradeFly-iOS/build/Build/Intermediates.noindex/Supabase.build/Debug-iphonesimulator/Realtime.build/DerivedSources -Xcc -DSWIFT_PACKAGE -Xcc -DDEBUG\=1 -emit-objc-header -emit-objc-header-path /Users/rioallen/Documents/DropFly-OS-App-Builder/DropFly-PROJECTS/TradeFly-iOS/build/Build/Intermediates.noindex/Supabase.build/Debug-iphonesimulator/Realtime.build/Objects-normal/arm64/Realtime-Swift.h -working-directory /Users/rioallen/Documents/DropFly-OS-App-Builder/DropFly-PROJECTS/TradeFly-iOS/TradeFly.xcodeproj -experimental-emit-module-separately -disable-cmo

Ld /Users/rioallen/Documents/DropFly-OS-App-Builder/DropFly-PROJECTS/TradeFly-iOS/build/Build/Products/Debug-iphonesimulator/Realtime.o normal (in target 'Realtime' from project 'Supabase')
    cd /Users/rioallen/Documents/DropFly-OS-App-Builder/DropFly-PROJECTS/TradeFly-iOS/build/SourcePackages/checkouts/supabase-swift
    /Applications/Xcode.app/Contents/Developer/Toolchains/XcodeDefault.xctoolchain/usr/bin/clang -Xlinker -reproducible -target arm64-apple-ios13.0-simulator -r -isysroot /Applications/Xcode.app/Contents/Developer/Platforms/iPhoneSimulator.platform/Developer/SDKs/iPhoneSimulator26.1.sdk -O0 -w -L/Users/rioallen/Documents/DropFly-OS-App-Builder/DropFly-PROJECTS/TradeFly-iOS/build/Build/Intermediates.noindex/EagerLinkingTBDs/Debug-iphonesimulator -L/Users/rioallen/Documents/DropFly-OS-App-Builder/DropFly-PROJECTS/TradeFly-iOS/build/Build/Products/Debug-iphonesimulator -L/Applications/Xcode.app/Contents/Developer/Platforms/iPhoneSimulator.platform/Developer/usr/lib -F/Users/rioallen/Documents/DropFly-OS-App-Builder/DropFly-PROJECTS/TradeFly-iOS/build/Build/Intermediates.noindex/EagerLinkingTBDs/Debug-iphonesimulator -F/Users/rioallen/Documents/DropFly-OS-App-Builder/DropFly-PROJECTS/TradeFly-iOS/build/Build/Products/Debug-iphonesimulator/PackageFrameworks -F/Users/rioallen/Documents/DropFly-OS-App-Builder/DropFly-PROJECTS/TradeFly-iOS/build/Build/Products/Debug-iphonesimulator/PackageFrameworks -F/Users/rioallen/Documents/DropFly-OS-App-Builder/DropFly-PROJECTS/TradeFly-iOS/build/Build/Products/Debug-iphonesimulator/PackageFrameworks -F/Users/rioallen/Documents/DropFly-OS-App-Builder/DropFly-PROJECTS/TradeFly-iOS/build/Build/Products/Debug-iphonesimulator/PackageFrameworks -F/Users/rioallen/Documents/DropFly-OS-App-Builder/DropFly-PROJECTS/TradeFly-iOS/build/Build/Products/Debug-iphonesimulator/PackageFrameworks -F/Users/rioallen/Documents/DropFly-OS-App-Builder/DropFly-PROJECTS/TradeFly-iOS/build/Build/Products/Debug-iphonesimulator/PackageFrameworks -F/Users/rioallen/Documents/DropFly-OS-App-Builder/DropFly-PROJECTS/TradeFly-iOS/build/Build/Products/Debug-iphonesimulator/PackageFrameworks -F/Users/rioallen/Documents/DropFly-OS-App-Builder/DropFly-PROJECTS/TradeFly-iOS/build/Build/Products/Debug-iphonesimulator -iframework /Applications/Xcode.app/Contents/Developer/Platforms/iPhoneSimulator.platform/Developer/Library/Frameworks -iframework /Applications/Xcode.app/Contents/Developer/Platforms/iPhoneSimulator.platform/Developer/SDKs/iPhoneSimulator26.1.sdk/Developer/Library/Frameworks -filelist /Users/rioallen/Documents/DropFly-OS-App-Builder/DropFly-PROJECTS/TradeFly-iOS/build/Build/Intermediates.noindex/Supabase.build/Debug-iphonesimulator/Realtime.build/Objects-normal/arm64/Realtime.LinkFileList -nostdlib -Xlinker -object_path_lto -Xlinker /Users/rioallen/Documents/DropFly-OS-App-Builder/DropFly-PROJECTS/TradeFly-iOS/build/Build/Intermediates.noindex/Supabase.build/Debug-iphonesimulator/Realtime.build/Objects-normal/arm64/Realtime_lto.o -rdynamic -Xlinker -no_deduplicate -Xlinker -objc_abi_version -Xlinker 2 -Xlinker -dependency_info -Xlinker /Users/rioallen/Documents/DropFly-OS-App-Builder/DropFly-PROJECTS/TradeFly-iOS/build/Build/Intermediates.noindex/Supabase.build/Debug-iphonesimulator/Realtime.build/Objects-normal/arm64/Realtime_dependency_info.dat -fobjc-link-runtime -L/Applications/Xcode.app/Contents/Developer/Toolchains/XcodeDefault.xctoolchain/usr/lib/swift/iphonesimulator -L/usr/lib/swift -Xlinker -add_ast_path -Xlinker /Users/rioallen/Documents/DropFly-OS-App-Builder/DropFly-PROJECTS/TradeFly-iOS/build/Build/Intermediates.noindex/Supabase.build/Debug-iphonesimulator/Realtime.build/Objects-normal/arm64/Realtime.swiftmodule @/Users/rioallen/Documents/DropFly-OS-App-Builder/DropFly-PROJECTS/TradeFly-iOS/build/Build/Intermediates.noindex/Supabase.build/Debug-iphonesimulator/Realtime.build/Objects-normal/arm64/Realtime-linker-args.resp -o /Users/rioallen/Documents/DropFly-OS-App-Builder/DropFly-PROJECTS/TradeFly-iOS/build/Build/Products/Debug-iphonesimulator/Realtime.o

ExtractAppIntentsMetadata (in target 'Realtime' from project 'Supabase')
    cd /Users/rioallen/Documents/DropFly-OS-App-Builder/DropFly-PROJECTS/TradeFly-iOS/build/SourcePackages/checkouts/supabase-swift
    /Applications/Xcode.app/Contents/Developer/Toolchains/XcodeDefault.xctoolchain/usr/bin/appintentsmetadataprocessor --toolchain-dir /Applications/Xcode.app/Contents/Developer/Toolchains/XcodeDefault.xctoolchain --module-name Realtime --sdk-root /Applications/Xcode.app/Contents/Developer/Platforms/iPhoneSimulator.platform/Developer/SDKs/iPhoneSimulator26.1.sdk --xcode-version 17B100 --platform-family iOS --deployment-target 13.0 --bundle-identifier supabase-swift.Realtime --output /Users/rioallen/Documents/DropFly-OS-App-Builder/DropFly-PROJECTS/TradeFly-iOS/build/Build/Products/Debug-iphonesimulator/Realtime.appintents --target-triple arm64-apple-ios13.0-simulator --binary-file /Users/rioallen/Documents/DropFly-OS-App-Builder/DropFly-PROJECTS/TradeFly-iOS/build/Build/Products/Debug-iphonesimulator/Realtime.o --dependency-file /Users/rioallen/Documents/DropFly-OS-App-Builder/DropFly-PROJECTS/TradeFly-iOS/build/Build/Intermediates.noindex/Supabase.build/Debug-iphonesimulator/Realtime.build/Objects-normal/arm64/Realtime_dependency_info.dat --stringsdata-file /Users/rioallen/Documents/DropFly-OS-App-Builder/DropFly-PROJECTS/TradeFly-iOS/build/Build/Intermediates.noindex/Supabase.build/Debug-iphonesimulator/Realtime.build/Objects-normal/arm64/ExtractedAppShortcutsMetadata.stringsdata --source-file-list /Users/rioallen/Documents/DropFly-OS-App-Builder/DropFly-PROJECTS/TradeFly-iOS/build/Build/Intermediates.noindex/Supabase.build/Debug-iphonesimulator/Realtime.build/Objects-normal/arm64/Realtime.SwiftFileList --metadata-file-list /Users/rioallen/Documents/DropFly-OS-App-Builder/DropFly-PROJECTS/TradeFly-iOS/build/Build/Intermediates.noindex/Supabase.build/Debug-iphonesimulator/Realtime.build/Realtime.DependencyMetadataFileList --static-metadata-file-list /Users/rioallen/Documents/DropFly-OS-App-Builder/DropFly-PROJECTS/TradeFly-iOS/build/Build/Intermediates.noindex/Supabase.build/Debug-iphonesimulator/Realtime.build/Realtime.DependencyStaticMetadataFileList --swift-const-vals-list /Users/rioallen/Documents/DropFly-OS-App-Builder/DropFly-PROJECTS/TradeFly-iOS/build/Build/Intermediates.noindex/Supabase.build/Debug-iphonesimulator/Realtime.build/Objects-normal/arm64/Realtime.SwiftConstValuesFileList --force --compile-time-extraction --deployment-aware-processing --validate-assistant-intents --no-app-shortcuts-localization
2025-11-26 19:16:11.381 appintentsmetadataprocessor[32942:5265603] Starting appintentsmetadataprocessor export
2025-11-26 19:16:11.489 appintentsmetadataprocessor[32942:5265603] Extracted no relevant App Intents symbols, skipping writing output

SwiftDriverJobDiscovery normal arm64 Compiling Exports.swift (in target 'Supabase' from project 'Supabase')

SwiftDriverJobDiscovery normal arm64 Compiling Deprecated.swift (in target 'Supabase' from project 'Supabase')

SwiftDriverJobDiscovery normal arm64 Compiling Constants.swift (in target 'Supabase' from project 'Supabase')

SwiftDriverJobDiscovery normal arm64 Emitting module for Supabase (in target 'Supabase' from project 'Supabase')

SwiftDriver\ Compilation\ Requirements Supabase normal arm64 com.apple.xcode.tools.swift.compiler (in target 'Supabase' from project 'Supabase')
    cd /Users/rioallen/Documents/DropFly-OS-App-Builder/DropFly-PROJECTS/TradeFly-iOS/TradeFly.xcodeproj
    builtin-Swift-Compilation-Requirements -- /Applications/Xcode.app/Contents/Developer/Toolchains/XcodeDefault.xctoolchain/usr/bin/swiftc -module-name Supabase -Onone -enforce-exclusivity\=checked @/Users/rioallen/Documents/DropFly-OS-App-Builder/DropFly-PROJECTS/TradeFly-iOS/build/Build/Intermediates.noindex/Supabase.build/Debug-iphonesimulator/Supabase.build/Objects-normal/arm64/Supabase.SwiftFileList -DSWIFT_PACKAGE -DDEBUG -DSWIFT_MODULE_RESOURCE_BUNDLE_UNAVAILABLE -DXcode -enable-upcoming-feature ExistentialAny -enable-experimental-feature StrictConcurrency -plugin-path /Applications/Xcode.app/Contents/Developer/Toolchains/XcodeDefault.xctoolchain/usr/lib/swift/host/plugins/testing -enable-experimental-feature DebugDescriptionMacro -sdk /Applications/Xcode.app/Contents/Developer/Platforms/iPhoneSimulator.platform/Developer/SDKs/iPhoneSimulator26.1.sdk -target arm64-apple-ios13.0-simulator -g -module-cache-path /Users/rioallen/Documents/DropFly-OS-App-Builder/DropFly-PROJECTS/TradeFly-iOS/build/ModuleCache.noindex -Xfrontend -serialize-debugging-options -enable-testing -suppress-warnings -index-store-path /Users/rioallen/Documents/DropFly-OS-App-Builder/DropFly-PROJECTS/TradeFly-iOS/build/Index.noindex/DataStore -Xcc -D_LIBCPP_HARDENING_MODE\=_LIBCPP_HARDENING_MODE_DEBUG -swift-version 5 -I /Users/rioallen/Documents/DropFly-OS-App-Builder/DropFly-PROJECTS/TradeFly-iOS/build/Build/Products/Debug-iphonesimulator -Isystem /Applications/Xcode.app/Contents/Developer/Platforms/iPhoneSimulator.platform/Developer/usr/lib -F /Users/rioallen/Documents/DropFly-OS-App-Builder/DropFly-PROJECTS/TradeFly-iOS/build/Build/Products/Debug-iphonesimulator/PackageFrameworks -F /Users/rioallen/Documents/DropFly-OS-App-Builder/DropFly-PROJECTS/TradeFly-iOS/build/Build/Products/Debug-iphonesimulator/PackageFrameworks -F /Users/rioallen/Documents/DropFly-OS-App-Builder/DropFly-PROJECTS/TradeFly-iOS/build/Build/Products/Debug-iphonesimulator/PackageFrameworks -F /Users/rioallen/Documents/DropFly-OS-App-Builder/DropFly-PROJECTS/TradeFly-iOS/build/Build/Products/Debug-iphonesimulator/PackageFrameworks -F /Users/rioallen/Documents/DropFly-OS-App-Builder/DropFly-PROJECTS/TradeFly-iOS/build/Build/Products/Debug-iphonesimulator/PackageFrameworks -F /Users/rioallen/Documents/DropFly-OS-App-Builder/DropFly-PROJECTS/TradeFly-iOS/build/Build/Products/Debug-iphonesimulator/PackageFrameworks -F /Users/rioallen/Documents/DropFly-OS-App-Builder/DropFly-PROJECTS/TradeFly-iOS/build/Build/Products/Debug-iphonesimulator/PackageFrameworks -F /Users/rioallen/Documents/DropFly-OS-App-Builder/DropFly-PROJECTS/TradeFly-iOS/build/Build/Products/Debug-iphonesimulator/PackageFrameworks -F /Users/rioallen/Documents/DropFly-OS-App-Builder/DropFly-PROJECTS/TradeFly-iOS/build/Build/Products/Debug-iphonesimulator/PackageFrameworks -F /Users/rioallen/Documents/DropFly-OS-App-Builder/DropFly-PROJECTS/TradeFly-iOS/build/Build/Products/Debug-iphonesimulator/PackageFrameworks -F /Users/rioallen/Documents/DropFly-OS-App-Builder/DropFly-PROJECTS/TradeFly-iOS/build/Build/Products/Debug-iphonesimulator/PackageFrameworks -F /Users/rioallen/Documents/DropFly-OS-App-Builder/DropFly-PROJECTS/TradeFly-iOS/build/Build/Products/Debug-iphonesimulator/PackageFrameworks -F /Users/rioallen/Documents/DropFly-OS-App-Builder/DropFly-PROJECTS/TradeFly-iOS/build/Build/Products/Debug-iphonesimulator/PackageFrameworks -F /Users/rioallen/Documents/DropFly-OS-App-Builder/DropFly-PROJECTS/TradeFly-iOS/build/Build/Products/Debug-iphonesimulator -F /Applications/Xcode.app/Contents/Developer/Platforms/iPhoneSimulator.platform/Developer/Library/Frameworks -F /Applications/Xcode.app/Contents/Developer/Platforms/iPhoneSimulator.platform/Developer/SDKs/iPhoneSimulator26.1.sdk/Developer/Library/Frameworks -c -j16 -enable-batch-mode -incremental -Xcc -ivfsstatcache -Xcc /Users/rioallen/Documents/DropFly-OS-App-Builder/DropFly-PROJECTS/TradeFly-iOS/build/SDKStatCaches.noindex/iphonesimulator26.1-23B77-90cf18a4295e390e64c810bc6bd7acbc.sdkstatcache -output-file-map /Users/rioallen/Documents/DropFly-OS-App-Builder/DropFly-PROJECTS/TradeFly-iOS/build/Build/Intermediates.noindex/Supabase.build/Debug-iphonesimulator/Supabase.build/Objects-normal/arm64/Supabase-OutputFileMap.json -use-frontend-parseable-output -save-temps -no-color-diagnostics -explicit-module-build -module-cache-path /Users/rioallen/Documents/DropFly-OS-App-Builder/DropFly-PROJECTS/TradeFly-iOS/build/Build/Intermediates.noindex/SwiftExplicitPrecompiledModules -clang-scanner-module-cache-path /Users/rioallen/Documents/DropFly-OS-App-Builder/DropFly-PROJECTS/TradeFly-iOS/build/ModuleCache.noindex -sdk-module-cache-path /Users/rioallen/Documents/DropFly-OS-App-Builder/DropFly-PROJECTS/TradeFly-iOS/build/ModuleCache.noindex -serialize-diagnostics -emit-dependencies -emit-module -emit-module-path /Users/rioallen/Documents/DropFly-OS-App-Builder/DropFly-PROJECTS/TradeFly-iOS/build/Build/Intermediates.noindex/Supabase.build/Debug-iphonesimulator/Supabase.build/Objects-normal/arm64/Supabase.swiftmodule -validate-clang-modules-once -clang-build-session-file /Users/rioallen/Documents/DropFly-OS-App-Builder/DropFly-PROJECTS/TradeFly-iOS/build/ModuleCache.noindex/Session.modulevalidation -package-name supabase_swift -Xcc -I/Users/rioallen/Documents/DropFly-OS-App-Builder/DropFly-PROJECTS/TradeFly-iOS/build/Build/Intermediates.noindex/Supabase.build/Debug-iphonesimulator/Supabase.build/swift-overrides.hmap -emit-const-values -Xfrontend -const-gather-protocols-file -Xfrontend /Users/rioallen/Documents/DropFly-OS-App-Builder/DropFly-PROJECTS/TradeFly-iOS/build/Build/Intermediates.noindex/Supabase.build/Debug-iphonesimulator/Supabase.build/Objects-normal/arm64/Supabase_const_extract_protocols.json -Xcc -I/Users/rioallen/Documents/DropFly-OS-App-Builder/DropFly-PROJECTS/TradeFly-iOS/build/Build/Products/Debug-iphonesimulator/include -Xcc -I/Users/rioallen/Documents/DropFly-OS-App-Builder/DropFly-PROJECTS/TradeFly-iOS/build/Build/Intermediates.noindex/Supabase.build/Debug-iphonesimulator/Supabase.build/DerivedSources-normal/arm64 -Xcc -I/Users/rioallen/Documents/DropFly-OS-App-Builder/DropFly-PROJECTS/TradeFly-iOS/build/Build/Intermediates.noindex/Supabase.build/Debug-iphonesimulator/Supabase.build/DerivedSources/arm64 -Xcc -I/Users/rioallen/Documents/DropFly-OS-App-Builder/DropFly-PROJECTS/TradeFly-iOS/build/Build/Intermediates.noindex/Supabase.build/Debug-iphonesimulator/Supabase.build/DerivedSources -Xcc -DSWIFT_PACKAGE -Xcc -DDEBUG\=1 -emit-objc-header -emit-objc-header-path /Users/rioallen/Documents/DropFly-OS-App-Builder/DropFly-PROJECTS/TradeFly-iOS/build/Build/Intermediates.noindex/Supabase.build/Debug-iphonesimulator/Supabase.build/Objects-normal/arm64/Supabase-Swift.h -working-directory /Users/rioallen/Documents/DropFly-OS-App-Builder/DropFly-PROJECTS/TradeFly-iOS/TradeFly.xcodeproj -experimental-emit-module-separately -disable-cmo

SwiftMergeGeneratedHeaders /Users/rioallen/Documents/DropFly-OS-App-Builder/DropFly-PROJECTS/TradeFly-iOS/build/Build/Intermediates.noindex/GeneratedModuleMaps-iphonesimulator/Supabase-Swift.h /Users/rioallen/Documents/DropFly-OS-App-Builder/DropFly-PROJECTS/TradeFly-iOS/build/Build/Intermediates.noindex/Supabase.build/Debug-iphonesimulator/Supabase.build/Objects-normal/arm64/Supabase-Swift.h (in target 'Supabase' from project 'Supabase')
    cd /Users/rioallen/Documents/DropFly-OS-App-Builder/DropFly-PROJECTS/TradeFly-iOS/build/SourcePackages/checkouts/supabase-swift
    builtin-swiftHeaderTool -arch arm64 /Users/rioallen/Documents/DropFly-OS-App-Builder/DropFly-PROJECTS/TradeFly-iOS/build/Build/Intermediates.noindex/Supabase.build/Debug-iphonesimulator/Supabase.build/Objects-normal/arm64/Supabase-Swift.h -o /Users/rioallen/Documents/DropFly-OS-App-Builder/DropFly-PROJECTS/TradeFly-iOS/build/Build/Intermediates.noindex/GeneratedModuleMaps-iphonesimulator/Supabase-Swift.h

Copy /Users/rioallen/Documents/DropFly-OS-App-Builder/DropFly-PROJECTS/TradeFly-iOS/build/Build/Products/Debug-iphonesimulator/Supabase.swiftmodule/arm64-apple-ios-simulator.swiftdoc /Users/rioallen/Documents/DropFly-OS-App-Builder/DropFly-PROJECTS/TradeFly-iOS/build/Build/Intermediates.noindex/Supabase.build/Debug-iphonesimulator/Supabase.build/Objects-normal/arm64/Supabase.swiftdoc (in target 'Supabase' from project 'Supabase')
    cd /Users/rioallen/Documents/DropFly-OS-App-Builder/DropFly-PROJECTS/TradeFly-iOS/build/SourcePackages/checkouts/supabase-swift
    builtin-copy -exclude .DS_Store -exclude CVS -exclude .svn -exclude .git -exclude .hg -resolve-src-symlinks -rename /Users/rioallen/Documents/DropFly-OS-App-Builder/DropFly-PROJECTS/TradeFly-iOS/build/Build/Intermediates.noindex/Supabase.build/Debug-iphonesimulator/Supabase.build/Objects-normal/arm64/Supabase.swiftdoc /Users/rioallen/Documents/DropFly-OS-App-Builder/DropFly-PROJECTS/TradeFly-iOS/build/Build/Products/Debug-iphonesimulator/Supabase.swiftmodule/arm64-apple-ios-simulator.swiftdoc

Copy /Users/rioallen/Documents/DropFly-OS-App-Builder/DropFly-PROJECTS/TradeFly-iOS/build/Build/Products/Debug-iphonesimulator/Supabase.swiftmodule/arm64-apple-ios-simulator.swiftmodule /Users/rioallen/Documents/DropFly-OS-App-Builder/DropFly-PROJECTS/TradeFly-iOS/build/Build/Intermediates.noindex/Supabase.build/Debug-iphonesimulator/Supabase.build/Objects-normal/arm64/Supabase.swiftmodule (in target 'Supabase' from project 'Supabase')
    cd /Users/rioallen/Documents/DropFly-OS-App-Builder/DropFly-PROJECTS/TradeFly-iOS/build/SourcePackages/checkouts/supabase-swift
    builtin-copy -exclude .DS_Store -exclude CVS -exclude .svn -exclude .git -exclude .hg -resolve-src-symlinks -rename /Users/rioallen/Documents/DropFly-OS-App-Builder/DropFly-PROJECTS/TradeFly-iOS/build/Build/Intermediates.noindex/Supabase.build/Debug-iphonesimulator/Supabase.build/Objects-normal/arm64/Supabase.swiftmodule /Users/rioallen/Documents/DropFly-OS-App-Builder/DropFly-PROJECTS/TradeFly-iOS/build/Build/Products/Debug-iphonesimulator/Supabase.swiftmodule/arm64-apple-ios-simulator.swiftmodule

Copy /Users/rioallen/Documents/DropFly-OS-App-Builder/DropFly-PROJECTS/TradeFly-iOS/build/Build/Products/Debug-iphonesimulator/Supabase.swiftmodule/arm64-apple-ios-simulator.abi.json /Users/rioallen/Documents/DropFly-OS-App-Builder/DropFly-PROJECTS/TradeFly-iOS/build/Build/Intermediates.noindex/Supabase.build/Debug-iphonesimulator/Supabase.build/Objects-normal/arm64/Supabase.abi.json (in target 'Supabase' from project 'Supabase')
    cd /Users/rioallen/Documents/DropFly-OS-App-Builder/DropFly-PROJECTS/TradeFly-iOS/build/SourcePackages/checkouts/supabase-swift
    builtin-copy -exclude .DS_Store -exclude CVS -exclude .svn -exclude .git -exclude .hg -resolve-src-symlinks -rename /Users/rioallen/Documents/DropFly-OS-App-Builder/DropFly-PROJECTS/TradeFly-iOS/build/Build/Intermediates.noindex/Supabase.build/Debug-iphonesimulator/Supabase.build/Objects-normal/arm64/Supabase.abi.json /Users/rioallen/Documents/DropFly-OS-App-Builder/DropFly-PROJECTS/TradeFly-iOS/build/Build/Products/Debug-iphonesimulator/Supabase.swiftmodule/arm64-apple-ios-simulator.abi.json

Copy /Users/rioallen/Documents/DropFly-OS-App-Builder/DropFly-PROJECTS/TradeFly-iOS/build/Build/Products/Debug-iphonesimulator/Supabase.swiftmodule/Project/arm64-apple-ios-simulator.swiftsourceinfo /Users/rioallen/Documents/DropFly-OS-App-Builder/DropFly-PROJECTS/TradeFly-iOS/build/Build/Intermediates.noindex/Supabase.build/Debug-iphonesimulator/Supabase.build/Objects-normal/arm64/Supabase.swiftsourceinfo (in target 'Supabase' from project 'Supabase')
    cd /Users/rioallen/Documents/DropFly-OS-App-Builder/DropFly-PROJECTS/TradeFly-iOS/build/SourcePackages/checkouts/supabase-swift
    builtin-copy -exclude .DS_Store -exclude CVS -exclude .svn -exclude .git -exclude .hg -resolve-src-symlinks -rename /Users/rioallen/Documents/DropFly-OS-App-Builder/DropFly-PROJECTS/TradeFly-iOS/build/Build/Intermediates.noindex/Supabase.build/Debug-iphonesimulator/Supabase.build/Objects-normal/arm64/Supabase.swiftsourceinfo /Users/rioallen/Documents/DropFly-OS-App-Builder/DropFly-PROJECTS/TradeFly-iOS/build/Build/Products/Debug-iphonesimulator/Supabase.swiftmodule/Project/arm64-apple-ios-simulator.swiftsourceinfo

SwiftDriver TradeFly normal arm64 com.apple.xcode.tools.swift.compiler (in target 'TradeFly' from project 'TradeFly')
    cd /Users/rioallen/Documents/DropFly-OS-App-Builder/DropFly-PROJECTS/TradeFly-iOS
    builtin-SwiftDriver -- /Applications/Xcode.app/Contents/Developer/Toolchains/XcodeDefault.xctoolchain/usr/bin/swiftc -module-name TradeFly -Onone -enforce-exclusivity\=checked @/Users/rioallen/Documents/DropFly-OS-App-Builder/DropFly-PROJECTS/TradeFly-iOS/build/Build/Intermediates.noindex/TradeFly.build/Debug-iphonesimulator/TradeFly.build/Objects-normal/arm64/TradeFly.SwiftFileList -DDEBUG -default-isolation\=MainActor -enable-bare-slash-regex -enable-upcoming-feature DisableOutwardActorInference -enable-upcoming-feature InferSendableFromCaptures -enable-upcoming-feature GlobalActorIsolatedTypesUsability -enable-upcoming-feature MemberImportVisibility -enable-upcoming-feature InferIsolatedConformances -enable-upcoming-feature NonisolatedNonsendingByDefault -enable-experimental-feature DebugDescriptionMacro -sdk /Applications/Xcode.app/Contents/Developer/Platforms/iPhoneSimulator.platform/Developer/SDKs/iPhoneSimulator26.1.sdk -target arm64-apple-ios26.1-simulator -g -module-cache-path /Users/rioallen/Documents/DropFly-OS-App-Builder/DropFly-PROJECTS/TradeFly-iOS/build/ModuleCache.noindex -Xfrontend -serialize-debugging-options -enable-testing -index-store-path /Users/rioallen/Documents/DropFly-OS-App-Builder/DropFly-PROJECTS/TradeFly-iOS/build/Index.noindex/DataStore -Xcc -D_LIBCPP_HARDENING_MODE\=_LIBCPP_HARDENING_MODE_DEBUG -swift-version 5 -I /Users/rioallen/Documents/DropFly-OS-App-Builder/DropFly-PROJECTS/TradeFly-iOS/build/Build/Products/Debug-iphonesimulator -F /Users/rioallen/Documents/DropFly-OS-App-Builder/DropFly-PROJECTS/TradeFly-iOS/build/Build/Products/Debug-iphonesimulator/PackageFrameworks -F /Users/rioallen/Documents/DropFly-OS-App-Builder/DropFly-PROJECTS/TradeFly-iOS/build/Build/Products/Debug-iphonesimulator/PackageFrameworks -F /Users/rioallen/Documents/DropFly-OS-App-Builder/DropFly-PROJECTS/TradeFly-iOS/build/Build/Products/Debug-iphonesimulator/PackageFrameworks -F /Users/rioallen/Documents/DropFly-OS-App-Builder/DropFly-PROJECTS/TradeFly-iOS/build/Build/Products/Debug-iphonesimulator/PackageFrameworks -F /Users/rioallen/Documents/DropFly-OS-App-Builder/DropFly-PROJECTS/TradeFly-iOS/build/Build/Products/Debug-iphonesimulator/PackageFrameworks -F /Users/rioallen/Documents/DropFly-OS-App-Builder/DropFly-PROJECTS/TradeFly-iOS/build/Build/Products/Debug-iphonesimulator/PackageFrameworks -F /Users/rioallen/Documents/DropFly-OS-App-Builder/DropFly-PROJECTS/TradeFly-iOS/build/Build/Products/Debug-iphonesimulator/PackageFrameworks -F /Users/rioallen/Documents/DropFly-OS-App-Builder/DropFly-PROJECTS/TradeFly-iOS/build/Build/Products/Debug-iphonesimulator/PackageFrameworks -F /Users/rioallen/Documents/DropFly-OS-App-Builder/DropFly-PROJECTS/TradeFly-iOS/build/Build/Products/Debug-iphonesimulator/PackageFrameworks -F /Users/rioallen/Documents/DropFly-OS-App-Builder/DropFly-PROJECTS/TradeFly-iOS/build/Build/Products/Debug-iphonesimulator/PackageFrameworks -F /Users/rioallen/Documents/DropFly-OS-App-Builder/DropFly-PROJECTS/TradeFly-iOS/build/Build/Products/Debug-iphonesimulator/PackageFrameworks -F /Users/rioallen/Documents/DropFly-OS-App-Builder/DropFly-PROJECTS/TradeFly-iOS/build/Build/Products/Debug-iphonesimulator/PackageFrameworks -F /Users/rioallen/Documents/DropFly-OS-App-Builder/DropFly-PROJECTS/TradeFly-iOS/build/Build/Products/Debug-iphonesimulator/PackageFrameworks -F /Users/rioallen/Documents/DropFly-OS-App-Builder/DropFly-PROJECTS/TradeFly-iOS/build/Build/Products/Debug-iphonesimulator/PackageFrameworks -F /Users/rioallen/Documents/DropFly-OS-App-Builder/DropFly-PROJECTS/TradeFly-iOS/build/Build/Products/Debug-iphonesimulator -emit-localized-strings -emit-localized-strings-path /Users/rioallen/Documents/DropFly-OS-App-Builder/DropFly-PROJECTS/TradeFly-iOS/build/Build/Intermediates.noindex/TradeFly.build/Debug-iphonesimulator/TradeFly.build/Objects-normal/arm64 -c -j16 -enable-batch-mode -incremental -Xcc -ivfsstatcache -Xcc /Users/rioallen/Documents/DropFly-OS-App-Builder/DropFly-PROJECTS/TradeFly-iOS/build/SDKStatCaches.noindex/iphonesimulator26.1-23B77-90cf18a4295e390e64c810bc6bd7acbc.sdkstatcache -output-file-map /Users/rioallen/Documents/DropFly-OS-App-Builder/DropFly-PROJECTS/TradeFly-iOS/build/Build/Intermediates.noindex/TradeFly.build/Debug-iphonesimulator/TradeFly.build/Objects-normal/arm64/TradeFly-OutputFileMap.json -use-frontend-parseable-output -save-temps -no-color-diagnostics -explicit-module-build -module-cache-path /Users/rioallen/Documents/DropFly-OS-App-Builder/DropFly-PROJECTS/TradeFly-iOS/build/Build/Intermediates.noindex/SwiftExplicitPrecompiledModules -clang-scanner-module-cache-path /Users/rioallen/Documents/DropFly-OS-App-Builder/DropFly-PROJECTS/TradeFly-iOS/build/ModuleCache.noindex -sdk-module-cache-path /Users/rioallen/Documents/DropFly-OS-App-Builder/DropFly-PROJECTS/TradeFly-iOS/build/ModuleCache.noindex -serialize-diagnostics -emit-dependencies -emit-module -emit-module-path /Users/rioallen/Documents/DropFly-OS-App-Builder/DropFly-PROJECTS/TradeFly-iOS/build/Build/Intermediates.noindex/TradeFly.build/Debug-iphonesimulator/TradeFly.build/Objects-normal/arm64/TradeFly.swiftmodule -validate-clang-modules-once -clang-build-session-file /Users/rioallen/Documents/DropFly-OS-App-Builder/DropFly-PROJECTS/TradeFly-iOS/build/ModuleCache.noindex/Session.modulevalidation -Xcc -I/Users/rioallen/Documents/DropFly-OS-App-Builder/DropFly-PROJECTS/TradeFly-iOS/build/Build/Intermediates.noindex/TradeFly.build/Debug-iphonesimulator/TradeFly.build/swift-overrides.hmap -emit-const-values -Xfrontend -const-gather-protocols-file -Xfrontend /Users/rioallen/Documents/DropFly-OS-App-Builder/DropFly-PROJECTS/TradeFly-iOS/build/Build/Intermediates.noindex/TradeFly.build/Debug-iphonesimulator/TradeFly.build/Objects-normal/arm64/TradeFly_const_extract_protocols.json -Xcc -iquote -Xcc /Users/rioallen/Documents/DropFly-OS-App-Builder/DropFly-PROJECTS/TradeFly-iOS/build/Build/Intermediates.noindex/TradeFly.build/Debug-iphonesimulator/TradeFly.build/TradeFly-generated-files.hmap -Xcc -I/Users/rioallen/Documents/DropFly-OS-App-Builder/DropFly-PROJECTS/TradeFly-iOS/build/Build/Intermediates.noindex/TradeFly.build/Debug-iphonesimulator/TradeFly.build/TradeFly-own-target-headers.hmap -Xcc -I/Users/rioallen/Documents/DropFly-OS-App-Builder/DropFly-PROJECTS/TradeFly-iOS/build/Build/Intermediates.noindex/TradeFly.build/Debug-iphonesimulator/TradeFly.build/TradeFly-all-non-framework-target-headers.hmap -Xcc -ivfsoverlay -Xcc /Users/rioallen/Documents/DropFly-OS-App-Builder/DropFly-PROJECTS/TradeFly-iOS/build/Build/Intermediates.noindex/TradeFly.build/Debug-iphonesimulator/TradeFly-3dcd57b2f90878239de327cebf0dd120-VFS-iphonesimulator/all-product-headers.yaml -Xcc -iquote -Xcc /Users/rioallen/Documents/DropFly-OS-App-Builder/DropFly-PROJECTS/TradeFly-iOS/build/Build/Intermediates.noindex/TradeFly.build/Debug-iphonesimulator/TradeFly.build/TradeFly-project-headers.hmap -Xcc -I/Users/rioallen/Documents/DropFly-OS-App-Builder/DropFly-PROJECTS/TradeFly-iOS/build/Build/Products/Debug-iphonesimulator/include -Xcc -I/Users/rioallen/Documents/DropFly-OS-App-Builder/DropFly-PROJECTS/TradeFly-iOS/build/Build/Intermediates.noindex/TradeFly.build/Debug-iphonesimulator/TradeFly.build/DerivedSources-normal/arm64 -Xcc -I/Users/rioallen/Documents/DropFly-OS-App-Builder/DropFly-PROJECTS/TradeFly-iOS/build/Build/Intermediates.noindex/TradeFly.build/Debug-iphonesimulator/TradeFly.build/DerivedSources/arm64 -Xcc -I/Users/rioallen/Documents/DropFly-OS-App-Builder/DropFly-PROJECTS/TradeFly-iOS/build/Build/Intermediates.noindex/TradeFly.build/Debug-iphonesimulator/TradeFly.build/DerivedSources -Xcc -DDEBUG\=1 -emit-objc-header -emit-objc-header-path /Users/rioallen/Documents/DropFly-OS-App-Builder/DropFly-PROJECTS/TradeFly-iOS/build/Build/Intermediates.noindex/TradeFly.build/Debug-iphonesimulator/TradeFly.build/Objects-normal/arm64/TradeFly-Swift.h -working-directory /Users/rioallen/Documents/DropFly-OS-App-Builder/DropFly-PROJECTS/TradeFly-iOS -experimental-emit-module-separately -disable-cmo

SwiftDriverJobDiscovery normal arm64 Compiling Types.swift (in target 'Supabase' from project 'Supabase')

RegisterExecutionPolicyException /Users/rioallen/Documents/DropFly-OS-App-Builder/DropFly-PROJECTS/TradeFly-iOS/build/Build/Products/Debug-iphonesimulator/Realtime.o (in target 'Realtime' from project 'Supabase')
    cd /Users/rioallen/Documents/DropFly-OS-App-Builder/DropFly-PROJECTS/TradeFly-iOS/build/SourcePackages/checkouts/supabase-swift
    builtin-RegisterExecutionPolicyException /Users/rioallen/Documents/DropFly-OS-App-Builder/DropFly-PROJECTS/TradeFly-iOS/build/Build/Products/Debug-iphonesimulator/Realtime.o

SwiftDriverJobDiscovery normal arm64 Compiling SupabaseClient.swift (in target 'Supabase' from project 'Supabase')

SwiftDriver\ Compilation Supabase normal arm64 com.apple.xcode.tools.swift.compiler (in target 'Supabase' from project 'Supabase')
    cd /Users/rioallen/Documents/DropFly-OS-App-Builder/DropFly-PROJECTS/TradeFly-iOS/TradeFly.xcodeproj
    builtin-Swift-Compilation -- /Applications/Xcode.app/Contents/Developer/Toolchains/XcodeDefault.xctoolchain/usr/bin/swiftc -module-name Supabase -Onone -enforce-exclusivity\=checked @/Users/rioallen/Documents/DropFly-OS-App-Builder/DropFly-PROJECTS/TradeFly-iOS/build/Build/Intermediates.noindex/Supabase.build/Debug-iphonesimulator/Supabase.build/Objects-normal/arm64/Supabase.SwiftFileList -DSWIFT_PACKAGE -DDEBUG -DSWIFT_MODULE_RESOURCE_BUNDLE_UNAVAILABLE -DXcode -enable-upcoming-feature ExistentialAny -enable-experimental-feature StrictConcurrency -plugin-path /Applications/Xcode.app/Contents/Developer/Toolchains/XcodeDefault.xctoolchain/usr/lib/swift/host/plugins/testing -enable-experimental-feature DebugDescriptionMacro -sdk /Applications/Xcode.app/Contents/Developer/Platforms/iPhoneSimulator.platform/Developer/SDKs/iPhoneSimulator26.1.sdk -target arm64-apple-ios13.0-simulator -g -module-cache-path /Users/rioallen/Documents/DropFly-OS-App-Builder/DropFly-PROJECTS/TradeFly-iOS/build/ModuleCache.noindex -Xfrontend -serialize-debugging-options -enable-testing -suppress-warnings -index-store-path /Users/rioallen/Documents/DropFly-OS-App-Builder/DropFly-PROJECTS/TradeFly-iOS/build/Index.noindex/DataStore -Xcc -D_LIBCPP_HARDENING_MODE\=_LIBCPP_HARDENING_MODE_DEBUG -swift-version 5 -I /Users/rioallen/Documents/DropFly-OS-App-Builder/DropFly-PROJECTS/TradeFly-iOS/build/Build/Products/Debug-iphonesimulator -Isystem /Applications/Xcode.app/Contents/Developer/Platforms/iPhoneSimulator.platform/Developer/usr/lib -F /Users/rioallen/Documents/DropFly-OS-App-Builder/DropFly-PROJECTS/TradeFly-iOS/build/Build/Products/Debug-iphonesimulator/PackageFrameworks -F /Users/rioallen/Documents/DropFly-OS-App-Builder/DropFly-PROJECTS/TradeFly-iOS/build/Build/Products/Debug-iphonesimulator/PackageFrameworks -F /Users/rioallen/Documents/DropFly-OS-App-Builder/DropFly-PROJECTS/TradeFly-iOS/build/Build/Products/Debug-iphonesimulator/PackageFrameworks -F /Users/rioallen/Documents/DropFly-OS-App-Builder/DropFly-PROJECTS/TradeFly-iOS/build/Build/Products/Debug-iphonesimulator/PackageFrameworks -F /Users/rioallen/Documents/DropFly-OS-App-Builder/DropFly-PROJECTS/TradeFly-iOS/build/Build/Products/Debug-iphonesimulator/PackageFrameworks -F /Users/rioallen/Documents/DropFly-OS-App-Builder/DropFly-PROJECTS/TradeFly-iOS/build/Build/Products/Debug-iphonesimulator/PackageFrameworks -F /Users/rioallen/Documents/DropFly-OS-App-Builder/DropFly-PROJECTS/TradeFly-iOS/build/Build/Products/Debug-iphonesimulator/PackageFrameworks -F /Users/rioallen/Documents/DropFly-OS-App-Builder/DropFly-PROJECTS/TradeFly-iOS/build/Build/Products/Debug-iphonesimulator/PackageFrameworks -F /Users/rioallen/Documents/DropFly-OS-App-Builder/DropFly-PROJECTS/TradeFly-iOS/build/Build/Products/Debug-iphonesimulator/PackageFrameworks -F /Users/rioallen/Documents/DropFly-OS-App-Builder/DropFly-PROJECTS/TradeFly-iOS/build/Build/Products/Debug-iphonesimulator/PackageFrameworks -F /Users/rioallen/Documents/DropFly-OS-App-Builder/DropFly-PROJECTS/TradeFly-iOS/build/Build/Products/Debug-iphonesimulator/PackageFrameworks -F /Users/rioallen/Documents/DropFly-OS-App-Builder/DropFly-PROJECTS/TradeFly-iOS/build/Build/Products/Debug-iphonesimulator/PackageFrameworks -F /Users/rioallen/Documents/DropFly-OS-App-Builder/DropFly-PROJECTS/TradeFly-iOS/build/Build/Products/Debug-iphonesimulator/PackageFrameworks -F /Users/rioallen/Documents/DropFly-OS-App-Builder/DropFly-PROJECTS/TradeFly-iOS/build/Build/Products/Debug-iphonesimulator -F /Applications/Xcode.app/Contents/Developer/Platforms/iPhoneSimulator.platform/Developer/Library/Frameworks -F /Applications/Xcode.app/Contents/Developer/Platforms/iPhoneSimulator.platform/Developer/SDKs/iPhoneSimulator26.1.sdk/Developer/Library/Frameworks -c -j16 -enable-batch-mode -incremental -Xcc -ivfsstatcache -Xcc /Users/rioallen/Documents/DropFly-OS-App-Builder/DropFly-PROJECTS/TradeFly-iOS/build/SDKStatCaches.noindex/iphonesimulator26.1-23B77-90cf18a4295e390e64c810bc6bd7acbc.sdkstatcache -output-file-map /Users/rioallen/Documents/DropFly-OS-App-Builder/DropFly-PROJECTS/TradeFly-iOS/build/Build/Intermediates.noindex/Supabase.build/Debug-iphonesimulator/Supabase.build/Objects-normal/arm64/Supabase-OutputFileMap.json -use-frontend-parseable-output -save-temps -no-color-diagnostics -explicit-module-build -module-cache-path /Users/rioallen/Documents/DropFly-OS-App-Builder/DropFly-PROJECTS/TradeFly-iOS/build/Build/Intermediates.noindex/SwiftExplicitPrecompiledModules -clang-scanner-module-cache-path /Users/rioallen/Documents/DropFly-OS-App-Builder/DropFly-PROJECTS/TradeFly-iOS/build/ModuleCache.noindex -sdk-module-cache-path /Users/rioallen/Documents/DropFly-OS-App-Builder/DropFly-PROJECTS/TradeFly-iOS/build/ModuleCache.noindex -serialize-diagnostics -emit-dependencies -emit-module -emit-module-path /Users/rioallen/Documents/DropFly-OS-App-Builder/DropFly-PROJECTS/TradeFly-iOS/build/Build/Intermediates.noindex/Supabase.build/Debug-iphonesimulator/Supabase.build/Objects-normal/arm64/Supabase.swiftmodule -validate-clang-modules-once -clang-build-session-file /Users/rioallen/Documents/DropFly-OS-App-Builder/DropFly-PROJECTS/TradeFly-iOS/build/ModuleCache.noindex/Session.modulevalidation -package-name supabase_swift -Xcc -I/Users/rioallen/Documents/DropFly-OS-App-Builder/DropFly-PROJECTS/TradeFly-iOS/build/Build/Intermediates.noindex/Supabase.build/Debug-iphonesimulator/Supabase.build/swift-overrides.hmap -emit-const-values -Xfrontend -const-gather-protocols-file -Xfrontend /Users/rioallen/Documents/DropFly-OS-App-Builder/DropFly-PROJECTS/TradeFly-iOS/build/Build/Intermediates.noindex/Supabase.build/Debug-iphonesimulator/Supabase.build/Objects-normal/arm64/Supabase_const_extract_protocols.json -Xcc -I/Users/rioallen/Documents/DropFly-OS-App-Builder/DropFly-PROJECTS/TradeFly-iOS/build/Build/Products/Debug-iphonesimulator/include -Xcc -I/Users/rioallen/Documents/DropFly-OS-App-Builder/DropFly-PROJECTS/TradeFly-iOS/build/Build/Intermediates.noindex/Supabase.build/Debug-iphonesimulator/Supabase.build/DerivedSources-normal/arm64 -Xcc -I/Users/rioallen/Documents/DropFly-OS-App-Builder/DropFly-PROJECTS/TradeFly-iOS/build/Build/Intermediates.noindex/Supabase.build/Debug-iphonesimulator/Supabase.build/DerivedSources/arm64 -Xcc -I/Users/rioallen/Documents/DropFly-OS-App-Builder/DropFly-PROJECTS/TradeFly-iOS/build/Build/Intermediates.noindex/Supabase.build/Debug-iphonesimulator/Supabase.build/DerivedSources -Xcc -DSWIFT_PACKAGE -Xcc -DDEBUG\=1 -emit-objc-header -emit-objc-header-path /Users/rioallen/Documents/DropFly-OS-App-Builder/DropFly-PROJECTS/TradeFly-iOS/build/Build/Intermediates.noindex/Supabase.build/Debug-iphonesimulator/Supabase.build/Objects-normal/arm64/Supabase-Swift.h -working-directory /Users/rioallen/Documents/DropFly-OS-App-Builder/DropFly-PROJECTS/TradeFly-iOS/TradeFly.xcodeproj -experimental-emit-module-separately -disable-cmo

SwiftExplicitDependencyGeneratePcm arm64 /Users/rioallen/Documents/DropFly-OS-App-Builder/DropFly-PROJECTS/TradeFly-iOS/build/ModuleCache.noindex/DeveloperToolsSupport-23L0L155RRLWDRIRZL1KDKNLR.pcm

SwiftExplicitDependencyGeneratePcm arm64 /Users/rioallen/Documents/DropFly-OS-App-Builder/DropFly-PROJECTS/TradeFly-iOS/build/ModuleCache.noindex/_Builtin_float-113JDC79V9KFPQT1VRF0ORBML.pcm

SwiftExplicitDependencyGeneratePcm arm64 /Users/rioallen/Documents/DropFly-OS-App-Builder/DropFly-PROJECTS/TradeFly-iOS/build/ModuleCache.noindex/ptrauth-3H73435XYM7F8UCF246Q0B194.pcm

SwiftExplicitDependencyGeneratePcm arm64 /Users/rioallen/Documents/DropFly-OS-App-Builder/DropFly-PROJECTS/TradeFly-iOS/build/ModuleCache.noindex/_SwiftConcurrencyShims-ATVR5DI4H53I53QXMYXBLGO1F.pcm

SwiftExplicitDependencyGeneratePcm arm64 /Users/rioallen/Documents/DropFly-OS-App-Builder/DropFly-PROJECTS/TradeFly-iOS/build/ModuleCache.noindex/_Builtin_stddef-5PZEXZI5AL88CUJFMKBBSJ7RO.pcm

SwiftExplicitDependencyGeneratePcm arm64 /Users/rioallen/Documents/DropFly-OS-App-Builder/DropFly-PROJECTS/TradeFly-iOS/build/ModuleCache.noindex/ptrcheck-BOQR14ZKEPEXJA7DXO4964SEQ.pcm

SwiftExplicitDependencyGeneratePcm arm64 /Users/rioallen/Documents/DropFly-OS-App-Builder/DropFly-PROJECTS/TradeFly-iOS/build/ModuleCache.noindex/_AvailabilityInternal-7CA4RJSM0GJ5T6KMH5A0Z2TF4.pcm

SwiftExplicitDependencyGeneratePcm arm64 /Users/rioallen/Documents/DropFly-OS-App-Builder/DropFly-PROJECTS/TradeFly-iOS/build/ModuleCache.noindex/SwiftShims-4HP5MU6GBORVZS7E9ZTTDZ1KI.pcm

SwiftExplicitDependencyGeneratePcm arm64 /Users/rioallen/Documents/DropFly-OS-App-Builder/DropFly-PROJECTS/TradeFly-iOS/build/ModuleCache.noindex/_Builtin_stdarg-2OV5RIRAWAGTJRGX89IVUB25E.pcm

SwiftExplicitDependencyGeneratePcm arm64 /Users/rioallen/Documents/DropFly-OS-App-Builder/DropFly-PROJECTS/TradeFly-iOS/build/ModuleCache.noindex/_Builtin_stdbool-C6YSI38GRQGLGNA4WJ5KJO91Y.pcm

SwiftDriverJobDiscovery normal arm64 Compiling AuthClient.swift, AuthClientConfiguration.swift (in target 'Auth' from project 'Supabase')

SwiftExplicitDependencyGeneratePcm arm64 /Users/rioallen/Documents/DropFly-OS-App-Builder/DropFly-PROJECTS/TradeFly-iOS/build/ModuleCache.noindex/_DarwinFoundation1-BH4WDVD6J02SZLV4S75U260VG.pcm

SwiftExplicitDependencyGeneratePcm arm64 /Users/rioallen/Documents/DropFly-OS-App-Builder/DropFly-PROJECTS/TradeFly-iOS/build/ModuleCache.noindex/_Builtin_limits-52W6WYPUU8X7XHBDCN3WVHRXU.pcm

SwiftExplicitDependencyGeneratePcm arm64 /Users/rioallen/Documents/DropFly-OS-App-Builder/DropFly-PROJECTS/TradeFly-iOS/build/ModuleCache.noindex/_DarwinFoundation2-EI9QJ5OTL90A0PPZ9AV2Z1HAY.pcm

SwiftExplicitDependencyGeneratePcm arm64 /Users/rioallen/Documents/DropFly-OS-App-Builder/DropFly-PROJECTS/TradeFly-iOS/build/ModuleCache.noindex/_Builtin_stdint-17PEAHKNLNS2O6QISN0MUAK97.pcm

SwiftExplicitDependencyGeneratePcm arm64 /Users/rioallen/Documents/DropFly-OS-App-Builder/DropFly-PROJECTS/TradeFly-iOS/build/ModuleCache.noindex/sys_types-9NKGHN6B82RF84Y4YMRBCKTID.pcm

SwiftExplicitDependencyGeneratePcm arm64 /Users/rioallen/Documents/DropFly-OS-App-Builder/DropFly-PROJECTS/TradeFly-iOS/build/ModuleCache.noindex/_Builtin_tgmath-CAWV3CJCMH8VR7NMJ9FNH0W46.pcm

SwiftExplicitDependencyGeneratePcm arm64 /Users/rioallen/Documents/DropFly-OS-App-Builder/DropFly-PROJECTS/TradeFly-iOS/build/ModuleCache.noindex/_DarwinFoundation3-99P0A10FP0DIU4W0OW4P9NFDL.pcm

SwiftExplicitDependencyGeneratePcm arm64 /Users/rioallen/Documents/DropFly-OS-App-Builder/DropFly-PROJECTS/TradeFly-iOS/build/ModuleCache.noindex/_Builtin_intrinsics-5Q2WHGEK37BG8GEJFYGFGAN3P.pcm

SwiftExplicitDependencyGeneratePcm arm64 /Users/rioallen/Documents/DropFly-OS-App-Builder/DropFly-PROJECTS/TradeFly-iOS/build/ModuleCache.noindex/_Builtin_stdatomic-46KOB8O1T6UPCEKP1RHKWYMD4.pcm

SwiftExplicitDependencyGeneratePcm arm64 /Users/rioallen/Documents/DropFly-OS-App-Builder/DropFly-PROJECTS/TradeFly-iOS/build/ModuleCache.noindex/_Builtin_inttypes-EBQPK1LBL5Q8Q8QLUAS1SFASC.pcm

SwiftExplicitDependencyGeneratePcm arm64 /Users/rioallen/Documents/DropFly-OS-App-Builder/DropFly-PROJECTS/TradeFly-iOS/build/ModuleCache.noindex/Darwin-BAPPOESJ7TH604QA77TSV6MXP.pcm

SwiftExplicitDependencyGeneratePcm arm64 /Users/rioallen/Documents/DropFly-OS-App-Builder/DropFly-PROJECTS/TradeFly-iOS/build/ModuleCache.noindex/simd-9NXTZ1JNRT4PVGN3V7DETWD8M.pcm

SwiftExplicitDependencyGeneratePcm arm64 /Users/rioallen/Documents/DropFly-OS-App-Builder/DropFly-PROJECTS/TradeFly-iOS/build/ModuleCache.noindex/MachO-6QW41OSY1HBQVOJDUF1NWORXT.pcm

SwiftExplicitDependencyGeneratePcm arm64 /Users/rioallen/Documents/DropFly-OS-App-Builder/DropFly-PROJECTS/TradeFly-iOS/build/ModuleCache.noindex/ObjectiveC-9ZPEX4UHWWXAJRBN8EEQ8EZLX.pcm

SwiftExplicitDependencyGeneratePcm arm64 /Users/rioallen/Documents/DropFly-OS-App-Builder/DropFly-PROJECTS/TradeFly-iOS/build/ModuleCache.noindex/os_object-7BBKKI4ZKLUDGI87UU9PJS4N5.pcm

SwiftExplicitDependencyGeneratePcm arm64 /Users/rioallen/Documents/DropFly-OS-App-Builder/DropFly-PROJECTS/TradeFly-iOS/build/ModuleCache.noindex/os_workgroup-30Q3EH3BF7ZQKO4VVZ7RFZ80V.pcm

SwiftExplicitDependencyGeneratePcm arm64 /Users/rioallen/Documents/DropFly-OS-App-Builder/DropFly-PROJECTS/TradeFly-iOS/build/ModuleCache.noindex/Spatial-114JX6N838ZUTZ5WO6TJA0ETH.pcm

SwiftExplicitDependencyGeneratePcm arm64 /Users/rioallen/Documents/DropFly-OS-App-Builder/DropFly-PROJECTS/TradeFly-iOS/build/ModuleCache.noindex/Dispatch-AF30O80VNXQ4XU23P7M3UIF4V.pcm

SwiftExplicitDependencyGeneratePcm arm64 /Users/rioallen/Documents/DropFly-OS-App-Builder/DropFly-PROJECTS/TradeFly-iOS/build/ModuleCache.noindex/XPC-D88BJXCU9SSNPJNWCYK282C2O.pcm

SwiftExplicitDependencyGeneratePcm arm64 /Users/rioallen/Documents/DropFly-OS-App-Builder/DropFly-PROJECTS/TradeFly-iOS/build/ModuleCache.noindex/CoreFoundation-7XDSMQ86TOP61X5ZJ6LJXKPBP.pcm

SwiftExplicitDependencyGeneratePcm arm64 /Users/rioallen/Documents/DropFly-OS-App-Builder/DropFly-PROJECTS/TradeFly-iOS/build/ModuleCache.noindex/os-8F4GYZGRSNF4N1ZC1S99DQBOH.pcm

SwiftExplicitDependencyGeneratePcm arm64 /Users/rioallen/Documents/DropFly-OS-App-Builder/DropFly-PROJECTS/TradeFly-iOS/build/ModuleCache.noindex/Security-28C9AHW3FD59AD0DA787EBLRH.pcm

SwiftExplicitDependencyGeneratePcm arm64 /Users/rioallen/Documents/DropFly-OS-App-Builder/DropFly-PROJECTS/TradeFly-iOS/build/ModuleCache.noindex/CFNetwork-B304Z965CO11HIFUIUMOZ5W5G.pcm

SwiftExplicitDependencyGeneratePcm arm64 /Users/rioallen/Documents/DropFly-OS-App-Builder/DropFly-PROJECTS/TradeFly-iOS/build/ModuleCache.noindex/CoreGraphics-439IJ2H0IPA8TILLR4DJ1JCAN.pcm

SwiftExplicitDependencyGeneratePcm arm64 /Users/rioallen/Documents/DropFly-OS-App-Builder/DropFly-PROJECTS/TradeFly-iOS/build/ModuleCache.noindex/CoreServices-6IIB4VUZBM39K8GNMH4X2BA73.pcm

SwiftExplicitDependencyGeneratePcm arm64 /Users/rioallen/Documents/DropFly-OS-App-Builder/DropFly-PROJECTS/TradeFly-iOS/build/ModuleCache.noindex/MobileCoreServices-EZCLXZWKU9CT355K6HOXEY0ZQ.pcm

SwiftExplicitDependencyGeneratePcm arm64 /Users/rioallen/Documents/DropFly-OS-App-Builder/DropFly-PROJECTS/TradeFly-iOS/build/ModuleCache.noindex/Foundation-11DTC3ZIOFZ7OWGHE0KT0ZTYE.pcm

SwiftDriverJobDiscovery normal arm64 Compiling Types.swift (in target 'Auth' from project 'Supabase')

SwiftDriver\ Compilation Auth normal arm64 com.apple.xcode.tools.swift.compiler (in target 'Auth' from project 'Supabase')
    cd /Users/rioallen/Documents/DropFly-OS-App-Builder/DropFly-PROJECTS/TradeFly-iOS/TradeFly.xcodeproj
    builtin-Swift-Compilation -- /Applications/Xcode.app/Contents/Developer/Toolchains/XcodeDefault.xctoolchain/usr/bin/swiftc -module-name Auth -Onone -enforce-exclusivity\=checked @/Users/rioallen/Documents/DropFly-OS-App-Builder/DropFly-PROJECTS/TradeFly-iOS/build/Build/Intermediates.noindex/Supabase.build/Debug-iphonesimulator/Auth.build/Objects-normal/arm64/Auth.SwiftFileList -DSWIFT_PACKAGE -DDEBUG -DSWIFT_MODULE_RESOURCE_BUNDLE_UNAVAILABLE -DXcode -enable-upcoming-feature ExistentialAny -enable-experimental-feature StrictConcurrency -plugin-path /Applications/Xcode.app/Contents/Developer/Toolchains/XcodeDefault.xctoolchain/usr/lib/swift/host/plugins/testing -enable-experimental-feature DebugDescriptionMacro -sdk /Applications/Xcode.app/Contents/Developer/Platforms/iPhoneSimulator.platform/Developer/SDKs/iPhoneSimulator26.1.sdk -target arm64-apple-ios13.0-simulator -g -module-cache-path /Users/rioallen/Documents/DropFly-OS-App-Builder/DropFly-PROJECTS/TradeFly-iOS/build/ModuleCache.noindex -Xfrontend -serialize-debugging-options -enable-testing -suppress-warnings -index-store-path /Users/rioallen/Documents/DropFly-OS-App-Builder/DropFly-PROJECTS/TradeFly-iOS/build/Index.noindex/DataStore -Xcc -D_LIBCPP_HARDENING_MODE\=_LIBCPP_HARDENING_MODE_DEBUG -swift-version 5 -I /Users/rioallen/Documents/DropFly-OS-App-Builder/DropFly-PROJECTS/TradeFly-iOS/build/Build/Products/Debug-iphonesimulator -Isystem /Applications/Xcode.app/Contents/Developer/Platforms/iPhoneSimulator.platform/Developer/usr/lib -F /Users/rioallen/Documents/DropFly-OS-App-Builder/DropFly-PROJECTS/TradeFly-iOS/build/Build/Products/Debug-iphonesimulator/PackageFrameworks -F /Users/rioallen/Documents/DropFly-OS-App-Builder/DropFly-PROJECTS/TradeFly-iOS/build/Build/Products/Debug-iphonesimulator/PackageFrameworks -F /Users/rioallen/Documents/DropFly-OS-App-Builder/DropFly-PROJECTS/TradeFly-iOS/build/Build/Products/Debug-iphonesimulator/PackageFrameworks -F /Users/rioallen/Documents/DropFly-OS-App-Builder/DropFly-PROJECTS/TradeFly-iOS/build/Build/Products/Debug-iphonesimulator/PackageFrameworks -F /Users/rioallen/Documents/DropFly-OS-App-Builder/DropFly-PROJECTS/TradeFly-iOS/build/Build/Products/Debug-iphonesimulator/PackageFrameworks -F /Users/rioallen/Documents/DropFly-OS-App-Builder/DropFly-PROJECTS/TradeFly-iOS/build/Build/Products/Debug-iphonesimulator/PackageFrameworks -F /Users/rioallen/Documents/DropFly-OS-App-Builder/DropFly-PROJECTS/TradeFly-iOS/build/Build/Products/Debug-iphonesimulator/PackageFrameworks -F /Users/rioallen/Documents/DropFly-OS-App-Builder/DropFly-PROJECTS/TradeFly-iOS/build/Build/Products/Debug-iphonesimulator/PackageFrameworks -F /Users/rioallen/Documents/DropFly-OS-App-Builder/DropFly-PROJECTS/TradeFly-iOS/build/Build/Products/Debug-iphonesimulator -F /Applications/Xcode.app/Contents/Developer/Platforms/iPhoneSimulator.platform/Developer/Library/Frameworks -F /Applications/Xcode.app/Contents/Developer/Platforms/iPhoneSimulator.platform/Developer/SDKs/iPhoneSimulator26.1.sdk/Developer/Library/Frameworks -c -j16 -enable-batch-mode -incremental -Xcc -ivfsstatcache -Xcc /Users/rioallen/Documents/DropFly-OS-App-Builder/DropFly-PROJECTS/TradeFly-iOS/build/SDKStatCaches.noindex/iphonesimulator26.1-23B77-90cf18a4295e390e64c810bc6bd7acbc.sdkstatcache -output-file-map /Users/rioallen/Documents/DropFly-OS-App-Builder/DropFly-PROJECTS/TradeFly-iOS/build/Build/Intermediates.noindex/Supabase.build/Debug-iphonesimulator/Auth.build/Objects-normal/arm64/Auth-OutputFileMap.json -use-frontend-parseable-output -save-temps -no-color-diagnostics -explicit-module-build -module-cache-path /Users/rioallen/Documents/DropFly-OS-App-Builder/DropFly-PROJECTS/TradeFly-iOS/build/Build/Intermediates.noindex/SwiftExplicitPrecompiledModules -clang-scanner-module-cache-path /Users/rioallen/Documents/DropFly-OS-App-Builder/DropFly-PROJECTS/TradeFly-iOS/build/ModuleCache.noindex -sdk-module-cache-path /Users/rioallen/Documents/DropFly-OS-App-Builder/DropFly-PROJECTS/TradeFly-iOS/build/ModuleCache.noindex -serialize-diagnostics -emit-dependencies -emit-module -emit-module-path /Users/rioallen/Documents/DropFly-OS-App-Builder/DropFly-PROJECTS/TradeFly-iOS/build/Build/Intermediates.noindex/Supabase.build/Debug-iphonesimulator/Auth.build/Objects-normal/arm64/Auth.swiftmodule -validate-clang-modules-once -clang-build-session-file /Users/rioallen/Documents/DropFly-OS-App-Builder/DropFly-PROJECTS/TradeFly-iOS/build/ModuleCache.noindex/Session.modulevalidation -package-name supabase_swift -Xcc -I/Users/rioallen/Documents/DropFly-OS-App-Builder/DropFly-PROJECTS/TradeFly-iOS/build/Build/Intermediates.noindex/Supabase.build/Debug-iphonesimulator/Auth.build/swift-overrides.hmap -emit-const-values -Xfrontend -const-gather-protocols-file -Xfrontend /Users/rioallen/Documents/DropFly-OS-App-Builder/DropFly-PROJECTS/TradeFly-iOS/build/Build/Intermediates.noindex/Supabase.build/Debug-iphonesimulator/Auth.build/Objects-normal/arm64/Auth_const_extract_protocols.json -Xcc -I/Users/rioallen/Documents/DropFly-OS-App-Builder/DropFly-PROJECTS/TradeFly-iOS/build/Build/Products/Debug-iphonesimulator/include -Xcc -I/Users/rioallen/Documents/DropFly-OS-App-Builder/DropFly-PROJECTS/TradeFly-iOS/build/Build/Intermediates.noindex/Supabase.build/Debug-iphonesimulator/Auth.build/DerivedSources-normal/arm64 -Xcc -I/Users/rioallen/Documents/DropFly-OS-App-Builder/DropFly-PROJECTS/TradeFly-iOS/build/Build/Intermediates.noindex/Supabase.build/Debug-iphonesimulator/Auth.build/DerivedSources/arm64 -Xcc -I/Users/rioallen/Documents/DropFly-OS-App-Builder/DropFly-PROJECTS/TradeFly-iOS/build/Build/Intermediates.noindex/Supabase.build/Debug-iphonesimulator/Auth.build/DerivedSources -Xcc -DSWIFT_PACKAGE -Xcc -DDEBUG\=1 -emit-objc-header -emit-objc-header-path /Users/rioallen/Documents/DropFly-OS-App-Builder/DropFly-PROJECTS/TradeFly-iOS/build/Build/Intermediates.noindex/Supabase.build/Debug-iphonesimulator/Auth.build/Objects-normal/arm64/Auth-Swift.h -working-directory /Users/rioallen/Documents/DropFly-OS-App-Builder/DropFly-PROJECTS/TradeFly-iOS/TradeFly.xcodeproj -experimental-emit-module-separately -disable-cmo

Ld /Users/rioallen/Documents/DropFly-OS-App-Builder/DropFly-PROJECTS/TradeFly-iOS/build/Build/Products/Debug-iphonesimulator/Auth.o normal (in target 'Auth' from project 'Supabase')
    cd /Users/rioallen/Documents/DropFly-OS-App-Builder/DropFly-PROJECTS/TradeFly-iOS/build/SourcePackages/checkouts/supabase-swift
    /Applications/Xcode.app/Contents/Developer/Toolchains/XcodeDefault.xctoolchain/usr/bin/clang -Xlinker -reproducible -target arm64-apple-ios13.0-simulator -r -isysroot /Applications/Xcode.app/Contents/Developer/Platforms/iPhoneSimulator.platform/Developer/SDKs/iPhoneSimulator26.1.sdk -O0 -w -L/Users/rioallen/Documents/DropFly-OS-App-Builder/DropFly-PROJECTS/TradeFly-iOS/build/Build/Intermediates.noindex/EagerLinkingTBDs/Debug-iphonesimulator -L/Users/rioallen/Documents/DropFly-OS-App-Builder/DropFly-PROJECTS/TradeFly-iOS/build/Build/Products/Debug-iphonesimulator -L/Applications/Xcode.app/Contents/Developer/Platforms/iPhoneSimulator.platform/Developer/usr/lib -F/Users/rioallen/Documents/DropFly-OS-App-Builder/DropFly-PROJECTS/TradeFly-iOS/build/Build/Intermediates.noindex/EagerLinkingTBDs/Debug-iphonesimulator -F/Users/rioallen/Documents/DropFly-OS-App-Builder/DropFly-PROJECTS/TradeFly-iOS/build/Build/Products/Debug-iphonesimulator/PackageFrameworks -F/Users/rioallen/Documents/DropFly-OS-App-Builder/DropFly-PROJECTS/TradeFly-iOS/build/Build/Products/Debug-iphonesimulator/PackageFrameworks -F/Users/rioallen/Documents/DropFly-OS-App-Builder/DropFly-PROJECTS/TradeFly-iOS/build/Build/Products/Debug-iphonesimulator/PackageFrameworks -F/Users/rioallen/Documents/DropFly-OS-App-Builder/DropFly-PROJECTS/TradeFly-iOS/build/Build/Products/Debug-iphonesimulator/PackageFrameworks -F/Users/rioallen/Documents/DropFly-OS-App-Builder/DropFly-PROJECTS/TradeFly-iOS/build/Build/Products/Debug-iphonesimulator/PackageFrameworks -F/Users/rioallen/Documents/DropFly-OS-App-Builder/DropFly-PROJECTS/TradeFly-iOS/build/Build/Products/Debug-iphonesimulator/PackageFrameworks -F/Users/rioallen/Documents/DropFly-OS-App-Builder/DropFly-PROJECTS/TradeFly-iOS/build/Build/Products/Debug-iphonesimulator/PackageFrameworks -F/Users/rioallen/Documents/DropFly-OS-App-Builder/DropFly-PROJECTS/TradeFly-iOS/build/Build/Products/Debug-iphonesimulator/PackageFrameworks -F/Users/rioallen/Documents/DropFly-OS-App-Builder/DropFly-PROJECTS/TradeFly-iOS/build/Build/Products/Debug-iphonesimulator -iframework /Applications/Xcode.app/Contents/Developer/Platforms/iPhoneSimulator.platform/Developer/Library/Frameworks -iframework /Applications/Xcode.app/Contents/Developer/Platforms/iPhoneSimulator.platform/Developer/SDKs/iPhoneSimulator26.1.sdk/Developer/Library/Frameworks -filelist /Users/rioallen/Documents/DropFly-OS-App-Builder/DropFly-PROJECTS/TradeFly-iOS/build/Build/Intermediates.noindex/Supabase.build/Debug-iphonesimulator/Auth.build/Objects-normal/arm64/Auth.LinkFileList -nostdlib -Xlinker -object_path_lto -Xlinker /Users/rioallen/Documents/DropFly-OS-App-Builder/DropFly-PROJECTS/TradeFly-iOS/build/Build/Intermediates.noindex/Supabase.build/Debug-iphonesimulator/Auth.build/Objects-normal/arm64/Auth_lto.o -rdynamic -Xlinker -no_deduplicate -Xlinker -objc_abi_version -Xlinker 2 -Xlinker -dependency_info -Xlinker /Users/rioallen/Documents/DropFly-OS-App-Builder/DropFly-PROJECTS/TradeFly-iOS/build/Build/Intermediates.noindex/Supabase.build/Debug-iphonesimulator/Auth.build/Objects-normal/arm64/Auth_dependency_info.dat -fobjc-link-runtime -L/Applications/Xcode.app/Contents/Developer/Toolchains/XcodeDefault.xctoolchain/usr/lib/swift/iphonesimulator -L/usr/lib/swift -Xlinker -add_ast_path -Xlinker /Users/rioallen/Documents/DropFly-OS-App-Builder/DropFly-PROJECTS/TradeFly-iOS/build/Build/Intermediates.noindex/Supabase.build/Debug-iphonesimulator/Auth.build/Objects-normal/arm64/Auth.swiftmodule @/Users/rioallen/Documents/DropFly-OS-App-Builder/DropFly-PROJECTS/TradeFly-iOS/build/Build/Intermediates.noindex/Supabase.build/Debug-iphonesimulator/Auth.build/Objects-normal/arm64/Auth-linker-args.resp -o /Users/rioallen/Documents/DropFly-OS-App-Builder/DropFly-PROJECTS/TradeFly-iOS/build/Build/Products/Debug-iphonesimulator/Auth.o

SwiftExplicitDependencyGeneratePcm arm64 /Users/rioallen/Documents/DropFly-OS-App-Builder/DropFly-PROJECTS/TradeFly-iOS/build/ModuleCache.noindex/CoreText-F45GX3SX9AL8AG97LI2HJSHOM.pcm

SwiftExplicitDependencyGeneratePcm arm64 /Users/rioallen/Documents/DropFly-OS-App-Builder/DropFly-PROJECTS/TradeFly-iOS/build/ModuleCache.noindex/ImageIO-DY1ZNW9E74J30TBYPPAA7CRCB.pcm

ExtractAppIntentsMetadata (in target 'Auth' from project 'Supabase')
    cd /Users/rioallen/Documents/DropFly-OS-App-Builder/DropFly-PROJECTS/TradeFly-iOS/build/SourcePackages/checkouts/supabase-swift
    /Applications/Xcode.app/Contents/Developer/Toolchains/XcodeDefault.xctoolchain/usr/bin/appintentsmetadataprocessor --toolchain-dir /Applications/Xcode.app/Contents/Developer/Toolchains/XcodeDefault.xctoolchain --module-name Auth --sdk-root /Applications/Xcode.app/Contents/Developer/Platforms/iPhoneSimulator.platform/Developer/SDKs/iPhoneSimulator26.1.sdk --xcode-version 17B100 --platform-family iOS --deployment-target 13.0 --bundle-identifier supabase-swift.Auth --output /Users/rioallen/Documents/DropFly-OS-App-Builder/DropFly-PROJECTS/TradeFly-iOS/build/Build/Products/Debug-iphonesimulator/Auth.appintents --target-triple arm64-apple-ios13.0-simulator --binary-file /Users/rioallen/Documents/DropFly-OS-App-Builder/DropFly-PROJECTS/TradeFly-iOS/build/Build/Products/Debug-iphonesimulator/Auth.o --dependency-file /Users/rioallen/Documents/DropFly-OS-App-Builder/DropFly-PROJECTS/TradeFly-iOS/build/Build/Intermediates.noindex/Supabase.build/Debug-iphonesimulator/Auth.build/Objects-normal/arm64/Auth_dependency_info.dat --stringsdata-file /Users/rioallen/Documents/DropFly-OS-App-Builder/DropFly-PROJECTS/TradeFly-iOS/build/Build/Intermediates.noindex/Supabase.build/Debug-iphonesimulator/Auth.build/Objects-normal/arm64/ExtractedAppShortcutsMetadata.stringsdata --source-file-list /Users/rioallen/Documents/DropFly-OS-App-Builder/DropFly-PROJECTS/TradeFly-iOS/build/Build/Intermediates.noindex/Supabase.build/Debug-iphonesimulator/Auth.build/Objects-normal/arm64/Auth.SwiftFileList --metadata-file-list /Users/rioallen/Documents/DropFly-OS-App-Builder/DropFly-PROJECTS/TradeFly-iOS/build/Build/Intermediates.noindex/Supabase.build/Debug-iphonesimulator/Auth.build/Auth.DependencyMetadataFileList --static-metadata-file-list /Users/rioallen/Documents/DropFly-OS-App-Builder/DropFly-PROJECTS/TradeFly-iOS/build/Build/Intermediates.noindex/Supabase.build/Debug-iphonesimulator/Auth.build/Auth.DependencyStaticMetadataFileList --swift-const-vals-list /Users/rioallen/Documents/DropFly-OS-App-Builder/DropFly-PROJECTS/TradeFly-iOS/build/Build/Intermediates.noindex/Supabase.build/Debug-iphonesimulator/Auth.build/Objects-normal/arm64/Auth.SwiftConstValuesFileList --force --compile-time-extraction --deployment-aware-processing --validate-assistant-intents --no-app-shortcuts-localization
2025-11-26 19:16:12.720 appintentsmetadataprocessor[33044:5266097] Starting appintentsmetadataprocessor export
2025-11-26 19:16:12.813 appintentsmetadataprocessor[33044:5266097] Extracted no relevant App Intents symbols, skipping writing output

RegisterExecutionPolicyException /Users/rioallen/Documents/DropFly-OS-App-Builder/DropFly-PROJECTS/TradeFly-iOS/build/Build/Products/Debug-iphonesimulator/Auth.o (in target 'Auth' from project 'Supabase')
    cd /Users/rioallen/Documents/DropFly-OS-App-Builder/DropFly-PROJECTS/TradeFly-iOS/build/SourcePackages/checkouts/supabase-swift
    builtin-RegisterExecutionPolicyException /Users/rioallen/Documents/DropFly-OS-App-Builder/DropFly-PROJECTS/TradeFly-iOS/build/Build/Products/Debug-iphonesimulator/Auth.o

Ld /Users/rioallen/Documents/DropFly-OS-App-Builder/DropFly-PROJECTS/TradeFly-iOS/build/Build/Products/Debug-iphonesimulator/Supabase.o normal (in target 'Supabase' from project 'Supabase')
    cd /Users/rioallen/Documents/DropFly-OS-App-Builder/DropFly-PROJECTS/TradeFly-iOS/build/SourcePackages/checkouts/supabase-swift
    /Applications/Xcode.app/Contents/Developer/Toolchains/XcodeDefault.xctoolchain/usr/bin/clang -Xlinker -reproducible -target arm64-apple-ios13.0-simulator -r -isysroot /Applications/Xcode.app/Contents/Developer/Platforms/iPhoneSimulator.platform/Developer/SDKs/iPhoneSimulator26.1.sdk -O0 -w -L/Users/rioallen/Documents/DropFly-OS-App-Builder/DropFly-PROJECTS/TradeFly-iOS/build/Build/Intermediates.noindex/EagerLinkingTBDs/Debug-iphonesimulator -L/Users/rioallen/Documents/DropFly-OS-App-Builder/DropFly-PROJECTS/TradeFly-iOS/build/Build/Products/Debug-iphonesimulator -L/Applications/Xcode.app/Contents/Developer/Platforms/iPhoneSimulator.platform/Developer/usr/lib -F/Users/rioallen/Documents/DropFly-OS-App-Builder/DropFly-PROJECTS/TradeFly-iOS/build/Build/Intermediates.noindex/EagerLinkingTBDs/Debug-iphonesimulator -F/Users/rioallen/Documents/DropFly-OS-App-Builder/DropFly-PROJECTS/TradeFly-iOS/build/Build/Products/Debug-iphonesimulator/PackageFrameworks -F/Users/rioallen/Documents/DropFly-OS-App-Builder/DropFly-PROJECTS/TradeFly-iOS/build/Build/Products/Debug-iphonesimulator/PackageFrameworks -F/Users/rioallen/Documents/DropFly-OS-App-Builder/DropFly-PROJECTS/TradeFly-iOS/build/Build/Products/Debug-iphonesimulator/PackageFrameworks -F/Users/rioallen/Documents/DropFly-OS-App-Builder/DropFly-PROJECTS/TradeFly-iOS/build/Build/Products/Debug-iphonesimulator/PackageFrameworks -F/Users/rioallen/Documents/DropFly-OS-App-Builder/DropFly-PROJECTS/TradeFly-iOS/build/Build/Products/Debug-iphonesimulator/PackageFrameworks -F/Users/rioallen/Documents/DropFly-OS-App-Builder/DropFly-PROJECTS/TradeFly-iOS/build/Build/Products/Debug-iphonesimulator/PackageFrameworks -F/Users/rioallen/Documents/DropFly-OS-App-Builder/DropFly-PROJECTS/TradeFly-iOS/build/Build/Products/Debug-iphonesimulator/PackageFrameworks -F/Users/rioallen/Documents/DropFly-OS-App-Builder/DropFly-PROJECTS/TradeFly-iOS/build/Build/Products/Debug-iphonesimulator/PackageFrameworks -F/Users/rioallen/Documents/DropFly-OS-App-Builder/DropFly-PROJECTS/TradeFly-iOS/build/Build/Products/Debug-iphonesimulator/PackageFrameworks -F/Users/rioallen/Documents/DropFly-OS-App-Builder/DropFly-PROJECTS/TradeFly-iOS/build/Build/Products/Debug-iphonesimulator/PackageFrameworks -F/Users/rioallen/Documents/DropFly-OS-App-Builder/DropFly-PROJECTS/TradeFly-iOS/build/Build/Products/Debug-iphonesimulator/PackageFrameworks -F/Users/rioallen/Documents/DropFly-OS-App-Builder/DropFly-PROJECTS/TradeFly-iOS/build/Build/Products/Debug-iphonesimulator/PackageFrameworks -F/Users/rioallen/Documents/DropFly-OS-App-Builder/DropFly-PROJECTS/TradeFly-iOS/build/Build/Products/Debug-iphonesimulator/PackageFrameworks -F/Users/rioallen/Documents/DropFly-OS-App-Builder/DropFly-PROJECTS/TradeFly-iOS/build/Build/Products/Debug-iphonesimulator -iframework /Applications/Xcode.app/Contents/Developer/Platforms/iPhoneSimulator.platform/Developer/Library/Frameworks -iframework /Applications/Xcode.app/Contents/Developer/Platforms/iPhoneSimulator.platform/Developer/SDKs/iPhoneSimulator26.1.sdk/Developer/Library/Frameworks -filelist /Users/rioallen/Documents/DropFly-OS-App-Builder/DropFly-PROJECTS/TradeFly-iOS/build/Build/Intermediates.noindex/Supabase.build/Debug-iphonesimulator/Supabase.build/Objects-normal/arm64/Supabase.LinkFileList -nostdlib -Xlinker -object_path_lto -Xlinker /Users/rioallen/Documents/DropFly-OS-App-Builder/DropFly-PROJECTS/TradeFly-iOS/build/Build/Intermediates.noindex/Supabase.build/Debug-iphonesimulator/Supabase.build/Objects-normal/arm64/Supabase_lto.o -rdynamic -Xlinker -no_deduplicate -Xlinker -objc_abi_version -Xlinker 2 -Xlinker -dependency_info -Xlinker /Users/rioallen/Documents/DropFly-OS-App-Builder/DropFly-PROJECTS/TradeFly-iOS/build/Build/Intermediates.noindex/Supabase.build/Debug-iphonesimulator/Supabase.build/Objects-normal/arm64/Supabase_dependency_info.dat -fobjc-link-runtime -L/Applications/Xcode.app/Contents/Developer/Toolchains/XcodeDefault.xctoolchain/usr/lib/swift/iphonesimulator -L/usr/lib/swift -Xlinker -add_ast_path -Xlinker /Users/rioallen/Documents/DropFly-OS-App-Builder/DropFly-PROJECTS/TradeFly-iOS/build/Build/Intermediates.noindex/Supabase.build/Debug-iphonesimulator/Supabase.build/Objects-normal/arm64/Supabase.swiftmodule @/Users/rioallen/Documents/DropFly-OS-App-Builder/DropFly-PROJECTS/TradeFly-iOS/build/Build/Intermediates.noindex/Supabase.build/Debug-iphonesimulator/Supabase.build/Objects-normal/arm64/Supabase-linker-args.resp -o /Users/rioallen/Documents/DropFly-OS-App-Builder/DropFly-PROJECTS/TradeFly-iOS/build/Build/Products/Debug-iphonesimulator/Supabase.o

ExtractAppIntentsMetadata (in target 'Supabase' from project 'Supabase')
    cd /Users/rioallen/Documents/DropFly-OS-App-Builder/DropFly-PROJECTS/TradeFly-iOS/build/SourcePackages/checkouts/supabase-swift
    /Applications/Xcode.app/Contents/Developer/Toolchains/XcodeDefault.xctoolchain/usr/bin/appintentsmetadataprocessor --toolchain-dir /Applications/Xcode.app/Contents/Developer/Toolchains/XcodeDefault.xctoolchain --module-name Supabase --sdk-root /Applications/Xcode.app/Contents/Developer/Platforms/iPhoneSimulator.platform/Developer/SDKs/iPhoneSimulator26.1.sdk --xcode-version 17B100 --platform-family iOS --deployment-target 13.0 --bundle-identifier supabase-swift.Supabase --output /Users/rioallen/Documents/DropFly-OS-App-Builder/DropFly-PROJECTS/TradeFly-iOS/build/Build/Products/Debug-iphonesimulator/Supabase.appintents --target-triple arm64-apple-ios13.0-simulator --binary-file /Users/rioallen/Documents/DropFly-OS-App-Builder/DropFly-PROJECTS/TradeFly-iOS/build/Build/Products/Debug-iphonesimulator/Supabase.o --dependency-file /Users/rioallen/Documents/DropFly-OS-App-Builder/DropFly-PROJECTS/TradeFly-iOS/build/Build/Intermediates.noindex/Supabase.build/Debug-iphonesimulator/Supabase.build/Objects-normal/arm64/Supabase_dependency_info.dat --stringsdata-file /Users/rioallen/Documents/DropFly-OS-App-Builder/DropFly-PROJECTS/TradeFly-iOS/build/Build/Intermediates.noindex/Supabase.build/Debug-iphonesimulator/Supabase.build/Objects-normal/arm64/ExtractedAppShortcutsMetadata.stringsdata --source-file-list /Users/rioallen/Documents/DropFly-OS-App-Builder/DropFly-PROJECTS/TradeFly-iOS/build/Build/Intermediates.noindex/Supabase.build/Debug-iphonesimulator/Supabase.build/Objects-normal/arm64/Supabase.SwiftFileList --metadata-file-list /Users/rioallen/Documents/DropFly-OS-App-Builder/DropFly-PROJECTS/TradeFly-iOS/build/Build/Intermediates.noindex/Supabase.build/Debug-iphonesimulator/Supabase.build/Supabase.DependencyMetadataFileList --static-metadata-file-list /Users/rioallen/Documents/DropFly-OS-App-Builder/DropFly-PROJECTS/TradeFly-iOS/build/Build/Intermediates.noindex/Supabase.build/Debug-iphonesimulator/Supabase.build/Supabase.DependencyStaticMetadataFileList --swift-const-vals-list /Users/rioallen/Documents/DropFly-OS-App-Builder/DropFly-PROJECTS/TradeFly-iOS/build/Build/Intermediates.noindex/Supabase.build/Debug-iphonesimulator/Supabase.build/Objects-normal/arm64/Supabase.SwiftConstValuesFileList --force --compile-time-extraction --deployment-aware-processing --validate-assistant-intents --no-app-shortcuts-localization
2025-11-26 19:16:12.861 appintentsmetadataprocessor[33052:5266152] Starting appintentsmetadataprocessor export
2025-11-26 19:16:12.995 appintentsmetadataprocessor[33052:5266152] Extracted no relevant App Intents symbols, skipping writing output

SwiftExplicitDependencyGeneratePcm arm64 /Users/rioallen/Documents/DropFly-OS-App-Builder/DropFly-PROJECTS/TradeFly-iOS/build/ModuleCache.noindex/OSLog-2AJH76OOX9SERER7YZHI9G4CW.pcm

SwiftExplicitDependencyGeneratePcm arm64 /Users/rioallen/Documents/DropFly-OS-App-Builder/DropFly-PROJECTS/TradeFly-iOS/build/ModuleCache.noindex/CoreTransferable-A0HDTQH5ZYKSB6OUUGM0NAPTL.pcm

SwiftExplicitDependencyGeneratePcm arm64 /Users/rioallen/Documents/DropFly-OS-App-Builder/DropFly-PROJECTS/TradeFly-iOS/build/ModuleCache.noindex/UIUtilities-921SCV4VNJYWOLFO9TY0S0OPS.pcm

SwiftExplicitDependencyGeneratePcm arm64 /Users/rioallen/Documents/DropFly-OS-App-Builder/DropFly-PROJECTS/TradeFly-iOS/build/ModuleCache.noindex/CoreData-BUH5WAMBVT0TWRFW9CUI9SZJ9.pcm

SwiftExplicitDependencyGeneratePcm arm64 /Users/rioallen/Documents/DropFly-OS-App-Builder/DropFly-PROJECTS/TradeFly-iOS/build/ModuleCache.noindex/UniformTypeIdentifiers-C9NG2OVH8R71TLAG2J0PTGTI1.pcm

SwiftExplicitDependencyGeneratePcm arm64 /Users/rioallen/Documents/DropFly-OS-App-Builder/DropFly-PROJECTS/TradeFly-iOS/build/ModuleCache.noindex/OpenGLES-594ZVASP3QW9NWFAONVXO7U1Z.pcm

SwiftExplicitDependencyGeneratePcm arm64 /Users/rioallen/Documents/DropFly-OS-App-Builder/DropFly-PROJECTS/TradeFly-iOS/build/ModuleCache.noindex/Symbols-BDKSGT4WYZ2CWNIBDSTM30QDJ.pcm

SwiftExplicitDependencyGeneratePcm arm64 /Users/rioallen/Documents/DropFly-OS-App-Builder/DropFly-PROJECTS/TradeFly-iOS/build/ModuleCache.noindex/FileProvider-B64PL5QHTRMJAQG8WYLRQ41IC.pcm

SwiftExplicitDependencyGeneratePcm arm64 /Users/rioallen/Documents/DropFly-OS-App-Builder/DropFly-PROJECTS/TradeFly-iOS/build/ModuleCache.noindex/Accessibility-7KHUYD7Z94D286XY5OEP3PQZ2.pcm

SwiftExplicitDependencyGeneratePcm arm64 /Users/rioallen/Documents/DropFly-OS-App-Builder/DropFly-PROJECTS/TradeFly-iOS/build/ModuleCache.noindex/UserNotifications-BMKJNDKA3W38DOLU0VBHLE3LR.pcm

SwiftExplicitDependencyGeneratePcm arm64 /Users/rioallen/Documents/DropFly-OS-App-Builder/DropFly-PROJECTS/TradeFly-iOS/build/ModuleCache.noindex/LocalAuthentication-E1G5MIU5ADI9NMWRYLOHMQG36.pcm

SwiftExplicitDependencyGeneratePcm arm64 /Users/rioallen/Documents/DropFly-OS-App-Builder/DropFly-PROJECTS/TradeFly-iOS/build/ModuleCache.noindex/DataDetection-4SBCQ1GHSDQTEYDC0SCJGCO8T.pcm

SwiftExplicitDependencyGeneratePcm arm64 /Users/rioallen/Documents/DropFly-OS-App-Builder/DropFly-PROJECTS/TradeFly-iOS/build/ModuleCache.noindex/IOSurface-ETK6RK4GK0FXMGDOIMOJIUS9U.pcm

SwiftExplicitDependencyGeneratePcm arm64 /Users/rioallen/Documents/DropFly-OS-App-Builder/DropFly-PROJECTS/TradeFly-iOS/build/ModuleCache.noindex/Metal-B6C1CTD1R9M52NLRIXFNL96HG.pcm

RegisterExecutionPolicyException /Users/rioallen/Documents/DropFly-OS-App-Builder/DropFly-PROJECTS/TradeFly-iOS/build/Build/Products/Debug-iphonesimulator/Supabase.o (in target 'Supabase' from project 'Supabase')
    cd /Users/rioallen/Documents/DropFly-OS-App-Builder/DropFly-PROJECTS/TradeFly-iOS/build/SourcePackages/checkouts/supabase-swift
    builtin-RegisterExecutionPolicyException /Users/rioallen/Documents/DropFly-OS-App-Builder/DropFly-PROJECTS/TradeFly-iOS/build/Build/Products/Debug-iphonesimulator/Supabase.o

Ld /Users/rioallen/Documents/DropFly-OS-App-Builder/DropFly-PROJECTS/TradeFly-iOS/build/Build/Products/Debug-iphonesimulator/TradeFly.app/__preview.dylib normal (in target 'TradeFly' from project 'TradeFly')
    cd /Users/rioallen/Documents/DropFly-OS-App-Builder/DropFly-PROJECTS/TradeFly-iOS
    /Applications/Xcode.app/Contents/Developer/Toolchains/XcodeDefault.xctoolchain/usr/bin/clang -Xlinker -reproducible -target arm64-apple-ios26.1-simulator -dynamiclib -isysroot /Applications/Xcode.app/Contents/Developer/Platforms/iPhoneSimulator.platform/Developer/SDKs/iPhoneSimulator26.1.sdk -O0 -L/Users/rioallen/Documents/DropFly-OS-App-Builder/DropFly-PROJECTS/TradeFly-iOS/build/Build/Products/Debug-iphonesimulator -F/Users/rioallen/Documents/DropFly-OS-App-Builder/DropFly-PROJECTS/TradeFly-iOS/build/Build/Products/Debug-iphonesimulator/PackageFrameworks -F/Users/rioallen/Documents/DropFly-OS-App-Builder/DropFly-PROJECTS/TradeFly-iOS/build/Build/Products/Debug-iphonesimulator/PackageFrameworks -F/Users/rioallen/Documents/DropFly-OS-App-Builder/DropFly-PROJECTS/TradeFly-iOS/build/Build/Products/Debug-iphonesimulator/PackageFrameworks -F/Users/rioallen/Documents/DropFly-OS-App-Builder/DropFly-PROJECTS/TradeFly-iOS/build/Build/Products/Debug-iphonesimulator/PackageFrameworks -F/Users/rioallen/Documents/DropFly-OS-App-Builder/DropFly-PROJECTS/TradeFly-iOS/build/Build/Products/Debug-iphonesimulator/PackageFrameworks -F/Users/rioallen/Documents/DropFly-OS-App-Builder/DropFly-PROJECTS/TradeFly-iOS/build/Build/Products/Debug-iphonesimulator/PackageFrameworks -F/Users/rioallen/Documents/DropFly-OS-App-Builder/DropFly-PROJECTS/TradeFly-iOS/build/Build/Products/Debug-iphonesimulator/PackageFrameworks -F/Users/rioallen/Documents/DropFly-OS-App-Builder/DropFly-PROJECTS/TradeFly-iOS/build/Build/Products/Debug-iphonesimulator/PackageFrameworks -F/Users/rioallen/Documents/DropFly-OS-App-Builder/DropFly-PROJECTS/TradeFly-iOS/build/Build/Products/Debug-iphonesimulator/PackageFrameworks -F/Users/rioallen/Documents/DropFly-OS-App-Builder/DropFly-PROJECTS/TradeFly-iOS/build/Build/Products/Debug-iphonesimulator/PackageFrameworks -F/Users/rioallen/Documents/DropFly-OS-App-Builder/DropFly-PROJECTS/TradeFly-iOS/build/Build/Products/Debug-iphonesimulator/PackageFrameworks -F/Users/rioallen/Documents/DropFly-OS-App-Builder/DropFly-PROJECTS/TradeFly-iOS/build/Build/Products/Debug-iphonesimulator/PackageFrameworks -F/Users/rioallen/Documents/DropFly-OS-App-Builder/DropFly-PROJECTS/TradeFly-iOS/build/Build/Products/Debug-iphonesimulator/PackageFrameworks -F/Users/rioallen/Documents/DropFly-OS-App-Builder/DropFly-PROJECTS/TradeFly-iOS/build/Build/Products/Debug-iphonesimulator/PackageFrameworks -F/Users/rioallen/Documents/DropFly-OS-App-Builder/DropFly-PROJECTS/TradeFly-iOS/build/Build/Products/Debug-iphonesimulator -install_name @rpath/TradeFly.debug.dylib -dead_strip -rdynamic -Xlinker -no_deduplicate -Xlinker -objc_abi_version -Xlinker 2 -Xlinker -dependency_info -Xlinker /Users/rioallen/Documents/DropFly-OS-App-Builder/DropFly-PROJECTS/TradeFly-iOS/build/Build/Intermediates.noindex/TradeFly.build/Debug-iphonesimulator/TradeFly.build/Objects-normal/arm64/TradeFly_dependency_info.dat -o /Users/rioallen/Documents/DropFly-OS-App-Builder/DropFly-PROJECTS/TradeFly-iOS/build/Build/Products/Debug-iphonesimulator/TradeFly.app/__preview.dylib

Copy /Users/rioallen/Documents/DropFly-OS-App-Builder/DropFly-PROJECTS/TradeFly-iOS/build/Build/Products/Debug-iphonesimulator/TradeFly.app/swift-crypto_Crypto.bundle /Users/rioallen/Documents/DropFly-OS-App-Builder/DropFly-PROJECTS/TradeFly-iOS/build/Build/Products/Debug-iphonesimulator/swift-crypto_Crypto.bundle (in target 'TradeFly' from project 'TradeFly')
    cd /Users/rioallen/Documents/DropFly-OS-App-Builder/DropFly-PROJECTS/TradeFly-iOS
    builtin-copy -exclude .DS_Store -exclude CVS -exclude .svn -exclude .git -exclude .hg -resolve-src-symlinks /Users/rioallen/Documents/DropFly-OS-App-Builder/DropFly-PROJECTS/TradeFly-iOS/build/Build/Products/Debug-iphonesimulator/swift-crypto_Crypto.bundle /Users/rioallen/Documents/DropFly-OS-App-Builder/DropFly-PROJECTS/TradeFly-iOS/build/Build/Products/Debug-iphonesimulator/TradeFly.app

ProcessInfoPlistFile /Users/rioallen/Documents/DropFly-OS-App-Builder/DropFly-PROJECTS/TradeFly-iOS/build/Build/Products/Debug-iphonesimulator/TradeFly.app/Info.plist /Users/rioallen/Documents/DropFly-OS-App-Builder/DropFly-PROJECTS/TradeFly-iOS/build/Build/Intermediates.noindex/TradeFly.build/Debug-iphonesimulator/TradeFly.build/empty-TradeFly.plist (in target 'TradeFly' from project 'TradeFly')
    cd /Users/rioallen/Documents/DropFly-OS-App-Builder/DropFly-PROJECTS/TradeFly-iOS
    builtin-infoPlistUtility /Users/rioallen/Documents/DropFly-OS-App-Builder/DropFly-PROJECTS/TradeFly-iOS/build/Build/Intermediates.noindex/TradeFly.build/Debug-iphonesimulator/TradeFly.build/empty-TradeFly.plist -producttype com.apple.product-type.application -genpkginfo /Users/rioallen/Documents/DropFly-OS-App-Builder/DropFly-PROJECTS/TradeFly-iOS/build/Build/Products/Debug-iphonesimulator/TradeFly.app/PkgInfo -expandbuildsettings -format binary -platform iphonesimulator -scanforprivacyfile /Users/rioallen/Documents/DropFly-OS-App-Builder/DropFly-PROJECTS/TradeFly-iOS/build/Build/Products/Debug-iphonesimulator/TradeFly.app/swift-crypto_Crypto.bundle -o /Users/rioallen/Documents/DropFly-OS-App-Builder/DropFly-PROJECTS/TradeFly-iOS/build/Build/Products/Debug-iphonesimulator/TradeFly.app/Info.plist

SwiftExplicitDependencyGeneratePcm arm64 /Users/rioallen/Documents/DropFly-OS-App-Builder/DropFly-PROJECTS/TradeFly-iOS/build/ModuleCache.noindex/CoreVideo-C4X9GHN6NT5HP1RXL8BI1OLJV.pcm

SwiftExplicitDependencyGeneratePcm arm64 /Users/rioallen/Documents/DropFly-OS-App-Builder/DropFly-PROJECTS/TradeFly-iOS/build/ModuleCache.noindex/CoreImage-A467FCG7APNC6TZLRGRO6VOTO.pcm

SwiftExplicitDependencyGeneratePcm arm64 /Users/rioallen/Documents/DropFly-OS-App-Builder/DropFly-PROJECTS/TradeFly-iOS/build/ModuleCache.noindex/QuartzCore-11F639QA2L31BEJMLIB84IQTF.pcm

SwiftExplicitDependencyGeneratePcm arm64 /Users/rioallen/Documents/DropFly-OS-App-Builder/DropFly-PROJECTS/TradeFly-iOS/build/ModuleCache.noindex/SwiftUICore-33PGGRQJB2PLK4XS67CPA6QX4.pcm

SwiftExplicitDependencyGeneratePcm arm64 /Users/rioallen/Documents/DropFly-OS-App-Builder/DropFly-PROJECTS/TradeFly-iOS/build/ModuleCache.noindex/UIKit-T0Y8HBQAIUS9PG4WMZZWBVHV.pcm

SwiftExplicitDependencyGeneratePcm arm64 /Users/rioallen/Documents/DropFly-OS-App-Builder/DropFly-PROJECTS/TradeFly-iOS/build/ModuleCache.noindex/SwiftUI-40QZL9RK4PNM6DKIK86O70GWP.pcm

SwiftExplicitDependencyGeneratePcm arm64 /Users/rioallen/Documents/DropFly-OS-App-Builder/DropFly-PROJECTS/TradeFly-iOS/build/ModuleCache.noindex/AuthenticationServices-AQUISGU6HEGEF7KSVN32224GF.pcm

SwiftEmitModule normal arm64 Emitting\ module\ for\ TradeFly (in target 'TradeFly' from project 'TradeFly')

EmitSwiftModule normal arm64 (in target 'TradeFly' from project 'TradeFly')
    cd /Users/rioallen/Documents/DropFly-OS-App-Builder/DropFly-PROJECTS/TradeFly-iOS
    

SwiftCompile normal arm64 Compiling\ SettingsView.swift /Users/rioallen/Documents/DropFly-OS-App-Builder/DropFly-PROJECTS/TradeFly-iOS/TradeFly/Views/SettingsView.swift (in target 'TradeFly' from project 'TradeFly')
SwiftCompile normal arm64 /Users/rioallen/Documents/DropFly-OS-App-Builder/DropFly-PROJECTS/TradeFly-iOS/TradeFly/Views/SettingsView.swift (in target 'TradeFly' from project 'TradeFly')
    cd /Users/rioallen/Documents/DropFly-OS-App-Builder/DropFly-PROJECTS/TradeFly-iOS
    

SwiftCompile normal arm64 Compiling\ SignalsView.swift /Users/rioallen/Documents/DropFly-OS-App-Builder/DropFly-PROJECTS/TradeFly-iOS/TradeFly/Views/SignalsView.swift (in target 'TradeFly' from project 'TradeFly')

SwiftCompile normal arm64 /Users/rioallen/Documents/DropFly-OS-App-Builder/DropFly-PROJECTS/TradeFly-iOS/TradeFly/Views/SignalsView.swift (in target 'TradeFly' from project 'TradeFly')
    cd /Users/rioallen/Documents/DropFly-OS-App-Builder/DropFly-PROJECTS/TradeFly-iOS
    

SwiftCompile normal arm64 Compiling\ SignalDetailView.swift /Users/rioallen/Documents/DropFly-OS-App-Builder/DropFly-PROJECTS/TradeFly-iOS/TradeFly/Views/SignalDetailView.swift (in target 'TradeFly' from project 'TradeFly')
SwiftCompile normal arm64 /Users/rioallen/Documents/DropFly-OS-App-Builder/DropFly-PROJECTS/TradeFly-iOS/TradeFly/Views/SignalDetailView.swift (in target 'TradeFly' from project 'TradeFly')
    cd /Users/rioallen/Documents/DropFly-OS-App-Builder/DropFly-PROJECTS/TradeFly-iOS
    

SwiftCompile normal arm64 Compiling\ TradesView.swift /Users/rioallen/Documents/DropFly-OS-App-Builder/DropFly-PROJECTS/TradeFly-iOS/TradeFly/Views/TradesView.swift (in target 'TradeFly' from project 'TradeFly')

SwiftCompile normal arm64 /Users/rioallen/Documents/DropFly-OS-App-Builder/DropFly-PROJECTS/TradeFly-iOS/TradeFly/Views/TradesView.swift (in target 'TradeFly' from project 'TradeFly')
    cd /Users/rioallen/Documents/DropFly-OS-App-Builder/DropFly-PROJECTS/TradeFly-iOS
    

SwiftCompile normal arm64 Compiling\ OnboardingFlow.swift /Users/rioallen/Documents/DropFly-OS-App-Builder/DropFly-PROJECTS/TradeFly-iOS/TradeFly/Views/Onboarding/OnboardingFlow.swift (in target 'TradeFly' from project 'TradeFly')

SwiftCompile normal arm64 /Users/rioallen/Documents/DropFly-OS-App-Builder/DropFly-PROJECTS/TradeFly-iOS/TradeFly/Views/Onboarding/OnboardingFlow.swift (in target 'TradeFly' from project 'TradeFly')
    cd /Users/rioallen/Documents/DropFly-OS-App-Builder/DropFly-PROJECTS/TradeFly-iOS
    

SwiftCompile normal arm64 Compiling\ ContentView.swift /Users/rioallen/Documents/DropFly-OS-App-Builder/DropFly-PROJECTS/TradeFly-iOS/TradeFly/Views/ContentView.swift (in target 'TradeFly' from project 'TradeFly')

SwiftCompile normal arm64 /Users/rioallen/Documents/DropFly-OS-App-Builder/DropFly-PROJECTS/TradeFly-iOS/TradeFly/Views/ContentView.swift (in target 'TradeFly' from project 'TradeFly')
    cd /Users/rioallen/Documents/DropFly-OS-App-Builder/DropFly-PROJECTS/TradeFly-iOS
    
/Users/rioallen/Documents/DropFly-OS-App-Builder/DropFly-PROJECTS/TradeFly-iOS/TradeFly/Views/ContentView.swift:9:28: error: type 'AppState' does not conform to protocol 'ObservableObject'
    @EnvironmentObject var appState: AppState
                           ^

SwiftCompile normal arm64 Compiling\ SupabaseService.swift /Users/rioallen/Documents/DropFly-OS-App-Builder/DropFly-PROJECTS/TradeFly-iOS/TradeFly/Services/SupabaseService.swift (in target 'TradeFly' from project 'TradeFly')

SwiftCompile normal arm64 /Users/rioallen/Documents/DropFly-OS-App-Builder/DropFly-PROJECTS/TradeFly-iOS/TradeFly/Services/SupabaseService.swift (in target 'TradeFly' from project 'TradeFly')
    cd /Users/rioallen/Documents/DropFly-OS-App-Builder/DropFly-PROJECTS/TradeFly-iOS
    

SwiftCompile normal arm64 Compiling\ NotificationManager.swift,\ SignalService.swift /Users/rioallen/Documents/DropFly-OS-App-Builder/DropFly-PROJECTS/TradeFly-iOS/TradeFly/Services/NotificationManager.swift /Users/rioallen/Documents/DropFly-OS-App-Builder/DropFly-PROJECTS/TradeFly-iOS/TradeFly/Services/SignalService.swift (in target 'TradeFly' from project 'TradeFly')
SwiftCompile normal arm64 /Users/rioallen/Documents/DropFly-OS-App-Builder/DropFly-PROJECTS/TradeFly-iOS/TradeFly/Services/NotificationManager.swift (in target 'TradeFly' from project 'TradeFly')
    cd /Users/rioallen/Documents/DropFly-OS-App-Builder/DropFly-PROJECTS/TradeFly-iOS
    

SwiftCompile normal arm64 /Users/rioallen/Documents/DropFly-OS-App-Builder/DropFly-PROJECTS/TradeFly-iOS/TradeFly/Services/SignalService.swift (in target 'TradeFly' from project 'TradeFly')
    cd /Users/rioallen/Documents/DropFly-OS-App-Builder/DropFly-PROJECTS/TradeFly-iOS
    

SwiftCompile normal arm64 Compiling\ LearnView.swift /Users/rioallen/Documents/DropFly-OS-App-Builder/DropFly-PROJECTS/TradeFly-iOS/TradeFly/Views/LearnView.swift (in target 'TradeFly' from project 'TradeFly')

SwiftCompile normal arm64 /Users/rioallen/Documents/DropFly-OS-App-Builder/DropFly-PROJECTS/TradeFly-iOS/TradeFly/Views/LearnView.swift (in target 'TradeFly' from project 'TradeFly')
    cd /Users/rioallen/Documents/DropFly-OS-App-Builder/DropFly-PROJECTS/TradeFly-iOS
    

SwiftCompile normal arm64 Compiling\ TradeFlyApp.swift /Users/rioallen/Documents/DropFly-OS-App-Builder/DropFly-PROJECTS/TradeFly-iOS/TradeFly/TradeFlyApp.swift (in target 'TradeFly' from project 'TradeFly')
Failed frontend command:
/Applications/Xcode.app/Contents/Developer/Toolchains/XcodeDefault.xctoolchain/usr/bin/swift-frontend -frontend -c /Users/rioallen/Documents/DropFly-OS-App-Builder/DropFly-PROJECTS/TradeFly-iOS/TradeFly/Config/SupabaseConfig.swift /Users/rioallen/Documents/DropFly-OS-App-Builder/DropFly-PROJECTS/TradeFly-iOS/TradeFly/Models/LearningModule.swift /Users/rioallen/Documents/DropFly-OS-App-Builder/DropFly-PROJECTS/TradeFly-iOS/TradeFly/Models/Trade.swift /Users/rioallen/Documents/DropFly-OS-App-Builder/DropFly-PROJECTS/TradeFly-iOS/TradeFly/Models/TradingSignal.swift /Users/rioallen/Documents/DropFly-OS-App-Builder/DropFly-PROJECTS/TradeFly-iOS/TradeFly/Models/UserSettings.swift /Users/rioallen/Documents/DropFly-OS-App-Builder/DropFly-PROJECTS/TradeFly-iOS/TradeFly/Services/APIClient.swift /Users/rioallen/Documents/DropFly-OS-App-Builder/DropFly-PROJECTS/TradeFly-iOS/TradeFly/Services/NotificationManager.swift /Users/rioallen/Documents/DropFly-OS-App-Builder/DropFly-PROJECTS/TradeFly-iOS/TradeFly/Services/SignalService.swift /Users/rioallen/Documents/DropFly-OS-App-Builder/DropFly-PROJECTS/TradeFly-iOS/TradeFly/Services/SupabaseService.swift /Users/rioallen/Documents/DropFly-OS-App-Builder/DropFly-PROJECTS/TradeFly-iOS/TradeFly/Views/Auth/AuthView.swift /Users/rioallen/Documents/DropFly-OS-App-Builder/DropFly-PROJECTS/TradeFly-iOS/TradeFly/Views/Onboarding/OnboardingFlow.swift /Users/rioallen/Documents/DropFly-OS-App-Builder/DropFly-PROJECTS/TradeFly-iOS/TradeFly/Views/ContentView.swift /Users/rioallen/Documents/DropFly-OS-App-Builder/DropFly-PROJECTS/TradeFly-iOS/TradeFly/Views/HomeView.swift /Users/rioallen/Documents/DropFly-OS-App-Builder/DropFly-PROJECTS/TradeFly-iOS/TradeFly/Views/LearnView.swift /Users/rioallen/Documents/DropFly-OS-App-Builder/DropFly-PROJECTS/TradeFly-iOS/TradeFly/Views/LessonDetailView.swift /Users/rioallen/Documents/DropFly-OS-App-Builder/DropFly-PROJECTS/TradeFly-iOS/TradeFly/Views/SettingsView.swift /Users/rioallen/Documents/DropFly-OS-App-Builder/DropFly-PROJECTS/TradeFly-iOS/TradeFly/Views/SignalDetailView.swift /Users/rioallen/Documents/DropFly-OS-App-Builder/DropFly-PROJECTS/TradeFly-iOS/TradeFly/Views/SignalsView.swift /Users/rioallen/Documents/DropFly-OS-App-Builder/DropFly-PROJECTS/TradeFly-iOS/TradeFly/Views/TradesView.swift -primary-file /Users/rioallen/Documents/DropFly-OS-App-Builder/DropFly-PROJECTS/TradeFly-iOS/TradeFly/TradeFlyApp.swift -emit-dependencies-path /Users/rioallen/Documents/DropFly-OS-App-Builder/DropFly-PROJECTS/TradeFly-iOS/build/Build/Intermediates.noindex/TradeFly.build/Debug-iphonesimulator/TradeFly.build/Objects-normal/arm64/TradeFlyApp.d -emit-const-values-path /Users/rioallen/Documents/DropFly-OS-App-Builder/DropFly-PROJECTS/TradeFly-iOS/build/Build/Intermediates.noindex/TradeFly.build/Debug-iphonesimulator/TradeFly.build/Objects-normal/arm64/TradeFlyApp.swiftconstvalues -emit-reference-dependencies-path /Users/rioallen/Documents/DropFly-OS-App-Builder/DropFly-PROJECTS/TradeFly-iOS/build/Build/Intermediates.noindex/TradeFly.build/Debug-iphonesimulator/TradeFly.build/Objects-normal/arm64/TradeFlyApp.swiftdeps -serialize-diagnostics-path /Users/rioallen/Documents/DropFly-OS-App-Builder/DropFly-PROJECTS/TradeFly-iOS/build/Build/Intermediates.noindex/TradeFly.build/Debug-iphonesimulator/TradeFly.build/Objects-normal/arm64/TradeFlyApp.dia -emit-localized-strings -emit-localized-strings-path /Users/rioallen/Documents/DropFly-OS-App-Builder/DropFly-PROJECTS/TradeFly-iOS/build/Build/Intermediates.noindex/TradeFly.build/Debug-iphonesimulator/TradeFly.build/Objects-normal/arm64 -target arm64-apple-ios26.1-simulator -load-resolved-plugin /Applications/Xcode.app/Contents/Developer/Platforms/iPhoneOS.platform/Developer/usr/lib/swift/host/plugins/libFoundationMacros.dylib\#/Applications/Xcode.app/Contents/Developer/Platforms/iPhoneOS.platform/Developer/usr/bin/swift-plugin-server\#FoundationMacros -load-resolved-plugin /Applications/Xcode.app/Contents/Developer/Platforms/iPhoneOS.platform/Developer/usr/lib/swift/host/plugins/libObservationMacros.dylib\#/Applications/Xcode.app/Contents/Developer/Platforms/iPhoneOS.platform/Developer/usr/bin/swift-plugin-server\#ObservationMacros -load-resolved-plugin /Applications/Xcode.app/Contents/Developer/Platforms/iPhoneOS.platform/Developer/usr/lib/swift/host/plugins/libPreviewsMacros.dylib\#/Applications/Xcode.app/Contents/Developer/Platforms/iPhoneOS.platform/Developer/usr/bin/swift-plugin-server\#PreviewsMacros -load-resolved-plugin /Applications/Xcode.app/Contents/Developer/Platforms/iPhoneOS.platform/Developer/usr/lib/swift/host/plugins/libSwiftMacros.dylib\#/Applications/Xcode.app/Contents/Developer/Platforms/iPhoneOS.platform/Developer/usr/bin/swift-plugin-server\#SwiftMacros -load-resolved-plugin /Applications/Xcode.app/Contents/Developer/Platforms/iPhoneOS.platform/Developer/usr/lib/swift/host/plugins/libSwiftUIMacros.dylib\#/Applications/Xcode.app/Contents/Developer/Platforms/iPhoneOS.platform/Developer/usr/bin/swift-plugin-server\#SwiftUIMacros -disable-implicit-swift-modules -Xcc -fno-implicit-modules -Xcc -fno-implicit-module-maps -explicit-swift-module-map-file /Users/rioallen/Documents/DropFly-OS-App-Builder/DropFly-PROJECTS/TradeFly-iOS/build/Build/Intermediates.noindex/TradeFly.build/Debug-iphonesimulator/TradeFly.build/Objects-normal/arm64/TradeFly-dependencies-1.json -Xllvm -aarch64-use-tbi -enable-objc-interop -sdk /Applications/Xcode.app/Contents/Developer/Platforms/iPhoneSimulator.platform/Developer/SDKs/iPhoneSimulator26.1.sdk -I /Users/rioallen/Documents/DropFly-OS-App-Builder/DropFly-PROJECTS/TradeFly-iOS/build/Build/Products/Debug-iphonesimulator -F /Users/rioallen/Documents/DropFly-OS-App-Builder/DropFly-PROJECTS/TradeFly-iOS/build/Build/Products/Debug-iphonesimulator/PackageFrameworks -F /Users/rioallen/Documents/DropFly-OS-App-Builder/DropFly-PROJECTS/TradeFly-iOS/build/Build/Products/Debug-iphonesimulator/PackageFrameworks -F /Users/rioallen/Documents/DropFly-OS-App-Builder/DropFly-PROJECTS/TradeFly-iOS/build/Build/Products/Debug-iphonesimulator/PackageFrameworks -F /Users/rioallen/Documents/DropFly-OS-App-Builder/DropFly-PROJECTS/TradeFly-iOS/build/Build/Products/Debug-iphonesimulator/PackageFrameworks -F /Users/rioallen/Documents/DropFly-OS-App-Builder/DropFly-PROJECTS/TradeFly-iOS/build/Build/Products/Debug-iphonesimulator/PackageFrameworks -F /Users/rioallen/Documents/DropFly-OS-App-Builder/DropFly-PROJECTS/TradeFly-iOS/build/Build/Products/Debug-iphonesimulator/PackageFrameworks -F /Users/rioallen/Documents/DropFly-OS-App-Builder/DropFly-PROJECTS/TradeFly-iOS/build/Build/Products/Debug-iphonesimulator/PackageFrameworks -F /Users/rioallen/Documents/DropFly-OS-App-Builder/DropFly-PROJECTS/TradeFly-iOS/build/Build/Products/Debug-iphonesimulator/PackageFrameworks -F /Users/rioallen/Documents/DropFly-OS-App-Builder/DropFly-PROJECTS/TradeFly-iOS/build/Build/Products/Debug-iphonesimulator/PackageFrameworks -F /Users/rioallen/Documents/DropFly-OS-App-Builder/DropFly-PROJECTS/TradeFly-iOS/build/Build/Products/Debug-iphonesimulator/PackageFrameworks -F /Users/rioallen/Documents/DropFly-OS-App-Builder/DropFly-PROJECTS/TradeFly-iOS/build/Build/Products/Debug-iphonesimulator/PackageFrameworks -F /Users/rioallen/Documents/DropFly-OS-App-Builder/DropFly-PROJECTS/TradeFly-iOS/build/Build/Products/Debug-iphonesimulator/PackageFrameworks -F /Users/rioallen/Documents/DropFly-OS-App-Builder/DropFly-PROJECTS/TradeFly-iOS/build/Build/Products/Debug-iphonesimulator/PackageFrameworks -F /Users/rioallen/Documents/DropFly-OS-App-Builder/DropFly-PROJECTS/TradeFly-iOS/build/Build/Products/Debug-iphonesimulator/PackageFrameworks -F /Users/rioallen/Documents/DropFly-OS-App-Builder/DropFly-PROJECTS/TradeFly-iOS/build/Build/Products/Debug-iphonesimulator -no-color-diagnostics -Xcc -fno-color-diagnostics -enable-testing -g -debug-info-format\=dwarf -dwarf-version\=5 -module-cache-path /Users/rioallen/Documents/DropFly-OS-App-Builder/DropFly-PROJECTS/TradeFly-iOS/build/Build/Intermediates.noindex/SwiftExplicitPrecompiledModules -swift-version 5 -enforce-exclusivity\=checked -Onone -D DEBUG -serialize-debugging-options -const-gather-protocols-file /Users/rioallen/Documents/DropFly-OS-App-Builder/DropFly-PROJECTS/TradeFly-iOS/build/Build/Intermediates.noindex/TradeFly.build/Debug-iphonesimulator/TradeFly.build/Objects-normal/arm64/TradeFly_const_extract_protocols.json -enable-upcoming-feature DisableOutwardActorInference -enable-upcoming-feature InferSendableFromCaptures -enable-upcoming-feature GlobalActorIsolatedTypesUsability -enable-upcoming-feature MemberImportVisibility -enable-upcoming-feature InferIsolatedConformances -enable-upcoming-feature NonisolatedNonsendingByDefault -enable-experimental-feature DebugDescriptionMacro -enable-bare-slash-regex -default-isolation\=MainActor -empty-abi-descriptor -validate-clang-modules-once -clang-build-session-file /Users/rioallen/Documents/DropFly-OS-App-Builder/DropFly-PROJECTS/TradeFly-iOS/build/ModuleCache.noindex/Session.modulevalidation -Xcc -working-directory -Xcc /Users/rioallen/Documents/DropFly-OS-App-Builder/DropFly-PROJECTS/TradeFly-iOS -enable-anonymous-context-mangled-names -file-compilation-dir /Users/rioallen/Documents/DropFly-OS-App-Builder/DropFly-PROJECTS/TradeFly-iOS -Xcc -D_LIBCPP_HARDENING_MODE\=_LIBCPP_HARDENING_MODE_DEBUG -Xcc -ivfsstatcache -Xcc /Users/rioallen/Documents/DropFly-OS-App-Builder/DropFly-PROJECTS/TradeFly-iOS/build/SDKStatCaches.noindex/iphonesimulator26.1-23B77-90cf18a4295e390e64c810bc6bd7acbc.sdkstatcache -Xcc -I/Users/rioallen/Documents/DropFly-OS-App-Builder/DropFly-PROJECTS/TradeFly-iOS/build/Build/Intermediates.noindex/TradeFly.build/Debug-iphonesimulator/TradeFly.build/swift-overrides.hmap -Xcc -iquote -Xcc /Users/rioallen/Documents/DropFly-OS-App-Builder/DropFly-PROJECTS/TradeFly-iOS/build/Build/Intermediates.noindex/TradeFly.build/Debug-iphonesimulator/TradeFly.build/TradeFly-generated-files.hmap -Xcc -I/Users/rioallen/Documents/DropFly-OS-App-Builder/DropFly-PROJECTS/TradeFly-iOS/build/Build/Intermediates.noindex/TradeFly.build/Debug-iphonesimulator/TradeFly.build/TradeFly-own-target-headers.hmap -Xcc -I/Users/rioallen/Documents/DropFly-OS-App-Builder/DropFly-PROJECTS/TradeFly-iOS/build/Build/Intermediates.noindex/TradeFly.build/Debug-iphonesimulator/TradeFly.build/TradeFly-all-non-framework-target-headers.hmap -Xcc -ivfsoverlay -Xcc /Users/rioallen/Documents/DropFly-OS-App-Builder/DropFly-PROJECTS/TradeFly-iOS/build/Build/Intermediates.noindex/TradeFly.build/Debug-iphonesimulator/TradeFly-3dcd57b2f90878239de327cebf0dd120-VFS-iphonesimulator/all-product-headers.yaml -Xcc -iquote -Xcc /Users/rioallen/Documents/DropFly-OS-App-Builder/DropFly-PROJECTS/TradeFly-iOS/build/Build/Intermediates.noindex/TradeFly.build/Debug-iphonesimulator/TradeFly.build/TradeFly-project-headers.hmap -Xcc -I/Users/rioallen/Documents/DropFly-OS-App-Builder/DropFly-PROJECTS/TradeFly-iOS/build/Build/Products/Debug-iphonesimulator/include -Xcc -I/Users/rioallen/Documents/DropFly-OS-App-Builder/DropFly-PROJECTS/TradeFly-iOS/build/Build/Intermediates.noindex/TradeFly.build/Debug-iphonesimulator/TradeFly.build/DerivedSources-normal/arm64 -Xcc -I/Users/rioallen/Documents/DropFly-OS-App-Builder/DropFly-PROJECTS/TradeFly-iOS/build/Build/Intermediates.noindex/TradeFly.build/Debug-iphonesimulator/TradeFly.build/DerivedSources/arm64 -Xcc -I/Users/rioallen/Documents/DropFly-OS-App-Builder/DropFly-PROJECTS/TradeFly-iOS/build/Build/Intermediates.noindex/TradeFly.build/Debug-iphonesimulator/TradeFly.build/DerivedSources -Xcc -DDEBUG\=1 -no-auto-bridging-header-chaining -module-name TradeFly -frontend-parseable-output -disable-clang-spi -target-sdk-version 26.1 -target-sdk-name iphonesimulator26.1 -clang-target arm64-apple-ios26.1-simulator -in-process-plugin-server-path /Applications/Xcode.app/Contents/Developer/Toolchains/XcodeDefault.xctoolchain/usr/lib/swift/host/libSwiftInProcPluginServer.dylib -o /Users/rioallen/Documents/DropFly-OS-App-Builder/DropFly-PROJECTS/TradeFly-iOS/build/Build/Intermediates.noindex/TradeFly.build/Debug-iphonesimulator/TradeFly.build/Objects-normal/arm64/TradeFlyApp.o -index-unit-output-path /TradeFly.build/Debug-iphonesimulator/TradeFly.build/Objects-normal/arm64/TradeFlyApp.o -index-store-path /Users/rioallen/Documents/DropFly-OS-App-Builder/DropFly-PROJECTS/TradeFly-iOS/build/Index.noindex/DataStore -index-system-modules

SwiftCompile normal arm64 /Users/rioallen/Documents/DropFly-OS-App-Builder/DropFly-PROJECTS/TradeFly-iOS/TradeFly/TradeFlyApp.swift (in target 'TradeFly' from project 'TradeFly')
    cd /Users/rioallen/Documents/DropFly-OS-App-Builder/DropFly-PROJECTS/TradeFly-iOS
    
/Users/rioallen/Documents/DropFly-OS-App-Builder/DropFly-PROJECTS/TradeFly-iOS/TradeFly/TradeFlyApp.swift:53:7: error: type 'AppState' does not conform to protocol 'ObservableObject'
class AppState: ObservableObject {
      ^
/Users/rioallen/Documents/DropFly-OS-App-Builder/DropFly-PROJECTS/TradeFly-iOS/TradeFly/TradeFlyApp.swift:53:7: note: add stubs for conformance
class AppState: ObservableObject {
      ^
Combine.ObservableObject.objectWillChange:2:5: note: protocol requires property 'objectWillChange' with type 'Self.ObjectWillChangePublisher'
var objectWillChange: Self.ObjectWillChangePublisher { get }}
    ^
/Users/rioallen/Documents/DropFly-OS-App-Builder/DropFly-PROJECTS/TradeFly-iOS/TradeFly/TradeFlyApp.swift:25:44: error: argument passed to call that takes no arguments
                OnboardingFlow(onComplete: {
                              ~~~~~~~~~~~~~^
/Users/rioallen/Documents/DropFly-OS-App-Builder/DropFly-PROJECTS/TradeFly-iOS/TradeFly/TradeFlyApp.swift:54:6: error: initializer 'init(wrappedValue:)' is not available due to missing import of defining module 'Combine'
    @Published var isOnboarding: Bool = true
     ^
/Users/rioallen/Documents/DropFly-OS-App-Builder/DropFly-PROJECTS/TradeFly-iOS/TradeFly/TradeFlyApp.swift:9:1: note: add import of module 'Combine'

^
/Users/rioallen/Documents/DropFly-OS-App-Builder/DropFly-PROJECTS/TradeFly-iOS/TradeFly/TradeFlyApp.swift:55:6: error: initializer 'init(wrappedValue:)' is not available due to missing import of defining module 'Combine'
    @Published var currentTab: Tab = .home
     ^
/Users/rioallen/Documents/DropFly-OS-App-Builder/DropFly-PROJECTS/TradeFly-iOS/TradeFly/TradeFlyApp.swift:9:1: note: add import of module 'Combine'

^
/Users/rioallen/Documents/DropFly-OS-App-Builder/DropFly-PROJECTS/TradeFly-iOS/TradeFly/TradeFlyApp.swift:56:6: error: initializer 'init(wrappedValue:)' is not available due to missing import of defining module 'Combine'
    @Published var selectedSignal: TradingSignal?
     ^
/Users/rioallen/Documents/DropFly-OS-App-Builder/DropFly-PROJECTS/TradeFly-iOS/TradeFly/TradeFlyApp.swift:9:1: note: add import of module 'Combine'

^
<unknown>:0: error: static subscript 'subscript(_enclosingInstance:wrapped:storage:)' is not available due to missing import of defining module 'Combine'
/Users/rioallen/Documents/DropFly-OS-App-Builder/DropFly-PROJECTS/TradeFly-iOS/TradeFly/TradeFlyApp.swift:9:1: note: add import of module 'Combine'

^
<unknown>:0: error: static subscript 'subscript(_enclosingInstance:wrapped:storage:)' is not available due to missing import of defining module 'Combine'
/Users/rioallen/Documents/DropFly-OS-App-Builder/DropFly-PROJECTS/TradeFly-iOS/TradeFly/TradeFlyApp.swift:9:1: note: add import of module 'Combine'

^
<unknown>:0: error: static subscript 'subscript(_enclosingInstance:wrapped:storage:)' is not available due to missing import of defining module 'Combine'
/Users/rioallen/Documents/DropFly-OS-App-Builder/DropFly-PROJECTS/TradeFly-iOS/TradeFly/TradeFlyApp.swift:9:1: note: add import of module 'Combine'

^
<unknown>:0: error: static subscript 'subscript(_enclosingInstance:wrapped:storage:)' is not available due to missing import of defining module 'Combine'
/Users/rioallen/Documents/DropFly-OS-App-Builder/DropFly-PROJECTS/TradeFly-iOS/TradeFly/TradeFlyApp.swift:9:1: note: add import of module 'Combine'

^
<unknown>:0: error: static subscript 'subscript(_enclosingInstance:wrapped:storage:)' is not available due to missing import of defining module 'Combine'
/Users/rioallen/Documents/DropFly-OS-App-Builder/DropFly-PROJECTS/TradeFly-iOS/TradeFly/TradeFlyApp.swift:9:1: note: add import of module 'Combine'

^
<unknown>:0: error: static subscript 'subscript(_enclosingInstance:wrapped:storage:)' is not available due to missing import of defining module 'Combine'
/Users/rioallen/Documents/DropFly-OS-App-Builder/DropFly-PROJECTS/TradeFly-iOS/TradeFly/TradeFlyApp.swift:9:1: note: add import of module 'Combine'

^
<unknown>:0: error: static subscript 'subscript(_enclosingInstance:wrapped:storage:)' is not available due to missing import of defining module 'Combine'
/Users/rioallen/Documents/DropFly-OS-App-Builder/DropFly-PROJECTS/TradeFly-iOS/TradeFly/TradeFlyApp.swift:9:1: note: add import of module 'Combine'

^
<unknown>:0: error: static subscript 'subscript(_enclosingInstance:wrapped:storage:)' is not available due to missing import of defining module 'Combine'
/Users/rioallen/Documents/DropFly-OS-App-Builder/DropFly-PROJECTS/TradeFly-iOS/TradeFly/TradeFlyApp.swift:9:1: note: add import of module 'Combine'

^
<unknown>:0: error: static subscript 'subscript(_enclosingInstance:wrapped:storage:)' is not available due to missing import of defining module 'Combine'
/Users/rioallen/Documents/DropFly-OS-App-Builder/DropFly-PROJECTS/TradeFly-iOS/TradeFly/TradeFlyApp.swift:9:1: note: add import of module 'Combine'

^
<unknown>:0: error: static subscript 'subscript(_enclosingInstance:wrapped:storage:)' is not available due to missing import of defining module 'Combine'
/Users/rioallen/Documents/DropFly-OS-App-Builder/DropFly-PROJECTS/TradeFly-iOS/TradeFly/TradeFlyApp.swift:9:1: note: add import of module 'Combine'

^
<unknown>:0: error: static subscript 'subscript(_enclosingInstance:wrapped:storage:)' is not available due to missing import of defining module 'Combine'
/Users/rioallen/Documents/DropFly-OS-App-Builder/DropFly-PROJECTS/TradeFly-iOS/TradeFly/TradeFlyApp.swift:9:1: note: add import of module 'Combine'

^
<unknown>:0: error: static subscript 'subscript(_enclosingInstance:wrapped:storage:)' is not available due to missing import of defining module 'Combine'
/Users/rioallen/Documents/DropFly-OS-App-Builder/DropFly-PROJECTS/TradeFly-iOS/TradeFly/TradeFlyApp.swift:9:1: note: add import of module 'Combine'

^
<unknown>:0: error: static subscript 'subscript(_enclosingInstance:wrapped:storage:)' is not available due to missing import of defining module 'Combine'
/Users/rioallen/Documents/DropFly-OS-App-Builder/DropFly-PROJECTS/TradeFly-iOS/TradeFly/TradeFlyApp.swift:9:1: note: add import of module 'Combine'

^
<unknown>:0: error: static subscript 'subscript(_enclosingInstance:wrapped:storage:)' is not available due to missing import of defining module 'Combine'
/Users/rioallen/Documents/DropFly-OS-App-Builder/DropFly-PROJECTS/TradeFly-iOS/TradeFly/TradeFlyApp.swift:9:1: note: add import of module 'Combine'

^
<unknown>:0: error: static subscript 'subscript(_enclosingInstance:wrapped:storage:)' is not available due to missing import of defining module 'Combine'
/Users/rioallen/Documents/DropFly-OS-App-Builder/DropFly-PROJECTS/TradeFly-iOS/TradeFly/TradeFlyApp.swift:9:1: note: add import of module 'Combine'

^
<unknown>:0: error: static subscript 'subscript(_enclosingInstance:wrapped:storage:)' is not available due to missing import of defining module 'Combine'
/Users/rioallen/Documents/DropFly-OS-App-Builder/DropFly-PROJECTS/TradeFly-iOS/TradeFly/TradeFlyApp.swift:9:1: note: add import of module 'Combine'

^
<unknown>:0: error: static subscript 'subscript(_enclosingInstance:wrapped:storage:)' is not available due to missing import of defining module 'Combine'
/Users/rioallen/Documents/DropFly-OS-App-Builder/DropFly-PROJECTS/TradeFly-iOS/TradeFly/TradeFlyApp.swift:9:1: note: add import of module 'Combine'

^
<unknown>:0: error: static subscript 'subscript(_enclosingInstance:wrapped:storage:)' is not available due to missing import of defining module 'Combine'
/Users/rioallen/Documents/DropFly-OS-App-Builder/DropFly-PROJECTS/TradeFly-iOS/TradeFly/TradeFlyApp.swift:9:1: note: add import of module 'Combine'

^

SwiftCompile normal arm64 Compiling\ UserSettings.swift,\ APIClient.swift /Users/rioallen/Documents/DropFly-OS-App-Builder/DropFly-PROJECTS/TradeFly-iOS/TradeFly/Models/UserSettings.swift /Users/rioallen/Documents/DropFly-OS-App-Builder/DropFly-PROJECTS/TradeFly-iOS/TradeFly/Services/APIClient.swift (in target 'TradeFly' from project 'TradeFly')

SwiftCompile normal arm64 /Users/rioallen/Documents/DropFly-OS-App-Builder/DropFly-PROJECTS/TradeFly-iOS/TradeFly/Models/UserSettings.swift (in target 'TradeFly' from project 'TradeFly')
    cd /Users/rioallen/Documents/DropFly-OS-App-Builder/DropFly-PROJECTS/TradeFly-iOS
    

SwiftCompile normal arm64 /Users/rioallen/Documents/DropFly-OS-App-Builder/DropFly-PROJECTS/TradeFly-iOS/TradeFly/Services/APIClient.swift (in target 'TradeFly' from project 'TradeFly')
    cd /Users/rioallen/Documents/DropFly-OS-App-Builder/DropFly-PROJECTS/TradeFly-iOS
    

SwiftCompile normal arm64 Compiling\ Trade.swift,\ TradingSignal.swift /Users/rioallen/Documents/DropFly-OS-App-Builder/DropFly-PROJECTS/TradeFly-iOS/TradeFly/Models/Trade.swift /Users/rioallen/Documents/DropFly-OS-App-Builder/DropFly-PROJECTS/TradeFly-iOS/TradeFly/Models/TradingSignal.swift (in target 'TradeFly' from project 'TradeFly')

SwiftCompile normal arm64 /Users/rioallen/Documents/DropFly-OS-App-Builder/DropFly-PROJECTS/TradeFly-iOS/TradeFly/Models/Trade.swift (in target 'TradeFly' from project 'TradeFly')
    cd /Users/rioallen/Documents/DropFly-OS-App-Builder/DropFly-PROJECTS/TradeFly-iOS
    

SwiftCompile normal arm64 /Users/rioallen/Documents/DropFly-OS-App-Builder/DropFly-PROJECTS/TradeFly-iOS/TradeFly/Models/TradingSignal.swift (in target 'TradeFly' from project 'TradeFly')
    cd /Users/rioallen/Documents/DropFly-OS-App-Builder/DropFly-PROJECTS/TradeFly-iOS
    

SwiftCompile normal arm64 Compiling\ HomeView.swift /Users/rioallen/Documents/DropFly-OS-App-Builder/DropFly-PROJECTS/TradeFly-iOS/TradeFly/Views/HomeView.swift (in target 'TradeFly' from project 'TradeFly')
SwiftCompile normal arm64 /Users/rioallen/Documents/DropFly-OS-App-Builder/DropFly-PROJECTS/TradeFly-iOS/TradeFly/Views/HomeView.swift (in target 'TradeFly' from project 'TradeFly')
    cd /Users/rioallen/Documents/DropFly-OS-App-Builder/DropFly-PROJECTS/TradeFly-iOS
    

SwiftCompile normal arm64 Compiling\ LessonDetailView.swift /Users/rioallen/Documents/DropFly-OS-App-Builder/DropFly-PROJECTS/TradeFly-iOS/TradeFly/Views/LessonDetailView.swift (in target 'TradeFly' from project 'TradeFly')

SwiftCompile normal arm64 /Users/rioallen/Documents/DropFly-OS-App-Builder/DropFly-PROJECTS/TradeFly-iOS/TradeFly/Views/LessonDetailView.swift (in target 'TradeFly' from project 'TradeFly')
    cd /Users/rioallen/Documents/DropFly-OS-App-Builder/DropFly-PROJECTS/TradeFly-iOS
    

SwiftCompile normal arm64 Compiling\ SupabaseConfig.swift,\ LearningModule.swift /Users/rioallen/Documents/DropFly-OS-App-Builder/DropFly-PROJECTS/TradeFly-iOS/TradeFly/Config/SupabaseConfig.swift /Users/rioallen/Documents/DropFly-OS-App-Builder/DropFly-PROJECTS/TradeFly-iOS/TradeFly/Models/LearningModule.swift (in target 'TradeFly' from project 'TradeFly')

SwiftCompile normal arm64 /Users/rioallen/Documents/DropFly-OS-App-Builder/DropFly-PROJECTS/TradeFly-iOS/TradeFly/Config/SupabaseConfig.swift (in target 'TradeFly' from project 'TradeFly')
    cd /Users/rioallen/Documents/DropFly-OS-App-Builder/DropFly-PROJECTS/TradeFly-iOS
    

SwiftCompile normal arm64 /Users/rioallen/Documents/DropFly-OS-App-Builder/DropFly-PROJECTS/TradeFly-iOS/TradeFly/Models/LearningModule.swift (in target 'TradeFly' from project 'TradeFly')
    cd /Users/rioallen/Documents/DropFly-OS-App-Builder/DropFly-PROJECTS/TradeFly-iOS
    

SwiftCompile normal arm64 Compiling\ AuthView.swift /Users/rioallen/Documents/DropFly-OS-App-Builder/DropFly-PROJECTS/TradeFly-iOS/TradeFly/Views/Auth/AuthView.swift (in target 'TradeFly' from project 'TradeFly')

** BUILD FAILED **


The following build commands failed:
	SwiftCompile normal arm64 /Users/rioallen/Documents/DropFly-OS-App-Builder/DropFly-PROJECTS/TradeFly-iOS/TradeFly/Views/ContentView.swift (in target 'TradeFly' from project 'TradeFly')
	SwiftCompile normal arm64 Compiling\ TradeFlyApp.swift /Users/rioallen/Documents/DropFly-OS-App-Builder/DropFly-PROJECTS/TradeFly-iOS/TradeFly/TradeFlyApp.swift (in target 'TradeFly' from project 'TradeFly')
	SwiftCompile normal arm64 /Users/rioallen/Documents/DropFly-OS-App-Builder/DropFly-PROJECTS/TradeFly-iOS/TradeFly/TradeFlyApp.swift (in target 'TradeFly' from project 'TradeFly')
	Building project TradeFly with scheme TradeFly
(4 failures)
[0;31m❌ BUILD FAILED[0m
Extracting errors...
/Users/rioallen/Documents/DropFly-OS-App-Builder/DropFly-PROJECTS/TradeFly-iOS/TradeFly/Views/ContentView.swift:9:28: error: type 'AppState' does not conform to protocol 'ObservableObject'
/Users/rioallen/Documents/DropFly-OS-App-Builder/DropFly-PROJECTS/TradeFly-iOS/TradeFly/TradeFlyApp.swift:53:7: error: type 'AppState' does not conform to protocol 'ObservableObject'
/Users/rioallen/Documents/DropFly-OS-App-Builder/DropFly-PROJECTS/TradeFly-iOS/TradeFly/TradeFlyApp.swift:25:44: error: argument passed to call that takes no arguments
/Users/rioallen/Documents/DropFly-OS-App-Builder/DropFly-PROJECTS/TradeFly-iOS/TradeFly/TradeFlyApp.swift:54:6: error: initializer 'init(wrappedValue:)' is not available due to missing import of defining module 'Combine'
/Users/rioallen/Documents/DropFly-OS-App-Builder/DropFly-PROJECTS/TradeFly-iOS/TradeFly/TradeFlyApp.swift:55:6: error: initializer 'init(wrappedValue:)' is not available due to missing import of defining module 'Combine'
/Users/rioallen/Documents/DropFly-OS-App-Builder/DropFly-PROJECTS/TradeFly-iOS/TradeFly/TradeFlyApp.swift:56:6: error: initializer 'init(wrappedValue:)' is not available due to missing import of defining module 'Combine'
<unknown>:0: error: static subscript 'subscript(_enclosingInstance:wrapped:storage:)' is not available due to missing import of defining module 'Combine'
<unknown>:0: error: static subscript 'subscript(_enclosingInstance:wrapped:storage:)' is not available due to missing import of defining module 'Combine'
<unknown>:0: error: static subscript 'subscript(_enclosingInstance:wrapped:storage:)' is not available due to missing import of defining module 'Combine'
<unknown>:0: error: static subscript 'subscript(_enclosingInstance:wrapped:storage:)' is not available due to missing import of defining module 'Combine'
<unknown>:0: error: static subscript 'subscript(_enclosingInstance:wrapped:storage:)' is not available due to missing import of defining module 'Combine'
<unknown>:0: error: static subscript 'subscript(_enclosingInstance:wrapped:storage:)' is not available due to missing import of defining module 'Combine'
<unknown>:0: error: static subscript 'subscript(_enclosingInstance:wrapped:storage:)' is not available due to missing import of defining module 'Combine'
<unknown>:0: error: static subscript 'subscript(_enclosingInstance:wrapped:storage:)' is not available due to missing import of defining module 'Combine'
<unknown>:0: error: static subscript 'subscript(_enclosingInstance:wrapped:storage:)' is not available due to missing import of defining module 'Combine'
<unknown>:0: error: static subscript 'subscript(_enclosingInstance:wrapped:storage:)' is not available due to missing import of defining module 'Combine'
<unknown>:0: error: static subscript 'subscript(_enclosingInstance:wrapped:storage:)' is not available due to missing import of defining module 'Combine'
<unknown>:0: error: static subscript 'subscript(_enclosingInstance:wrapped:storage:)' is not available due to missing import of defining module 'Combine'
<unknown>:0: error: static subscript 'subscript(_enclosingInstance:wrapped:storage:)' is not available due to missing import of defining module 'Combine'
<unknown>:0: error: static subscript 'subscript(_enclosingInstance:wrapped:storage:)' is not available due to missing import of defining module 'Combine'
